[2025-06-04T14:46:37.050+0000][57][info][gc,init] CardTable entry size: 512
[2025-06-04T14:46:37.115+0000][57][info][gc     ] Using G1
[2025-06-04T14:46:37.147+0000][57][info][gc,init] Version: 21.0.1+12-29 (release)
[2025-06-04T14:46:37.474+0000][57][info][gc,init] CPUs: 12 total, 12 available
[2025-06-04T14:46:37.529+0000][57][info][gc,init] Memory: 7789M
[2025-06-04T14:46:37.593+0000][57][info][gc,init] Large Page Support: Disabled
[2025-06-04T14:46:37.598+0000][57][info][gc,init] NUMA Support: Disabled
[2025-06-04T14:46:37.600+0000][57][info][gc,init] Compressed Oops: Enabled (32-bit)
[2025-06-04T14:46:37.602+0000][57][info][gc,init] Heap Region Size: 1M
[2025-06-04T14:46:37.604+0000][57][info][gc,init] Heap Min Capacity: 512M
[2025-06-04T14:46:37.605+0000][57][info][gc,init] Heap Initial Capacity: 512M
[2025-06-04T14:46:37.608+0000][57][info][gc,init] Heap Max Capacity: 512M
[2025-06-04T14:46:37.611+0000][57][info][gc,init] Pre-touch: Disabled
[2025-06-04T14:46:37.614+0000][57][info][gc,init] Parallel Workers: 10
[2025-06-04T14:46:37.617+0000][57][info][gc,init] Concurrent Workers: 3
[2025-06-04T14:46:37.618+0000][57][info][gc,init] Concurrent Refinement Workers: 10
[2025-06-04T14:46:37.631+0000][57][info][gc,init] Periodic GC: Disabled
[2025-06-04T14:46:37.681+0000][57][info][gc,metaspace] CDS archive(s) mapped at: [0x00007f365b000000-0x00007f365bca5000-0x00007f365bca5000), size 13258752, SharedBaseAddress: 0x00007f365b000000, ArchiveRelocationMode: 1.
[2025-06-04T14:46:37.686+0000][57][info][gc,metaspace] Compressed class space mapped at: 0x00007f365c000000-0x00007f369c000000, reserved size: 1073741824
[2025-06-04T14:46:37.687+0000][57][info][gc,metaspace] Narrow klass base: 0x00007f365b000000, Narrow klass shift: 0, Narrow klass range: 0x100000000
[2025-06-04T14:46:38.192+0000][57][info][gc,heap,exit] Heap
[2025-06-04T14:46:38.212+0000][57][info][gc,heap,exit]  garbage-first heap   total 524288K, used 3103K [0x00000000e0000000, 0x0000000100000000)
[2025-06-04T14:46:38.214+0000][57][info][gc,heap,exit]   region size 1024K, 3 young (3072K), 0 survivors (0K)
[2025-06-04T14:46:38.217+0000][57][info][gc,heap,exit]  Metaspace       used 201K, committed 448K, reserved 1114112K
[2025-06-04T14:46:38.221+0000][57][info][gc,heap,exit]   class space    used 5K, committed 128K, reserved 1048576K
