[2026-03-28T12:18:43.585+0000][49][info][gc,init] CardTable entry size: 512
[2026-03-28T12:18:43.586+0000][49][info][gc     ] Using G1
[2026-03-28T12:18:43.590+0000][49][info][gc,init] Version: 21.0.1+12-29 (release)
[2026-03-28T12:18:43.591+0000][49][info][gc,init] CPUs: 12 total, 12 available
[2026-03-28T12:18:43.591+0000][49][info][gc,init] Memory: 7789M
[2026-03-28T12:18:43.592+0000][49][info][gc,init] Large Page Support: Disabled
[2026-03-28T12:18:43.593+0000][49][info][gc,init] NUMA Support: Disabled
[2026-03-28T12:18:43.593+0000][49][info][gc,init] Compressed Oops: Enabled (32-bit)
[2026-03-28T12:18:43.594+0000][49][info][gc,init] Heap Region Size: 1M
[2026-03-28T12:18:43.595+0000][49][info][gc,init] Heap Min Capacity: 512M
[2026-03-28T12:18:43.595+0000][49][info][gc,init] Heap Initial Capacity: 512M
[2026-03-28T12:18:43.596+0000][49][info][gc,init] Heap Max Capacity: 512M
[2026-03-28T12:18:43.596+0000][49][info][gc,init] Pre-touch: Disabled
[2026-03-28T12:18:43.597+0000][49][info][gc,init] Parallel Workers: 10
[2026-03-28T12:18:43.597+0000][49][info][gc,init] Concurrent Workers: 3
[2026-03-28T12:18:43.598+0000][49][info][gc,init] Concurrent Refinement Workers: 10
[2026-03-28T12:18:43.598+0000][49][info][gc,init] Periodic GC: Disabled
[2026-03-28T12:18:43.604+0000][49][info][gc,metaspace] CDS archive(s) mapped at: [0x00007f0ac3000000-0x00007f0ac3ca5000-0x00007f0ac3ca5000), size 13258752, SharedBaseAddress: 0x00007f0ac3000000, ArchiveRelocationMode: 1.
[2026-03-28T12:18:43.604+0000][49][info][gc,metaspace] Compressed class space mapped at: 0x00007f0ac4000000-0x00007f0b04000000, reserved size: 1073741824
[2026-03-28T12:18:43.605+0000][49][info][gc,metaspace] Narrow klass base: 0x00007f0ac3000000, Narrow klass shift: 0, Narrow klass range: 0x100000000
[2026-03-28T12:18:43.652+0000][49][info][gc,heap,exit] Heap
[2026-03-28T12:18:43.653+0000][49][info][gc,heap,exit]  garbage-first heap   total 524288K, used 3103K [0x00000000e0000000, 0x0000000100000000)
[2026-03-28T12:18:43.654+0000][49][info][gc,heap,exit]   region size 1024K, 3 young (3072K), 0 survivors (0K)
[2026-03-28T12:18:43.654+0000][49][info][gc,heap,exit]  Metaspace       used 204K, committed 448K, reserved 1114112K
[2026-03-28T12:18:43.655+0000][49][info][gc,heap,exit]   class space    used 5K, committed 128K, reserved 1048576K
