[2026-03-27T12:21:47.367+0000][69][info][gc,init] CardTable entry size: 512
[2026-03-27T12:21:47.370+0000][69][info][gc     ] Using G1
[2026-03-27T12:21:47.795+0000][69][info][gc,init] Version: 21.0.1+12-29 (release)
[2026-03-27T12:21:47.796+0000][69][info][gc,init] CPUs: 12 total, 12 available
[2026-03-27T12:21:47.797+0000][69][info][gc,init] Memory: 7789M
[2026-03-27T12:21:47.798+0000][69][info][gc,init] Large Page Support: Disabled
[2026-03-27T12:21:47.798+0000][69][info][gc,init] NUMA Support: Disabled
[2026-03-27T12:21:47.799+0000][69][info][gc,init] Compressed Oops: Enabled (32-bit)
[2026-03-27T12:21:47.800+0000][69][info][gc,init] Heap Region Size: 4M
[2026-03-27T12:21:47.801+0000][69][info][gc,init] Heap Min Capacity: 512M
[2026-03-27T12:21:47.802+0000][69][info][gc,init] Heap Initial Capacity: 512M
[2026-03-27T12:21:47.802+0000][69][info][gc,init] Heap Max Capacity: 512M
[2026-03-27T12:21:47.803+0000][69][info][gc,init] Pre-touch: Enabled
[2026-03-27T12:21:47.804+0000][69][info][gc,init] Parallel Workers: 10
[2026-03-27T12:21:47.804+0000][69][info][gc,init] Concurrent Workers: 3
[2026-03-27T12:21:47.805+0000][69][info][gc,init] Concurrent Refinement Workers: 10
[2026-03-27T12:21:47.806+0000][69][info][gc,init] Periodic GC: Disabled
[2026-03-27T12:21:47.836+0000][69][info][gc,metaspace] CDS archive(s) mapped at: [0x00007fbeb7000000-0x00007fbeb7ca5000-0x00007fbeb7ca5000), size 13258752, SharedBaseAddress: 0x00007fbeb7000000, ArchiveRelocationMode: 1.
[2026-03-27T12:21:47.837+0000][69][info][gc,metaspace] Compressed class space mapped at: 0x00007fbeb8000000-0x00007fbef8000000, reserved size: 1073741824
[2026-03-27T12:21:47.838+0000][69][info][gc,metaspace] Narrow klass base: 0x00007fbeb7000000, Narrow klass shift: 0, Narrow klass range: 0x100000000
[2026-03-27T12:21:48.436+0000][69][info][gc,start    ] GC(0) Pause Young (Normal) (G1 Evacuation Pause)
[2026-03-27T12:21:48.437+0000][69][info][gc,task     ] GC(0) Using 10 workers of 10 for evacuation
[2026-03-27T12:21:48.438+0000][69][debug][gc,age      ] GC(0) Desired survivor size 2097152 bytes, new threshold 15 (max threshold 15)
[2026-03-27T12:21:48.447+0000][69][info ][gc,phases   ] GC(0)   Pre Evacuate Collection Set: 0.9ms
[2026-03-27T12:21:48.447+0000][69][info ][gc,phases   ] GC(0)   Merge Heap Roots: 0.3ms
[2026-03-27T12:21:48.448+0000][69][info ][gc,phases   ] GC(0)   Evacuate Collection Set: 4.9ms
[2026-03-27T12:21:48.449+0000][69][info ][gc,phases   ] GC(0)   Post Evacuate Collection Set: 1.8ms
[2026-03-27T12:21:48.450+0000][69][info ][gc,phases   ] GC(0)   Other: 1.6ms
[2026-03-27T12:21:48.451+0000][69][trace][gc,age      ] GC(0) Age table with threshold 15 (max threshold 15)
[2026-03-27T12:21:48.451+0000][69][trace][gc,age      ] GC(0) - age   1:    2610712 bytes,    2610712 total
[2026-03-27T12:21:48.452+0000][69][info ][gc,heap     ] GC(0) Eden regions: 6->0(20)
[2026-03-27T12:21:48.454+0000][69][info ][gc,heap     ] GC(0) Survivor regions: 0->1(1)
[2026-03-27T12:21:48.455+0000][69][info ][gc,heap     ] GC(0) Old regions: 1->1
[2026-03-27T12:21:48.455+0000][69][info ][gc,heap     ] GC(0) Humongous regions: 0->0
[2026-03-27T12:21:48.456+0000][69][info ][gc,metaspace] GC(0) Metaspace: 1151K(1344K)->1151K(1344K) NonClass: 1069K(1152K)->1069K(1152K) Class: 82K(192K)->82K(192K)
[2026-03-27T12:21:48.457+0000][69][info ][gc          ] GC(0) Pause Young (Normal) (G1 Evacuation Pause) 25M->3M(512M) 20.488ms
[2026-03-27T12:21:48.457+0000][69][info ][gc,cpu      ] GC(0) User=0.01s Sys=0.03s Real=0.02s
[2026-03-27T12:21:48.458+0000][69][info ][safepoint   ] Safepoint "G1CollectForAllocation", Time since last: 583790407 ns, Reaching safepoint: 8244 ns, Cleanup: 152636 ns, At safepoint: 21781723 ns, Total: 21942603 ns
[2026-03-27T12:21:49.290+0000][69][info ][safepoint   ] Safepoint "ICBufferFull", Time since last: 831542140 ns, Reaching safepoint: 8378 ns, Cleanup: 268233 ns, At safepoint: 70383 ns, Total: 346994 ns
[2026-03-27T12:21:50.068+0000][69][info ][safepoint   ] Safepoint "ICBufferFull", Time since last: 777203730 ns, Reaching safepoint: 228397 ns, Cleanup: 289171 ns, At safepoint: 40807 ns, Total: 558375 ns
[2026-03-27T12:21:50.877+0000][69][info ][safepoint   ] Safepoint "ICBufferFull", Time since last: 808797402 ns, Reaching safepoint: 7893 ns, Cleanup: 268155 ns, At safepoint: 106956 ns, Total: 383004 ns
[2026-03-27T12:21:51.988+0000][69][info ][gc,start    ] GC(1) Pause Young (Normal) (G1 Evacuation Pause)
[2026-03-27T12:21:51.989+0000][69][info ][gc,task     ] GC(1) Using 10 workers of 10 for evacuation
[2026-03-27T12:21:51.990+0000][69][debug][gc,age      ] GC(1) Desired survivor size 6291456 bytes, new threshold 15 (max threshold 15)
[2026-03-27T12:21:52.004+0000][69][info ][gc,phases   ] GC(1)   Pre Evacuate Collection Set: 0.6ms
[2026-03-27T12:21:52.004+0000][69][info ][gc,phases   ] GC(1)   Merge Heap Roots: 0.4ms
[2026-03-27T12:21:52.006+0000][69][info ][gc,phases   ] GC(1)   Evacuate Collection Set: 7.2ms
[2026-03-27T12:21:52.007+0000][69][info ][gc,phases   ] GC(1)   Post Evacuate Collection Set: 5.0ms
[2026-03-27T12:21:52.008+0000][69][info ][gc,phases   ] GC(1)   Other: 1.6ms
[2026-03-27T12:21:52.009+0000][69][trace][gc,age      ] GC(1) Age table with threshold 15 (max threshold 15)
[2026-03-27T12:21:52.009+0000][69][trace][gc,age      ] GC(1) - age   1:    6080520 bytes,    6080520 total
[2026-03-27T12:21:52.010+0000][69][trace][gc,age      ] GC(1) - age   2:    2586784 bytes,    8667304 total
[2026-03-27T12:21:52.011+0000][69][info ][gc,heap     ] GC(1) Eden regions: 20->0(27)
[2026-03-27T12:21:52.011+0000][69][info ][gc,heap     ] GC(1) Survivor regions: 1->3(3)
[2026-03-27T12:21:52.012+0000][69][info ][gc,heap     ] GC(1) Old regions: 1->1
[2026-03-27T12:21:52.013+0000][69][info ][gc,heap     ] GC(1) Humongous regions: 0->0
[2026-03-27T12:21:52.014+0000][69][info ][gc,metaspace] GC(1) Metaspace: 18197K(18688K)->18197K(18688K) NonClass: 16221K(16448K)->16221K(16448K) Class: 1975K(2240K)->1975K(2240K)
[2026-03-27T12:21:52.014+0000][69][info ][gc          ] GC(1) Pause Young (Normal) (G1 Evacuation Pause) 83M->9M(512M) 26.691ms
[2026-03-27T12:21:52.015+0000][69][info ][gc,cpu      ] GC(1) User=0.04s Sys=0.02s Real=0.03s
[2026-03-27T12:21:52.016+0000][69][info ][safepoint   ] Safepoint "G1CollectForAllocation", Time since last: 1110471753 ns, Reaching safepoint: 245347 ns, Cleanup: 168315 ns, At safepoint: 28053736 ns, Total: 28467398 ns
[2026-03-27T12:21:53.188+0000][69][info ][safepoint   ] Safepoint "ICBufferFull", Time since last: 1171963965 ns, Reaching safepoint: 10366 ns, Cleanup: 237792 ns, At safepoint: 114530 ns, Total: 362688 ns
[2026-03-27T12:21:53.274+0000][69][info ][gc,start    ] GC(2) Pause Young (Normal) (G1 Evacuation Pause)
[2026-03-27T12:21:53.275+0000][69][info ][gc,task     ] GC(2) Using 10 workers of 10 for evacuation
[2026-03-27T12:21:53.276+0000][69][debug][gc,age      ] GC(2) Desired survivor size 8388608 bytes, new threshold 2 (max threshold 15)
[2026-03-27T12:21:53.292+0000][69][info ][gc,phases   ] GC(2)   Pre Evacuate Collection Set: 0.7ms
[2026-03-27T12:21:53.293+0000][69][info ][gc,phases   ] GC(2)   Merge Heap Roots: 0.6ms
[2026-03-27T12:21:53.294+0000][69][info ][gc,phases   ] GC(2)   Evacuate Collection Set: 10.3ms
[2026-03-27T12:21:53.294+0000][69][info ][gc,phases   ] GC(2)   Post Evacuate Collection Set: 4.0ms
[2026-03-27T12:21:53.295+0000][69][info ][gc,phases   ] GC(2)   Other: 1.8ms
[2026-03-27T12:21:53.296+0000][69][trace][gc,age      ] GC(2) Age table with threshold 2 (max threshold 15)
[2026-03-27T12:21:53.297+0000][69][trace][gc,age      ] GC(2) - age   1:    3011520 bytes,    3011520 total
[2026-03-27T12:21:53.297+0000][69][trace][gc,age      ] GC(2) - age   2:    5167832 bytes,    8179352 total
[2026-03-27T12:21:53.298+0000][69][info ][gc,heap     ] GC(2) Eden regions: 27->0(73)
[2026-03-27T12:21:53.299+0000][69][info ][gc,heap     ] GC(2) Survivor regions: 3->3(4)
[2026-03-27T12:21:53.299+0000][69][info ][gc,heap     ] GC(2) Old regions: 1->2
[2026-03-27T12:21:53.300+0000][69][info ][gc,heap     ] GC(2) Humongous regions: 0->0
[2026-03-27T12:21:53.301+0000][69][info ][gc,metaspace] GC(2) Metaspace: 20447K(20928K)->20447K(20928K) NonClass: 18238K(18496K)->18238K(18496K) Class: 2209K(2432K)->2209K(2432K)
[2026-03-27T12:21:53.302+0000][69][info ][gc          ] GC(2) Pause Young (Normal) (G1 Evacuation Pause) 117M->11M(512M) 28.681ms
[2026-03-27T12:21:53.303+0000][69][info ][gc,cpu      ] GC(2) User=0.10s Sys=0.00s Real=0.03s
[2026-03-27T12:21:53.304+0000][69][info ][safepoint   ] Safepoint "G1CollectForAllocation", Time since last: 85549643 ns, Reaching safepoint: 9559 ns, Cleanup: 53536 ns, At safepoint: 30516415 ns, Total: 30579510 ns
[2026-03-27T12:21:53.594+0000][69][info ][gc,start    ] GC(3) Pause Young (Concurrent Start) (Metadata GC Threshold)
[2026-03-27T12:21:53.595+0000][69][info ][gc,task     ] GC(3) Using 10 workers of 10 for evacuation
[2026-03-27T12:21:53.596+0000][69][debug][gc,age      ] GC(3) Desired survivor size 20971520 bytes, new threshold 15 (max threshold 15)
[2026-03-27T12:21:53.607+0000][69][info ][gc,phases   ] GC(3)   Pre Evacuate Collection Set: 0.9ms
[2026-03-27T12:21:53.608+0000][69][info ][gc,phases   ] GC(3)   Merge Heap Roots: 0.3ms
[2026-03-27T12:21:53.609+0000][69][info ][gc,phases   ] GC(3)   Evacuate Collection Set: 5.9ms
[2026-03-27T12:21:53.610+0000][69][info ][gc,phases   ] GC(3)   Post Evacuate Collection Set: 2.7ms
[2026-03-27T12:21:53.610+0000][69][info ][gc,phases   ] GC(3)   Other: 2.1ms
[2026-03-27T12:21:53.611+0000][69][trace][gc,age      ] GC(3) Age table with threshold 15 (max threshold 15)
[2026-03-27T12:21:53.612+0000][69][trace][gc,age      ] GC(3) - age   1:    1066896 bytes,    1066896 total
[2026-03-27T12:21:53.613+0000][69][trace][gc,age      ] GC(3) - age   2:    2522608 bytes,    3589504 total
[2026-03-27T12:21:53.613+0000][69][trace][gc,age      ] GC(3) - age   3:    5165512 bytes,    8755016 total
[2026-03-27T12:21:53.614+0000][69][info ][gc,heap     ] GC(3) Eden regions: 18->0(73)
[2026-03-27T12:21:53.615+0000][69][info ][gc,heap     ] GC(3) Survivor regions: 3->3(10)
[2026-03-27T12:21:53.615+0000][69][info ][gc,heap     ] GC(3) Old regions: 2->2
[2026-03-27T12:21:53.616+0000][69][info ][gc,heap     ] GC(3) Humongous regions: 0->0
[2026-03-27T12:21:53.617+0000][69][info ][gc,metaspace] GC(3) Metaspace: 20948K(21504K)->20948K(21504K) NonClass: 18701K(19008K)->18701K(19008K) Class: 2246K(2496K)->2246K(2496K)
[2026-03-27T12:21:53.618+0000][69][info ][gc          ] GC(3) Pause Young (Concurrent Start) (Metadata GC Threshold) 83M->12M(512M) 23.362ms
[2026-03-27T12:21:53.619+0000][69][info ][gc,cpu      ] GC(3) User=0.06s Sys=0.00s Real=0.02s
[2026-03-27T12:21:53.619+0000][69][info ][gc          ] GC(4) Concurrent Mark Cycle
[2026-03-27T12:21:53.620+0000][69][info ][gc,marking  ] GC(4) Concurrent Scan Root Regions
[2026-03-27T12:21:53.620+0000][69][info ][safepoint   ] Safepoint "CollectForMetadataAllocation", Time since last: 289944487 ns, Reaching safepoint: 8999 ns, Cleanup: 150098 ns, At safepoint: 26062910 ns, Total: 26222007 ns
[2026-03-27T12:21:53.628+0000][69][info ][gc,marking  ] GC(4) Concurrent Scan Root Regions 8.026ms
[2026-03-27T12:21:53.629+0000][69][info ][gc,marking  ] GC(4) Concurrent Mark
[2026-03-27T12:21:53.630+0000][69][info ][gc,marking  ] GC(4) Concurrent Mark From Roots
[2026-03-27T12:21:53.631+0000][69][info ][gc,task     ] GC(4) Using 3 workers of 3 for marking
[2026-03-27T12:21:53.637+0000][69][info ][gc,marking  ] GC(4) Concurrent Mark From Roots 6.582ms
[2026-03-27T12:21:53.638+0000][69][info ][gc,marking  ] GC(4) Concurrent Preclean
[2026-03-27T12:21:53.638+0000][69][info ][gc,marking  ] GC(4) Concurrent Preclean 0.797ms
[2026-03-27T12:21:53.640+0000][69][info ][gc,start    ] GC(4) Pause Remark
[2026-03-27T12:21:53.648+0000][69][info ][gc          ] GC(4) Pause Remark 15M->15M(512M) 8.534ms
[2026-03-27T12:21:53.650+0000][69][info ][gc,cpu      ] GC(4) User=0.01s Sys=0.02s Real=0.01s
[2026-03-27T12:21:53.651+0000][69][info ][safepoint   ] Safepoint "G1PauseRemark", Time since last: 19333322 ns, Reaching safepoint: 176346 ns, Cleanup: 8940 ns, At safepoint: 11278442 ns, Total: 11463728 ns
[2026-03-27T12:21:53.654+0000][69][info ][gc,marking  ] GC(4) Concurrent Mark 24.615ms
[2026-03-27T12:21:53.656+0000][69][info ][gc,marking  ] GC(4) Concurrent Rebuild Remembered Sets and Scrub Regions
[2026-03-27T12:21:53.659+0000][69][info ][gc,marking  ] GC(4) Concurrent Rebuild Remembered Sets and Scrub Regions 3.634ms
[2026-03-27T12:21:53.661+0000][69][info ][gc,start    ] GC(4) Pause Cleanup
[2026-03-27T12:21:53.662+0000][69][info ][gc          ] GC(4) Pause Cleanup 15M->15M(512M) 1.176ms
[2026-03-27T12:21:53.663+0000][69][info ][gc,cpu      ] GC(4) User=0.00s Sys=0.00s Real=0.00s
[2026-03-27T12:21:53.664+0000][69][info ][safepoint   ] Safepoint "G1PauseCleanup", Time since last: 9488155 ns, Reaching safepoint: 193222 ns, Cleanup: 10451 ns, At safepoint: 2829874 ns, Total: 3033547 ns
[2026-03-27T12:21:53.664+0000][69][info ][gc,marking  ] GC(4) Concurrent Clear Claimed Marks
[2026-03-27T12:21:53.665+0000][69][info ][gc,marking  ] GC(4) Concurrent Clear Claimed Marks 0.778ms
[2026-03-27T12:21:53.666+0000][69][info ][gc,marking  ] GC(4) Concurrent Cleanup for Next Mark
[2026-03-27T12:21:53.668+0000][69][info ][gc,marking  ] GC(4) Concurrent Cleanup for Next Mark 2.403ms
[2026-03-27T12:21:53.670+0000][69][info ][gc          ] GC(4) Concurrent Mark Cycle 50.845ms
[2026-03-27T12:21:54.817+0000][69][info ][safepoint   ] Safepoint "ICBufferFull", Time since last: 1152415459 ns, Reaching safepoint: 435616 ns, Cleanup: 322862 ns, At safepoint: 147784 ns, Total: 906262 ns
[2026-03-27T12:21:55.340+0000][69][info ][gc,start    ] GC(5) Pause Young (Prepare Mixed) (G1 Evacuation Pause)
[2026-03-27T12:21:55.341+0000][69][info ][gc,task     ] GC(5) Using 10 workers of 10 for evacuation
[2026-03-27T12:21:55.342+0000][69][debug][gc,age      ] GC(5) Desired survivor size 20971520 bytes, new threshold 15 (max threshold 15)
[2026-03-27T12:21:55.359+0000][69][info ][gc,phases   ] GC(5)   Pre Evacuate Collection Set: 0.6ms
[2026-03-27T12:21:55.360+0000][69][info ][gc,phases   ] GC(5)   Merge Heap Roots: 0.7ms
[2026-03-27T12:21:55.361+0000][69][info ][gc,phases   ] GC(5)   Evacuate Collection Set: 10.8ms
[2026-03-27T12:21:55.361+0000][69][info ][gc,phases   ] GC(5)   Post Evacuate Collection Set: 4.0ms
[2026-03-27T12:21:55.362+0000][69][info ][gc,phases   ] GC(5)   Other: 2.2ms
[2026-03-27T12:21:55.362+0000][69][trace][gc,age      ] GC(5) Age table with threshold 15 (max threshold 15)
[2026-03-27T12:21:55.363+0000][69][trace][gc,age      ] GC(5) - age   1:    7342808 bytes,    7342808 total
[2026-03-27T12:21:55.364+0000][69][trace][gc,age      ] GC(5) - age   2:     876792 bytes,    8219600 total
[2026-03-27T12:21:55.365+0000][69][trace][gc,age      ] GC(5) - age   3:    2519040 bytes,   10738640 total
[2026-03-27T12:21:55.365+0000][69][trace][gc,age      ] GC(5) - age   4:    5160120 bytes,   15898760 total
[2026-03-27T12:21:55.366+0000][69][info ][gc,heap     ] GC(5) Eden regions: 73->0(71)
[2026-03-27T12:21:55.367+0000][69][info ][gc,heap     ] GC(5) Survivor regions: 3->5(10)
[2026-03-27T12:21:55.368+0000][69][info ][gc,heap     ] GC(5) Old regions: 2->2
[2026-03-27T12:21:55.369+0000][69][info ][gc,heap     ] GC(5) Humongous regions: 0->0
[2026-03-27T12:21:55.369+0000][69][info ][gc,metaspace] GC(5) Metaspace: 28202K(28864K)->28202K(28864K) NonClass: 25031K(25408K)->25031K(25408K) Class: 3171K(3456K)->3171K(3456K)
[2026-03-27T12:21:55.370+0000][69][info ][gc          ] GC(5) Pause Young (Prepare Mixed) (G1 Evacuation Pause) 304M->19M(512M) 30.052ms
[2026-03-27T12:21:55.370+0000][69][info ][gc,cpu      ] GC(5) User=0.10s Sys=0.01s Real=0.03s
[2026-03-27T12:21:55.371+0000][69][info ][safepoint   ] Safepoint "G1CollectForAllocation", Time since last: 522594612 ns, Reaching safepoint: 9470 ns, Cleanup: 126409 ns, At safepoint: 31550034 ns, Total: 31685913 ns
[2026-03-27T12:21:56.442+0000][69][info ][safepoint   ] Safepoint "Cleanup", Time since last: 1070177386 ns, Reaching safepoint: 4763 ns, Cleanup: 264477 ns, At safepoint: 82812 ns, Total: 352052 ns
[2026-03-27T12:21:57.417+0000][69][info ][gc,start    ] GC(6) Pause Young (Mixed) (G1 Evacuation Pause)
[2026-03-27T12:21:57.418+0000][69][info ][gc,task     ] GC(6) Using 10 workers of 10 for evacuation
[2026-03-27T12:21:57.419+0000][69][debug][gc,age      ] GC(6) Desired survivor size 20971520 bytes, new threshold 15 (max threshold 15)
[2026-03-27T12:21:57.507+0000][69][info ][gc,phases   ] GC(6)   Pre Evacuate Collection Set: 1.0ms
[2026-03-27T12:21:57.508+0000][69][info ][gc,phases   ] GC(6)   Merge Heap Roots: 0.6ms
[2026-03-27T12:21:57.509+0000][69][info ][gc,phases   ] GC(6)   Evacuate Collection Set: 81.1ms
[2026-03-27T12:21:57.510+0000][69][info ][gc,phases   ] GC(6)   Post Evacuate Collection Set: 4.5ms
[2026-03-27T12:21:57.510+0000][69][info ][gc,phases   ] GC(6)   Other: 2.2ms
[2026-03-27T12:21:57.511+0000][69][trace][gc,age      ] GC(6) Age table with threshold 15 (max threshold 15)
[2026-03-27T12:21:57.511+0000][69][trace][gc,age      ] GC(6) - age   1:    3970800 bytes,    3970800 total
[2026-03-27T12:21:57.512+0000][69][trace][gc,age      ] GC(6) - age   2:    7312160 bytes,   11282960 total
[2026-03-27T12:21:57.513+0000][69][trace][gc,age      ] GC(6) - age   3:     876600 bytes,   12159560 total
[2026-03-27T12:21:57.513+0000][69][trace][gc,age      ] GC(6) - age   4:    2517616 bytes,   14677176 total
[2026-03-27T12:21:57.514+0000][69][trace][gc,age      ] GC(6) - age   5:    5159992 bytes,   19837168 total
[2026-03-27T12:21:57.514+0000][69][info ][gc,heap     ] GC(6) Eden regions: 71->0(70)
[2026-03-27T12:21:57.515+0000][69][info ][gc,heap     ] GC(6) Survivor regions: 5->6(10)
[2026-03-27T12:21:57.515+0000][69][info ][gc,heap     ] GC(6) Old regions: 2->1
[2026-03-27T12:21:57.516+0000][69][info ][gc,heap     ] GC(6) Humongous regions: 0->0
[2026-03-27T12:21:57.516+0000][69][info ][gc,metaspace] GC(6) Metaspace: 33961K(34688K)->33961K(34688K) NonClass: 30154K(30592K)->30154K(30592K) Class: 3807K(4096K)->3807K(4096K)
[2026-03-27T12:21:57.517+0000][69][info ][gc          ] GC(6) Pause Young (Mixed) (G1 Evacuation Pause) 303M->24M(512M) 100.526ms
[2026-03-27T12:21:57.518+0000][69][info ][gc,cpu      ] GC(6) User=0.77s Sys=0.04s Real=0.10s
[2026-03-27T12:21:57.519+0000][69][info ][safepoint   ] Safepoint "G1CollectForAllocation", Time since last: 974613688 ns, Reaching safepoint: 6076 ns, Cleanup: 176780 ns, At safepoint: 102065326 ns, Total: 102248182 ns
[2026-03-27T12:21:58.520+0000][69][info ][safepoint   ] Safepoint "Cleanup", Time since last: 1001090241 ns, Reaching safepoint: 177882 ns, Cleanup: 90114 ns, At safepoint: 68046 ns, Total: 336042 ns
[2026-03-27T12:21:59.482+0000][69][info ][gc,start    ] GC(7) Pause Young (Concurrent Start) (Metadata GC Threshold)
[2026-03-27T12:21:59.483+0000][69][info ][gc,task     ] GC(7) Using 10 workers of 10 for evacuation
[2026-03-27T12:21:59.484+0000][69][debug][gc,age      ] GC(7) Desired survivor size 20971520 bytes, new threshold 15 (max threshold 15)
[2026-03-27T12:21:59.507+0000][69][info ][gc,phases   ] GC(7)   Pre Evacuate Collection Set: 0.8ms
[2026-03-27T12:21:59.508+0000][69][info ][gc,phases   ] GC(7)   Merge Heap Roots: 0.4ms
[2026-03-27T12:21:59.509+0000][69][info ][gc,phases   ] GC(7)   Evacuate Collection Set: 16.6ms
[2026-03-27T12:21:59.510+0000][69][info ][gc,phases   ] GC(7)   Post Evacuate Collection Set: 5.1ms
[2026-03-27T12:21:59.510+0000][69][info ][gc,phases   ] GC(7)   Other: 2.0ms
[2026-03-27T12:21:59.511+0000][69][trace][gc,age      ] GC(7) Age table with threshold 15 (max threshold 15)
[2026-03-27T12:21:59.512+0000][69][trace][gc,age      ] GC(7) - age   1:    5314616 bytes,    5314616 total
[2026-03-27T12:21:59.513+0000][69][trace][gc,age      ] GC(7) - age   2:    3951520 bytes,    9266136 total
[2026-03-27T12:21:59.514+0000][69][trace][gc,age      ] GC(7) - age   3:    7309992 bytes,   16576128 total
[2026-03-27T12:21:59.515+0000][69][trace][gc,age      ] GC(7) - age   4:     876600 bytes,   17452728 total
[2026-03-27T12:21:59.515+0000][69][trace][gc,age      ] GC(7) - age   5:    2516640 bytes,   19969368 total
[2026-03-27T12:21:59.516+0000][69][trace][gc,age      ] GC(7) - age   6:    5154264 bytes,   25123632 total
[2026-03-27T12:21:59.517+0000][69][info ][gc,heap     ] GC(7) Eden regions: 58->0(69)
[2026-03-27T12:21:59.517+0000][69][info ][gc,heap     ] GC(7) Survivor regions: 6->7(10)
[2026-03-27T12:21:59.518+0000][69][info ][gc,heap     ] GC(7) Old regions: 1->1
[2026-03-27T12:21:59.519+0000][69][info ][gc,heap     ] GC(7) Humongous regions: 0->0
[2026-03-27T12:21:59.520+0000][69][info ][gc,metaspace] GC(7) Metaspace: 35322K(36160K)->35322K(36160K) NonClass: 31330K(31808K)->31330K(31808K) Class: 3991K(4352K)->3991K(4352K)
[2026-03-27T12:21:59.520+0000][69][info ][gc          ] GC(7) Pause Young (Concurrent Start) (Metadata GC Threshold) 256M->29M(512M) 38.722ms
[2026-03-27T12:21:59.521+0000][69][info ][gc,cpu      ] GC(7) User=0.11s Sys=0.02s Real=0.04s
[2026-03-27T12:21:59.521+0000][69][info ][gc          ] GC(8) Concurrent Mark Cycle
[2026-03-27T12:21:59.523+0000][69][info ][gc,marking  ] GC(8) Concurrent Scan Root Regions
[2026-03-27T12:21:59.522+0000][69][info ][safepoint   ] Safepoint "CollectForMetadataAllocation", Time since last: 961525866 ns, Reaching safepoint: 7054 ns, Cleanup: 154540 ns, At safepoint: 40735672 ns, Total: 40897266 ns
[2026-03-27T12:21:59.539+0000][69][info ][gc,marking  ] GC(8) Concurrent Scan Root Regions 15.581ms
[2026-03-27T12:21:59.539+0000][69][info ][gc,marking  ] GC(8) Concurrent Mark
[2026-03-27T12:21:59.540+0000][69][info ][gc,marking  ] GC(8) Concurrent Mark From Roots
[2026-03-27T12:21:59.541+0000][69][info ][gc,task     ] GC(8) Using 3 workers of 3 for marking
[2026-03-27T12:21:59.550+0000][69][info ][gc,marking  ] GC(8) Concurrent Mark From Roots 9.526ms
[2026-03-27T12:21:59.551+0000][69][info ][gc,marking  ] GC(8) Concurrent Preclean
[2026-03-27T12:21:59.551+0000][69][info ][gc,marking  ] GC(8) Concurrent Preclean 0.832ms
[2026-03-27T12:21:59.553+0000][69][info ][gc,start    ] GC(8) Pause Remark
[2026-03-27T12:21:59.564+0000][69][info ][gc          ] GC(8) Pause Remark 31M->31M(512M) 11.400ms
[2026-03-27T12:21:59.565+0000][69][info ][gc,cpu      ] GC(8) User=0.06s Sys=0.00s Real=0.01s
[2026-03-27T12:21:59.566+0000][69][info ][safepoint   ] Safepoint "G1PauseRemark", Time since last: 29766592 ns, Reaching safepoint: 226013 ns, Cleanup: 33474 ns, At safepoint: 13292632 ns, Total: 13552119 ns
[2026-03-27T12:21:59.567+0000][69][info ][gc,marking  ] GC(8) Concurrent Mark 27.280ms
[2026-03-27T12:21:59.568+0000][69][info ][gc,marking  ] GC(8) Concurrent Rebuild Remembered Sets and Scrub Regions
[2026-03-27T12:21:59.572+0000][69][info ][gc,marking  ] GC(8) Concurrent Rebuild Remembered Sets and Scrub Regions 4.763ms
[2026-03-27T12:21:59.574+0000][69][info ][gc,start    ] GC(8) Pause Cleanup
[2026-03-27T12:21:59.575+0000][69][info ][gc          ] GC(8) Pause Cleanup 31M->31M(512M) 1.129ms
[2026-03-27T12:21:59.576+0000][69][info ][gc,cpu      ] GC(8) User=0.01s Sys=0.00s Real=0.00s
[2026-03-27T12:21:59.576+0000][69][info ][safepoint   ] Safepoint "G1PauseCleanup", Time since last: 7530082 ns, Reaching safepoint: 212585 ns, Cleanup: 19464 ns, At safepoint: 2698005 ns, Total: 2930054 ns
[2026-03-27T12:21:59.577+0000][69][info ][gc,marking  ] GC(8) Concurrent Clear Claimed Marks
[2026-03-27T12:21:59.578+0000][69][info ][gc,marking  ] GC(8) Concurrent Clear Claimed Marks 0.750ms
[2026-03-27T12:21:59.579+0000][69][info ][gc,marking  ] GC(8) Concurrent Cleanup for Next Mark
[2026-03-27T12:21:59.619+0000][69][info ][gc,marking  ] GC(8) Concurrent Cleanup for Next Mark 40.019ms
[2026-03-27T12:21:59.619+0000][69][info ][gc          ] GC(8) Concurrent Mark Cycle 98.046ms
[2026-03-27T12:22:00.394+0000][69][info ][gc,start    ] GC(9) Pause Young (Normal) (G1 Evacuation Pause)
[2026-03-27T12:22:00.395+0000][69][info ][gc,task     ] GC(9) Using 10 workers of 10 for evacuation
[2026-03-27T12:22:00.396+0000][69][debug][gc,age      ] GC(9) Desired survivor size 20971520 bytes, new threshold 6 (max threshold 15)
[2026-03-27T12:22:00.446+0000][69][info ][gc,phases   ] GC(9)   Pre Evacuate Collection Set: 0.4ms
[2026-03-27T12:22:00.448+0000][69][info ][gc,phases   ] GC(9)   Merge Heap Roots: 0.4ms
[2026-03-27T12:22:00.448+0000][69][info ][gc,phases   ] GC(9)   Evacuate Collection Set: 44.8ms
[2026-03-27T12:22:00.449+0000][69][info ][gc,phases   ] GC(9)   Post Evacuate Collection Set: 3.9ms
[2026-03-27T12:22:00.450+0000][69][info ][gc,phases   ] GC(9)   Other: 1.6ms
[2026-03-27T12:22:00.450+0000][69][trace][gc,age      ] GC(9) Age table with threshold 6 (max threshold 15)
[2026-03-27T12:22:00.451+0000][69][trace][gc,age      ] GC(9) - age   1:    3481848 bytes,    3481848 total
[2026-03-27T12:22:00.451+0000][69][trace][gc,age      ] GC(9) - age   2:    5294952 bytes,    8776800 total
[2026-03-27T12:22:00.452+0000][69][trace][gc,age      ] GC(9) - age   3:    3951272 bytes,   12728072 total
[2026-03-27T12:22:00.452+0000][69][trace][gc,age      ] GC(9) - age   4:    7307112 bytes,   20035184 total
[2026-03-27T12:22:00.453+0000][69][trace][gc,age      ] GC(9) - age   5:     876600 bytes,   20911784 total
[2026-03-27T12:22:00.453+0000][69][trace][gc,age      ] GC(9) - age   6:    2516576 bytes,   23428360 total
[2026-03-27T12:22:00.454+0000][69][info ][gc,heap     ] GC(9) Eden regions: 69->0(69)
[2026-03-27T12:22:00.454+0000][69][info ][gc,heap     ] GC(9) Survivor regions: 7->7(10)
[2026-03-27T12:22:00.455+0000][69][info ][gc,heap     ] GC(9) Old regions: 1->3
[2026-03-27T12:22:00.455+0000][69][info ][gc,heap     ] GC(9) Humongous regions: 0->0
[2026-03-27T12:22:00.455+0000][69][info ][gc,metaspace] GC(9) Metaspace: 36437K(37312K)->36437K(37312K) NonClass: 32297K(32832K)->32297K(32832K) Class: 4139K(4480K)->4139K(4480K)
[2026-03-27T12:22:00.456+0000][69][info ][gc          ] GC(9) Pause Young (Normal) (G1 Evacuation Pause) 305M->33M(512M) 61.488ms
[2026-03-27T12:22:00.456+0000][69][info ][gc,cpu      ] GC(9) User=0.44s Sys=0.01s Real=0.06s
[2026-03-27T12:22:00.457+0000][69][info ][safepoint   ] Safepoint "G1CollectForAllocation", Time since last: 818033013 ns, Reaching safepoint: 6045 ns, Cleanup: 52643 ns, At safepoint: 62511671 ns, Total: 62570359 ns
[2026-03-27T12:22:01.458+0000][69][info ][safepoint   ] Safepoint "Cleanup", Time since last: 1001229417 ns, Reaching safepoint: 163358 ns, Cleanup: 172788 ns, At safepoint: 29824 ns, Total: 365970 ns
[2026-03-27T12:22:02.314+0000][69][info ][gc,start    ] GC(10) Pause Young (Normal) (G1 Evacuation Pause)
[2026-03-27T12:22:02.315+0000][69][info ][gc,task     ] GC(10) Using 10 workers of 10 for evacuation
[2026-03-27T12:22:02.316+0000][69][debug][gc,age      ] GC(10) Desired survivor size 20971520 bytes, new threshold 6 (max threshold 15)
[2026-03-27T12:22:02.341+0000][69][info ][gc,phases   ] GC(10)   Pre Evacuate Collection Set: 0.5ms
[2026-03-27T12:22:02.342+0000][69][info ][gc,phases   ] GC(10)   Merge Heap Roots: 0.4ms
[2026-03-27T12:22:02.343+0000][69][info ][gc,phases   ] GC(10)   Evacuate Collection Set: 20.3ms
[2026-03-27T12:22:02.344+0000][69][info ][gc,phases   ] GC(10)   Post Evacuate Collection Set: 2.9ms
[2026-03-27T12:22:02.345+0000][69][info ][gc,phases   ] GC(10)   Other: 1.7ms
[2026-03-27T12:22:02.345+0000][69][trace][gc,age      ] GC(10) Age table with threshold 6 (max threshold 15)
[2026-03-27T12:22:02.346+0000][69][trace][gc,age      ] GC(10) - age   1:   12444024 bytes,   12444024 total
[2026-03-27T12:22:02.347+0000][69][trace][gc,age      ] GC(10) - age   2:    1321112 bytes,   13765136 total
[2026-03-27T12:22:02.348+0000][69][trace][gc,age      ] GC(10) - age   3:    5271960 bytes,   19037096 total
[2026-03-27T12:22:02.348+0000][69][trace][gc,age      ] GC(10) - age   4:    3925128 bytes,   22962224 total
[2026-03-27T12:22:02.349+0000][69][trace][gc,age      ] GC(10) - age   5:    7266616 bytes,   30228840 total
[2026-03-27T12:22:02.350+0000][69][trace][gc,age      ] GC(10) - age   6:     871640 bytes,   31100480 total
[2026-03-27T12:22:02.351+0000][69][info ][gc,heap     ] GC(10) Eden regions: 69->0(67)
[2026-03-27T12:22:02.351+0000][69][info ][gc,heap     ] GC(10) Survivor regions: 7->9(10)
[2026-03-27T12:22:02.352+0000][69][info ][gc,heap     ] GC(10) Old regions: 3->3
[2026-03-27T12:22:02.353+0000][69][info ][gc,heap     ] GC(10) Humongous regions: 0->0
[2026-03-27T12:22:02.354+0000][69][info ][gc,metaspace] GC(10) Metaspace: 46949K(48384K)->46949K(48384K) NonClass: 41389K(42240K)->41389K(42240K) Class: 5560K(6144K)->5560K(6144K)
[2026-03-27T12:22:02.354+0000][69][info ][gc          ] GC(10) Pause Young (Normal) (G1 Evacuation Pause) 309M->43M(512M) 40.165ms
[2026-03-27T12:22:02.355+0000][69][info ][gc,cpu      ] GC(10) User=0.19s Sys=0.00s Real=0.04s
[2026-03-27T12:22:02.356+0000][69][info ][safepoint   ] Safepoint "G1CollectForAllocation", Time since last: 855498021 ns, Reaching safepoint: 10169 ns, Cleanup: 151672 ns, At safepoint: 41763777 ns, Total: 41925618 ns
[2026-03-27T12:22:03.358+0000][69][info ][safepoint   ] Safepoint "Cleanup", Time since last: 1001350945 ns, Reaching safepoint: 174462 ns, Cleanup: 85883 ns, At safepoint: 67056 ns, Total: 327401 ns
[2026-03-27T12:22:04.976+0000][69][info ][safepoint   ] Safepoint "Cleanup", Time since last: 1628649240 ns, Reaching safepoint: 5050 ns, Cleanup: 278124 ns, At safepoint: 34754 ns, Total: 317928 ns
[2026-03-27T12:22:05.340+0000][69][info ][gc,start    ] GC(11) Pause Young (Normal) (G1 Evacuation Pause)
[2026-03-27T12:22:05.341+0000][69][info ][gc,task     ] GC(11) Using 10 workers of 10 for evacuation
[2026-03-27T12:22:05.342+0000][69][debug][gc,age      ] GC(11) Desired survivor size 20971520 bytes, new threshold 4 (max threshold 15)
[2026-03-27T12:22:05.392+0000][69][info ][gc,phases   ] GC(11)   Pre Evacuate Collection Set: 0.8ms
[2026-03-27T12:22:05.393+0000][69][info ][gc,phases   ] GC(11)   Merge Heap Roots: 0.3ms
[2026-03-27T12:22:05.394+0000][69][info ][gc,phases   ] GC(11)   Evacuate Collection Set: 44.2ms
[2026-03-27T12:22:05.394+0000][69][info ][gc,phases   ] GC(11)   Post Evacuate Collection Set: 3.5ms
[2026-03-27T12:22:05.395+0000][69][info ][gc,phases   ] GC(11)   Other: 1.5ms
[2026-03-27T12:22:05.396+0000][69][trace][gc,age      ] GC(11) Age table with threshold 4 (max threshold 15)
[2026-03-27T12:22:05.396+0000][69][trace][gc,age      ] GC(11) - age   1:   13941152 bytes,   13941152 total
[2026-03-27T12:22:05.397+0000][69][trace][gc,age      ] GC(11) - age   2:   11197344 bytes,   25138496 total
[2026-03-27T12:22:05.398+0000][69][trace][gc,age      ] GC(11) - age   3:    1320928 bytes,   26459424 total
[2026-03-27T12:22:05.398+0000][69][trace][gc,age      ] GC(11) - age   4:    5265512 bytes,   31724936 total
[2026-03-27T12:22:05.399+0000][69][info ][gc,heap     ] GC(11) Eden regions: 67->0(67)
[2026-03-27T12:22:05.400+0000][69][info ][gc,heap     ] GC(11) Survivor regions: 9->9(10)
[2026-03-27T12:22:05.401+0000][69][info ][gc,heap     ] GC(11) Old regions: 3->6
[2026-03-27T12:22:05.401+0000][69][info ][gc,heap     ] GC(11) Humongous regions: 0->0
[2026-03-27T12:22:05.402+0000][69][info ][gc,metaspace] GC(11) Metaspace: 53266K(54656K)->53266K(54656K) NonClass: 46803K(47616K)->46803K(47616K) Class: 6463K(7040K)->6463K(7040K)
[2026-03-27T12:22:05.403+0000][69][info ][gc          ] GC(11) Pause Young (Normal) (G1 Evacuation Pause) 311M->56M(512M) 62.493ms
[2026-03-27T12:22:05.404+0000][69][info ][gc,cpu      ] GC(11) User=0.45s Sys=0.01s Real=0.06s
[2026-03-27T12:22:05.404+0000][69][info ][safepoint   ] Safepoint "G1CollectForAllocation", Time since last: 364039929 ns, Reaching safepoint: 7113 ns, Cleanup: 83612 ns, At safepoint: 64211949 ns, Total: 64302674 ns
[2026-03-27T12:22:06.186+0000][69][info ][safepoint   ] Safepoint "ICBufferFull", Time since last: 781369266 ns, Reaching safepoint: 8987 ns, Cleanup: 246962 ns, At safepoint: 5495 ns, Total: 261444 ns
[2026-03-27T12:22:06.379+0000][69][info ][gc,start    ] GC(12) Pause Young (Concurrent Start) (Metadata GC Threshold)
[2026-03-27T12:22:06.380+0000][69][info ][gc,task     ] GC(12) Using 10 workers of 10 for evacuation
[2026-03-27T12:22:06.381+0000][69][debug][gc,age      ] GC(12) Desired survivor size 20971520 bytes, new threshold 2 (max threshold 15)
[2026-03-27T12:22:06.442+0000][69][info ][gc,phases   ] GC(12)   Pre Evacuate Collection Set: 1.2ms
[2026-03-27T12:22:06.443+0000][69][info ][gc,phases   ] GC(12)   Merge Heap Roots: 0.6ms
[2026-03-27T12:22:06.443+0000][69][info ][gc,phases   ] GC(12)   Evacuate Collection Set: 55.1ms
[2026-03-27T12:22:06.444+0000][69][info ][gc,phases   ] GC(12)   Post Evacuate Collection Set: 3.1ms
[2026-03-27T12:22:06.445+0000][69][info ][gc,phases   ] GC(12)   Other: 1.7ms
[2026-03-27T12:22:06.446+0000][69][trace][gc,age      ] GC(12) Age table with threshold 2 (max threshold 15)
[2026-03-27T12:22:06.447+0000][69][trace][gc,age      ] GC(12) - age   1:    3008056 bytes,    3008056 total
[2026-03-27T12:22:06.448+0000][69][trace][gc,age      ] GC(12) - age   2:   13809104 bytes,   16817160 total
[2026-03-27T12:22:06.449+0000][69][info ][gc,heap     ] GC(12) Eden regions: 25->0(71)
[2026-03-27T12:22:06.450+0000][69][info ][gc,heap     ] GC(12) Survivor regions: 9->5(10)
[2026-03-27T12:22:06.450+0000][69][info ][gc,heap     ] GC(12) Old regions: 6->11
[2026-03-27T12:22:06.451+0000][69][info ][gc,heap     ] GC(12) Humongous regions: 0->0
[2026-03-27T12:22:06.452+0000][69][info ][gc,metaspace] GC(12) Metaspace: 59055K(60480K)->59055K(60480K) NonClass: 51787K(52672K)->51787K(52672K) Class: 7268K(7808K)->7268K(7808K)
[2026-03-27T12:22:06.452+0000][69][info ][gc          ] GC(12) Pause Young (Concurrent Start) (Metadata GC Threshold) 156M->60M(512M) 73.446ms
[2026-03-27T12:22:06.453+0000][69][info ][gc,cpu      ] GC(12) User=0.53s Sys=0.01s Real=0.07s
[2026-03-27T12:22:06.453+0000][69][info ][gc          ] GC(13) Concurrent Mark Cycle
[2026-03-27T12:22:06.455+0000][69][info ][gc,marking  ] GC(13) Concurrent Scan Root Regions
[2026-03-27T12:22:06.454+0000][69][info ][safepoint   ] Safepoint "CollectForMetadataAllocation", Time since last: 192839147 ns, Reaching safepoint: 10498 ns, Cleanup: 17946 ns, At safepoint: 75541730 ns, Total: 75570174 ns
[2026-03-27T12:22:06.473+0000][69][info ][gc,marking  ] GC(13) Concurrent Scan Root Regions 18.465ms
[2026-03-27T12:22:06.474+0000][69][info ][gc,marking  ] GC(13) Concurrent Mark
[2026-03-27T12:22:06.475+0000][69][info ][gc,marking  ] GC(13) Concurrent Mark From Roots
[2026-03-27T12:22:06.476+0000][69][info ][gc,task     ] GC(13) Using 3 workers of 3 for marking
[2026-03-27T12:22:06.496+0000][69][info ][gc,marking  ] GC(13) Concurrent Mark From Roots 21.096ms
[2026-03-27T12:22:06.497+0000][69][info ][gc,marking  ] GC(13) Concurrent Preclean
[2026-03-27T12:22:06.498+0000][69][info ][gc,marking  ] GC(13) Concurrent Preclean 0.812ms
[2026-03-27T12:22:06.499+0000][69][info ][gc,start    ] GC(13) Pause Remark
[2026-03-27T12:22:06.519+0000][69][info ][gc          ] GC(13) Pause Remark 63M->63M(512M) 20.372ms
[2026-03-27T12:22:06.520+0000][69][info ][gc,cpu      ] GC(13) User=0.13s Sys=0.00s Real=0.02s
[2026-03-27T12:22:06.522+0000][69][info ][safepoint   ] Safepoint "G1PauseRemark", Time since last: 44383478 ns, Reaching safepoint: 199041 ns, Cleanup: 25102 ns, At safepoint: 22519825 ns, Total: 22743968 ns
[2026-03-27T12:22:06.523+0000][69][info ][gc,marking  ] GC(13) Concurrent Mark 48.158ms
[2026-03-27T12:22:06.523+0000][69][info ][gc,marking  ] GC(13) Concurrent Rebuild Remembered Sets and Scrub Regions
[2026-03-27T12:22:06.537+0000][69][info ][gc,marking  ] GC(13) Concurrent Rebuild Remembered Sets and Scrub Regions 13.474ms
[2026-03-27T12:22:06.538+0000][69][info ][gc,start    ] GC(13) Pause Cleanup
[2026-03-27T12:22:06.540+0000][69][info ][gc          ] GC(13) Pause Cleanup 64M->64M(512M) 1.529ms
[2026-03-27T12:22:06.540+0000][69][info ][gc,cpu      ] GC(13) User=0.00s Sys=0.01s Real=0.01s
[2026-03-27T12:22:06.541+0000][69][info ][safepoint   ] Safepoint "G1PauseCleanup", Time since last: 16197107 ns, Reaching safepoint: 201697 ns, Cleanup: 33520 ns, At safepoint: 3349705 ns, Total: 3584922 ns
[2026-03-27T12:22:06.542+0000][69][info ][gc,marking  ] GC(13) Concurrent Clear Claimed Marks
[2026-03-27T12:22:06.543+0000][69][info ][gc,marking  ] GC(13) Concurrent Clear Claimed Marks 1.148ms
[2026-03-27T12:22:06.544+0000][69][info ][gc,marking  ] GC(13) Concurrent Cleanup for Next Mark
[2026-03-27T12:22:06.547+0000][69][info ][gc,marking  ] GC(13) Concurrent Cleanup for Next Mark 3.000ms
[2026-03-27T12:22:06.548+0000][69][info ][gc          ] GC(13) Concurrent Mark Cycle 95.210ms
[2026-03-27T12:22:07.543+0000][69][info ][safepoint   ] Safepoint "Cleanup", Time since last: 1001040578 ns, Reaching safepoint: 234146 ns, Cleanup: 144536 ns, At safepoint: 172022 ns, Total: 550704 ns
[2026-03-27T12:22:08.545+0000][69][info ][safepoint   ] Safepoint "Cleanup", Time since last: 1001448334 ns, Reaching safepoint: 186186 ns, Cleanup: 263439 ns, At safepoint: 44564 ns, Total: 494189 ns
[2026-03-27T12:22:09.604+0000][69][info ][gc,start    ] GC(14) Pause Young (Normal) (G1 Evacuation Pause)
[2026-03-27T12:22:09.605+0000][69][info ][gc,task     ] GC(14) Using 10 workers of 10 for evacuation
[2026-03-27T12:22:09.606+0000][69][debug][gc,age      ] GC(14) Desired survivor size 20971520 bytes, new threshold 15 (max threshold 15)
[2026-03-27T12:22:09.622+0000][69][info ][gc,phases   ] GC(14)   Pre Evacuate Collection Set: 0.7ms
[2026-03-27T12:22:09.623+0000][69][info ][gc,phases   ] GC(14)   Merge Heap Roots: 0.4ms
[2026-03-27T12:22:09.624+0000][69][info ][gc,phases   ] GC(14)   Evacuate Collection Set: 10.2ms
[2026-03-27T12:22:09.625+0000][69][info ][gc,phases   ] GC(14)   Post Evacuate Collection Set: 4.2ms
[2026-03-27T12:22:09.625+0000][69][info ][gc,phases   ] GC(14)   Other: 1.9ms
[2026-03-27T12:22:09.626+0000][69][trace][gc,age      ] GC(14) Age table with threshold 15 (max threshold 15)
[2026-03-27T12:22:09.627+0000][69][trace][gc,age      ] GC(14) - age   1:    2718200 bytes,    2718200 total
[2026-03-27T12:22:09.627+0000][69][trace][gc,age      ] GC(14) - age   2:    2919360 bytes,    5637560 total
[2026-03-27T12:22:09.628+0000][69][trace][gc,age      ] GC(14) - age   3:   13792032 bytes,   19429592 total
[2026-03-27T12:22:09.629+0000][69][info ][gc,heap     ] GC(14) Eden regions: 71->0(70)
[2026-03-27T12:22:09.630+0000][69][info ][gc,heap     ] GC(14) Survivor regions: 5->6(10)
[2026-03-27T12:22:09.630+0000][69][info ][gc,heap     ] GC(14) Old regions: 11->11
[2026-03-27T12:22:09.631+0000][69][info ][gc,heap     ] GC(14) Humongous regions: 0->0
[2026-03-27T12:22:09.632+0000][69][info ][gc,metaspace] GC(14) Metaspace: 68932K(70528K)->68932K(70528K) NonClass: 60075K(61056K)->60075K(61056K) Class: 8857K(9472K)->8857K(9472K)
[2026-03-27T12:22:09.632+0000][69][info ][gc          ] GC(14) Pause Young (Normal) (G1 Evacuation Pause) 344M->62M(512M) 28.470ms
[2026-03-27T12:22:09.633+0000][69][info ][gc,cpu      ] GC(14) User=0.13s Sys=0.00s Real=0.03s
[2026-03-27T12:22:09.634+0000][69][info ][safepoint   ] Safepoint "G1CollectForAllocation", Time since last: 1058988763 ns, Reaching safepoint: 16220 ns, Cleanup: 6126 ns, At safepoint: 30109419 ns, Total: 30131765 ns
[2026-03-27T12:22:11.353+0000][69][info ][safepoint   ] Safepoint "Cleanup", Time since last: 1718261420 ns, Reaching safepoint: 5101 ns, Cleanup: 216352 ns, At safepoint: 56759 ns, Total: 278212 ns
[2026-03-27T12:22:12.574+0000][69][info ][safepoint   ] Safepoint "Cleanup", Time since last: 1212154041 ns, Reaching safepoint: 8619371 ns, Cleanup: 175597 ns, At safepoint: 120700 ns, Total: 8915668 ns
[2026-03-27T12:22:13.583+0000][69][info ][safepoint   ] Safepoint "Cleanup", Time since last: 1001632230 ns, Reaching safepoint: 7567647 ns, Cleanup: 53723 ns, At safepoint: 107906 ns, Total: 7729276 ns
[2026-03-27T12:22:15.067+0000][69][info ][safepoint   ] Safepoint "ICBufferFull", Time since last: 1483763988 ns, Reaching safepoint: 10527 ns, Cleanup: 212089 ns, At safepoint: 180792 ns, Total: 403408 ns
[2026-03-27T12:22:15.232+0000][69][info ][gc,start    ] GC(15) Pause Young (Concurrent Start) (Metadata GC Threshold)
[2026-03-27T12:22:15.234+0000][69][info ][gc,task     ] GC(15) Using 10 workers of 10 for evacuation
[2026-03-27T12:22:15.234+0000][69][debug][gc,age      ] GC(15) Desired survivor size 20971520 bytes, new threshold 15 (max threshold 15)
[2026-03-27T12:22:15.261+0000][69][info ][gc,phases   ] GC(15)   Pre Evacuate Collection Set: 1.2ms
[2026-03-27T12:22:15.262+0000][69][info ][gc,phases   ] GC(15)   Merge Heap Roots: 0.3ms
[2026-03-27T12:22:15.263+0000][69][info ][gc,phases   ] GC(15)   Evacuate Collection Set: 17.9ms
[2026-03-27T12:22:15.264+0000][69][info ][gc,phases   ] GC(15)   Post Evacuate Collection Set: 5.1ms
[2026-03-27T12:22:15.265+0000][69][info ][gc,phases   ] GC(15)   Other: 2.6ms
[2026-03-27T12:22:15.266+0000][69][trace][gc,age      ] GC(15) Age table with threshold 15 (max threshold 15)
[2026-03-27T12:22:15.267+0000][69][trace][gc,age      ] GC(15) - age   1:   11737616 bytes,   11737616 total
[2026-03-27T12:22:15.268+0000][69][trace][gc,age      ] GC(15) - age   2:    2497424 bytes,   14235040 total
[2026-03-27T12:22:15.269+0000][69][trace][gc,age      ] GC(15) - age   3:    2904344 bytes,   17139384 total
[2026-03-27T12:22:15.269+0000][69][trace][gc,age      ] GC(15) - age   4:   13777896 bytes,   30917280 total
[2026-03-27T12:22:15.270+0000][69][info ][gc,heap     ] GC(15) Eden regions: 67->0(68)
[2026-03-27T12:22:15.271+0000][69][info ][gc,heap     ] GC(15) Survivor regions: 6->8(10)
[2026-03-27T12:22:15.272+0000][69][info ][gc,heap     ] GC(15) Old regions: 11->11
[2026-03-27T12:22:15.273+0000][69][info ][gc,heap     ] GC(15) Humongous regions: 0->0
[2026-03-27T12:22:15.274+0000][69][info ][gc,metaspace] GC(15) Metaspace: 99468K(101248K)->99468K(101248K) NonClass: 86465K(87488K)->86465K(87488K) Class: 13003K(13760K)->13003K(13760K)
[2026-03-27T12:22:15.275+0000][69][info ][gc          ] GC(15) Pause Young (Concurrent Start) (Metadata GC Threshold) 328M->74M(512M) 42.507ms
[2026-03-27T12:22:15.276+0000][69][info ][gc,cpu      ] GC(15) User=0.16s Sys=0.01s Real=0.04s
[2026-03-27T12:22:15.276+0000][69][info ][gc          ] GC(16) Concurrent Mark Cycle
[2026-03-27T12:22:15.278+0000][69][info ][gc,marking  ] GC(16) Concurrent Scan Root Regions
[2026-03-27T12:22:15.278+0000][69][info ][safepoint   ] Safepoint "CollectForMetadataAllocation", Time since last: 165271133 ns, Reaching safepoint: 7935 ns, Cleanup: 21009 ns, At safepoint: 45925192 ns, Total: 45954136 ns
[2026-03-27T12:22:15.300+0000][69][info ][gc,marking  ] GC(16) Concurrent Scan Root Regions 21.833ms
[2026-03-27T12:22:15.301+0000][69][info ][gc,marking  ] GC(16) Concurrent Mark
[2026-03-27T12:22:15.302+0000][69][info ][gc,marking  ] GC(16) Concurrent Mark From Roots
[2026-03-27T12:22:15.303+0000][69][info ][gc,task     ] GC(16) Using 3 workers of 3 for marking
[2026-03-27T12:22:15.338+0000][69][info ][gc,marking  ] GC(16) Concurrent Mark From Roots 36.098ms
[2026-03-27T12:22:15.339+0000][69][info ][gc,marking  ] GC(16) Concurrent Preclean
[2026-03-27T12:22:15.341+0000][69][info ][gc,marking  ] GC(16) Concurrent Preclean 1.228ms
[2026-03-27T12:22:15.344+0000][69][info ][safepoint   ] Safepoint "CollectForMetadataAllocation", Time since last: 62297198 ns, Reaching safepoint: 12790 ns, Cleanup: 6062 ns, At safepoint: 2839042 ns, Total: 2857894 ns
[2026-03-27T12:22:15.345+0000][69][info ][gc,start    ] GC(16) Pause Remark
[2026-03-27T12:22:15.358+0000][69][info ][gc          ] GC(16) Pause Remark 76M->76M(512M) 13.057ms
[2026-03-27T12:22:15.360+0000][69][info ][gc,cpu      ] GC(16) User=0.05s Sys=0.01s Real=0.02s
[2026-03-27T12:22:15.361+0000][69][info ][safepoint   ] Safepoint "G1PauseRemark", Time since last: 1594086 ns, Reaching safepoint: 133252 ns, Cleanup: 5630 ns, At safepoint: 16201588 ns, Total: 16340470 ns
[2026-03-27T12:22:15.363+0000][69][info ][gc,marking  ] GC(16) Concurrent Mark 61.519ms
[2026-03-27T12:22:15.364+0000][69][info ][gc,marking  ] GC(16) Concurrent Rebuild Remembered Sets and Scrub Regions
[2026-03-27T12:22:15.377+0000][69][info ][gc,marking  ] GC(16) Concurrent Rebuild Remembered Sets and Scrub Regions 13.496ms
[2026-03-27T12:22:15.379+0000][69][info ][gc,start    ] GC(16) Pause Cleanup
[2026-03-27T12:22:15.381+0000][69][info ][gc          ] GC(16) Pause Cleanup 78M->78M(512M) 1.801ms
[2026-03-27T12:22:15.382+0000][69][info ][gc,cpu      ] GC(16) User=0.00s Sys=0.00s Real=0.00s
[2026-03-27T12:22:15.383+0000][69][info ][safepoint   ] Safepoint "G1PauseCleanup", Time since last: 16974046 ns, Reaching safepoint: 437650 ns, Cleanup: 44206 ns, At safepoint: 4100203 ns, Total: 4582059 ns
[2026-03-27T12:22:15.384+0000][69][info ][gc,marking  ] GC(16) Concurrent Clear Claimed Marks
[2026-03-27T12:22:15.385+0000][69][info ][gc,marking  ] GC(16) Concurrent Clear Claimed Marks 1.072ms
[2026-03-27T12:22:15.386+0000][69][info ][gc,marking  ] GC(16) Concurrent Cleanup for Next Mark
[2026-03-27T12:22:15.388+0000][69][info ][gc,marking  ] GC(16) Concurrent Cleanup for Next Mark 2.079ms
[2026-03-27T12:22:15.389+0000][69][info ][gc          ] GC(16) Concurrent Mark Cycle 113.064ms
[2026-03-27T12:22:16.385+0000][69][info ][safepoint   ] Safepoint "Cleanup", Time since last: 1001605127 ns, Reaching safepoint: 99694 ns, Cleanup: 127236 ns, At safepoint: 31833 ns, Total: 258763 ns
[2026-03-27T12:22:17.688+0000][69][info ][safepoint   ] Safepoint "Cleanup", Time since last: 1302799270 ns, Reaching safepoint: 221120 ns, Cleanup: 215373 ns, At safepoint: 98191 ns, Total: 534684 ns
[2026-03-27T12:22:18.127+0000][69][info ][safepoint   ] Safepoint "ICBufferFull", Time since last: 438061266 ns, Reaching safepoint: 197375 ns, Cleanup: 201934 ns, At safepoint: 173307 ns, Total: 572616 ns
[2026-03-27T12:22:18.518+0000][69][info ][safepoint   ] Safepoint "ICBufferFull", Time since last: 391109652 ns, Reaching safepoint: 20743 ns, Cleanup: 184992 ns, At safepoint: 85180 ns, Total: 290915 ns
[2026-03-27T12:22:18.839+0000][69][info ][safepoint   ] Safepoint "ICBufferFull", Time since last: 320262484 ns, Reaching safepoint: 21677 ns, Cleanup: 241470 ns, At safepoint: 8016 ns, Total: 271163 ns
[2026-03-27T12:22:19.306+0000][69][info ][safepoint   ] Safepoint "ICBufferFull", Time since last: 466419381 ns, Reaching safepoint: 196296 ns, Cleanup: 213613 ns, At safepoint: 193010 ns, Total: 602919 ns
[2026-03-27T12:22:19.931+0000][69][info ][safepoint   ] Safepoint "ICBufferFull", Time since last: 625545595 ns, Reaching safepoint: 13787 ns, Cleanup: 137329 ns, At safepoint: 4255 ns, Total: 155371 ns
[2026-03-27T12:22:20.889+0000][69][info ][safepoint   ] Safepoint "ICBufferFull", Time since last: 956959953 ns, Reaching safepoint: 339415 ns, Cleanup: 139164 ns, At safepoint: 52616 ns, Total: 531195 ns
[2026-03-27T12:22:21.391+0000][69][info ][safepoint   ] Safepoint "ICBufferFull", Time since last: 501311810 ns, Reaching safepoint: 20840 ns, Cleanup: 223189 ns, At safepoint: 105428 ns, Total: 349457 ns
[2026-03-27T12:22:22.393+0000][69][info ][safepoint   ] Safepoint "Cleanup", Time since last: 1001741165 ns, Reaching safepoint: 19535 ns, Cleanup: 328143 ns, At safepoint: 8872 ns, Total: 356550 ns
[2026-03-27T12:22:23.394+0000][69][info ][safepoint   ] Safepoint "Cleanup", Time since last: 1001269441 ns, Reaching safepoint: 8641 ns, Cleanup: 15096 ns, At safepoint: 2977 ns, Total: 26714 ns
[2026-03-27T12:22:33.400+0000][69][info ][safepoint   ] Safepoint "Cleanup", Time since last: 10005548000 ns, Reaching safepoint: 53775 ns, Cleanup: 15507 ns, At safepoint: 4733 ns, Total: 74015 ns
[2026-03-27T12:22:35.397+0000][69][info ][safepoint   ] Safepoint "Cleanup", Time since last: 2001813338 ns, Reaching safepoint: 15635 ns, Cleanup: 13821 ns, At safepoint: 3206 ns, Total: 32662 ns
[2026-03-27T12:22:38.400+0000][69][info ][safepoint   ] Safepoint "Cleanup", Time since last: 3002496429 ns, Reaching safepoint: 25497 ns, Cleanup: 21406 ns, At safepoint: 7434 ns, Total: 54337 ns
[2026-03-27T12:22:43.794+0000][69][info ][safepoint   ] Safepoint "Cleanup", Time since last: 5393576466 ns, Reaching safepoint: 6767 ns, Cleanup: 33739 ns, At safepoint: 4903 ns, Total: 45409 ns
[2026-03-27T12:22:44.795+0000][69][info ][safepoint   ] Safepoint "Cleanup", Time since last: 1001135811 ns, Reaching safepoint: 30797 ns, Cleanup: 35078 ns, At safepoint: 6624 ns, Total: 72499 ns
[2026-03-27T12:22:45.796+0000][69][info ][safepoint   ] Safepoint "Cleanup", Time since last: 1001612966 ns, Reaching safepoint: 29933 ns, Cleanup: 35260 ns, At safepoint: 9759 ns, Total: 74952 ns
[2026-03-27T12:22:48.420+0000][69][info ][safepoint   ] Safepoint "Cleanup", Time since last: 2622900311 ns, Reaching safepoint: 17927 ns, Cleanup: 129488 ns, At safepoint: 13542 ns, Total: 160957 ns
[2026-03-27T12:23:01.424+0000][69][info ][safepoint   ] Safepoint "Cleanup", Time since last: 13004413394 ns, Reaching safepoint: 199818 ns, Cleanup: 23077 ns, At safepoint: 8008 ns, Total: 230903 ns
[2026-03-27T12:23:03.426+0000][69][info ][safepoint   ] Safepoint "Cleanup", Time since last: 2001370899 ns, Reaching safepoint: 86052 ns, Cleanup: 24958 ns, At safepoint: 8342 ns, Total: 119352 ns
[2026-03-27T12:23:04.419+0000][69][info ][safepoint   ] Safepoint "Cleanup", Time since last: 1001565045 ns, Reaching safepoint: 36225 ns, Cleanup: 30931 ns, At safepoint: 7545 ns, Total: 74701 ns
[2026-03-27T12:23:14.423+0000][69][info ][safepoint   ] Safepoint "Cleanup", Time since last: 10003840681 ns, Reaching safepoint: 92192 ns, Cleanup: 27309 ns, At safepoint: 24207 ns, Total: 143708 ns
[2026-03-27T12:23:17.425+0000][69][info ][safepoint   ] Safepoint "Cleanup", Time since last: 3002014964 ns, Reaching safepoint: 20146 ns, Cleanup: 25034 ns, At safepoint: 5794 ns, Total: 50974 ns
[2026-03-27T12:23:18.427+0000][69][info ][safepoint   ] Safepoint "Cleanup", Time since last: 1001579794 ns, Reaching safepoint: 27944 ns, Cleanup: 32378 ns, At safepoint: 6998 ns, Total: 67320 ns
[2026-03-27T12:23:20.382+0000][69][info ][safepoint   ] Safepoint "Cleanup", Time since last: 1955048071 ns, Reaching safepoint: 27649 ns, Cleanup: 69387 ns, At safepoint: 6570 ns, Total: 103606 ns
[2026-03-27T12:23:20.904+0000][69][info ][gc,start    ] GC(17) Pause Young (Normal) (G1 Evacuation Pause)
[2026-03-27T12:23:20.905+0000][69][info ][gc,task     ] GC(17) Using 10 workers of 10 for evacuation
[2026-03-27T12:23:20.906+0000][69][debug][gc,age      ] GC(17) Desired survivor size 20971520 bytes, new threshold 4 (max threshold 15)
[2026-03-27T12:23:20.992+0000][69][info ][gc,phases   ] GC(17)   Pre Evacuate Collection Set: 1.2ms
[2026-03-27T12:23:20.993+0000][69][info ][gc,phases   ] GC(17)   Merge Heap Roots: 0.7ms
[2026-03-27T12:23:20.994+0000][69][info ][gc,phases   ] GC(17)   Evacuate Collection Set: 74.3ms
[2026-03-27T12:23:20.995+0000][69][info ][gc,phases   ] GC(17)   Post Evacuate Collection Set: 9.0ms
[2026-03-27T12:23:20.995+0000][69][info ][gc,phases   ] GC(17)   Other: 1.7ms
[2026-03-27T12:23:20.996+0000][69][trace][gc,age      ] GC(17) Age table with threshold 4 (max threshold 15)
[2026-03-27T12:23:20.997+0000][69][trace][gc,age      ] GC(17) - age   1:   13077016 bytes,   13077016 total
[2026-03-27T12:23:20.997+0000][69][trace][gc,age      ] GC(17) - age   2:   10947656 bytes,   24024672 total
[2026-03-27T12:23:20.998+0000][69][trace][gc,age      ] GC(17) - age   3:    2412728 bytes,   26437400 total
[2026-03-27T12:23:20.999+0000][69][trace][gc,age      ] GC(17) - age   4:    2817760 bytes,   29255160 total
[2026-03-27T12:23:20.999+0000][69][info ][gc,heap     ] GC(17) Eden regions: 68->0(68)
[2026-03-27T12:23:21.000+0000][69][info ][gc,heap     ] GC(17) Survivor regions: 8->8(10)
[2026-03-27T12:23:21.001+0000][69][info ][gc,heap     ] GC(17) Old regions: 11->14
[2026-03-27T12:23:21.001+0000][69][info ][gc,heap     ] GC(17) Humongous regions: 0->0
[2026-03-27T12:23:21.002+0000][69][info ][gc,metaspace] GC(17) Metaspace: 123768K(127104K)->123768K(127104K) NonClass: 106774K(108544K)->106774K(108544K) Class: 16994K(18560K)->16994K(18560K)
[2026-03-27T12:23:21.003+0000][69][info ][gc          ] GC(17) Pause Young (Normal) (G1 Evacuation Pause) 346M->86M(512M) 98.862ms
[2026-03-27T12:23:21.004+0000][69][info ][gc,cpu      ] GC(17) User=0.64s Sys=0.03s Real=0.10s
[2026-03-27T12:23:21.005+0000][69][info ][safepoint   ] Safepoint "G1CollectForAllocation", Time since last: 522541400 ns, Reaching safepoint: 13786 ns, Cleanup: 19177 ns, At safepoint: 100709056 ns, Total: 100742019 ns
[2026-03-27T12:23:22.007+0000][69][info ][safepoint   ] Safepoint "Cleanup", Time since last: 1001843505 ns, Reaching safepoint: 26702 ns, Cleanup: 29678 ns, At safepoint: 96417 ns, Total: 152797 ns
[2026-03-27T12:23:23.009+0000][69][info ][safepoint   ] Safepoint "Cleanup", Time since last: 1001421640 ns, Reaching safepoint: 22103 ns, Cleanup: 17716 ns, At safepoint: 155881 ns, Total: 195700 ns
[2026-03-27T12:23:24.010+0000][69][info ][safepoint   ] Safepoint "Cleanup", Time since last: 1001242077 ns, Reaching safepoint: 24641 ns, Cleanup: 18244 ns, At safepoint: 7008 ns, Total: 49893 ns
[2026-03-27T12:23:27.012+0000][69][info ][safepoint   ] Safepoint "Cleanup", Time since last: 3002076237 ns, Reaching safepoint: 65502 ns, Cleanup: 11797 ns, At safepoint: 4197 ns, Total: 81496 ns
[2026-03-27T12:23:29.013+0000][69][info ][safepoint   ] Safepoint "Cleanup", Time since last: 2000910446 ns, Reaching safepoint: 12014 ns, Cleanup: 23852 ns, At safepoint: 4718 ns, Total: 40584 ns
[2026-03-27T12:23:31.637+0000][69][info ][safepoint   ] Safepoint "Cleanup", Time since last: 2623880985 ns, Reaching safepoint: 6668 ns, Cleanup: 22133 ns, At safepoint: 4074 ns, Total: 32875 ns
[2026-03-27T12:23:32.146+0000][69][info ][safepoint   ] Safepoint "ICBufferFull", Time since last: 508954017 ns, Reaching safepoint: 212778 ns, Cleanup: 260720 ns, At safepoint: 56344 ns, Total: 529842 ns
[2026-03-27T12:23:32.449+0000][69][info ][safepoint   ] Safepoint "ICBufferFull", Time since last: 302141518 ns, Reaching safepoint: 194051 ns, Cleanup: 211831 ns, At safepoint: 105457 ns, Total: 511339 ns
[2026-03-27T12:23:33.054+0000][69][info ][safepoint   ] Safepoint "ICBufferFull", Time since last: 604614960 ns, Reaching safepoint: 33775 ns, Cleanup: 317148 ns, At safepoint: 95688 ns, Total: 446611 ns
[2026-03-27T12:23:33.740+0000][69][info ][safepoint   ] Safepoint "ICBufferFull", Time since last: 685493567 ns, Reaching safepoint: 28435 ns, Cleanup: 221705 ns, At safepoint: 88668 ns, Total: 338808 ns
[2026-03-27T12:23:33.741+0000][69][info ][safepoint   ] Safepoint "ICBufferFull", Time since last: 1034207 ns, Reaching safepoint: 26370 ns, Cleanup: 6863 ns, At safepoint: 5484 ns, Total: 38717 ns
[2026-03-27T12:23:34.735+0000][69][info ][safepoint   ] Safepoint "Cleanup", Time since last: 1001011012 ns, Reaching safepoint: 22205 ns, Cleanup: 334871 ns, At safepoint: 27908 ns, Total: 384984 ns
[2026-03-27T12:23:35.942+0000][69][info ][safepoint   ] Safepoint "Cleanup", Time since last: 1206518500 ns, Reaching safepoint: 21367 ns, Cleanup: 159271 ns, At safepoint: 70452 ns, Total: 251090 ns
[2026-03-27T12:23:36.943+0000][69][info ][safepoint   ] Safepoint "Cleanup", Time since last: 1000909385 ns, Reaching safepoint: 29386 ns, Cleanup: 80349 ns, At safepoint: 7497 ns, Total: 117232 ns
[2026-03-27T12:23:37.947+0000][69][info ][safepoint   ] Safepoint "Cleanup", Time since last: 1003330118 ns, Reaching safepoint: 29204 ns, Cleanup: 189673 ns, At safepoint: 483647 ns, Total: 702524 ns
[2026-03-27T12:23:38.199+0000][69][info ][safepoint   ] Safepoint "ICBufferFull", Time since last: 251804283 ns, Reaching safepoint: 178423 ns, Cleanup: 214790 ns, At safepoint: 112291 ns, Total: 505504 ns
[2026-03-27T12:23:38.563+0000][69][info ][safepoint   ] Safepoint "ICBufferFull", Time since last: 363624733 ns, Reaching safepoint: 26274 ns, Cleanup: 211590 ns, At safepoint: 55191 ns, Total: 293055 ns
[2026-03-27T12:23:38.899+0000][69][info ][safepoint   ] Safepoint "ICBufferFull", Time since last: 335649598 ns, Reaching safepoint: 41914 ns, Cleanup: 281251 ns, At safepoint: 73679 ns, Total: 396844 ns
[2026-03-27T12:23:39.219+0000][69][info ][safepoint   ] Safepoint "ICBufferFull", Time since last: 319148802 ns, Reaching safepoint: 39989 ns, Cleanup: 375894 ns, At safepoint: 117657 ns, Total: 533540 ns
[2026-03-27T12:23:40.000+0000][69][info ][safepoint   ] Safepoint "ICBufferFull", Time since last: 781004422 ns, Reaching safepoint: 41503 ns, Cleanup: 287658 ns, At safepoint: 85537 ns, Total: 414698 ns
[2026-03-27T12:23:40.922+0000][69][info ][safepoint   ] Safepoint "ICBufferFull", Time since last: 921365758 ns, Reaching safepoint: 51638 ns, Cleanup: 228185 ns, At safepoint: 234447 ns, Total: 514270 ns
[2026-03-27T12:23:41.288+0000][69][info ][safepoint   ] Safepoint "ICBufferFull", Time since last: 365561616 ns, Reaching safepoint: 60526 ns, Cleanup: 331333 ns, At safepoint: 117253 ns, Total: 509112 ns
[2026-03-27T12:23:41.481+0000][69][info ][gc,start    ] GC(18) Pause Young (Normal) (G1 Evacuation Pause)
[2026-03-27T12:23:41.483+0000][69][info ][gc,task     ] GC(18) Using 10 workers of 10 for evacuation
[2026-03-27T12:23:41.484+0000][69][debug][gc,age      ] GC(18) Desired survivor size 20971520 bytes, new threshold 2 (max threshold 15)
[2026-03-27T12:23:41.589+0000][69][info ][gc,phases   ] GC(18)   Pre Evacuate Collection Set: 1.0ms
[2026-03-27T12:23:41.591+0000][69][info ][gc,phases   ] GC(18)   Merge Heap Roots: 0.6ms
[2026-03-27T12:23:41.592+0000][69][info ][gc,phases   ] GC(18)   Evacuate Collection Set: 94.9ms
[2026-03-27T12:23:41.593+0000][69][info ][gc,phases   ] GC(18)   Post Evacuate Collection Set: 8.2ms
[2026-03-27T12:23:41.594+0000][69][info ][gc,phases   ] GC(18)   Other: 2.0ms
[2026-03-27T12:23:41.595+0000][69][trace][gc,age      ] GC(18) Age table with threshold 2 (max threshold 15)
[2026-03-27T12:23:41.595+0000][69][trace][gc,age      ] GC(18) - age   1:   13619104 bytes,   13619104 total
[2026-03-27T12:23:41.596+0000][69][trace][gc,age      ] GC(18) - age   2:   12448368 bytes,   26067472 total
[2026-03-27T12:23:41.597+0000][69][info ][gc,heap     ] GC(18) Eden regions: 68->0(68)
[2026-03-27T12:23:41.599+0000][69][info ][gc,heap     ] GC(18) Survivor regions: 8->8(10)
[2026-03-27T12:23:41.600+0000][69][info ][gc,heap     ] GC(18) Old regions: 14->19
[2026-03-27T12:23:41.600+0000][69][info ][gc,heap     ] GC(18) Humongous regions: 0->0
[2026-03-27T12:23:41.601+0000][69][info ][gc,metaspace] GC(18) Metaspace: 133235K(136768K)->133235K(136768K) NonClass: 114820K(116672K)->114820K(116672K) Class: 18414K(20096K)->18414K(20096K)
[2026-03-27T12:23:41.602+0000][69][info ][gc          ] GC(18) Pause Young (Normal) (G1 Evacuation Pause) 358M->101M(512M) 120.719ms
[2026-03-27T12:23:41.603+0000][69][info ][gc,cpu      ] GC(18) User=0.60s Sys=0.03s Real=0.12s
[2026-03-27T12:23:41.611+0000][69][info ][safepoint   ] Safepoint "G1CollectForAllocation", Time since last: 192232069 ns, Reaching safepoint: 501914 ns, Cleanup: 98683 ns, At safepoint: 129689566 ns, Total: 130290163 ns
[2026-03-27T12:23:42.105+0000][69][info ][safepoint   ] Safepoint "ICBufferFull", Time since last: 487609492 ns, Reaching safepoint: 398217 ns, Cleanup: 382883 ns, At safepoint: 6254996 ns, Total: 7036096 ns
[2026-03-27T12:23:42.618+0000][69][info ][safepoint   ] Safepoint "ICBufferFull", Time since last: 511840889 ns, Reaching safepoint: 54604 ns, Cleanup: 324813 ns, At safepoint: 160804 ns, Total: 540221 ns
[2026-03-27T12:23:43.454+0000][69][info ][safepoint   ] Safepoint "ICBufferFull", Time since last: 836216664 ns, Reaching safepoint: 269771 ns, Cleanup: 224732 ns, At safepoint: 78063 ns, Total: 572566 ns
[2026-03-27T12:23:44.222+0000][69][info ][gc,start    ] GC(19) Pause Young (Normal) (G1 Evacuation Pause)
[2026-03-27T12:23:44.223+0000][69][info ][gc,task     ] GC(19) Using 10 workers of 10 for evacuation
[2026-03-27T12:23:44.224+0000][69][debug][gc,age      ] GC(19) Desired survivor size 20971520 bytes, new threshold 2 (max threshold 15)
[2026-03-27T12:23:44.297+0000][69][info ][gc,phases   ] GC(19)   Pre Evacuate Collection Set: 0.9ms
[2026-03-27T12:23:44.298+0000][69][info ][gc,phases   ] GC(19)   Merge Heap Roots: 0.4ms
[2026-03-27T12:23:44.299+0000][69][info ][gc,phases   ] GC(19)   Evacuate Collection Set: 67.6ms
[2026-03-27T12:23:44.299+0000][69][info ][gc,phases   ] GC(19)   Post Evacuate Collection Set: 3.4ms
[2026-03-27T12:23:44.300+0000][69][info ][gc,phases   ] GC(19)   Other: 1.8ms
[2026-03-27T12:23:44.300+0000][69][trace][gc,age      ] GC(19) Age table with threshold 2 (max threshold 15)
[2026-03-27T12:23:44.301+0000][69][trace][gc,age      ] GC(19) - age   1:    4657256 bytes,    4657256 total
[2026-03-27T12:23:44.301+0000][69][trace][gc,age      ] GC(19) - age   2:   12437344 bytes,   17094600 total
[2026-03-27T12:23:44.302+0000][69][info ][gc,heap     ] GC(19) Eden regions: 68->0(71)
[2026-03-27T12:23:44.303+0000][69][info ][gc,heap     ] GC(19) Survivor regions: 8->5(10)
[2026-03-27T12:23:44.303+0000][69][info ][gc,heap     ] GC(19) Old regions: 19->22
[2026-03-27T12:23:44.304+0000][69][info ][gc,heap     ] GC(19) Humongous regions: 0->0
[2026-03-27T12:23:44.305+0000][69][info ][gc,metaspace] GC(19) Metaspace: 134903K(138560K)->134903K(138560K) NonClass: 116332K(118272K)->116332K(118272K) Class: 18570K(20288K)->18570K(20288K)
[2026-03-27T12:23:44.306+0000][69][info ][gc          ] GC(19) Pause Young (Normal) (G1 Evacuation Pause) 373M->105M(512M) 84.243ms
[2026-03-27T12:23:44.307+0000][69][info ][gc,cpu      ] GC(19) User=0.38s Sys=0.05s Real=0.08s
[2026-03-27T12:23:44.308+0000][69][info ][safepoint   ] Safepoint "G1CollectForAllocation", Time since last: 766599714 ns, Reaching safepoint: 61264 ns, Cleanup: 406439 ns, At safepoint: 86498791 ns, Total: 86966494 ns
[2026-03-27T12:23:44.876+0000][69][info ][safepoint   ] Safepoint "ICBufferFull", Time since last: 567561111 ns, Reaching safepoint: 294951 ns, Cleanup: 333480 ns, At safepoint: 181555 ns, Total: 809986 ns
[2026-03-27T12:23:45.130+0000][69][info ][safepoint   ] Safepoint "ICBufferFull", Time since last: 252844578 ns, Reaching safepoint: 44171 ns, Cleanup: 400023 ns, At safepoint: 141325 ns, Total: 585519 ns
[2026-03-27T12:23:45.362+0000][69][info ][safepoint   ] Safepoint "ICBufferFull", Time since last: 231439128 ns, Reaching safepoint: 241577 ns, Cleanup: 297574 ns, At safepoint: 228241 ns, Total: 767392 ns
[2026-03-27T12:23:46.076+0000][69][info ][safepoint   ] Safepoint "ICBufferFull", Time since last: 713755433 ns, Reaching safepoint: 49887 ns, Cleanup: 312756 ns, At safepoint: 189107 ns, Total: 551750 ns
[2026-03-27T12:23:47.095+0000][69][info ][safepoint   ] Safepoint "ICBufferFull", Time since last: 1018086798 ns, Reaching safepoint: 117786 ns, Cleanup: 207451 ns, At safepoint: 102463 ns, Total: 427700 ns
[2026-03-27T12:23:47.393+0000][69][info ][safepoint   ] Safepoint "ICBufferFull", Time since last: 297350023 ns, Reaching safepoint: 103910 ns, Cleanup: 313123 ns, At safepoint: 367740 ns, Total: 784773 ns
[2026-03-27T12:23:48.364+0000][69][info ][safepoint   ] Safepoint "ICBufferFull", Time since last: 970167261 ns, Reaching safepoint: 108781 ns, Cleanup: 393129 ns, At safepoint: 145618 ns, Total: 647528 ns
[2026-03-27T12:23:48.996+0000][69][info ][safepoint   ] Safepoint "ICBufferFull", Time since last: 631809459 ns, Reaching safepoint: 37667 ns, Cleanup: 264342 ns, At safepoint: 75779 ns, Total: 377788 ns
[2026-03-27T12:23:49.331+0000][69][info ][safepoint   ] Safepoint "ICBufferFull", Time since last: 334718612 ns, Reaching safepoint: 22326 ns, Cleanup: 171628 ns, At safepoint: 36352 ns, Total: 230306 ns
[2026-03-27T12:23:49.332+0000][69][info ][safepoint   ] Safepoint "ICBufferFull", Time since last: 1147062 ns, Reaching safepoint: 41568 ns, Cleanup: 4070 ns, At safepoint: 60662 ns, Total: 106300 ns
[2026-03-27T12:23:49.529+0000][69][info ][gc,start    ] GC(20) Pause Young (Normal) (G1 Evacuation Pause)
[2026-03-27T12:23:49.530+0000][69][info ][gc,task     ] GC(20) Using 10 workers of 10 for evacuation
[2026-03-27T12:23:49.531+0000][69][debug][gc,age      ] GC(20) Desired survivor size 20971520 bytes, new threshold 15 (max threshold 15)
[2026-03-27T12:23:49.559+0000][69][info ][gc,phases   ] GC(20)   Pre Evacuate Collection Set: 0.7ms
[2026-03-27T12:23:49.560+0000][69][info ][gc,phases   ] GC(20)   Merge Heap Roots: 0.3ms
[2026-03-27T12:23:49.560+0000][69][info ][gc,phases   ] GC(20)   Evacuate Collection Set: 24.0ms
[2026-03-27T12:23:49.561+0000][69][info ][gc,phases   ] GC(20)   Post Evacuate Collection Set: 2.2ms
[2026-03-27T12:23:49.561+0000][69][info ][gc,phases   ] GC(20)   Other: 1.7ms
[2026-03-27T12:23:49.562+0000][69][trace][gc,age      ] GC(20) Age table with threshold 15 (max threshold 15)
[2026-03-27T12:23:49.562+0000][69][trace][gc,age      ] GC(20) - age   1:    8467024 bytes,    8467024 total
[2026-03-27T12:23:49.563+0000][69][trace][gc,age      ] GC(20) - age   2:    2789608 bytes,   11256632 total
[2026-03-27T12:23:49.563+0000][69][trace][gc,age      ] GC(20) - age   3:   11869992 bytes,   23126624 total
[2026-03-27T12:23:49.564+0000][69][info ][gc,heap     ] GC(20) Eden regions: 71->0(70)
[2026-03-27T12:23:49.564+0000][69][info ][gc,heap     ] GC(20) Survivor regions: 5->6(10)
[2026-03-27T12:23:49.565+0000][69][info ][gc,heap     ] GC(20) Old regions: 22->22
[2026-03-27T12:23:49.565+0000][69][info ][gc,heap     ] GC(20) Humongous regions: 0->0
[2026-03-27T12:23:49.566+0000][69][info ][gc,metaspace] GC(20) Metaspace: 139885K(143680K)->139885K(143680K) NonClass: 120714K(122752K)->120714K(122752K) Class: 19170K(20928K)->19170K(20928K)
[2026-03-27T12:23:49.567+0000][69][info ][gc          ] GC(20) Pause Young (Normal) (G1 Evacuation Pause) 389M->110M(512M) 37.496ms
[2026-03-27T12:23:49.567+0000][69][info ][gc,cpu      ] GC(20) User=0.13s Sys=0.01s Real=0.03s
[2026-03-27T12:23:49.568+0000][69][info ][safepoint   ] Safepoint "G1CollectForAllocation", Time since last: 196708695 ns, Reaching safepoint: 43816 ns, Cleanup: 29882 ns, At safepoint: 38828515 ns, Total: 38902213 ns
[2026-03-27T12:23:50.090+0000][69][info ][safepoint   ] Safepoint "ICBufferFull", Time since last: 522008355 ns, Reaching safepoint: 51441 ns, Cleanup: 173760 ns, At safepoint: 67338 ns, Total: 292539 ns
[2026-03-27T12:23:50.392+0000][69][info ][safepoint   ] Safepoint "ICBufferFull", Time since last: 301841730 ns, Reaching safepoint: 186606 ns, Cleanup: 181727 ns, At safepoint: 108509 ns, Total: 476842 ns
[2026-03-27T12:23:50.679+0000][69][info ][safepoint   ] Safepoint "ICBufferFull", Time since last: 285943499 ns, Reaching safepoint: 24301 ns, Cleanup: 171285 ns, At safepoint: 68900 ns, Total: 264486 ns
[2026-03-27T12:23:51.590+0000][69][info ][safepoint   ] Safepoint "ICBufferFull", Time since last: 911270368 ns, Reaching safepoint: 45785 ns, Cleanup: 155058 ns, At safepoint: 180600 ns, Total: 381443 ns
[2026-03-27T12:23:52.362+0000][69][info ][safepoint   ] Safepoint "ICBufferFull", Time since last: 771598985 ns, Reaching safepoint: 54823 ns, Cleanup: 243770 ns, At safepoint: 141917 ns, Total: 440510 ns
[2026-03-27T12:23:54.211+0000][69][info ][safepoint   ] Safepoint "Cleanup", Time since last: 1848616527 ns, Reaching safepoint: 19491 ns, Cleanup: 150803 ns, At safepoint: 5955 ns, Total: 176249 ns
[2026-03-27T12:23:56.047+0000][69][info ][safepoint   ] Safepoint "Cleanup", Time since last: 1835372689 ns, Reaching safepoint: 81398 ns, Cleanup: 98623 ns, At safepoint: 11136 ns, Total: 191157 ns
[2026-03-27T12:23:56.481+0000][69][info ][gc,start    ] GC(21) Pause Young (Concurrent Start) (CodeCache GC Threshold)
[2026-03-27T12:23:56.482+0000][69][info ][gc,task     ] GC(21) Using 10 workers of 10 for evacuation
[2026-03-27T12:23:56.483+0000][69][debug][gc,age      ] GC(21) Desired survivor size 20971520 bytes, new threshold 3 (max threshold 15)
[2026-03-27T12:23:56.517+0000][69][info ][gc,phases   ] GC(21)   Pre Evacuate Collection Set: 0.9ms
[2026-03-27T12:23:56.517+0000][69][info ][gc,phases   ] GC(21)   Merge Heap Roots: 0.2ms
[2026-03-27T12:23:56.518+0000][69][info ][gc,phases   ] GC(21)   Evacuate Collection Set: 30.6ms
[2026-03-27T12:23:56.518+0000][69][info ][gc,phases   ] GC(21)   Post Evacuate Collection Set: 1.3ms
[2026-03-27T12:23:56.519+0000][69][info ][gc,phases   ] GC(21)   Other: 1.9ms
[2026-03-27T12:23:56.519+0000][69][trace][gc,age      ] GC(21) Age table with threshold 3 (max threshold 15)
[2026-03-27T12:23:56.520+0000][69][trace][gc,age      ] GC(21) - age   1:    2970456 bytes,    2970456 total
[2026-03-27T12:23:56.520+0000][69][trace][gc,age      ] GC(21) - age   2:    6495936 bytes,    9466392 total
[2026-03-27T12:23:56.521+0000][69][trace][gc,age      ] GC(21) - age   3:    2779704 bytes,   12246096 total
[2026-03-27T12:23:56.521+0000][69][info ][gc,heap     ] GC(21) Eden regions: 43->0(72)
[2026-03-27T12:23:56.522+0000][69][info ][gc,heap     ] GC(21) Survivor regions: 6->4(10)
[2026-03-27T12:23:56.522+0000][69][info ][gc,heap     ] GC(21) Old regions: 22->25
[2026-03-27T12:23:56.522+0000][69][info ][gc,heap     ] GC(21) Humongous regions: 0->0
[2026-03-27T12:23:56.523+0000][69][info ][gc,metaspace] GC(21) Metaspace: 140978K(144768K)->140978K(144768K) NonClass: 121770K(123840K)->121770K(123840K) Class: 19208K(20928K)->19208K(20928K)
[2026-03-27T12:23:56.524+0000][69][info ][gc          ] GC(21) Pause Young (Concurrent Start) (CodeCache GC Threshold) 278M->111M(512M) 42.980ms
[2026-03-27T12:23:56.524+0000][69][info ][gc          ] GC(22) Concurrent Mark Cycle
[2026-03-27T12:23:56.525+0000][69][info ][gc,marking  ] GC(22) Concurrent Scan Root Regions
[2026-03-27T12:23:56.524+0000][69][info ][gc,cpu      ] GC(21) User=0.18s Sys=0.02s Real=0.04s
[2026-03-27T12:23:56.526+0000][69][info ][safepoint   ] Safepoint "G1TryInitiateConcMark", Time since last: 433694220 ns, Reaching safepoint: 50367 ns, Cleanup: 96922 ns, At safepoint: 45091418 ns, Total: 45238707 ns
[2026-03-27T12:23:56.529+0000][69][info ][gc,marking  ] GC(22) Concurrent Scan Root Regions 4.743ms
[2026-03-27T12:23:56.530+0000][69][info ][gc,marking  ] GC(22) Concurrent Mark
[2026-03-27T12:23:56.530+0000][69][info ][gc,marking  ] GC(22) Concurrent Mark From Roots
[2026-03-27T12:23:56.531+0000][69][info ][gc,task     ] GC(22) Using 3 workers of 3 for marking
[2026-03-27T12:23:56.561+0000][69][info ][gc,marking  ] GC(22) Concurrent Mark From Roots 30.855ms
[2026-03-27T12:23:56.563+0000][69][info ][gc,marking  ] GC(22) Concurrent Preclean
[2026-03-27T12:23:56.564+0000][69][info ][gc,marking  ] GC(22) Concurrent Preclean 1.399ms
[2026-03-27T12:23:56.565+0000][69][info ][gc,start    ] GC(22) Pause Remark
[2026-03-27T12:23:56.589+0000][69][info ][gc          ] GC(22) Pause Remark 111M->111M(512M) 23.671ms
[2026-03-27T12:23:56.590+0000][69][info ][gc,cpu      ] GC(22) User=0.15s Sys=0.01s Real=0.03s
[2026-03-27T12:23:56.591+0000][69][info ][safepoint   ] Safepoint "G1PauseRemark", Time since last: 39768103 ns, Reaching safepoint: 14895 ns, Cleanup: 10844 ns, At safepoint: 25574854 ns, Total: 25600593 ns
[2026-03-27T12:23:56.592+0000][69][info ][gc,marking  ] GC(22) Concurrent Mark 62.293ms
[2026-03-27T12:23:56.593+0000][69][info ][gc,marking  ] GC(22) Concurrent Rebuild Remembered Sets and Scrub Regions
[2026-03-27T12:23:56.607+0000][69][info ][gc,marking  ] GC(22) Concurrent Rebuild Remembered Sets and Scrub Regions 14.097ms
[2026-03-27T12:23:56.608+0000][69][info ][gc,start    ] GC(22) Pause Cleanup
[2026-03-27T12:23:56.609+0000][69][info ][gc          ] GC(22) Pause Cleanup 111M->111M(512M) 1.152ms
[2026-03-27T12:23:56.609+0000][69][info ][gc,cpu      ] GC(22) User=0.00s Sys=0.01s Real=0.01s
[2026-03-27T12:23:56.610+0000][69][info ][safepoint   ] Safepoint "G1PauseCleanup", Time since last: 16572702 ns, Reaching safepoint: 11737 ns, Cleanup: 11152 ns, At safepoint: 2731380 ns, Total: 2754269 ns
[2026-03-27T12:23:56.611+0000][69][info ][gc,marking  ] GC(22) Concurrent Clear Claimed Marks
[2026-03-27T12:23:56.612+0000][69][info ][gc,marking  ] GC(22) Concurrent Clear Claimed Marks 0.955ms
[2026-03-27T12:23:56.613+0000][69][info ][gc,marking  ] GC(22) Concurrent Cleanup for Next Mark
[2026-03-27T12:23:56.614+0000][69][info ][gc,marking  ] GC(22) Concurrent Cleanup for Next Mark 1.347ms
[2026-03-27T12:23:56.615+0000][69][info ][gc          ] GC(22) Concurrent Mark Cycle 90.703ms
[2026-03-27T12:23:58.181+0000][69][info ][safepoint   ] Safepoint "Cleanup", Time since last: 1570556504 ns, Reaching safepoint: 41152 ns, Cleanup: 40392 ns, At safepoint: 8431 ns, Total: 89975 ns
[2026-03-27T12:23:59.183+0000][69][info ][safepoint   ] Safepoint "Cleanup", Time since last: 1001694518 ns, Reaching safepoint: 51799 ns, Cleanup: 40778 ns, At safepoint: 5054 ns, Total: 97631 ns
[2026-03-27T12:24:01.184+0000][69][info ][safepoint   ] Safepoint "Cleanup", Time since last: 2001607342 ns, Reaching safepoint: 37975 ns, Cleanup: 50707 ns, At safepoint: 7385 ns, Total: 96067 ns
[2026-03-27T12:24:02.418+0000][69][info ][safepoint   ] Safepoint "Cleanup", Time since last: 1232700219 ns, Reaching safepoint: 154045 ns, Cleanup: 236672 ns, At safepoint: 122549 ns, Total: 513266 ns
[2026-03-27T12:24:03.433+0000][69][info ][safepoint   ] Safepoint "Cleanup", Time since last: 1015514306 ns, Reaching safepoint: 34377 ns, Cleanup: 28167 ns, At safepoint: 7109 ns, Total: 69653 ns
[2026-03-27T12:24:04.429+0000][69][info ][safepoint   ] Safepoint "Cleanup", Time since last: 1001530769 ns, Reaching safepoint: 58977 ns, Cleanup: 31103 ns, At safepoint: 8161 ns, Total: 98241 ns
[2026-03-27T12:24:05.430+0000][69][info ][safepoint   ] Safepoint "Cleanup", Time since last: 1001088254 ns, Reaching safepoint: 20562 ns, Cleanup: 20817 ns, At safepoint: 5467 ns, Total: 46846 ns
[2026-03-27T12:24:08.115+0000][69][info ][safepoint   ] Safepoint "Cleanup", Time since last: 2684181476 ns, Reaching safepoint: 6819 ns, Cleanup: 46565 ns, At safepoint: 31834 ns, Total: 85218 ns
[2026-03-27T12:24:10.067+0000][69][info ][safepoint   ] Safepoint "Cleanup", Time since last: 1951670272 ns, Reaching safepoint: 41209 ns, Cleanup: 115419 ns, At safepoint: 10084 ns, Total: 166712 ns
[2026-03-27T12:24:11.068+0000][69][info ][safepoint   ] Safepoint "Cleanup", Time since last: 1001331018 ns, Reaching safepoint: 31902 ns, Cleanup: 16917 ns, At safepoint: 3404 ns, Total: 52223 ns
[2026-03-27T12:24:12.069+0000][69][info ][safepoint   ] Safepoint "Cleanup", Time since last: 1000911392 ns, Reaching safepoint: 68589 ns, Cleanup: 39776 ns, At safepoint: 5345 ns, Total: 113710 ns
[2026-03-27T12:24:13.070+0000][69][info ][safepoint   ] Safepoint "Cleanup", Time since last: 1001300288 ns, Reaching safepoint: 47073 ns, Cleanup: 28958 ns, At safepoint: 7071 ns, Total: 83102 ns
[2026-03-27T12:24:14.072+0000][69][info ][safepoint   ] Safepoint "Cleanup", Time since last: 1001259662 ns, Reaching safepoint: 20609 ns, Cleanup: 11574 ns, At safepoint: 3726 ns, Total: 35909 ns
[2026-03-27T12:24:15.464+0000][69][info ][safepoint   ] Safepoint "Cleanup", Time since last: 1391943493 ns, Reaching safepoint: 23435 ns, Cleanup: 99881 ns, At safepoint: 5669 ns, Total: 128985 ns
[2026-03-27T12:24:17.466+0000][69][info ][safepoint   ] Safepoint "Cleanup", Time since last: 2002194819 ns, Reaching safepoint: 36019 ns, Cleanup: 37578 ns, At safepoint: 9511 ns, Total: 83108 ns
[2026-03-27T12:24:18.468+0000][69][info ][safepoint   ] Safepoint "Cleanup", Time since last: 1001418786 ns, Reaching safepoint: 43068 ns, Cleanup: 101390 ns, At safepoint: 11399 ns, Total: 155857 ns
[2026-03-27T12:24:19.470+0000][69][info ][safepoint   ] Safepoint "Cleanup", Time since last: 1002031637 ns, Reaching safepoint: 17822 ns, Cleanup: 15421 ns, At safepoint: 3670 ns, Total: 36913 ns
[2026-03-27T12:24:20.483+0000][69][info ][safepoint   ] Safepoint "Cleanup", Time since last: 1013476360 ns, Reaching safepoint: 10150 ns, Cleanup: 95837 ns, At safepoint: 6109 ns, Total: 112096 ns
[2026-03-27T12:24:21.493+0000][69][info ][safepoint   ] Safepoint "Cleanup", Time since last: 1009726496 ns, Reaching safepoint: 23312 ns, Cleanup: 21713 ns, At safepoint: 5813 ns, Total: 50838 ns
[2026-03-27T12:24:23.495+0000][69][info ][safepoint   ] Safepoint "Cleanup", Time since last: 2001603701 ns, Reaching safepoint: 48643 ns, Cleanup: 73691 ns, At safepoint: 11291 ns, Total: 133625 ns
[2026-03-27T12:24:24.497+0000][69][info ][safepoint   ] Safepoint "Cleanup", Time since last: 1001958864 ns, Reaching safepoint: 38364 ns, Cleanup: 48564 ns, At safepoint: 7738 ns, Total: 94666 ns
[2026-03-27T12:24:26.109+0000][69][info ][safepoint   ] Safepoint "Cleanup", Time since last: 1612240853 ns, Reaching safepoint: 78372 ns, Cleanup: 143639 ns, At safepoint: 163695 ns, Total: 385706 ns
[2026-03-27T12:24:27.524+0000][69][info ][safepoint   ] Safepoint "Cleanup", Time since last: 1413852103 ns, Reaching safepoint: 30442 ns, Cleanup: 164515 ns, At safepoint: 41933 ns, Total: 236890 ns
[2026-03-27T12:24:28.532+0000][69][info ][safepoint   ] Safepoint "Cleanup", Time since last: 1008165878 ns, Reaching safepoint: 35380 ns, Cleanup: 38395 ns, At safepoint: 10251 ns, Total: 84026 ns
[2026-03-27T12:24:29.534+0000][69][info ][safepoint   ] Safepoint "Cleanup", Time since last: 1001733986 ns, Reaching safepoint: 36934 ns, Cleanup: 45624 ns, At safepoint: 9798 ns, Total: 92356 ns
[2026-03-27T12:24:30.535+0000][69][info ][safepoint   ] Safepoint "Cleanup", Time since last: 1001408428 ns, Reaching safepoint: 22653 ns, Cleanup: 13453 ns, At safepoint: 4608 ns, Total: 40714 ns
[2026-03-27T12:24:32.126+0000][69][info ][safepoint   ] Safepoint "Cleanup", Time since last: 1591075765 ns, Reaching safepoint: 4776 ns, Cleanup: 16569 ns, At safepoint: 2263 ns, Total: 23608 ns
[2026-03-27T12:24:33.548+0000][69][info ][safepoint   ] Safepoint "Cleanup", Time since last: 1421582865 ns, Reaching safepoint: 75865 ns, Cleanup: 203563 ns, At safepoint: 148656 ns, Total: 428084 ns
[2026-03-27T12:24:35.158+0000][69][info ][safepoint   ] Safepoint "Cleanup", Time since last: 1616222261 ns, Reaching safepoint: 31214 ns, Cleanup: 95777 ns, At safepoint: 7630 ns, Total: 134621 ns
[2026-03-27T12:24:36.160+0000][69][info ][safepoint   ] Safepoint "Cleanup", Time since last: 1002069922 ns, Reaching safepoint: 49553 ns, Cleanup: 34342 ns, At safepoint: 12231 ns, Total: 96126 ns
[2026-03-27T12:24:37.163+0000][69][info ][safepoint   ] Safepoint "Cleanup", Time since last: 1002488044 ns, Reaching safepoint: 47752 ns, Cleanup: 27065 ns, At safepoint: 12276 ns, Total: 87093 ns
[2026-03-27T12:24:38.166+0000][69][info ][safepoint   ] Safepoint "Cleanup", Time since last: 1002624079 ns, Reaching safepoint: 6548 ns, Cleanup: 32529 ns, At safepoint: 13397 ns, Total: 52474 ns
[2026-03-27T12:24:39.571+0000][69][info ][safepoint   ] Safepoint "Cleanup", Time since last: 1405466684 ns, Reaching safepoint: 7505 ns, Cleanup: 80734 ns, At safepoint: 4862 ns, Total: 93101 ns
[2026-03-27T12:24:40.577+0000][69][info ][safepoint   ] Safepoint "Cleanup", Time since last: 1005620298 ns, Reaching safepoint: 20149 ns, Cleanup: 24290 ns, At safepoint: 4196 ns, Total: 48635 ns
[2026-03-27T12:24:41.579+0000][69][info ][safepoint   ] Safepoint "Cleanup", Time since last: 1001651044 ns, Reaching safepoint: 50552 ns, Cleanup: 91839 ns, At safepoint: 114251 ns, Total: 256642 ns
[2026-03-27T12:24:42.581+0000][69][info ][safepoint   ] Safepoint "Cleanup", Time since last: 1001813024 ns, Reaching safepoint: 79935 ns, Cleanup: 50783 ns, At safepoint: 9365 ns, Total: 140083 ns
[2026-03-27T12:24:43.583+0000][69][info ][safepoint   ] Safepoint "Cleanup", Time since last: 1001830527 ns, Reaching safepoint: 38648 ns, Cleanup: 27761 ns, At safepoint: 9273 ns, Total: 75682 ns
[2026-03-27T12:24:44.585+0000][69][info ][safepoint   ] Safepoint "Cleanup", Time since last: 1002611397 ns, Reaching safepoint: 10761 ns, Cleanup: 45910 ns, At safepoint: 7457 ns, Total: 64128 ns
[2026-03-27T12:24:45.594+0000][69][info ][safepoint   ] Safepoint "Cleanup", Time since last: 1008582787 ns, Reaching safepoint: 42838 ns, Cleanup: 32151 ns, At safepoint: 9605 ns, Total: 84594 ns
[2026-03-27T12:24:47.529+0000][69][info ][safepoint   ] Safepoint "Cleanup", Time since last: 1934869869 ns, Reaching safepoint: 11029 ns, Cleanup: 65204 ns, At safepoint: 7329 ns, Total: 83562 ns
[2026-03-27T12:24:48.531+0000][69][info ][safepoint   ] Safepoint "Cleanup", Time since last: 1002072524 ns, Reaching safepoint: 43909 ns, Cleanup: 42181 ns, At safepoint: 8800 ns, Total: 94890 ns
[2026-03-27T12:24:49.533+0000][69][info ][safepoint   ] Safepoint "Cleanup", Time since last: 1001503579 ns, Reaching safepoint: 33274 ns, Cleanup: 56088 ns, At safepoint: 7892 ns, Total: 97254 ns
[2026-03-27T12:24:50.604+0000][69][info ][safepoint   ] Safepoint "Cleanup", Time since last: 1071073172 ns, Reaching safepoint: 9673 ns, Cleanup: 53012 ns, At safepoint: 27583 ns, Total: 90268 ns
[2026-03-27T12:24:51.612+0000][69][info ][safepoint   ] Safepoint "Cleanup", Time since last: 1007729220 ns, Reaching safepoint: 18809 ns, Cleanup: 13651 ns, At safepoint: 3011 ns, Total: 35471 ns
[2026-03-27T12:24:52.613+0000][69][info ][safepoint   ] Safepoint "Cleanup", Time since last: 1000905268 ns, Reaching safepoint: 28698 ns, Cleanup: 21478 ns, At safepoint: 6737 ns, Total: 56913 ns
[2026-03-27T12:24:53.614+0000][69][info ][safepoint   ] Safepoint "Cleanup", Time since last: 1001432378 ns, Reaching safepoint: 48085 ns, Cleanup: 50722 ns, At safepoint: 12195 ns, Total: 111002 ns
[2026-03-27T12:24:54.616+0000][69][info ][safepoint   ] Safepoint "Cleanup", Time since last: 1001963010 ns, Reaching safepoint: 58904 ns, Cleanup: 21703 ns, At safepoint: 9803 ns, Total: 90410 ns
[2026-03-27T12:24:55.618+0000][69][info ][safepoint   ] Safepoint "Cleanup", Time since last: 1001834388 ns, Reaching safepoint: 49201 ns, Cleanup: 27900 ns, At safepoint: 10953 ns, Total: 88054 ns
[2026-03-27T12:24:56.621+0000][69][info ][safepoint   ] Safepoint "Cleanup", Time since last: 1003266238 ns, Reaching safepoint: 12765 ns, Cleanup: 41852 ns, At safepoint: 40482 ns, Total: 95099 ns
[2026-03-27T12:24:57.629+0000][69][info ][safepoint   ] Safepoint "Cleanup", Time since last: 1007317742 ns, Reaching safepoint: 61232 ns, Cleanup: 16642 ns, At safepoint: 7313 ns, Total: 85187 ns
[2026-03-27T12:24:58.630+0000][69][info ][safepoint   ] Safepoint "Cleanup", Time since last: 1000909957 ns, Reaching safepoint: 25651 ns, Cleanup: 28526 ns, At safepoint: 5805 ns, Total: 59982 ns
[2026-03-27T12:24:59.631+0000][69][info ][safepoint   ] Safepoint "Cleanup", Time since last: 1001356037 ns, Reaching safepoint: 16500 ns, Cleanup: 16938 ns, At safepoint: 3056 ns, Total: 36494 ns
[2026-03-27T12:25:00.632+0000][69][info ][safepoint   ] Safepoint "Cleanup", Time since last: 1001153379 ns, Reaching safepoint: 108750 ns, Cleanup: 20173 ns, At safepoint: 8594 ns, Total: 137517 ns
[2026-03-27T12:25:01.633+0000][69][info ][safepoint   ] Safepoint "Cleanup", Time since last: 1000749550 ns, Reaching safepoint: 168450 ns, Cleanup: 33017 ns, At safepoint: 12480 ns, Total: 213947 ns
[2026-03-27T12:25:02.641+0000][69][info ][safepoint   ] Safepoint "Cleanup", Time since last: 1007153351 ns, Reaching safepoint: 9382 ns, Cleanup: 42992 ns, At safepoint: 5718 ns, Total: 58092 ns
[2026-03-27T12:25:03.650+0000][69][info ][safepoint   ] Safepoint "Cleanup", Time since last: 1009477042 ns, Reaching safepoint: 47562 ns, Cleanup: 73819 ns, At safepoint: 12929 ns, Total: 134310 ns
[2026-03-27T12:25:04.645+0000][69][info ][safepoint   ] Safepoint "Cleanup", Time since last: 1001836653 ns, Reaching safepoint: 50506 ns, Cleanup: 37274 ns, At safepoint: 12340 ns, Total: 100120 ns
[2026-03-27T12:25:05.647+0000][69][info ][safepoint   ] Safepoint "Cleanup", Time since last: 1001557944 ns, Reaching safepoint: 26758 ns, Cleanup: 17052 ns, At safepoint: 6194 ns, Total: 50004 ns
[2026-03-27T12:25:06.648+0000][69][info ][safepoint   ] Safepoint "Cleanup", Time since last: 1001338847 ns, Reaching safepoint: 27432 ns, Cleanup: 16816 ns, At safepoint: 6757 ns, Total: 51005 ns
[2026-03-27T12:25:08.122+0000][69][info ][safepoint   ] Safepoint "Cleanup", Time since last: 1474124258 ns, Reaching safepoint: 10921 ns, Cleanup: 17740 ns, At safepoint: 32869 ns, Total: 61530 ns
[2026-03-27T12:25:09.667+0000][69][info ][safepoint   ] Safepoint "Cleanup", Time since last: 1544876021 ns, Reaching safepoint: 10798 ns, Cleanup: 63990 ns, At safepoint: 36535 ns, Total: 111323 ns
[2026-03-27T12:25:10.675+0000][69][info ][safepoint   ] Safepoint "Cleanup", Time since last: 1007178916 ns, Reaching safepoint: 37727 ns, Cleanup: 32545 ns, At safepoint: 9829 ns, Total: 80101 ns
[2026-03-27T12:25:11.676+0000][69][info ][safepoint   ] Safepoint "Cleanup", Time since last: 1001131459 ns, Reaching safepoint: 48020 ns, Cleanup: 39139 ns, At safepoint: 11624 ns, Total: 98783 ns
[2026-03-27T12:25:13.678+0000][69][info ][safepoint   ] Safepoint "Cleanup", Time since last: 2001738055 ns, Reaching safepoint: 195596 ns, Cleanup: 24721 ns, At safepoint: 10403 ns, Total: 230720 ns
[2026-03-27T12:25:14.684+0000][69][info ][safepoint   ] Safepoint "Cleanup", Time since last: 1005597495 ns, Reaching safepoint: 133336 ns, Cleanup: 50740 ns, At safepoint: 74347 ns, Total: 258423 ns
[2026-03-27T12:25:15.695+0000][69][info ][safepoint   ] Safepoint "Cleanup", Time since last: 1010907468 ns, Reaching safepoint: 29422 ns, Cleanup: 23237 ns, At safepoint: 7729 ns, Total: 60388 ns
[2026-03-27T12:25:17.697+0000][69][info ][safepoint   ] Safepoint "Cleanup", Time since last: 2002182949 ns, Reaching safepoint: 60750 ns, Cleanup: 74047 ns, At safepoint: 21965 ns, Total: 156762 ns
[2026-03-27T12:25:19.699+0000][69][info ][safepoint   ] Safepoint "Cleanup", Time since last: 2001585294 ns, Reaching safepoint: 26357 ns, Cleanup: 19367 ns, At safepoint: 6411 ns, Total: 52135 ns
[2026-03-27T12:25:20.705+0000][69][info ][safepoint   ] Safepoint "Cleanup", Time since last: 1005784712 ns, Reaching safepoint: 125019 ns, Cleanup: 33879 ns, At safepoint: 36826 ns, Total: 195724 ns
[2026-03-27T12:25:21.714+0000][69][info ][safepoint   ] Safepoint "Cleanup", Time since last: 1009548608 ns, Reaching safepoint: 38440 ns, Cleanup: 50926 ns, At safepoint: 11736 ns, Total: 101102 ns
[2026-03-27T12:25:22.716+0000][69][info ][safepoint   ] Safepoint "Cleanup", Time since last: 1001686292 ns, Reaching safepoint: 42295 ns, Cleanup: 26553 ns, At safepoint: 10479 ns, Total: 79327 ns
[2026-03-27T12:25:23.718+0000][69][info ][safepoint   ] Safepoint "Cleanup", Time since last: 1001989088 ns, Reaching safepoint: 35159 ns, Cleanup: 34904 ns, At safepoint: 8425 ns, Total: 78488 ns
[2026-03-27T12:25:25.720+0000][69][info ][safepoint   ] Safepoint "Cleanup", Time since last: 2001559325 ns, Reaching safepoint: 25869 ns, Cleanup: 17841 ns, At safepoint: 6871 ns, Total: 50581 ns
[2026-03-27T12:25:26.723+0000][69][info ][safepoint   ] Safepoint "Cleanup", Time since last: 1003604029 ns, Reaching safepoint: 7123 ns, Cleanup: 29870 ns, At safepoint: 4482 ns, Total: 41475 ns
[2026-03-27T12:25:27.738+0000][69][info ][safepoint   ] Safepoint "Cleanup", Time since last: 1014475732 ns, Reaching safepoint: 45852 ns, Cleanup: 12733 ns, At safepoint: 4712 ns, Total: 63297 ns
[2026-03-27T12:25:29.740+0000][69][info ][safepoint   ] Safepoint "Cleanup", Time since last: 2002124887 ns, Reaching safepoint: 81011 ns, Cleanup: 34129 ns, At safepoint: 9251 ns, Total: 124391 ns
[2026-03-27T12:25:32.126+0000][69][info ][safepoint   ] Safepoint "Cleanup", Time since last: 2385618990 ns, Reaching safepoint: 178830 ns, Cleanup: 68023 ns, At safepoint: 49583 ns, Total: 296436 ns
[2026-03-27T12:25:33.760+0000][69][info ][safepoint   ] Safepoint "Cleanup", Time since last: 1633479704 ns, Reaching safepoint: 27431 ns, Cleanup: 41624 ns, At safepoint: 7046 ns, Total: 76101 ns
[2026-03-27T12:25:34.755+0000][69][info ][safepoint   ] Safepoint "Cleanup", Time since last: 1001514001 ns, Reaching safepoint: 29572 ns, Cleanup: 16656 ns, At safepoint: 6520 ns, Total: 52748 ns
[2026-03-27T12:25:35.757+0000][69][info ][safepoint   ] Safepoint "Cleanup", Time since last: 1001946154 ns, Reaching safepoint: 33381 ns, Cleanup: 59479 ns, At safepoint: 19252 ns, Total: 112112 ns
[2026-03-27T12:25:38.121+0000][69][info ][safepoint   ] Safepoint "Cleanup", Time since last: 2364020115 ns, Reaching safepoint: 5341 ns, Cleanup: 30229 ns, At safepoint: 3040 ns, Total: 38610 ns
[2026-03-27T12:25:38.140+0000][69][info ][gc,start    ] GC(23) Pause Young (Prepare Mixed) (G1 Evacuation Pause)
[2026-03-27T12:25:38.141+0000][69][info ][gc,task     ] GC(23) Using 10 workers of 10 for evacuation
[2026-03-27T12:25:38.141+0000][69][debug][gc,age      ] GC(23) Desired survivor size 20971520 bytes, new threshold 15 (max threshold 15)
[2026-03-27T12:25:38.163+0000][69][info ][gc,phases   ] GC(23)   Pre Evacuate Collection Set: 0.6ms
[2026-03-27T12:25:38.164+0000][69][info ][gc,phases   ] GC(23)   Merge Heap Roots: 0.3ms
[2026-03-27T12:25:38.164+0000][69][info ][gc,phases   ] GC(23)   Evacuate Collection Set: 18.1ms
[2026-03-27T12:25:38.165+0000][69][info ][gc,phases   ] GC(23)   Post Evacuate Collection Set: 1.7ms
[2026-03-27T12:25:38.166+0000][69][info ][gc,phases   ] GC(23)   Other: 1.3ms
[2026-03-27T12:25:38.167+0000][69][trace][gc,age      ] GC(23) Age table with threshold 15 (max threshold 15)
[2026-03-27T12:25:38.167+0000][69][trace][gc,age      ] GC(23) - age   1:    2540248 bytes,    2540248 total
[2026-03-27T12:25:38.168+0000][69][trace][gc,age      ] GC(23) - age   2:    1925448 bytes,    4465696 total
[2026-03-27T12:25:38.169+0000][69][trace][gc,age      ] GC(23) - age   3:    5967576 bytes,   10433272 total
[2026-03-27T12:25:38.169+0000][69][trace][gc,age      ] GC(23) - age   4:    2757400 bytes,   13190672 total
[2026-03-27T12:25:38.170+0000][69][info ][gc,heap     ] GC(23) Eden regions: 72->0(72)
[2026-03-27T12:25:38.171+0000][69][info ][gc,heap     ] GC(23) Survivor regions: 4->4(10)
[2026-03-27T12:25:38.172+0000][69][info ][gc,heap     ] GC(23) Old regions: 25->25
[2026-03-27T12:25:38.172+0000][69][info ][gc,heap     ] GC(23) Humongous regions: 0->0
[2026-03-27T12:25:38.173+0000][69][info ][gc,metaspace] GC(23) Metaspace: 142354K(146112K)->142354K(146112K) NonClass: 123120K(125184K)->123120K(125184K) Class: 19233K(20928K)->19233K(20928K)
[2026-03-27T12:25:38.174+0000][69][info ][gc          ] GC(23) Pause Young (Prepare Mixed) (G1 Evacuation Pause) 399M->112M(512M) 33.824ms
[2026-03-27T12:25:38.174+0000][69][info ][gc,cpu      ] GC(23) User=0.09s Sys=0.01s Real=0.04s
[2026-03-27T12:25:38.175+0000][69][info ][safepoint   ] Safepoint "G1CollectForAllocation", Time since last: 18635070 ns, Reaching safepoint: 65117 ns, Cleanup: 28248 ns, At safepoint: 35252352 ns, Total: 35345717 ns
[2026-03-27T12:25:39.788+0000][69][info ][safepoint   ] Safepoint "Cleanup", Time since last: 1612516997 ns, Reaching safepoint: 19906 ns, Cleanup: 53317 ns, At safepoint: 3084 ns, Total: 76307 ns
[2026-03-27T12:25:41.789+0000][69][info ][safepoint   ] Safepoint "Cleanup", Time since last: 2001462738 ns, Reaching safepoint: 79567 ns, Cleanup: 23911 ns, At safepoint: 11677 ns, Total: 115155 ns
[2026-03-27T12:25:43.791+0000][69][info ][safepoint   ] Safepoint "Cleanup", Time since last: 2001536912 ns, Reaching safepoint: 45367 ns, Cleanup: 15499 ns, At safepoint: 3705 ns, Total: 64571 ns
[2026-03-27T12:25:44.794+0000][69][info ][safepoint   ] Safepoint "Cleanup", Time since last: 1002918362 ns, Reaching safepoint: 5520 ns, Cleanup: 32252 ns, At safepoint: 13733 ns, Total: 51505 ns
[2026-03-27T12:25:45.800+0000][69][info ][safepoint   ] Safepoint "Cleanup", Time since last: 1005612890 ns, Reaching safepoint: 49902 ns, Cleanup: 14849 ns, At safepoint: 4978 ns, Total: 69729 ns
[2026-03-27T12:25:47.597+0000][69][info ][safepoint   ] Safepoint "Cleanup", Time since last: 1797383375 ns, Reaching safepoint: 17045 ns, Cleanup: 36025 ns, At safepoint: 10163 ns, Total: 63233 ns
[2026-03-27T12:25:49.195+0000][69][info ][safepoint   ] Safepoint "Cleanup", Time since last: 1597940495 ns, Reaching safepoint: 25894 ns, Cleanup: 46490 ns, At safepoint: 6090 ns, Total: 78474 ns
[2026-03-27T12:25:50.807+0000][69][info ][safepoint   ] Safepoint "Cleanup", Time since last: 1611450494 ns, Reaching safepoint: 8722 ns, Cleanup: 34695 ns, At safepoint: 5636 ns, Total: 49053 ns
[2026-03-27T12:25:51.814+0000][69][info ][safepoint   ] Safepoint "Cleanup", Time since last: 1007792420 ns, Reaching safepoint: 20205 ns, Cleanup: 18016 ns, At safepoint: 3685 ns, Total: 41906 ns
[2026-03-27T12:25:52.816+0000][69][info ][safepoint   ] Safepoint "Cleanup", Time since last: 1001493572 ns, Reaching safepoint: 33515 ns, Cleanup: 20962 ns, At safepoint: 7271 ns, Total: 61748 ns
[2026-03-27T12:25:53.818+0000][69][info ][safepoint   ] Safepoint "Cleanup", Time since last: 1001998876 ns, Reaching safepoint: 64760 ns, Cleanup: 23831 ns, At safepoint: 6370 ns, Total: 94961 ns
[2026-03-27T12:25:54.820+0000][69][info ][safepoint   ] Safepoint "Cleanup", Time since last: 1001464439 ns, Reaching safepoint: 31385 ns, Cleanup: 20744 ns, At safepoint: 8622 ns, Total: 60751 ns
[2026-03-27T12:25:56.117+0000][69][info ][safepoint   ] Safepoint "Cleanup", Time since last: 1297748672 ns, Reaching safepoint: 5565 ns, Cleanup: 6266 ns, At safepoint: 12689 ns, Total: 24520 ns
[2026-03-27T12:25:57.830+0000][69][info ][safepoint   ] Safepoint "Cleanup", Time since last: 1712905068 ns, Reaching safepoint: 36582 ns, Cleanup: 33992 ns, At safepoint: 8514 ns, Total: 79088 ns
[2026-03-27T12:25:59.833+0000][69][info ][safepoint   ] Safepoint "Cleanup", Time since last: 2002450770 ns, Reaching safepoint: 101598 ns, Cleanup: 26201 ns, At safepoint: 10179 ns, Total: 137978 ns
[2026-03-27T12:26:02.119+0000][69][info ][safepoint   ] Safepoint "Cleanup", Time since last: 2285746202 ns, Reaching safepoint: 5119 ns, Cleanup: 5279 ns, At safepoint: 2312 ns, Total: 12710 ns
[2026-03-27T12:26:03.846+0000][69][info ][safepoint   ] Safepoint "Cleanup", Time since last: 1726782300 ns, Reaching safepoint: 46298 ns, Cleanup: 51140 ns, At safepoint: 11228 ns, Total: 108666 ns
[2026-03-27T12:26:04.841+0000][69][info ][safepoint   ] Safepoint "Cleanup", Time since last: 1001834189 ns, Reaching safepoint: 38133 ns, Cleanup: 21898 ns, At safepoint: 8001 ns, Total: 68032 ns
[2026-03-27T12:26:05.843+0000][69][info ][safepoint   ] Safepoint "Cleanup", Time since last: 1001516837 ns, Reaching safepoint: 49739 ns, Cleanup: 56139 ns, At safepoint: 11299 ns, Total: 117177 ns
[2026-03-27T12:26:08.113+0000][69][info ][safepoint   ] Safepoint "Cleanup", Time since last: 2270122649 ns, Reaching safepoint: 8080 ns, Cleanup: 6006 ns, At safepoint: 35783 ns, Total: 49869 ns
[2026-03-27T12:26:09.879+0000][69][info ][safepoint   ] Safepoint "Cleanup", Time since last: 1766201109 ns, Reaching safepoint: 19836 ns, Cleanup: 25942 ns, At safepoint: 3679 ns, Total: 49457 ns
[2026-03-27T12:26:11.881+0000][69][info ][safepoint   ] Safepoint "Cleanup", Time since last: 2001466971 ns, Reaching safepoint: 35014 ns, Cleanup: 31572 ns, At safepoint: 8723 ns, Total: 75309 ns
[2026-03-27T12:26:13.882+0000][69][info ][safepoint   ] Safepoint "Cleanup", Time since last: 2001623910 ns, Reaching safepoint: 29250 ns, Cleanup: 18881 ns, At safepoint: 6466 ns, Total: 54597 ns
[2026-03-27T12:26:14.886+0000][69][info ][safepoint   ] Safepoint "Cleanup", Time since last: 1003086364 ns, Reaching safepoint: 23657 ns, Cleanup: 25622 ns, At safepoint: 3892 ns, Total: 53171 ns
[2026-03-27T12:26:15.893+0000][69][info ][safepoint   ] Safepoint "Cleanup", Time since last: 1007702041 ns, Reaching safepoint: 23412 ns, Cleanup: 15371 ns, At safepoint: 4375 ns, Total: 43158 ns
[2026-03-27T12:26:17.895+0000][69][info ][safepoint   ] Safepoint "Cleanup", Time since last: 2001189561 ns, Reaching safepoint: 26417 ns, Cleanup: 19545 ns, At safepoint: 6012 ns, Total: 51974 ns
[2026-03-27T12:26:19.896+0000][69][info ][safepoint   ] Safepoint "Cleanup", Time since last: 2001484429 ns, Reaching safepoint: 22192 ns, Cleanup: 22536 ns, At safepoint: 3619 ns, Total: 48347 ns
[2026-03-27T12:26:20.904+0000][69][info ][safepoint   ] Safepoint "Cleanup", Time since last: 1007549326 ns, Reaching safepoint: 16119 ns, Cleanup: 54697 ns, At safepoint: 10589 ns, Total: 81405 ns
[2026-03-27T12:26:21.913+0000][69][info ][safepoint   ] Safepoint "Cleanup", Time since last: 1009325108 ns, Reaching safepoint: 27237 ns, Cleanup: 16552 ns, At safepoint: 6282 ns, Total: 50071 ns
[2026-03-27T12:26:22.915+0000][69][info ][safepoint   ] Safepoint "Cleanup", Time since last: 1001627394 ns, Reaching safepoint: 28200 ns, Cleanup: 17103 ns, At safepoint: 6504 ns, Total: 51807 ns
[2026-03-27T12:26:24.917+0000][69][info ][safepoint   ] Safepoint "Cleanup", Time since last: 2002491348 ns, Reaching safepoint: 25831 ns, Cleanup: 22089 ns, At safepoint: 5852 ns, Total: 53772 ns
[2026-03-27T12:26:26.114+0000][69][info ][safepoint   ] Safepoint "Cleanup", Time since last: 1196785222 ns, Reaching safepoint: 6881 ns, Cleanup: 9652 ns, At safepoint: 4258 ns, Total: 20791 ns
[2026-03-27T12:26:27.930+0000][69][info ][safepoint   ] Safepoint "Cleanup", Time since last: 1815470944 ns, Reaching safepoint: 28974 ns, Cleanup: 37093 ns, At safepoint: 6991 ns, Total: 73058 ns
[2026-03-27T12:26:29.932+0000][69][info ][safepoint   ] Safepoint "Cleanup", Time since last: 2001788227 ns, Reaching safepoint: 59125 ns, Cleanup: 34576 ns, At safepoint: 8408 ns, Total: 102109 ns
[2026-03-27T12:26:31.933+0000][69][info ][safepoint   ] Safepoint "Cleanup", Time since last: 2001585847 ns, Reaching safepoint: 49236 ns, Cleanup: 12109 ns, At safepoint: 58528 ns, Total: 119873 ns
[2026-03-27T12:26:32.938+0000][69][info ][safepoint   ] Safepoint "Cleanup", Time since last: 1004743353 ns, Reaching safepoint: 20772 ns, Cleanup: 21490 ns, At safepoint: 4413 ns, Total: 46675 ns
[2026-03-27T12:26:33.947+0000][69][info ][safepoint   ] Safepoint "Cleanup", Time since last: 1015413235 ns, Reaching safepoint: 10387 ns, Cleanup: 19833 ns, At safepoint: 5333 ns, Total: 35553 ns
[2026-03-27T12:26:34.959+0000][69][info ][safepoint   ] Safepoint "Cleanup", Time since last: 1011547939 ns, Reaching safepoint: 47640 ns, Cleanup: 35985 ns, At safepoint: 10653 ns, Total: 94278 ns
[2026-03-27T12:26:37.961+0000][69][info ][safepoint   ] Safepoint "Cleanup", Time since last: 3002197335 ns, Reaching safepoint: 38500 ns, Cleanup: 33529 ns, At safepoint: 5618 ns, Total: 77647 ns
[2026-03-27T12:26:38.967+0000][69][info ][safepoint   ] Safepoint "Cleanup", Time since last: 1005427237 ns, Reaching safepoint: 21912 ns, Cleanup: 28509 ns, At safepoint: 32856 ns, Total: 83277 ns
[2026-03-27T12:26:39.975+0000][69][info ][safepoint   ] Safepoint "Cleanup", Time since last: 1008442313 ns, Reaching safepoint: 49980 ns, Cleanup: 39000 ns, At safepoint: 10370 ns, Total: 99350 ns
[2026-03-27T12:26:40.977+0000][69][info ][safepoint   ] Safepoint "Cleanup", Time since last: 1001997822 ns, Reaching safepoint: 51059 ns, Cleanup: 27772 ns, At safepoint: 11533 ns, Total: 90364 ns
[2026-03-27T12:26:41.979+0000][69][info ][safepoint   ] Safepoint "Cleanup", Time since last: 1002043259 ns, Reaching safepoint: 83737 ns, Cleanup: 40642 ns, At safepoint: 11600 ns, Total: 135979 ns
[2026-03-27T12:26:43.981+0000][69][info ][safepoint   ] Safepoint "Cleanup", Time since last: 2001923882 ns, Reaching safepoint: 128280 ns, Cleanup: 11314 ns, At safepoint: 40975 ns, Total: 180569 ns
[2026-03-27T12:26:44.985+0000][69][info ][safepoint   ] Safepoint "Cleanup", Time since last: 1003192759 ns, Reaching safepoint: 26785 ns, Cleanup: 32172 ns, At safepoint: 4361 ns, Total: 63318 ns
[2026-03-27T12:26:46.004+0000][69][info ][safepoint   ] Safepoint "Cleanup", Time since last: 1019239592 ns, Reaching safepoint: 14016 ns, Cleanup: 41333 ns, At safepoint: 8781 ns, Total: 64130 ns
[2026-03-27T12:26:47.669+0000][69][info ][safepoint   ] Safepoint "Cleanup", Time since last: 1664795943 ns, Reaching safepoint: 13147 ns, Cleanup: 45674 ns, At safepoint: 6846 ns, Total: 65667 ns
[2026-03-27T12:26:48.671+0000][69][info ][safepoint   ] Safepoint "Cleanup", Time since last: 1002409881 ns, Reaching safepoint: 33155 ns, Cleanup: 19389 ns, At safepoint: 7315 ns, Total: 59859 ns
[2026-03-27T12:26:49.673+0000][69][info ][safepoint   ] Safepoint "Cleanup", Time since last: 1001325772 ns, Reaching safepoint: 24065 ns, Cleanup: 33421 ns, At safepoint: 5230 ns, Total: 62716 ns
[2026-03-27T12:26:51.017+0000][69][info ][safepoint   ] Safepoint "Cleanup", Time since last: 1344050360 ns, Reaching safepoint: 8424 ns, Cleanup: 19105 ns, At safepoint: 17590 ns, Total: 45119 ns
[2026-03-27T12:26:52.025+0000][69][info ][safepoint   ] Safepoint "Cleanup", Time since last: 1008028573 ns, Reaching safepoint: 24836 ns, Cleanup: 14177 ns, At safepoint: 4875 ns, Total: 43888 ns
[2026-03-27T12:26:53.027+0000][69][info ][safepoint   ] Safepoint "Cleanup", Time since last: 1001444508 ns, Reaching safepoint: 147667 ns, Cleanup: 22696 ns, At safepoint: 10168 ns, Total: 180531 ns
[2026-03-27T12:26:54.028+0000][69][info ][safepoint   ] Safepoint "Cleanup", Time since last: 1001725656 ns, Reaching safepoint: 55648 ns, Cleanup: 36357 ns, At safepoint: 11721 ns, Total: 103726 ns
[2026-03-27T12:26:55.030+0000][69][info ][safepoint   ] Safepoint "Cleanup", Time since last: 1002014717 ns, Reaching safepoint: 29375 ns, Cleanup: 23491 ns, At safepoint: 7160 ns, Total: 60026 ns
[2026-03-27T12:26:56.032+0000][69][info ][safepoint   ] Safepoint "Cleanup", Time since last: 1001382379 ns, Reaching safepoint: 46136 ns, Cleanup: 26249 ns, At safepoint: 58065 ns, Total: 130450 ns
[2026-03-27T12:26:57.036+0000][69][info ][safepoint   ] Safepoint "Cleanup", Time since last: 1004411671 ns, Reaching safepoint: 13303 ns, Cleanup: 32927 ns, At safepoint: 6383 ns, Total: 52613 ns
[2026-03-27T12:27:00.047+0000][69][info ][safepoint   ] Safepoint "Cleanup", Time since last: 3010821918 ns, Reaching safepoint: 24547 ns, Cleanup: 18293 ns, At safepoint: 5658 ns, Total: 48498 ns
[2026-03-27T12:27:01.049+0000][69][info ][safepoint   ] Safepoint "Cleanup", Time since last: 1001515893 ns, Reaching safepoint: 77335 ns, Cleanup: 15627 ns, At safepoint: 9038 ns, Total: 102000 ns
[2026-03-27T12:27:02.106+0000][69][info ][safepoint   ] Safepoint "Cleanup", Time since last: 1057418078 ns, Reaching safepoint: 20091 ns, Cleanup: 5568 ns, At safepoint: 4186 ns, Total: 29845 ns
[2026-03-27T12:27:04.058+0000][69][info ][safepoint   ] Safepoint "Cleanup", Time since last: 1956736808 ns, Reaching safepoint: 41888 ns, Cleanup: 44023 ns, At safepoint: 9102 ns, Total: 95013 ns
[2026-03-27T12:27:05.060+0000][69][info ][safepoint   ] Safepoint "Cleanup", Time since last: 1001763980 ns, Reaching safepoint: 32677 ns, Cleanup: 24785 ns, At safepoint: 8934 ns, Total: 66396 ns
[2026-03-27T12:27:06.062+0000][69][info ][safepoint   ] Safepoint "Cleanup", Time since last: 1001671320 ns, Reaching safepoint: 41969 ns, Cleanup: 10893 ns, At safepoint: 4230 ns, Total: 57092 ns
[2026-03-27T12:27:08.106+0000][69][info ][safepoint   ] Safepoint "Cleanup", Time since last: 2043749579 ns, Reaching safepoint: 9393 ns, Cleanup: 11669 ns, At safepoint: 4448 ns, Total: 25510 ns
[2026-03-27T12:27:10.079+0000][69][info ][safepoint   ] Safepoint "Cleanup", Time since last: 1973295034 ns, Reaching safepoint: 49143 ns, Cleanup: 90424 ns, At safepoint: 12638 ns, Total: 152205 ns
[2026-03-27T12:27:11.081+0000][69][info ][safepoint   ] Safepoint "Cleanup", Time since last: 1001977432 ns, Reaching safepoint: 60703 ns, Cleanup: 19536 ns, At safepoint: 81617 ns, Total: 161856 ns
[2026-03-27T12:27:12.083+0000][69][info ][safepoint   ] Safepoint "Cleanup", Time since last: 1001548403 ns, Reaching safepoint: 54522 ns, Cleanup: 42038 ns, At safepoint: 13639 ns, Total: 110199 ns
[2026-03-27T12:27:14.085+0000][69][info ][safepoint   ] Safepoint "Cleanup", Time since last: 2002202927 ns, Reaching safepoint: 21211 ns, Cleanup: 8072 ns, At safepoint: 31875 ns, Total: 61158 ns
[2026-03-27T12:27:15.089+0000][69][info ][safepoint   ] Safepoint "Cleanup", Time since last: 1004028948 ns, Reaching safepoint: 10743 ns, Cleanup: 42735 ns, At safepoint: 5846 ns, Total: 59324 ns
[2026-03-27T12:27:16.107+0000][69][info ][safepoint   ] Safepoint "Cleanup", Time since last: 1016623806 ns, Reaching safepoint: 294801 ns, Cleanup: 161024 ns, At safepoint: 130185 ns, Total: 586010 ns
[2026-03-27T12:27:17.119+0000][69][info ][safepoint   ] Safepoint "Cleanup", Time since last: 1012458153 ns, Reaching safepoint: 20297 ns, Cleanup: 12014 ns, At safepoint: 3440 ns, Total: 35751 ns
[2026-03-27T12:27:18.120+0000][69][info ][safepoint   ] Safepoint "Cleanup", Time since last: 1001293828 ns, Reaching safepoint: 23513 ns, Cleanup: 20206 ns, At safepoint: 3714 ns, Total: 47433 ns
[2026-03-27T12:27:20.105+0000][69][info ][safepoint   ] Safepoint "Cleanup", Time since last: 1984552345 ns, Reaching safepoint: 5732 ns, Cleanup: 9891 ns, At safepoint: 12409 ns, Total: 28032 ns
[2026-03-27T12:27:21.110+0000][69][info ][safepoint   ] Safepoint "Cleanup", Time since last: 1005155415 ns, Reaching safepoint: 85100 ns, Cleanup: 38236 ns, At safepoint: 7703 ns, Total: 131039 ns
[2026-03-27T12:27:22.133+0000][69][info ][safepoint   ] Safepoint "Cleanup", Time since last: 1022568389 ns, Reaching safepoint: 20265 ns, Cleanup: 15932 ns, At safepoint: 3788 ns, Total: 39985 ns
[2026-03-27T12:27:23.134+0000][69][info ][safepoint   ] Safepoint "Cleanup", Time since last: 1001100835 ns, Reaching safepoint: 65128 ns, Cleanup: 32547 ns, At safepoint: 10738 ns, Total: 108413 ns
[2026-03-27T12:27:25.136+0000][69][info ][safepoint   ] Safepoint "Cleanup", Time since last: 2002231149 ns, Reaching safepoint: 53356 ns, Cleanup: 19771 ns, At safepoint: 6737 ns, Total: 79864 ns
[2026-03-27T12:27:27.111+0000][69][info ][safepoint   ] Safepoint "Cleanup", Time since last: 1974863386 ns, Reaching safepoint: 32864 ns, Cleanup: 19448 ns, At safepoint: 6365 ns, Total: 58677 ns
[2026-03-27T12:27:29.089+0000][69][info ][gc,start    ] GC(24) Pause Young (Mixed) (G1 Evacuation Pause)
[2026-03-27T12:27:29.090+0000][69][info ][gc,task     ] GC(24) Using 10 workers of 10 for evacuation
[2026-03-27T12:27:29.091+0000][69][debug][gc,age      ] GC(24) Desired survivor size 20971520 bytes, new threshold 15 (max threshold 15)
[2026-03-27T12:27:29.121+0000][69][info ][gc,phases   ] GC(24)   Pre Evacuate Collection Set: 0.5ms
[2026-03-27T12:27:29.121+0000][69][info ][gc,phases   ] GC(24)   Merge Heap Roots: 0.2ms
[2026-03-27T12:27:29.122+0000][69][info ][gc,phases   ] GC(24)   Evacuate Collection Set: 26.4ms
[2026-03-27T12:27:29.122+0000][69][info ][gc,phases   ] GC(24)   Post Evacuate Collection Set: 1.2ms
[2026-03-27T12:27:29.123+0000][69][info ][gc,phases   ] GC(24)   Other: 1.8ms
[2026-03-27T12:27:29.123+0000][69][trace][gc,age      ] GC(24) Age table with threshold 15 (max threshold 15)
[2026-03-27T12:27:29.123+0000][69][trace][gc,age      ] GC(24) - age   1:    1653656 bytes,    1653656 total
[2026-03-27T12:27:29.124+0000][69][trace][gc,age      ] GC(24) - age   2:     415656 bytes,    2069312 total
[2026-03-27T12:27:29.124+0000][69][trace][gc,age      ] GC(24) - age   3:    1751392 bytes,    3820704 total
[2026-03-27T12:27:29.125+0000][69][trace][gc,age      ] GC(24) - age   4:    5813776 bytes,    9634480 total
[2026-03-27T12:27:29.125+0000][69][trace][gc,age      ] GC(24) - age   5:    2747952 bytes,   12382432 total
[2026-03-27T12:27:29.126+0000][69][info ][gc,heap     ] GC(24) Eden regions: 72->0(72)
[2026-03-27T12:27:29.126+0000][69][info ][gc,heap     ] GC(24) Survivor regions: 4->4(10)
[2026-03-27T12:27:29.127+0000][69][info ][gc,heap     ] GC(24) Old regions: 25->24
[2026-03-27T12:27:29.127+0000][69][info ][gc,heap     ] GC(24) Humongous regions: 0->0
[2026-03-27T12:27:29.128+0000][69][info ][gc,metaspace] GC(24) Metaspace: 143262K(147072K)->143262K(147072K) NonClass: 123999K(126080K)->123999K(126080K) Class: 19262K(20992K)->19262K(20992K)
[2026-03-27T12:27:29.128+0000][69][info ][gc          ] GC(24) Pause Young (Mixed) (G1 Evacuation Pause) 400M->109M(512M) 39.073ms
[2026-03-27T12:27:29.129+0000][69][info ][gc,cpu      ] GC(24) User=0.11s Sys=0.00s Real=0.04s
[2026-03-27T12:27:29.129+0000][69][info ][safepoint   ] Safepoint "G1CollectForAllocation", Time since last: 1977959696 ns, Reaching safepoint: 43285 ns, Cleanup: 3454 ns, At safepoint: 40054942 ns, Total: 40101681 ns
[2026-03-27T12:27:30.130+0000][69][info ][safepoint   ] Safepoint "Cleanup", Time since last: 1000857829 ns, Reaching safepoint: 32930 ns, Cleanup: 29397 ns, At safepoint: 8723 ns, Total: 71050 ns
[2026-03-27T12:27:32.104+0000][69][info ][safepoint   ] Safepoint "Cleanup", Time since last: 1973467603 ns, Reaching safepoint: 24596 ns, Cleanup: 12386 ns, At safepoint: 2292 ns, Total: 39274 ns
[2026-03-27T12:27:33.113+0000][69][info ][safepoint   ] Safepoint "Cleanup", Time since last: 1009350140 ns, Reaching safepoint: 27216 ns, Cleanup: 28763 ns, At safepoint: 6678 ns, Total: 62657 ns
[2026-03-27T12:27:34.172+0000][69][info ][safepoint   ] Safepoint "Cleanup", Time since last: 1064716842 ns, Reaching safepoint: 31190 ns, Cleanup: 19426 ns, At safepoint: 7702 ns, Total: 58318 ns
[2026-03-27T12:27:35.174+0000][69][info ][safepoint   ] Safepoint "Cleanup", Time since last: 1001705002 ns, Reaching safepoint: 31707 ns, Cleanup: 31238 ns, At safepoint: 6830 ns, Total: 69775 ns
[2026-03-27T12:27:36.175+0000][69][info ][safepoint   ] Safepoint "Cleanup", Time since last: 1001545256 ns, Reaching safepoint: 58541 ns, Cleanup: 21782 ns, At safepoint: 5904 ns, Total: 86227 ns
[2026-03-27T12:27:38.106+0000][69][info ][safepoint   ] Safepoint "Cleanup", Time since last: 1930620568 ns, Reaching safepoint: 7628 ns, Cleanup: 63840 ns, At safepoint: 21235 ns, Total: 92703 ns
[2026-03-27T12:27:39.119+0000][69][info ][safepoint   ] Safepoint "Cleanup", Time since last: 1012951411 ns, Reaching safepoint: 19900 ns, Cleanup: 12263 ns, At safepoint: 3273 ns, Total: 35436 ns
[2026-03-27T12:27:40.185+0000][69][info ][safepoint   ] Safepoint "Cleanup", Time since last: 1066105193 ns, Reaching safepoint: 34840 ns, Cleanup: 30115 ns, At safepoint: 7607 ns, Total: 72562 ns
[2026-03-27T12:27:41.187+0000][69][info ][safepoint   ] Safepoint "Cleanup", Time since last: 1001843461 ns, Reaching safepoint: 50080 ns, Cleanup: 40292 ns, At safepoint: 9307 ns, Total: 99679 ns
[2026-03-27T12:27:42.189+0000][69][info ][safepoint   ] Safepoint "Cleanup", Time since last: 1002111246 ns, Reaching safepoint: 44233 ns, Cleanup: 22326 ns, At safepoint: 8589 ns, Total: 75148 ns
[2026-03-27T12:27:44.112+0000][69][info ][safepoint   ] Safepoint "Cleanup", Time since last: 1922134280 ns, Reaching safepoint: 212419 ns, Cleanup: 5943 ns, At safepoint: 60464 ns, Total: 278826 ns
[2026-03-27T12:27:45.216+0000][69][info ][safepoint   ] Safepoint "Cleanup", Time since last: 1104438741 ns, Reaching safepoint: 35058 ns, Cleanup: 52406 ns, At safepoint: 9794 ns, Total: 97258 ns
[2026-03-27T12:27:46.237+0000][69][info ][safepoint   ] Safepoint "Cleanup", Time since last: 1020442140 ns, Reaching safepoint: 8098 ns, Cleanup: 19973 ns, At safepoint: 5105 ns, Total: 33176 ns
[2026-03-27T12:27:47.242+0000][69][info ][safepoint   ] Safepoint "Cleanup", Time since last: 1005459317 ns, Reaching safepoint: 107328 ns, Cleanup: 42243 ns, At safepoint: 12708 ns, Total: 162279 ns
[2026-03-27T12:27:48.748+0000][69][info ][safepoint   ] Safepoint "Cleanup", Time since last: 1505376971 ns, Reaching safepoint: 47450 ns, Cleanup: 28383 ns, At safepoint: 12506 ns, Total: 88339 ns
[2026-03-27T12:27:49.750+0000][69][info ][safepoint   ] Safepoint "Cleanup", Time since last: 1002187947 ns, Reaching safepoint: 44499 ns, Cleanup: 40209 ns, At safepoint: 11062 ns, Total: 95770 ns
[2026-03-27T12:27:51.251+0000][69][info ][safepoint   ] Safepoint "Cleanup", Time since last: 1500721605 ns, Reaching safepoint: 62581 ns, Cleanup: 32536 ns, At safepoint: 11974 ns, Total: 107091 ns
[2026-03-27T12:27:52.252+0000][69][info ][safepoint   ] Safepoint "Cleanup", Time since last: 1001123790 ns, Reaching safepoint: 69936 ns, Cleanup: 20406 ns, At safepoint: 11528 ns, Total: 101870 ns
[2026-03-27T12:27:53.253+0000][69][info ][safepoint   ] Safepoint "Cleanup", Time since last: 1001083313 ns, Reaching safepoint: 28045 ns, Cleanup: 27341 ns, At safepoint: 6426 ns, Total: 61812 ns
[2026-03-27T12:27:54.255+0000][69][info ][safepoint   ] Safepoint "Cleanup", Time since last: 1001555674 ns, Reaching safepoint: 86899 ns, Cleanup: 29795 ns, At safepoint: 108594 ns, Total: 225288 ns
[2026-03-27T12:27:56.102+0000][69][info ][safepoint   ] Safepoint "Cleanup", Time since last: 1846380239 ns, Reaching safepoint: 5827 ns, Cleanup: 16363 ns, At safepoint: 3300 ns, Total: 25490 ns
[2026-03-27T12:27:57.265+0000][69][info ][safepoint   ] Safepoint "Cleanup", Time since last: 1163305909 ns, Reaching safepoint: 44479 ns, Cleanup: 42026 ns, At safepoint: 11186 ns, Total: 97691 ns
[2026-03-27T12:27:58.267+0000][69][info ][safepoint   ] Safepoint "Cleanup", Time since last: 1001721353 ns, Reaching safepoint: 19052 ns, Cleanup: 18009 ns, At safepoint: 2861 ns, Total: 39922 ns
[2026-03-27T12:27:59.268+0000][69][info ][safepoint   ] Safepoint "Cleanup", Time since last: 1001386149 ns, Reaching safepoint: 23281 ns, Cleanup: 13692 ns, At safepoint: 4432 ns, Total: 41405 ns
[2026-03-27T12:28:02.108+0000][69][info ][safepoint   ] Safepoint "Cleanup", Time since last: 2839980261 ns, Reaching safepoint: 15926 ns, Cleanup: 13898 ns, At safepoint: 2308 ns, Total: 32132 ns
[2026-03-27T12:28:03.283+0000][69][info ][safepoint   ] Safepoint "Cleanup", Time since last: 1174634289 ns, Reaching safepoint: 22651 ns, Cleanup: 26005 ns, At safepoint: 3837 ns, Total: 52493 ns
[2026-03-27T12:28:04.279+0000][69][info ][safepoint   ] Safepoint "Cleanup", Time since last: 1001576537 ns, Reaching safepoint: 31375 ns, Cleanup: 20101 ns, At safepoint: 4293 ns, Total: 55769 ns
[2026-03-27T12:28:05.280+0000][69][info ][safepoint   ] Safepoint "Cleanup", Time since last: 1001104482 ns, Reaching safepoint: 23785 ns, Cleanup: 14882 ns, At safepoint: 3309 ns, Total: 41976 ns
[2026-03-27T12:28:08.099+0000][69][info ][safepoint   ] Safepoint "Cleanup", Time since last: 2818840530 ns, Reaching safepoint: 4963 ns, Cleanup: 6376 ns, At safepoint: 16934 ns, Total: 28273 ns
[2026-03-27T12:28:09.289+0000][69][info ][safepoint   ] Safepoint "Cleanup", Time since last: 1190056409 ns, Reaching safepoint: 24443 ns, Cleanup: 26587 ns, At safepoint: 4302 ns, Total: 55332 ns
[2026-03-27T12:28:11.290+0000][69][info ][safepoint   ] Safepoint "Cleanup", Time since last: 2001528186 ns, Reaching safepoint: 61929 ns, Cleanup: 18045 ns, At safepoint: 7361 ns, Total: 87335 ns
[2026-03-27T12:28:14.102+0000][69][info ][safepoint   ] Safepoint "Cleanup", Time since last: 2811263372 ns, Reaching safepoint: 5193 ns, Cleanup: 8824 ns, At safepoint: 12270 ns, Total: 26287 ns
[2026-03-27T12:28:15.307+0000][69][info ][safepoint   ] Safepoint "Cleanup", Time since last: 1205140532 ns, Reaching safepoint: 7176 ns, Cleanup: 28329 ns, At safepoint: 18970 ns, Total: 54475 ns
[2026-03-27T12:28:16.315+0000][69][info ][safepoint   ] Safepoint "Cleanup", Time since last: 1008677700 ns, Reaching safepoint: 25260 ns, Cleanup: 17520 ns, At safepoint: 5517 ns, Total: 48297 ns
[2026-03-27T12:28:17.317+0000][69][info ][safepoint   ] Safepoint "Cleanup", Time since last: 1001697153 ns, Reaching safepoint: 69648 ns, Cleanup: 22885 ns, At safepoint: 6427 ns, Total: 98960 ns
[2026-03-27T12:28:18.319+0000][69][info ][safepoint   ] Safepoint "Cleanup", Time since last: 1001896381 ns, Reaching safepoint: 25313 ns, Cleanup: 14847 ns, At safepoint: 6593 ns, Total: 46753 ns
[2026-03-27T12:28:19.321+0000][69][info ][safepoint   ] Safepoint "Cleanup", Time since last: 1001315091 ns, Reaching safepoint: 19937 ns, Cleanup: 11989 ns, At safepoint: 4499 ns, Total: 36425 ns
[2026-03-27T12:28:20.321+0000][69][info ][safepoint   ] Safepoint "Cleanup", Time since last: 1000077436 ns, Reaching safepoint: 6429 ns, Cleanup: 13477 ns, At safepoint: 3474 ns, Total: 23380 ns
[2026-03-27T12:28:21.328+0000][69][info ][safepoint   ] Safepoint "Cleanup", Time since last: 1007630050 ns, Reaching safepoint: 44635 ns, Cleanup: 34862 ns, At safepoint: 12918 ns, Total: 92415 ns
[2026-03-27T12:28:24.332+0000][69][info ][safepoint   ] Safepoint "Cleanup", Time since last: 3003257876 ns, Reaching safepoint: 122473 ns, Cleanup: 16666 ns, At safepoint: 34901 ns, Total: 174040 ns
[2026-03-27T12:28:26.104+0000][69][info ][safepoint   ] Safepoint "Cleanup", Time since last: 1772000780 ns, Reaching safepoint: 4884 ns, Cleanup: 5843 ns, At safepoint: 1933 ns, Total: 12660 ns
[2026-03-27T12:28:27.346+0000][69][info ][safepoint   ] Safepoint "Cleanup", Time since last: 1242353369 ns, Reaching safepoint: 44588 ns, Cleanup: 31322 ns, At safepoint: 10557 ns, Total: 86467 ns
[2026-03-27T12:28:30.349+0000][69][info ][safepoint   ] Safepoint "Cleanup", Time since last: 3002688623 ns, Reaching safepoint: 26557 ns, Cleanup: 78267 ns, At safepoint: 6245 ns, Total: 111069 ns
[2026-03-27T12:28:32.112+0000][69][info ][safepoint   ] Safepoint "Cleanup", Time since last: 1762545121 ns, Reaching safepoint: 5759 ns, Cleanup: 9737 ns, At safepoint: 13621 ns, Total: 29117 ns
[2026-03-27T12:28:33.359+0000][69][info ][safepoint   ] Safepoint "Cleanup", Time since last: 1247175626 ns, Reaching safepoint: 59059 ns, Cleanup: 23387 ns, At safepoint: 5908 ns, Total: 88354 ns
[2026-03-27T12:28:34.356+0000][69][info ][safepoint   ] Safepoint "Cleanup", Time since last: 1001492444 ns, Reaching safepoint: 31993 ns, Cleanup: 31721 ns, At safepoint: 7686 ns, Total: 71400 ns
[2026-03-27T12:28:35.190+0000][69][info ][safepoint   ] Safepoint "ICBufferFull", Time since last: 833632947 ns, Reaching safepoint: 237929 ns, Cleanup: 212932 ns, At safepoint: 294872 ns, Total: 745733 ns
[2026-03-27T12:28:35.310+0000][69][info ][safepoint   ] Safepoint "ICBufferFull", Time since last: 119609256 ns, Reaching safepoint: 36849 ns, Cleanup: 133894 ns, At safepoint: 40186 ns, Total: 210929 ns
[2026-03-27T12:28:36.360+0000][69][info ][safepoint   ] Safepoint "Cleanup", Time since last: 1049766579 ns, Reaching safepoint: 5302 ns, Cleanup: 59981 ns, At safepoint: 23725 ns, Total: 89008 ns
[2026-03-27T12:28:37.365+0000][69][info ][safepoint   ] Safepoint "Cleanup", Time since last: 1005810721 ns, Reaching safepoint: 39530 ns, Cleanup: 31763 ns, At safepoint: 8832 ns, Total: 80125 ns
[2026-03-27T12:28:39.307+0000][69][info ][safepoint   ] Safepoint "Cleanup", Time since last: 1941058986 ns, Reaching safepoint: 81241 ns, Cleanup: 47213 ns, At safepoint: 11993 ns, Total: 140447 ns
[2026-03-27T12:28:40.309+0000][69][info ][safepoint   ] Safepoint "Cleanup", Time since last: 1002475330 ns, Reaching safepoint: 22854 ns, Cleanup: 13493 ns, At safepoint: 5549 ns, Total: 41896 ns
[2026-03-27T12:28:41.184+0000][69][info ][gc,start    ] GC(25) Pause Young (Normal) (G1 Evacuation Pause)
[2026-03-27T12:28:41.186+0000][69][info ][gc,task     ] GC(25) Using 10 workers of 10 for evacuation
[2026-03-27T12:28:41.187+0000][69][debug][gc,age      ] GC(25) Desired survivor size 20971520 bytes, new threshold 15 (max threshold 15)
[2026-03-27T12:28:41.211+0000][69][info ][gc,phases   ] GC(25)   Pre Evacuate Collection Set: 0.4ms
[2026-03-27T12:28:41.212+0000][69][info ][gc,phases   ] GC(25)   Merge Heap Roots: 0.2ms
[2026-03-27T12:28:41.213+0000][69][info ][gc,phases   ] GC(25)   Evacuate Collection Set: 21.2ms
[2026-03-27T12:28:41.214+0000][69][info ][gc,phases   ] GC(25)   Post Evacuate Collection Set: 1.8ms
[2026-03-27T12:28:41.214+0000][69][info ][gc,phases   ] GC(25)   Other: 2.1ms
[2026-03-27T12:28:41.215+0000][69][trace][gc,age      ] GC(25) Age table with threshold 15 (max threshold 15)
[2026-03-27T12:28:41.216+0000][69][trace][gc,age      ] GC(25) - age   1:    3396952 bytes,    3396952 total
[2026-03-27T12:28:41.216+0000][69][trace][gc,age      ] GC(25) - age   2:     136552 bytes,    3533504 total
[2026-03-27T12:28:41.217+0000][69][trace][gc,age      ] GC(25) - age   3:     211240 bytes,    3744744 total
[2026-03-27T12:28:41.218+0000][69][trace][gc,age      ] GC(25) - age   4:    1659584 bytes,    5404328 total
[2026-03-27T12:28:41.218+0000][69][trace][gc,age      ] GC(25) - age   5:    5756232 bytes,   11160560 total
[2026-03-27T12:28:41.219+0000][69][trace][gc,age      ] GC(25) - age   6:    2721256 bytes,   13881816 total
[2026-03-27T12:28:41.219+0000][69][info ][gc,heap     ] GC(25) Eden regions: 72->0(72)
[2026-03-27T12:28:41.220+0000][69][info ][gc,heap     ] GC(25) Survivor regions: 4->4(10)
[2026-03-27T12:28:41.221+0000][69][info ][gc,heap     ] GC(25) Old regions: 24->24
[2026-03-27T12:28:41.221+0000][69][info ][gc,heap     ] GC(25) Humongous regions: 0->0
[2026-03-27T12:28:41.222+0000][69][info ][gc,metaspace] GC(25) Metaspace: 145236K(149056K)->145236K(149056K) NonClass: 125650K(127744K)->125650K(127744K) Class: 19585K(21312K)->19585K(21312K)
[2026-03-27T12:28:41.222+0000][69][info ][gc          ] GC(25) Pause Young (Normal) (G1 Evacuation Pause) 397M->110M(512M) 37.952ms
[2026-03-27T12:28:41.223+0000][69][info ][gc,cpu      ] GC(25) User=0.07s Sys=0.00s Real=0.04s
[2026-03-27T12:28:41.223+0000][69][info ][safepoint   ] Safepoint "G1CollectForAllocation", Time since last: 874790062 ns, Reaching safepoint: 140687 ns, Cleanup: 22015 ns, At safepoint: 39121630 ns, Total: 39284332 ns
[2026-03-27T12:28:42.396+0000][69][info ][safepoint   ] Safepoint "Cleanup", Time since last: 1172274813 ns, Reaching safepoint: 28585 ns, Cleanup: 49705 ns, At safepoint: 6288 ns, Total: 84578 ns
[2026-03-27T12:28:44.167+0000][69][info ][safepoint   ] Safepoint "Cleanup", Time since last: 1771390940 ns, Reaching safepoint: 7111 ns, Cleanup: 54737 ns, At safepoint: 43503 ns, Total: 105351 ns
[2026-03-27T12:28:45.408+0000][69][info ][safepoint   ] Safepoint "Cleanup", Time since last: 1240664860 ns, Reaching safepoint: 26879 ns, Cleanup: 44578 ns, At safepoint: 5206 ns, Total: 76663 ns
[2026-03-27T12:28:46.418+0000][69][info ][safepoint   ] Safepoint "Cleanup", Time since last: 1010418365 ns, Reaching safepoint: 37932 ns, Cleanup: 31329 ns, At safepoint: 9878 ns, Total: 79139 ns
[2026-03-27T12:28:47.422+0000][69][info ][safepoint   ] Safepoint "Cleanup", Time since last: 1003713126 ns, Reaching safepoint: 11807 ns, Cleanup: 19712 ns, At safepoint: 5564 ns, Total: 37083 ns
[2026-03-27T12:28:48.809+0000][69][info ][safepoint   ] Safepoint "Cleanup", Time since last: 1387158252 ns, Reaching safepoint: 21845 ns, Cleanup: 17285 ns, At safepoint: 3598 ns, Total: 42728 ns
[2026-03-27T12:28:50.323+0000][69][info ][safepoint   ] Safepoint "Cleanup", Time since last: 1513979015 ns, Reaching safepoint: 18882 ns, Cleanup: 22207 ns, At safepoint: 3139 ns, Total: 44228 ns
[2026-03-27T12:28:51.325+0000][69][info ][safepoint   ] Safepoint "Cleanup", Time since last: 1001435338 ns, Reaching safepoint: 33051 ns, Cleanup: 23350 ns, At safepoint: 7976 ns, Total: 64377 ns
[2026-03-27T12:28:53.163+0000][69][info ][safepoint   ] Safepoint "Cleanup", Time since last: 1837872192 ns, Reaching safepoint: 5814 ns, Cleanup: 4798 ns, At safepoint: 12738 ns, Total: 23350 ns
[2026-03-27T12:28:54.453+0000][69][info ][safepoint   ] Safepoint "Cleanup", Time since last: 1290347350 ns, Reaching safepoint: 38066 ns, Cleanup: 51155 ns, At safepoint: 8896 ns, Total: 98117 ns
[2026-03-27T12:28:56.455+0000][69][info ][safepoint   ] Safepoint "Cleanup", Time since last: 2002248043 ns, Reaching safepoint: 27704 ns, Cleanup: 16628 ns, At safepoint: 7019 ns, Total: 51351 ns
[2026-03-27T12:28:59.159+0000][69][info ][safepoint   ] Safepoint "Cleanup", Time since last: 2703337565 ns, Reaching safepoint: 7601 ns, Cleanup: 14260 ns, At safepoint: 2809 ns, Total: 24670 ns
[2026-03-27T12:29:00.473+0000][69][info ][safepoint   ] Safepoint "Cleanup", Time since last: 1314279358 ns, Reaching safepoint: 17689 ns, Cleanup: 12194 ns, At safepoint: 3390 ns, Total: 33273 ns
[2026-03-27T12:29:02.475+0000][69][info ][safepoint   ] Safepoint "Cleanup", Time since last: 2001417514 ns, Reaching safepoint: 43389 ns, Cleanup: 23617 ns, At safepoint: 9580 ns, Total: 76586 ns
[2026-03-27T12:29:03.476+0000][69][info ][safepoint   ] Safepoint "Cleanup", Time since last: 1001433838 ns, Reaching safepoint: 94241 ns, Cleanup: 20224 ns, At safepoint: 12692 ns, Total: 127157 ns
[2026-03-27T12:29:05.167+0000][69][info ][safepoint   ] Safepoint "Cleanup", Time since last: 1695954684 ns, Reaching safepoint: 8219 ns, Cleanup: 7399 ns, At safepoint: 63910 ns, Total: 79528 ns
[2026-03-27T12:29:06.496+0000][69][info ][safepoint   ] Safepoint "Cleanup", Time since last: 1328777932 ns, Reaching safepoint: 43627 ns, Cleanup: 76508 ns, At safepoint: 9547 ns, Total: 129682 ns
[2026-03-27T12:29:08.498+0000][69][info ][safepoint   ] Safepoint "Cleanup", Time since last: 2002639375 ns, Reaching safepoint: 31072 ns, Cleanup: 23328 ns, At safepoint: 6981 ns, Total: 61381 ns
[2026-03-27T12:29:09.500+0000][69][info ][safepoint   ] Safepoint "Cleanup", Time since last: 1001656899 ns, Reaching safepoint: 115620 ns, Cleanup: 14830 ns, At safepoint: 55166 ns, Total: 185616 ns
[2026-03-27T12:29:11.506+0000][69][info ][safepoint   ] Safepoint "Cleanup", Time since last: 2005257469 ns, Reaching safepoint: 14154 ns, Cleanup: 17894 ns, At safepoint: 6668 ns, Total: 38716 ns
[2026-03-27T12:29:14.519+0000][69][info ][safepoint   ] Safepoint "Cleanup", Time since last: 3013156530 ns, Reaching safepoint: 30159 ns, Cleanup: 20112 ns, At safepoint: 6915 ns, Total: 57186 ns
[2026-03-27T12:29:17.164+0000][69][info ][safepoint   ] Safepoint "Cleanup", Time since last: 2645134522 ns, Reaching safepoint: 13322 ns, Cleanup: 13781 ns, At safepoint: 6862 ns, Total: 33965 ns
[2026-03-27T12:29:18.538+0000][69][info ][safepoint   ] Safepoint "Cleanup", Time since last: 1374145341 ns, Reaching safepoint: 193994 ns, Cleanup: 49234 ns, At safepoint: 19095 ns, Total: 262323 ns
[2026-03-27T12:29:23.161+0000][69][info ][safepoint   ] Safepoint "Cleanup", Time since last: 4622790933 ns, Reaching safepoint: 5109 ns, Cleanup: 11067 ns, At safepoint: 22219 ns, Total: 38395 ns
[2026-03-27T12:29:24.557+0000][69][info ][safepoint   ] Safepoint "Cleanup", Time since last: 1396090519 ns, Reaching safepoint: 37937 ns, Cleanup: 51057 ns, At safepoint: 10680 ns, Total: 99674 ns
[2026-03-27T12:29:25.559+0000][69][info ][safepoint   ] Safepoint "Cleanup", Time since last: 1001814695 ns, Reaching safepoint: 50720 ns, Cleanup: 33897 ns, At safepoint: 13481 ns, Total: 98098 ns
[2026-03-27T12:29:26.561+0000][69][info ][safepoint   ] Safepoint "Cleanup", Time since last: 1001802537 ns, Reaching safepoint: 35884 ns, Cleanup: 25465 ns, At safepoint: 9289 ns, Total: 70638 ns
[2026-03-27T12:29:29.161+0000][69][info ][safepoint   ] Safepoint "Cleanup", Time since last: 2599965702 ns, Reaching safepoint: 6908 ns, Cleanup: 7884 ns, At safepoint: 4156 ns, Total: 18948 ns
[2026-03-27T12:29:30.575+0000][69][info ][safepoint   ] Safepoint "Cleanup", Time since last: 1413743871 ns, Reaching safepoint: 22607 ns, Cleanup: 42162 ns, At safepoint: 6183 ns, Total: 70952 ns
[2026-03-27T12:29:31.577+0000][69][info ][safepoint   ] Safepoint "Cleanup", Time since last: 1001786811 ns, Reaching safepoint: 28190 ns, Cleanup: 18958 ns, At safepoint: 6284 ns, Total: 53432 ns
[2026-03-27T12:29:32.579+0000][69][info ][safepoint   ] Safepoint "Cleanup", Time since last: 1001829257 ns, Reaching safepoint: 44869 ns, Cleanup: 25899 ns, At safepoint: 11228 ns, Total: 81996 ns
[2026-03-27T12:29:33.581+0000][69][info ][safepoint   ] Safepoint "Cleanup", Time since last: 1002017230 ns, Reaching safepoint: 47138 ns, Cleanup: 27105 ns, At safepoint: 82350 ns, Total: 156593 ns
[2026-03-27T12:29:34.578+0000][69][info ][safepoint   ] Safepoint "Cleanup", Time since last: 1001786970 ns, Reaching safepoint: 96756 ns, Cleanup: 191027 ns, At safepoint: 19282 ns, Total: 307065 ns
[2026-03-27T12:29:35.579+0000][69][info ][safepoint   ] Safepoint "Cleanup", Time since last: 1001313382 ns, Reaching safepoint: 6450 ns, Cleanup: 23088 ns, At safepoint: 3065 ns, Total: 32603 ns
[2026-03-27T12:29:36.590+0000][69][info ][safepoint   ] Safepoint "Cleanup", Time since last: 1010446548 ns, Reaching safepoint: 70694 ns, Cleanup: 25304 ns, At safepoint: 10792 ns, Total: 106790 ns
[2026-03-27T12:29:37.592+0000][69][info ][safepoint   ] Safepoint "Cleanup", Time since last: 1001901495 ns, Reaching safepoint: 48521 ns, Cleanup: 27088 ns, At safepoint: 11252 ns, Total: 86861 ns
[2026-03-27T12:29:38.594+0000][69][info ][safepoint   ] Safepoint "Cleanup", Time since last: 1001928105 ns, Reaching safepoint: 40580 ns, Cleanup: 36846 ns, At safepoint: 10583 ns, Total: 88009 ns
[2026-03-27T12:29:39.596+0000][69][info ][safepoint   ] Safepoint "Cleanup", Time since last: 1001670402 ns, Reaching safepoint: 28065 ns, Cleanup: 20597 ns, At safepoint: 6993 ns, Total: 55655 ns
[2026-03-27T12:29:41.161+0000][69][info ][safepoint   ] Safepoint "Cleanup", Time since last: 1565267061 ns, Reaching safepoint: 4852 ns, Cleanup: 6124 ns, At safepoint: 12132 ns, Total: 23108 ns
[2026-03-27T12:29:42.608+0000][69][info ][safepoint   ] Safepoint "Cleanup", Time since last: 1447059826 ns, Reaching safepoint: 23752 ns, Cleanup: 17455 ns, At safepoint: 5620 ns, Total: 46827 ns
[2026-03-27T12:29:44.610+0000][69][info ][safepoint   ] Safepoint "Cleanup", Time since last: 2001697974 ns, Reaching safepoint: 40044 ns, Cleanup: 35505 ns, At safepoint: 10614 ns, Total: 86163 ns
[2026-03-27T12:29:45.612+0000][69][info ][safepoint   ] Safepoint "Cleanup", Time since last: 1002204010 ns, Reaching safepoint: 169809 ns, Cleanup: 48472 ns, At safepoint: 20771 ns, Total: 239052 ns
[2026-03-27T12:29:47.169+0000][69][info ][safepoint   ] Safepoint "Cleanup", Time since last: 1556662825 ns, Reaching safepoint: 95154 ns, Cleanup: 7434 ns, At safepoint: 38483 ns, Total: 141071 ns
[2026-03-27T12:29:48.885+0000][69][info ][safepoint   ] Safepoint "Cleanup", Time since last: 1715938531 ns, Reaching safepoint: 53188 ns, Cleanup: 70324 ns, At safepoint: 13621 ns, Total: 137133 ns
[2026-03-27T12:29:49.887+0000][69][info ][safepoint   ] Safepoint "Cleanup", Time since last: 1002056480 ns, Reaching safepoint: 85922 ns, Cleanup: 22526 ns, At safepoint: 9412 ns, Total: 117860 ns
[2026-03-27T12:29:53.643+0000][69][info ][safepoint   ] Safepoint "Cleanup", Time since last: 3755386978 ns, Reaching safepoint: 11603 ns, Cleanup: 15664 ns, At safepoint: 6182 ns, Total: 33449 ns
[2026-03-27T12:29:54.652+0000][69][info ][safepoint   ] Safepoint "Cleanup", Time since last: 1009242937 ns, Reaching safepoint: 24763 ns, Cleanup: 14839 ns, At safepoint: 6172 ns, Total: 45774 ns
[2026-03-27T12:29:58.654+0000][69][info ][safepoint   ] Safepoint "Cleanup", Time since last: 4002214613 ns, Reaching safepoint: 49373 ns, Cleanup: 26856 ns, At safepoint: 10693 ns, Total: 86922 ns
[2026-03-27T12:29:59.662+0000][69][info ][safepoint   ] Safepoint "Cleanup", Time since last: 1007189615 ns, Reaching safepoint: 11967 ns, Cleanup: 17726 ns, At safepoint: 6010 ns, Total: 35703 ns
[2026-03-27T12:30:00.673+0000][69][info ][safepoint   ] Safepoint "Cleanup", Time since last: 1010848459 ns, Reaching safepoint: 54375 ns, Cleanup: 36885 ns, At safepoint: 13743 ns, Total: 105003 ns
[2026-03-27T12:30:02.675+0000][69][info ][safepoint   ] Safepoint "Cleanup", Time since last: 2002763761 ns, Reaching safepoint: 23619 ns, Cleanup: 18000 ns, At safepoint: 4048 ns, Total: 45667 ns
[2026-03-27T12:30:03.677+0000][69][info ][safepoint   ] Safepoint "Cleanup", Time since last: 1001330125 ns, Reaching safepoint: 32183 ns, Cleanup: 21858 ns, At safepoint: 7188 ns, Total: 61229 ns
[2026-03-27T12:30:04.673+0000][69][info ][safepoint   ] Safepoint "Cleanup", Time since last: 1001212736 ns, Reaching safepoint: 54050 ns, Cleanup: 18242 ns, At safepoint: 8994 ns, Total: 81286 ns
[2026-03-27T12:30:05.678+0000][69][info ][safepoint   ] Safepoint "Cleanup", Time since last: 1005018544 ns, Reaching safepoint: 19515 ns, Cleanup: 159856 ns, At safepoint: 137441 ns, Total: 316812 ns
[2026-03-27T12:30:06.687+0000][69][info ][safepoint   ] Safepoint "Cleanup", Time since last: 1009036430 ns, Reaching safepoint: 29878 ns, Cleanup: 22081 ns, At safepoint: 6461 ns, Total: 58420 ns
[2026-03-27T12:30:08.689+0000][69][info ][safepoint   ] Safepoint "Cleanup", Time since last: 2002054477 ns, Reaching safepoint: 41030 ns, Cleanup: 27817 ns, At safepoint: 8566 ns, Total: 77413 ns
[2026-03-27T12:30:11.156+0000][69][info ][safepoint   ] Safepoint "Cleanup", Time since last: 2466575811 ns, Reaching safepoint: 5548 ns, Cleanup: 6867 ns, At safepoint: 12373 ns, Total: 24788 ns
[2026-03-27T12:30:12.705+0000][69][info ][safepoint   ] Safepoint "Cleanup", Time since last: 1548629932 ns, Reaching safepoint: 92544 ns, Cleanup: 42975 ns, At safepoint: 15879 ns, Total: 151398 ns
[2026-03-27T12:30:14.707+0000][69][info ][safepoint   ] Safepoint "Cleanup", Time since last: 2002369170 ns, Reaching safepoint: 43305 ns, Cleanup: 32990 ns, At safepoint: 10073 ns, Total: 86368 ns
[2026-03-27T12:30:17.157+0000][69][info ][safepoint   ] Safepoint "Cleanup", Time since last: 2450165730 ns, Reaching safepoint: 5837 ns, Cleanup: 7757 ns, At safepoint: 2494 ns, Total: 16088 ns
[2026-03-27T12:30:18.737+0000][69][info ][safepoint   ] Safepoint "Cleanup", Time since last: 1579287995 ns, Reaching safepoint: 34161 ns, Cleanup: 66182 ns, At safepoint: 9056 ns, Total: 109399 ns
[2026-03-27T12:30:19.739+0000][69][info ][safepoint   ] Safepoint "Cleanup", Time since last: 1001510997 ns, Reaching safepoint: 75722 ns, Cleanup: 25426 ns, At safepoint: 10544 ns, Total: 111692 ns
[2026-03-27T12:30:23.160+0000][69][info ][safepoint   ] Safepoint "Cleanup", Time since last: 3421355157 ns, Reaching safepoint: 44094 ns, Cleanup: 8504 ns, At safepoint: 5124 ns, Total: 57722 ns
[2026-03-27T12:30:24.751+0000][69][info ][safepoint   ] Safepoint "Cleanup", Time since last: 1591114333 ns, Reaching safepoint: 42339 ns, Cleanup: 44976 ns, At safepoint: 10106 ns, Total: 97421 ns
[2026-03-27T12:30:29.761+0000][69][info ][safepoint   ] Safepoint "Cleanup", Time since last: 5010121777 ns, Reaching safepoint: 14120 ns, Cleanup: 15400 ns, At safepoint: 7715 ns, Total: 37235 ns
[2026-03-27T12:30:29.765+0000][69][info ][gc,start    ] GC(26) Pause Young (Normal) (G1 Evacuation Pause)
[2026-03-27T12:30:29.766+0000][69][info ][gc,task     ] GC(26) Using 10 workers of 10 for evacuation
[2026-03-27T12:30:29.767+0000][69][debug][gc,age      ] GC(26) Desired survivor size 20971520 bytes, new threshold 15 (max threshold 15)
[2026-03-27T12:30:29.797+0000][69][info ][gc,phases   ] GC(26)   Pre Evacuate Collection Set: 1.5ms
[2026-03-27T12:30:29.797+0000][69][info ][gc,phases   ] GC(26)   Merge Heap Roots: 0.4ms
[2026-03-27T12:30:29.798+0000][69][info ][gc,phases   ] GC(26)   Evacuate Collection Set: 25.9ms
[2026-03-27T12:30:29.799+0000][69][info ][gc,phases   ] GC(26)   Post Evacuate Collection Set: 1.3ms
[2026-03-27T12:30:29.799+0000][69][info ][gc,phases   ] GC(26)   Other: 1.7ms
[2026-03-27T12:30:29.800+0000][69][trace][gc,age      ] GC(26) Age table with threshold 15 (max threshold 15)
[2026-03-27T12:30:29.800+0000][69][trace][gc,age      ] GC(26) - age   1:    1485784 bytes,    1485784 total
[2026-03-27T12:30:29.800+0000][69][trace][gc,age      ] GC(26) - age   2:    1690488 bytes,    3176272 total
[2026-03-27T12:30:29.801+0000][69][trace][gc,age      ] GC(26) - age   3:     126536 bytes,    3302808 total
[2026-03-27T12:30:29.802+0000][69][trace][gc,age      ] GC(26) - age   4:     205560 bytes,    3508368 total
[2026-03-27T12:30:29.802+0000][69][trace][gc,age      ] GC(26) - age   5:    1608440 bytes,    5116808 total
[2026-03-27T12:30:29.803+0000][69][trace][gc,age      ] GC(26) - age   6:    5656336 bytes,   10773144 total
[2026-03-27T12:30:29.803+0000][69][trace][gc,age      ] GC(26) - age   7:    2693832 bytes,   13466976 total
[2026-03-27T12:30:29.804+0000][69][info ][gc,heap     ] GC(26) Eden regions: 72->0(72)
[2026-03-27T12:30:29.804+0000][69][info ][gc,heap     ] GC(26) Survivor regions: 4->4(10)
[2026-03-27T12:30:29.805+0000][69][info ][gc,heap     ] GC(26) Old regions: 24->24
[2026-03-27T12:30:29.805+0000][69][info ][gc,heap     ] GC(26) Humongous regions: 0->0
[2026-03-27T12:30:29.806+0000][69][info ][gc,metaspace] GC(26) Metaspace: 145611K(149440K)->145611K(149440K) NonClass: 126023K(128064K)->126023K(128064K) Class: 19588K(21376K)->19588K(21376K)
[2026-03-27T12:30:29.806+0000][69][info ][gc          ] GC(26) Pause Young (Normal) (G1 Evacuation Pause) 398M->110M(512M) 41.349ms
[2026-03-27T12:30:29.806+0000][69][info ][gc,cpu      ] GC(26) User=0.10s Sys=0.00s Real=0.04s
[2026-03-27T12:30:29.807+0000][69][info ][safepoint   ] Safepoint "G1CollectForAllocation", Time since last: 3515313 ns, Reaching safepoint: 17743 ns, Cleanup: 4330 ns, At safepoint: 42327767 ns, Total: 42349840 ns
[2026-03-27T12:30:32.811+0000][69][info ][safepoint   ] Safepoint "Cleanup", Time since last: 3004253061 ns, Reaching safepoint: 20633 ns, Cleanup: 14792 ns, At safepoint: 4154 ns, Total: 39579 ns
[2026-03-27T12:30:33.813+0000][69][info ][safepoint   ] Safepoint "Cleanup", Time since last: 1001226227 ns, Reaching safepoint: 26376 ns, Cleanup: 15966 ns, At safepoint: 5792 ns, Total: 48134 ns
[2026-03-27T12:30:34.810+0000][69][info ][safepoint   ] Safepoint "Cleanup", Time since last: 1001373862 ns, Reaching safepoint: 29413 ns, Cleanup: 15401 ns, At safepoint: 5123 ns, Total: 49937 ns
[2026-03-27T12:30:35.814+0000][69][info ][safepoint   ] Safepoint "Cleanup", Time since last: 1004236780 ns, Reaching safepoint: 104664 ns, Cleanup: 28542 ns, At safepoint: 79559 ns, Total: 212765 ns
[2026-03-27T12:30:37.826+0000][69][info ][safepoint   ] Safepoint "Cleanup", Time since last: 2012270855 ns, Reaching safepoint: 26918 ns, Cleanup: 25367 ns, At safepoint: 7624 ns, Total: 59909 ns
[2026-03-27T12:30:39.829+0000][69][info ][safepoint   ] Safepoint "Cleanup", Time since last: 2002244463 ns, Reaching safepoint: 31766 ns, Cleanup: 18920 ns, At safepoint: 8807 ns, Total: 59493 ns
[2026-03-27T12:30:41.157+0000][69][info ][safepoint   ] Safepoint "Cleanup", Time since last: 1328094303 ns, Reaching safepoint: 6707 ns, Cleanup: 8177 ns, At safepoint: 4778 ns, Total: 19662 ns
[2026-03-27T12:30:42.853+0000][69][info ][safepoint   ] Safepoint "Cleanup", Time since last: 1695987885 ns, Reaching safepoint: 9793 ns, Cleanup: 35522 ns, At safepoint: 5586 ns, Total: 50901 ns
[2026-03-27T12:30:45.864+0000][69][info ][safepoint   ] Safepoint "Cleanup", Time since last: 3011471926 ns, Reaching safepoint: 31931 ns, Cleanup: 21435 ns, At safepoint: 6173 ns, Total: 59539 ns
[2026-03-27T12:30:47.159+0000][69][info ][safepoint   ] Safepoint "Cleanup", Time since last: 1294868806 ns, Reaching safepoint: 8460 ns, Cleanup: 14118 ns, At safepoint: 20001 ns, Total: 42579 ns
[2026-03-27T12:30:48.964+0000][69][info ][safepoint   ] Safepoint "Cleanup", Time since last: 1804863287 ns, Reaching safepoint: 72130 ns, Cleanup: 42673 ns, At safepoint: 14477 ns, Total: 129280 ns
[2026-03-27T12:30:50.966+0000][69][info ][safepoint   ] Safepoint "Cleanup", Time since last: 2001867422 ns, Reaching safepoint: 140693 ns, Cleanup: 34285 ns, At safepoint: 18792 ns, Total: 193770 ns
[2026-03-27T12:30:51.968+0000][69][info ][safepoint   ] Safepoint "Cleanup", Time since last: 1001871014 ns, Reaching safepoint: 29190 ns, Cleanup: 19636 ns, At safepoint: 7558 ns, Total: 56384 ns
[2026-03-27T12:30:53.160+0000][69][info ][safepoint   ] Safepoint "Cleanup", Time since last: 1191627899 ns, Reaching safepoint: 5296 ns, Cleanup: 5965 ns, At safepoint: 14090 ns, Total: 25351 ns
[2026-03-27T12:30:54.887+0000][69][info ][safepoint   ] Safepoint "Cleanup", Time since last: 1727433117 ns, Reaching safepoint: 36286 ns, Cleanup: 46676 ns, At safepoint: 8580 ns, Total: 91542 ns
[2026-03-27T12:30:56.890+0000][69][info ][safepoint   ] Safepoint "Cleanup", Time since last: 2002276235 ns, Reaching safepoint: 52371 ns, Cleanup: 32159 ns, At safepoint: 11694 ns, Total: 96224 ns
[2026-03-27T12:30:59.160+0000][69][info ][safepoint   ] Safepoint "Cleanup", Time since last: 2270580911 ns, Reaching safepoint: 6900 ns, Cleanup: 8598 ns, At safepoint: 4300 ns, Total: 19798 ns
[2026-03-27T12:31:00.904+0000][69][info ][safepoint   ] Safepoint "Cleanup", Time since last: 1743504986 ns, Reaching safepoint: 22010 ns, Cleanup: 21477 ns, At safepoint: 4925 ns, Total: 48412 ns
[2026-03-27T12:31:02.906+0000][69][info ][safepoint   ] Safepoint "Cleanup", Time since last: 2001801012 ns, Reaching safepoint: 52288 ns, Cleanup: 39978 ns, At safepoint: 13535 ns, Total: 105801 ns
[2026-03-27T12:31:05.158+0000][69][info ][safepoint   ] Safepoint "Cleanup", Time since last: 2257207663 ns, Reaching safepoint: 4990 ns, Cleanup: 9921 ns, At safepoint: 2460 ns, Total: 17371 ns
[2026-03-27T12:31:06.923+0000][69][info ][safepoint   ] Safepoint "Cleanup", Time since last: 1763955731 ns, Reaching safepoint: 117904 ns, Cleanup: 48914 ns, At safepoint: 14207 ns, Total: 181025 ns
[2026-03-27T12:31:07.924+0000][69][info ][safepoint   ] Safepoint "Cleanup", Time since last: 1001885884 ns, Reaching safepoint: 29839 ns, Cleanup: 22432 ns, At safepoint: 7268 ns, Total: 59539 ns
[2026-03-27T12:31:08.926+0000][69][info ][safepoint   ] Safepoint "Cleanup", Time since last: 1001885570 ns, Reaching safepoint: 36457 ns, Cleanup: 23651 ns, At safepoint: 9715 ns, Total: 69823 ns
[2026-03-27T12:31:09.928+0000][69][info ][safepoint   ] Safepoint "Cleanup", Time since last: 1002027605 ns, Reaching safepoint: 21540 ns, Cleanup: 14169 ns, At safepoint: 5253 ns, Total: 40962 ns
[2026-03-27T12:31:11.927+0000][69][info ][safepoint   ] Safepoint "Cleanup", Time since last: 1998893987 ns, Reaching safepoint: 6112 ns, Cleanup: 7495 ns, At safepoint: 2465 ns, Total: 16072 ns
[2026-03-27T12:31:12.934+0000][69][info ][safepoint   ] Safepoint "Cleanup", Time since last: 1006132672 ns, Reaching safepoint: 31135 ns, Cleanup: 20701 ns, At safepoint: 6140 ns, Total: 57976 ns
[2026-03-27T12:31:14.935+0000][69][info ][safepoint   ] Safepoint "Cleanup", Time since last: 2001792331 ns, Reaching safepoint: 19360 ns, Cleanup: 14664 ns, At safepoint: 3461 ns, Total: 37485 ns
[2026-03-27T12:31:15.937+0000][69][info ][safepoint   ] Safepoint "Cleanup", Time since last: 1001251971 ns, Reaching safepoint: 124512 ns, Cleanup: 26196 ns, At safepoint: 13205 ns, Total: 163913 ns
[2026-03-27T12:31:17.156+0000][69][info ][safepoint   ] Safepoint "Cleanup", Time since last: 1218836842 ns, Reaching safepoint: 19041 ns, Cleanup: 6272 ns, At safepoint: 2566 ns, Total: 27879 ns
[2026-03-27T12:31:18.951+0000][69][info ][safepoint   ] Safepoint "Cleanup", Time since last: 1795090848 ns, Reaching safepoint: 21013 ns, Cleanup: 13387 ns, At safepoint: 2850 ns, Total: 37250 ns
[2026-03-27T12:31:23.162+0000][69][info ][safepoint   ] Safepoint "Cleanup", Time since last: 4211327632 ns, Reaching safepoint: 23900 ns, Cleanup: 8711 ns, At safepoint: 17475 ns, Total: 50086 ns
[2026-03-27T12:31:24.968+0000][69][info ][safepoint   ] Safepoint "Cleanup", Time since last: 1805656891 ns, Reaching safepoint: 39152 ns, Cleanup: 42100 ns, At safepoint: 8464 ns, Total: 89716 ns
[2026-03-27T12:31:25.970+0000][69][info ][safepoint   ] Safepoint "Cleanup", Time since last: 1001921928 ns, Reaching safepoint: 22395 ns, Cleanup: 13493 ns, At safepoint: 3537 ns, Total: 39425 ns
[2026-03-27T12:31:29.155+0000][69][info ][safepoint   ] Safepoint "Cleanup", Time since last: 3184797583 ns, Reaching safepoint: 6802 ns, Cleanup: 6149 ns, At safepoint: 12837 ns, Total: 25788 ns
[2026-03-27T12:31:30.984+0000][69][info ][safepoint   ] Safepoint "Cleanup", Time since last: 1829078068 ns, Reaching safepoint: 41722 ns, Cleanup: 29969 ns, At safepoint: 8428 ns, Total: 80119 ns
[2026-03-27T12:31:34.982+0000][69][info ][safepoint   ] Safepoint "Cleanup", Time since last: 4002521518 ns, Reaching safepoint: 77328 ns, Cleanup: 22660 ns, At safepoint: 9761 ns, Total: 109749 ns
[2026-03-27T12:31:35.989+0000][69][info ][safepoint   ] Safepoint "Cleanup", Time since last: 1006801061 ns, Reaching safepoint: 117544 ns, Cleanup: 18432 ns, At safepoint: 112632 ns, Total: 248608 ns
[2026-03-27T12:31:38.005+0000][69][info ][safepoint   ] Safepoint "Cleanup", Time since last: 2016100272 ns, Reaching safepoint: 46463 ns, Cleanup: 15916 ns, At safepoint: 3249 ns, Total: 65628 ns
[2026-03-27T12:31:40.007+0000][69][info ][safepoint   ] Safepoint "Cleanup", Time since last: 2001783921 ns, Reaching safepoint: 34053 ns, Cleanup: 37748 ns, At safepoint: 7937 ns, Total: 79738 ns
[2026-03-27T12:31:41.162+0000][69][info ][safepoint   ] Safepoint "Cleanup", Time since last: 1155553262 ns, Reaching safepoint: 5577 ns, Cleanup: 5286 ns, At safepoint: 2307 ns, Total: 13170 ns
[2026-03-27T12:31:43.018+0000][69][info ][safepoint   ] Safepoint "Cleanup", Time since last: 1855067629 ns, Reaching safepoint: 95179 ns, Cleanup: 21595 ns, At safepoint: 11407 ns, Total: 128181 ns
[2026-03-27T12:31:45.019+0000][69][info ][safepoint   ] Safepoint "Cleanup", Time since last: 2001660304 ns, Reaching safepoint: 59621 ns, Cleanup: 18524 ns, At safepoint: 7967 ns, Total: 86112 ns
[2026-03-27T12:31:46.021+0000][69][info ][safepoint   ] Safepoint "Cleanup", Time since last: 1001224254 ns, Reaching safepoint: 35377 ns, Cleanup: 23656 ns, At safepoint: 9001 ns, Total: 68034 ns
[2026-03-27T12:31:47.314+0000][69][info ][safepoint   ] Safepoint "Cleanup", Time since last: 1293235844 ns, Reaching safepoint: 5722 ns, Cleanup: 6185 ns, At safepoint: 2319 ns, Total: 14226 ns
[2026-03-27T12:31:49.036+0000][69][info ][safepoint   ] Safepoint "Cleanup", Time since last: 1722022566 ns, Reaching safepoint: 34817 ns, Cleanup: 36454 ns, At safepoint: 6778 ns, Total: 78049 ns
[2026-03-27T12:31:50.038+0000][69][info ][safepoint   ] Safepoint "Cleanup", Time since last: 1001715780 ns, Reaching safepoint: 24033 ns, Cleanup: 11423 ns, At safepoint: 3377 ns, Total: 38833 ns
[2026-03-27T12:31:54.041+0000][69][info ][safepoint   ] Safepoint "Cleanup", Time since last: 4002873722 ns, Reaching safepoint: 35591 ns, Cleanup: 7446 ns, At safepoint: 2906 ns, Total: 45943 ns
[2026-03-27T12:31:59.160+0000][69][info ][safepoint   ] Safepoint "Cleanup", Time since last: 5119156889 ns, Reaching safepoint: 8038 ns, Cleanup: 7644 ns, At safepoint: 13826 ns, Total: 29508 ns
[2026-03-27T12:32:01.061+0000][69][info ][safepoint   ] Safepoint "Cleanup", Time since last: 1901294338 ns, Reaching safepoint: 21916 ns, Cleanup: 20602 ns, At safepoint: 3387 ns, Total: 45905 ns
[2026-03-27T12:32:02.062+0000][69][info ][safepoint   ] Safepoint "Cleanup", Time since last: 1001235914 ns, Reaching safepoint: 55681 ns, Cleanup: 14367 ns, At safepoint: 6458 ns, Total: 76506 ns
[2026-03-27T12:32:05.060+0000][69][info ][safepoint   ] Safepoint "Cleanup", Time since last: 3001465340 ns, Reaching safepoint: 38468 ns, Cleanup: 18708 ns, At safepoint: 5394 ns, Total: 62570 ns
[2026-03-27T12:32:06.064+0000][69][info ][safepoint   ] Safepoint "Cleanup", Time since last: 1004017643 ns, Reaching safepoint: 5926 ns, Cleanup: 11172 ns, At safepoint: 2719 ns, Total: 19817 ns
[2026-03-27T12:32:07.078+0000][69][info ][safepoint   ] Safepoint "Cleanup", Time since last: 1014013446 ns, Reaching safepoint: 25692 ns, Cleanup: 14598 ns, At safepoint: 4824 ns, Total: 45114 ns
[2026-03-27T12:32:09.079+0000][69][info ][safepoint   ] Safepoint "Cleanup", Time since last: 2000915411 ns, Reaching safepoint: 49955 ns, Cleanup: 21186 ns, At safepoint: 4215 ns, Total: 75356 ns
[2026-03-27T12:32:11.163+0000][69][info ][safepoint   ] Safepoint "Cleanup", Time since last: 2084048251 ns, Reaching safepoint: 8256 ns, Cleanup: 7367 ns, At safepoint: 5499 ns, Total: 21122 ns
[2026-03-27T12:32:13.098+0000][69][info ][safepoint   ] Safepoint "Cleanup", Time since last: 1935350285 ns, Reaching safepoint: 81554 ns, Cleanup: 39382 ns, At safepoint: 12081 ns, Total: 133017 ns
[2026-03-27T12:32:14.375+0000][69][info ][safepoint   ] Safepoint "Cleanup", Time since last: 1276490186 ns, Reaching safepoint: 90167 ns, Cleanup: 26421 ns, At safepoint: 185911 ns, Total: 302499 ns
[2026-03-27T12:32:16.164+0000][69][info ][safepoint   ] Safepoint "Cleanup", Time since last: 1788727899 ns, Reaching safepoint: 105115 ns, Cleanup: 26277 ns, At safepoint: 12965 ns, Total: 144357 ns
[2026-03-27T12:32:18.167+0000][69][info ][safepoint   ] Safepoint "Cleanup", Time since last: 2001967442 ns, Reaching safepoint: 82445 ns, Cleanup: 430315 ns, At safepoint: 192548 ns, Total: 705308 ns
[2026-03-27T12:32:19.169+0000][69][info ][safepoint   ] Safepoint "Cleanup", Time since last: 1001661647 ns, Reaching safepoint: 113692 ns, Cleanup: 213720 ns, At safepoint: 88584 ns, Total: 415996 ns
[2026-03-27T12:32:20.171+0000][69][info ][safepoint   ] Safepoint "Cleanup", Time since last: 1001867193 ns, Reaching safepoint: 105711 ns, Cleanup: 55300 ns, At safepoint: 18506 ns, Total: 179517 ns
[2026-03-27T12:32:21.199+0000][69][info ][safepoint   ] Safepoint "Cleanup", Time since last: 1028053401 ns, Reaching safepoint: 42488 ns, Cleanup: 57166 ns, At safepoint: 195791 ns, Total: 295445 ns
[2026-03-27T12:32:22.239+0000][69][info ][safepoint   ] Safepoint "Cleanup", Time since last: 1039754642 ns, Reaching safepoint: 45030 ns, Cleanup: 23035 ns, At safepoint: 11240 ns, Total: 79305 ns
[2026-03-27T12:32:23.242+0000][69][info ][safepoint   ] Safepoint "Cleanup", Time since last: 1002812037 ns, Reaching safepoint: 218681 ns, Cleanup: 66452 ns, At safepoint: 21952 ns, Total: 307085 ns
[2026-03-27T12:32:24.432+0000][69][info ][safepoint   ] Safepoint "Cleanup", Time since last: 1189462482 ns, Reaching safepoint: 28332 ns, Cleanup: 156397 ns, At safepoint: 136556 ns, Total: 321285 ns
[2026-03-27T12:32:25.413+0000][69][info ][gc,start    ] GC(27) Pause Young (Normal) (G1 Evacuation Pause)
[2026-03-27T12:32:25.414+0000][69][info ][gc,task     ] GC(27) Using 10 workers of 10 for evacuation
[2026-03-27T12:32:25.415+0000][69][debug][gc,age      ] GC(27) Desired survivor size 20971520 bytes, new threshold 15 (max threshold 15)
[2026-03-27T12:32:25.448+0000][69][info ][gc,phases   ] GC(27)   Pre Evacuate Collection Set: 1.0ms
[2026-03-27T12:32:25.449+0000][69][info ][gc,phases   ] GC(27)   Merge Heap Roots: 0.5ms
[2026-03-27T12:32:25.449+0000][69][info ][gc,phases   ] GC(27)   Evacuate Collection Set: 29.3ms
[2026-03-27T12:32:25.450+0000][69][info ][gc,phases   ] GC(27)   Post Evacuate Collection Set: 1.1ms
[2026-03-27T12:32:25.450+0000][69][info ][gc,phases   ] GC(27)   Other: 2.1ms
[2026-03-27T12:32:25.451+0000][69][trace][gc,age      ] GC(27) Age table with threshold 15 (max threshold 15)
[2026-03-27T12:32:25.451+0000][69][trace][gc,age      ] GC(27) - age   1:    1478704 bytes,    1478704 total
[2026-03-27T12:32:25.452+0000][69][trace][gc,age      ] GC(27) - age   2:     370152 bytes,    1848856 total
[2026-03-27T12:32:25.453+0000][69][trace][gc,age      ] GC(27) - age   3:    1633224 bytes,    3482080 total
[2026-03-27T12:32:25.453+0000][69][trace][gc,age      ] GC(27) - age   4:     115792 bytes,    3597872 total
[2026-03-27T12:32:25.454+0000][69][trace][gc,age      ] GC(27) - age   5:     205112 bytes,    3802984 total
[2026-03-27T12:32:25.454+0000][69][trace][gc,age      ] GC(27) - age   6:    1525264 bytes,    5328248 total
[2026-03-27T12:32:25.455+0000][69][trace][gc,age      ] GC(27) - age   7:    5397472 bytes,   10725720 total
[2026-03-27T12:32:25.455+0000][69][trace][gc,age      ] GC(27) - age   8:    2665592 bytes,   13391312 total
[2026-03-27T12:32:25.456+0000][69][info ][gc,heap     ] GC(27) Eden regions: 72->0(72)
[2026-03-27T12:32:25.456+0000][69][info ][gc,heap     ] GC(27) Survivor regions: 4->4(10)
[2026-03-27T12:32:25.457+0000][69][info ][gc,heap     ] GC(27) Old regions: 24->24
[2026-03-27T12:32:25.457+0000][69][info ][gc,heap     ] GC(27) Humongous regions: 0->0
[2026-03-27T12:32:25.458+0000][69][info ][gc,metaspace] GC(27) Metaspace: 145953K(149824K)->145953K(149824K) NonClass: 126357K(128448K)->126357K(128448K) Class: 19596K(21376K)->19596K(21376K)
[2026-03-27T12:32:25.458+0000][69][info ][gc          ] GC(27) Pause Young (Normal) (G1 Evacuation Pause) 398M->109M(512M) 44.941ms
[2026-03-27T12:32:25.459+0000][69][info ][gc,cpu      ] GC(27) User=0.08s Sys=0.03s Real=0.05s
[2026-03-27T12:32:25.460+0000][69][info ][safepoint   ] Safepoint "G1CollectForAllocation", Time since last: 981485593 ns, Reaching safepoint: 40090 ns, Cleanup: 59090 ns, At safepoint: 46263933 ns, Total: 46363113 ns
[2026-03-27T12:32:27.241+0000][69][info ][safepoint   ] Safepoint "Cleanup", Time since last: 1781329543 ns, Reaching safepoint: 47838 ns, Cleanup: 26020 ns, At safepoint: 12331 ns, Total: 86189 ns
[2026-03-27T12:32:29.285+0000][69][info ][safepoint   ] Safepoint "Cleanup", Time since last: 2044242976 ns, Reaching safepoint: 20557 ns, Cleanup: 11393 ns, At safepoint: 3591 ns, Total: 35541 ns
[2026-03-27T12:32:32.210+0000][69][info ][safepoint   ] Safepoint "Cleanup", Time since last: 2924515531 ns, Reaching safepoint: 5665 ns, Cleanup: 14173 ns, At safepoint: 12396 ns, Total: 32234 ns
[2026-03-27T12:32:33.310+0000][69][info ][safepoint   ] Safepoint "Cleanup", Time since last: 1100449771 ns, Reaching safepoint: 23857 ns, Cleanup: 22556 ns, At safepoint: 4132 ns, Total: 50545 ns
[2026-03-27T12:32:38.205+0000][69][info ][safepoint   ] Safepoint "Cleanup", Time since last: 4899249234 ns, Reaching safepoint: 31014 ns, Cleanup: 15606 ns, At safepoint: 2506 ns, Total: 49126 ns
[2026-03-27T12:32:39.326+0000][69][info ][safepoint   ] Safepoint "Cleanup", Time since last: 1121406214 ns, Reaching safepoint: 31603 ns, Cleanup: 20942 ns, At safepoint: 8326 ns, Total: 60871 ns
[2026-03-27T12:32:40.338+0000][69][info ][safepoint   ] Safepoint "Cleanup", Time since last: 1012133726 ns, Reaching safepoint: 22950 ns, Cleanup: 11592 ns, At safepoint: 4869 ns, Total: 39411 ns
[2026-03-27T12:32:41.340+0000][69][info ][safepoint   ] Safepoint "Cleanup", Time since last: 1001469579 ns, Reaching safepoint: 20478 ns, Cleanup: 12742 ns, At safepoint: 3412 ns, Total: 36632 ns
[2026-03-27T12:32:44.347+0000][69][info ][safepoint   ] Safepoint "Cleanup", Time since last: 3007365573 ns, Reaching safepoint: 15300 ns, Cleanup: 67752 ns, At safepoint: 8503 ns, Total: 91555 ns
[2026-03-27T12:32:45.353+0000][69][info ][safepoint   ] Safepoint "Cleanup", Time since last: 1005256684 ns, Reaching safepoint: 22083 ns, Cleanup: 9164 ns, At safepoint: 2705 ns, Total: 33952 ns
[2026-03-27T12:32:48.097+0000][69][info ][safepoint   ] Safepoint "Cleanup", Time since last: 2744503237 ns, Reaching safepoint: 16804 ns, Cleanup: 27197 ns, At safepoint: 37354 ns, Total: 81355 ns
[2026-03-27T12:32:50.099+0000][69][info ][safepoint   ] Safepoint "Cleanup", Time since last: 2002139859 ns, Reaching safepoint: 43439 ns, Cleanup: 22652 ns, At safepoint: 9161 ns, Total: 75252 ns
[2026-03-27T12:32:51.376+0000][69][info ][safepoint   ] Safepoint "Cleanup", Time since last: 1276225425 ns, Reaching safepoint: 103150 ns, Cleanup: 67574 ns, At safepoint: 47716 ns, Total: 218440 ns
[2026-03-27T12:32:52.378+0000][69][info ][safepoint   ] Safepoint "Cleanup", Time since last: 1001590156 ns, Reaching safepoint: 48972 ns, Cleanup: 52466 ns, At safepoint: 10542 ns, Total: 111980 ns
[2026-03-27T12:32:53.380+0000][69][info ][safepoint   ] Safepoint "Cleanup", Time since last: 1002279064 ns, Reaching safepoint: 43977 ns, Cleanup: 25447 ns, At safepoint: 10398 ns, Total: 79822 ns
[2026-03-27T12:32:56.212+0000][69][info ][safepoint   ] Safepoint "Cleanup", Time since last: 2831514723 ns, Reaching safepoint: 17905 ns, Cleanup: 11902 ns, At safepoint: 2933 ns, Total: 32740 ns
[2026-03-27T12:32:57.389+0000][69][info ][safepoint   ] Safepoint "Cleanup", Time since last: 1177401184 ns, Reaching safepoint: 28915 ns, Cleanup: 18881 ns, At safepoint: 5012 ns, Total: 52808 ns
[2026-03-27T12:32:59.391+0000][69][info ][safepoint   ] Safepoint "Cleanup", Time since last: 2001509771 ns, Reaching safepoint: 44138 ns, Cleanup: 39176 ns, At safepoint: 10048 ns, Total: 93362 ns
[2026-03-27T12:33:02.214+0000][69][info ][safepoint   ] Safepoint "Cleanup", Time since last: 2823730593 ns, Reaching safepoint: 134763 ns, Cleanup: 6357 ns, At safepoint: 41388 ns, Total: 182508 ns
[2026-03-27T12:33:03.419+0000][69][info ][safepoint   ] Safepoint "Cleanup", Time since last: 1204119662 ns, Reaching safepoint: 27584 ns, Cleanup: 47007 ns, At safepoint: 6923 ns, Total: 81514 ns
[2026-03-27T12:33:04.415+0000][69][info ][safepoint   ] Safepoint "Cleanup", Time since last: 1001782148 ns, Reaching safepoint: 65605 ns, Cleanup: 19879 ns, At safepoint: 61385 ns, Total: 146869 ns
[2026-03-27T12:33:05.417+0000][69][info ][safepoint   ] Safepoint "Cleanup", Time since last: 1001346862 ns, Reaching safepoint: 56008 ns, Cleanup: 20244 ns, At safepoint: 6408 ns, Total: 82660 ns
[2026-03-27T12:33:08.202+0000][69][info ][safepoint   ] Safepoint "Cleanup", Time since last: 2785292873 ns, Reaching safepoint: 4822 ns, Cleanup: 6342 ns, At safepoint: 21455 ns, Total: 32619 ns
[2026-03-27T12:33:09.428+0000][69][info ][safepoint   ] Safepoint "Cleanup", Time since last: 1225790479 ns, Reaching safepoint: 113938 ns, Cleanup: 55144 ns, At safepoint: 12172 ns, Total: 181254 ns
[2026-03-27T12:33:11.431+0000][69][info ][safepoint   ] Safepoint "Cleanup", Time since last: 2002515078 ns, Reaching safepoint: 16224 ns, Cleanup: 9010 ns, At safepoint: 3578 ns, Total: 28812 ns
[2026-03-27T12:33:14.204+0000][69][info ][safepoint   ] Safepoint "Cleanup", Time since last: 2773164907 ns, Reaching safepoint: 6413 ns, Cleanup: 5702 ns, At safepoint: 2218 ns, Total: 14333 ns
[2026-03-27T12:33:15.446+0000][69][info ][safepoint   ] Safepoint "Cleanup", Time since last: 1241905946 ns, Reaching safepoint: 48855 ns, Cleanup: 57419 ns, At safepoint: 9906 ns, Total: 116180 ns
[2026-03-27T12:33:17.448+0000][69][info ][safepoint   ] Safepoint "Cleanup", Time since last: 2002169623 ns, Reaching safepoint: 115287 ns, Cleanup: 13119 ns, At safepoint: 11394 ns, Total: 139800 ns
[2026-03-27T12:33:18.450+0000][69][info ][safepoint   ] Safepoint "Cleanup", Time since last: 1001503534 ns, Reaching safepoint: 90689 ns, Cleanup: 27834 ns, At safepoint: 6832 ns, Total: 125355 ns
[2026-03-27T12:33:19.451+0000][69][info ][safepoint   ] Safepoint "Cleanup", Time since last: 1001289514 ns, Reaching safepoint: 49177 ns, Cleanup: 30782 ns, At safepoint: 82900 ns, Total: 162859 ns
[2026-03-27T12:33:20.453+0000][69][info ][safepoint   ] Safepoint "Cleanup", Time since last: 1002228928 ns, Reaching safepoint: 5991 ns, Cleanup: 22602 ns, At safepoint: 2933 ns, Total: 31526 ns
[2026-03-27T12:33:21.460+0000][69][info ][safepoint   ] Safepoint "Cleanup", Time since last: 1006136106 ns, Reaching safepoint: 38700 ns, Cleanup: 29182 ns, At safepoint: 10259 ns, Total: 78141 ns
[2026-03-27T12:33:22.461+0000][69][info ][safepoint   ] Safepoint "Cleanup", Time since last: 1001692124 ns, Reaching safepoint: 25882 ns, Cleanup: 22472 ns, At safepoint: 5758 ns, Total: 54112 ns
[2026-03-27T12:33:23.463+0000][69][info ][safepoint   ] Safepoint "Cleanup", Time since last: 1001691629 ns, Reaching safepoint: 37137 ns, Cleanup: 33340 ns, At safepoint: 9492 ns, Total: 79969 ns
[2026-03-27T12:33:24.512+0000][69][info ][safepoint   ] Safepoint "Cleanup", Time since last: 1048781792 ns, Reaching safepoint: 14563 ns, Cleanup: 86173 ns, At safepoint: 8466 ns, Total: 109202 ns
[2026-03-27T12:33:25.523+0000][69][info ][safepoint   ] Safepoint "Cleanup", Time since last: 1010850863 ns, Reaching safepoint: 17021 ns, Cleanup: 10048 ns, At safepoint: 3699 ns, Total: 30768 ns
[2026-03-27T12:33:27.482+0000][69][info ][safepoint   ] Safepoint "Cleanup", Time since last: 1958972821 ns, Reaching safepoint: 13320 ns, Cleanup: 32096 ns, At safepoint: 8727 ns, Total: 54143 ns
[2026-03-27T12:33:32.208+0000][69][info ][safepoint   ] Safepoint "Cleanup", Time since last: 4726147600 ns, Reaching safepoint: 6879 ns, Cleanup: 15480 ns, At safepoint: 3238 ns, Total: 25597 ns
[2026-03-27T12:33:33.502+0000][69][info ][safepoint   ] Safepoint "Cleanup", Time since last: 1293754072 ns, Reaching safepoint: 42010 ns, Cleanup: 42464 ns, At safepoint: 13240 ns, Total: 97714 ns
[2026-03-27T12:33:35.500+0000][69][info ][safepoint   ] Safepoint "Cleanup", Time since last: 2002561698 ns, Reaching safepoint: 48953 ns, Cleanup: 27925 ns, At safepoint: 11509 ns, Total: 88387 ns
[2026-03-27T12:33:38.202+0000][69][info ][safepoint   ] Safepoint "Cleanup", Time since last: 2701674025 ns, Reaching safepoint: 19524 ns, Cleanup: 10941 ns, At safepoint: 4260 ns, Total: 34725 ns
[2026-03-27T12:33:39.514+0000][69][info ][safepoint   ] Safepoint "Cleanup", Time since last: 1312158194 ns, Reaching safepoint: 49833 ns, Cleanup: 21190 ns, At safepoint: 7064 ns, Total: 78087 ns
[2026-03-27T12:33:41.515+0000][69][info ][safepoint   ] Safepoint "Cleanup", Time since last: 2000658968 ns, Reaching safepoint: 65150 ns, Cleanup: 13184 ns, At safepoint: 4232 ns, Total: 82566 ns
[2026-03-27T12:33:43.517+0000][69][info ][safepoint   ] Safepoint "Cleanup", Time since last: 2001546736 ns, Reaching safepoint: 38584 ns, Cleanup: 20943 ns, At safepoint: 9084 ns, Total: 68611 ns
[2026-03-27T12:33:44.523+0000][69][info ][safepoint   ] Safepoint "Cleanup", Time since last: 1006185075 ns, Reaching safepoint: 15710 ns, Cleanup: 38576 ns, At safepoint: 213300 ns, Total: 267586 ns
[2026-03-27T12:33:45.532+0000][69][info ][safepoint   ] Safepoint "Cleanup", Time since last: 1009024035 ns, Reaching safepoint: 43376 ns, Cleanup: 26201 ns, At safepoint: 11445 ns, Total: 81022 ns
[2026-03-27T12:33:46.549+0000][69][info ][safepoint   ] Safepoint "Cleanup", Time since last: 1016177335 ns, Reaching safepoint: 49717 ns, Cleanup: 24096 ns, At safepoint: 11250 ns, Total: 85063 ns
[2026-03-27T12:33:47.550+0000][69][info ][safepoint   ] Safepoint "Cleanup", Time since last: 1001534032 ns, Reaching safepoint: 47488 ns, Cleanup: 27546 ns, At safepoint: 10126 ns, Total: 85160 ns
[2026-03-27T12:33:49.170+0000][69][info ][safepoint   ] Safepoint "Cleanup", Time since last: 1619865698 ns, Reaching safepoint: 109548 ns, Cleanup: 42388 ns, At safepoint: 7723 ns, Total: 159659 ns
[2026-03-27T12:33:50.201+0000][69][info ][safepoint   ] Safepoint "Cleanup", Time since last: 1031195167 ns, Reaching safepoint: 7829 ns, Cleanup: 12039 ns, At safepoint: 5224 ns, Total: 25092 ns
[2026-03-27T12:33:51.564+0000][69][info ][safepoint   ] Safepoint "Cleanup", Time since last: 1362689960 ns, Reaching safepoint: 26976 ns, Cleanup: 25955 ns, At safepoint: 6574 ns, Total: 59505 ns
[2026-03-27T12:33:53.566+0000][69][info ][safepoint   ] Safepoint "Cleanup", Time since last: 2001825561 ns, Reaching safepoint: 152621 ns, Cleanup: 36024 ns, At safepoint: 53999 ns, Total: 242644 ns
[2026-03-27T12:33:54.568+0000][69][info ][safepoint   ] Safepoint "Cleanup", Time since last: 1001790557 ns, Reaching safepoint: 24776 ns, Cleanup: 26371 ns, At safepoint: 4057 ns, Total: 55204 ns
[2026-03-27T12:33:56.213+0000][69][info ][safepoint   ] Safepoint "Cleanup", Time since last: 1645027565 ns, Reaching safepoint: 20595 ns, Cleanup: 42846 ns, At safepoint: 40529 ns, Total: 103970 ns
[2026-03-27T12:33:56.582+0000][69][info ][gc,start    ] GC(28) Pause Young (Normal) (G1 Evacuation Pause)
[2026-03-27T12:33:56.583+0000][69][info ][gc,task     ] GC(28) Using 10 workers of 10 for evacuation
[2026-03-27T12:33:56.584+0000][69][debug][gc,age      ] GC(28) Desired survivor size 20971520 bytes, new threshold 15 (max threshold 15)
[2026-03-27T12:33:56.608+0000][69][info ][gc,phases   ] GC(28)   Pre Evacuate Collection Set: 0.4ms
[2026-03-27T12:33:56.609+0000][69][info ][gc,phases   ] GC(28)   Merge Heap Roots: 0.1ms
[2026-03-27T12:33:56.609+0000][69][info ][gc,phases   ] GC(28)   Evacuate Collection Set: 21.2ms
[2026-03-27T12:33:56.610+0000][69][info ][gc,phases   ] GC(28)   Post Evacuate Collection Set: 1.4ms
[2026-03-27T12:33:56.611+0000][69][info ][gc,phases   ] GC(28)   Other: 1.6ms
[2026-03-27T12:33:56.611+0000][69][trace][gc,age      ] GC(28) Age table with threshold 15 (max threshold 15)
[2026-03-27T12:33:56.612+0000][69][trace][gc,age      ] GC(28) - age   1:    1423104 bytes,    1423104 total
[2026-03-27T12:33:56.613+0000][69][trace][gc,age      ] GC(28) - age   2:     222472 bytes,    1645576 total
[2026-03-27T12:33:56.613+0000][69][trace][gc,age      ] GC(28) - age   3:     213752 bytes,    1859328 total
[2026-03-27T12:33:56.614+0000][69][trace][gc,age      ] GC(28) - age   4:    1255080 bytes,    3114408 total
[2026-03-27T12:33:56.615+0000][69][trace][gc,age      ] GC(28) - age   5:     115792 bytes,    3230200 total
[2026-03-27T12:33:56.616+0000][69][trace][gc,age      ] GC(28) - age   6:     205112 bytes,    3435312 total
[2026-03-27T12:33:56.616+0000][69][trace][gc,age      ] GC(28) - age   7:    1402216 bytes,    4837528 total
[2026-03-27T12:33:56.617+0000][69][trace][gc,age      ] GC(28) - age   8:    5373112 bytes,   10210640 total
[2026-03-27T12:33:56.618+0000][69][trace][gc,age      ] GC(28) - age   9:    2663816 bytes,   12874456 total
[2026-03-27T12:33:56.618+0000][69][info ][gc,heap     ] GC(28) Eden regions: 72->0(72)
[2026-03-27T12:33:56.619+0000][69][info ][gc,heap     ] GC(28) Survivor regions: 4->4(10)
[2026-03-27T12:33:56.619+0000][69][info ][gc,heap     ] GC(28) Old regions: 24->24
[2026-03-27T12:33:56.620+0000][69][info ][gc,heap     ] GC(28) Humongous regions: 0->0
[2026-03-27T12:33:56.621+0000][69][info ][gc,metaspace] GC(28) Metaspace: 146304K(150144K)->146304K(150144K) NonClass: 126688K(128768K)->126688K(128768K) Class: 19616K(21376K)->19616K(21376K)
[2026-03-27T12:33:56.621+0000][69][info ][gc          ] GC(28) Pause Young (Normal) (G1 Evacuation Pause) 397M->109M(512M) 38.916ms
[2026-03-27T12:33:56.622+0000][69][info ][gc,cpu      ] GC(28) User=0.08s Sys=0.00s Real=0.04s
[2026-03-27T12:33:56.623+0000][69][info ][safepoint   ] Safepoint "G1CollectForAllocation", Time since last: 369034062 ns, Reaching safepoint: 39203 ns, Cleanup: 9395 ns, At safepoint: 40308178 ns, Total: 40356776 ns
[2026-03-27T12:33:58.624+0000][69][info ][safepoint   ] Safepoint "Cleanup", Time since last: 2001464100 ns, Reaching safepoint: 40103 ns, Cleanup: 30724 ns, At safepoint: 97748 ns, Total: 168575 ns
[2026-03-27T12:34:00.881+0000][69][info ][safepoint   ] Safepoint "Cleanup", Time since last: 2256634407 ns, Reaching safepoint: 5036 ns, Cleanup: 20525 ns, At safepoint: 2770 ns, Total: 28331 ns
[2026-03-27T12:34:01.885+0000][69][info ][safepoint   ] Safepoint "Cleanup", Time since last: 1003503135 ns, Reaching safepoint: 75978 ns, Cleanup: 19831 ns, At safepoint: 7618 ns, Total: 103427 ns
[2026-03-27T12:34:03.635+0000][69][info ][safepoint   ] Safepoint "Cleanup", Time since last: 1750129078 ns, Reaching safepoint: 17565 ns, Cleanup: 15337 ns, At safepoint: 2901 ns, Total: 35803 ns
[2026-03-27T12:34:05.628+0000][69][info ][safepoint   ] Safepoint "Cleanup", Time since last: 2001202264 ns, Reaching safepoint: 43680 ns, Cleanup: 28291 ns, At safepoint: 11203 ns, Total: 83174 ns
[2026-03-27T12:34:08.209+0000][69][info ][safepoint   ] Safepoint "Cleanup", Time since last: 2580730437 ns, Reaching safepoint: 12589 ns, Cleanup: 10267 ns, At safepoint: 5334 ns, Total: 28190 ns
[2026-03-27T12:34:09.648+0000][69][info ][safepoint   ] Safepoint "Cleanup", Time since last: 1439372761 ns, Reaching safepoint: 32783 ns, Cleanup: 38516 ns, At safepoint: 11102 ns, Total: 82401 ns
[2026-03-27T12:34:14.192+0000][69][info ][safepoint   ] Safepoint "Cleanup", Time since last: 4544178975 ns, Reaching safepoint: 35337 ns, Cleanup: 38096 ns, At safepoint: 32732 ns, Total: 106165 ns
[2026-03-27T12:34:15.660+0000][69][info ][safepoint   ] Safepoint "Cleanup", Time since last: 1467694239 ns, Reaching safepoint: 31753 ns, Cleanup: 18897 ns, At safepoint: 6692 ns, Total: 57342 ns
[2026-03-27T12:34:19.663+0000][69][info ][safepoint   ] Safepoint "Cleanup", Time since last: 4002616320 ns, Reaching safepoint: 39883 ns, Cleanup: 23612 ns, At safepoint: 13718 ns, Total: 77213 ns
[2026-03-27T12:34:24.686+0000][69][info ][safepoint   ] Safepoint "Cleanup", Time since last: 5023595804 ns, Reaching safepoint: 56740 ns, Cleanup: 30436 ns, At safepoint: 13195 ns, Total: 100371 ns
[2026-03-27T12:34:26.201+0000][69][info ][safepoint   ] Safepoint "Cleanup", Time since last: 1514655565 ns, Reaching safepoint: 11052 ns, Cleanup: 10891 ns, At safepoint: 2851 ns, Total: 24794 ns
[2026-03-27T12:34:32.195+0000][69][info ][safepoint   ] Safepoint "Cleanup", Time since last: 5993604225 ns, Reaching safepoint: 5445 ns, Cleanup: 8875 ns, At safepoint: 2262 ns, Total: 16582 ns
[2026-03-27T12:34:33.726+0000][69][info ][safepoint   ] Safepoint "Cleanup", Time since last: 1531595012 ns, Reaching safepoint: 33656 ns, Cleanup: 25435 ns, At safepoint: 8668 ns, Total: 67759 ns
[2026-03-27T12:34:37.729+0000][69][info ][safepoint   ] Safepoint "Cleanup", Time since last: 4002487053 ns, Reaching safepoint: 52946 ns, Cleanup: 56100 ns, At safepoint: 11728 ns, Total: 120774 ns
[2026-03-27T12:34:38.735+0000][69][info ][safepoint   ] Safepoint "Cleanup", Time since last: 1005565005 ns, Reaching safepoint: 11185 ns, Cleanup: 15773 ns, At safepoint: 3678 ns, Total: 30636 ns
[2026-03-27T12:34:39.752+0000][69][info ][safepoint   ] Safepoint "Cleanup", Time since last: 1016978932 ns, Reaching safepoint: 89858 ns, Cleanup: 24102 ns, At safepoint: 12119 ns, Total: 126079 ns
[2026-03-27T12:34:41.754+0000][69][info ][safepoint   ] Safepoint "Cleanup", Time since last: 2001965235 ns, Reaching safepoint: 77380 ns, Cleanup: 20126 ns, At safepoint: 9041 ns, Total: 106547 ns
[2026-03-27T12:34:44.202+0000][69][info ][safepoint   ] Safepoint "Cleanup", Time since last: 2447955931 ns, Reaching safepoint: 6054 ns, Cleanup: 6801 ns, At safepoint: 2446 ns, Total: 15301 ns
[2026-03-27T12:34:47.768+0000][69][info ][safepoint   ] Safepoint "Cleanup", Time since last: 3566481571 ns, Reaching safepoint: 36962 ns, Cleanup: 24477 ns, At safepoint: 8477 ns, Total: 69916 ns
[2026-03-27T12:34:50.202+0000][69][info ][safepoint   ] Safepoint "Cleanup", Time since last: 2433709091 ns, Reaching safepoint: 5702 ns, Cleanup: 8255 ns, At safepoint: 2502 ns, Total: 16459 ns
[2026-03-27T12:34:53.782+0000][69][info ][safepoint   ] Safepoint "Cleanup", Time since last: 3579306935 ns, Reaching safepoint: 80396 ns, Cleanup: 21971 ns, At safepoint: 7756 ns, Total: 110123 ns
[2026-03-27T12:34:57.790+0000][69][info ][safepoint   ] Safepoint "Cleanup", Time since last: 4007825634 ns, Reaching safepoint: 45654 ns, Cleanup: 13829 ns, At safepoint: 3542 ns, Total: 63025 ns
[2026-03-27T12:35:00.791+0000][69][info ][safepoint   ] Safepoint "Cleanup", Time since last: 3001728020 ns, Reaching safepoint: 66414 ns, Cleanup: 19004 ns, At safepoint: 5416 ns, Total: 90834 ns
[2026-03-27T12:35:01.870+0000][69][info ][safepoint   ] Safepoint "Cleanup", Time since last: 1078983411 ns, Reaching safepoint: 6214 ns, Cleanup: 10841 ns, At safepoint: 2510 ns, Total: 19565 ns
[2026-03-27T12:35:03.820+0000][69][info ][safepoint   ] Safepoint "Cleanup", Time since last: 1949404451 ns, Reaching safepoint: 6646 ns, Cleanup: 35134 ns, At safepoint: 2959 ns, Total: 44739 ns
[2026-03-27T12:35:05.667+0000][69][info ][safepoint   ] Safepoint "Cleanup", Time since last: 1852335138 ns, Reaching safepoint: 30059 ns, Cleanup: 56904 ns, At safepoint: 41329 ns, Total: 128292 ns
[2026-03-27T12:35:08.203+0000][69][info ][safepoint   ] Safepoint "Cleanup", Time since last: 2536127605 ns, Reaching safepoint: 8365 ns, Cleanup: 8811 ns, At safepoint: 2752 ns, Total: 19928 ns
[2026-03-27T12:35:09.835+0000][69][info ][safepoint   ] Safepoint "Cleanup", Time since last: 1631440650 ns, Reaching safepoint: 27679 ns, Cleanup: 19469 ns, At safepoint: 6574 ns, Total: 53722 ns
[2026-03-27T12:35:14.199+0000][69][info ][safepoint   ] Safepoint "Cleanup", Time since last: 4364391824 ns, Reaching safepoint: 24958 ns, Cleanup: 7491 ns, At safepoint: 2523 ns, Total: 34972 ns
[2026-03-27T12:35:15.852+0000][69][info ][safepoint   ] Safepoint "Cleanup", Time since last: 1652727887 ns, Reaching safepoint: 184238 ns, Cleanup: 29951 ns, At safepoint: 9842 ns, Total: 224031 ns
[2026-03-27T12:35:19.855+0000][69][info ][safepoint   ] Safepoint "Cleanup", Time since last: 4003091563 ns, Reaching safepoint: 40064 ns, Cleanup: 31756 ns, At safepoint: 8936 ns, Total: 80756 ns
[2026-03-27T12:35:20.860+0000][69][info ][safepoint   ] Safepoint "Cleanup", Time since last: 1004226769 ns, Reaching safepoint: 13910 ns, Cleanup: 17163 ns, At safepoint: 5724 ns, Total: 36797 ns
[2026-03-27T12:35:23.868+0000][69][info ][safepoint   ] Safepoint "Cleanup", Time since last: 3008419128 ns, Reaching safepoint: 23901 ns, Cleanup: 14782 ns, At safepoint: 4386 ns, Total: 43069 ns
[2026-03-27T12:35:24.870+0000][69][info ][safepoint   ] Safepoint "Cleanup", Time since last: 1001327931 ns, Reaching safepoint: 75837 ns, Cleanup: 24993 ns, At safepoint: 37721 ns, Total: 138551 ns
[2026-03-27T12:35:26.205+0000][69][info ][safepoint   ] Safepoint "Cleanup", Time since last: 1335516428 ns, Reaching safepoint: 7938 ns, Cleanup: 14785 ns, At safepoint: 2873 ns, Total: 25596 ns
[2026-03-27T12:35:27.888+0000][69][info ][safepoint   ] Safepoint "Cleanup", Time since last: 1682709433 ns, Reaching safepoint: 65185 ns, Cleanup: 17050 ns, At safepoint: 9142 ns, Total: 91377 ns
[2026-03-27T12:35:29.890+0000][69][info ][safepoint   ] Safepoint "Cleanup", Time since last: 2002038370 ns, Reaching safepoint: 53613 ns, Cleanup: 37908 ns, At safepoint: 11826 ns, Total: 103347 ns
[2026-03-27T12:35:32.206+0000][69][info ][safepoint   ] Safepoint "Cleanup", Time since last: 2316236640 ns, Reaching safepoint: 6841 ns, Cleanup: 11064 ns, At safepoint: 56707 ns, Total: 74612 ns
[2026-03-27T12:35:33.909+0000][69][info ][safepoint   ] Safepoint "Cleanup", Time since last: 1706249444 ns, Reaching safepoint: 6239 ns, Cleanup: 8181 ns, At safepoint: 2787 ns, Total: 17207 ns
[2026-03-27T12:35:34.912+0000][69][info ][safepoint   ] Safepoint "Cleanup", Time since last: 1002894475 ns, Reaching safepoint: 19069 ns, Cleanup: 13564 ns, At safepoint: 3586 ns, Total: 36219 ns
[2026-03-27T12:35:37.914+0000][69][info ][safepoint   ] Safepoint "Cleanup", Time since last: 3002394884 ns, Reaching safepoint: 27288 ns, Cleanup: 29790 ns, At safepoint: 5510 ns, Total: 62588 ns
[2026-03-27T12:35:38.920+0000][69][info ][safepoint   ] Safepoint "Cleanup", Time since last: 1004660646 ns, Reaching safepoint: 473724 ns, Cleanup: 19739 ns, At safepoint: 112539 ns, Total: 606002 ns
[2026-03-27T12:35:45.944+0000][69][info ][safepoint   ] Safepoint "Cleanup", Time since last: 7024466232 ns, Reaching safepoint: 89227 ns, Cleanup: 22870 ns, At safepoint: 9686 ns, Total: 121783 ns
[2026-03-27T12:35:47.181+0000][69][info ][gc,start    ] GC(29) Pause Young (Normal) (G1 Evacuation Pause)
[2026-03-27T12:35:47.182+0000][69][info ][gc,task     ] GC(29) Using 10 workers of 10 for evacuation
[2026-03-27T12:35:47.183+0000][69][debug][gc,age      ] GC(29) Desired survivor size 20971520 bytes, new threshold 15 (max threshold 15)
[2026-03-27T12:35:47.212+0000][69][info ][gc,phases   ] GC(29)   Pre Evacuate Collection Set: 0.4ms
[2026-03-27T12:35:47.212+0000][69][info ][gc,phases   ] GC(29)   Merge Heap Roots: 0.2ms
[2026-03-27T12:35:47.213+0000][69][info ][gc,phases   ] GC(29)   Evacuate Collection Set: 26.2ms
[2026-03-27T12:35:47.214+0000][69][info ][gc,phases   ] GC(29)   Post Evacuate Collection Set: 1.5ms
[2026-03-27T12:35:47.214+0000][69][info ][gc,phases   ] GC(29)   Other: 1.4ms
[2026-03-27T12:35:47.215+0000][69][trace][gc,age      ] GC(29) Age table with threshold 15 (max threshold 15)
[2026-03-27T12:35:47.215+0000][69][trace][gc,age      ] GC(29) - age   1:    1447944 bytes,    1447944 total
[2026-03-27T12:35:47.215+0000][69][trace][gc,age      ] GC(29) - age   2:     324288 bytes,    1772232 total
[2026-03-27T12:35:47.216+0000][69][trace][gc,age      ] GC(29) - age   3:     214928 bytes,    1987160 total
[2026-03-27T12:35:47.216+0000][69][trace][gc,age      ] GC(29) - age   4:     202944 bytes,    2190104 total
[2026-03-27T12:35:47.217+0000][69][trace][gc,age      ] GC(29) - age   5:    1240568 bytes,    3430672 total
[2026-03-27T12:35:47.217+0000][69][trace][gc,age      ] GC(29) - age   6:     115792 bytes,    3546464 total
[2026-03-27T12:35:47.218+0000][69][trace][gc,age      ] GC(29) - age   7:     204912 bytes,    3751376 total
[2026-03-27T12:35:47.219+0000][69][trace][gc,age      ] GC(29) - age   8:    1401952 bytes,    5153328 total
[2026-03-27T12:35:47.219+0000][69][trace][gc,age      ] GC(29) - age   9:    5372624 bytes,   10525952 total
[2026-03-27T12:35:47.220+0000][69][trace][gc,age      ] GC(29) - age  10:    2655328 bytes,   13181280 total
[2026-03-27T12:35:47.220+0000][69][info ][gc,heap     ] GC(29) Eden regions: 72->0(72)
[2026-03-27T12:35:47.221+0000][69][info ][gc,heap     ] GC(29) Survivor regions: 4->4(10)
[2026-03-27T12:35:47.222+0000][69][info ][gc,heap     ] GC(29) Old regions: 24->24
[2026-03-27T12:35:47.222+0000][69][info ][gc,heap     ] GC(29) Humongous regions: 0->0
[2026-03-27T12:35:47.223+0000][69][info ][gc,metaspace] GC(29) Metaspace: 146531K(150528K)->146531K(150528K) NonClass: 126906K(129024K)->126906K(129024K) Class: 19624K(21504K)->19624K(21504K)
[2026-03-27T12:35:47.223+0000][69][info ][gc          ] GC(29) Pause Young (Normal) (G1 Evacuation Pause) 397M->109M(512M) 41.915ms
[2026-03-27T12:35:47.224+0000][69][info ][gc,cpu      ] GC(29) User=0.07s Sys=0.02s Real=0.04s
[2026-03-27T12:35:47.224+0000][69][info ][safepoint   ] Safepoint "G1CollectForAllocation", Time since last: 1236987835 ns, Reaching safepoint: 18866 ns, Cleanup: 4110 ns, At safepoint: 43122452 ns, Total: 43145428 ns
[2026-03-27T12:35:49.305+0000][69][info ][safepoint   ] Safepoint "Cleanup", Time since last: 2080890216 ns, Reaching safepoint: 67369 ns, Cleanup: 26711 ns, At safepoint: 7349 ns, Total: 101429 ns
[2026-03-27T12:35:50.954+0000][69][info ][safepoint   ] Safepoint "Cleanup", Time since last: 1648199692 ns, Reaching safepoint: 13324 ns, Cleanup: 24110 ns, At safepoint: 7850 ns, Total: 45284 ns
[2026-03-27T12:35:52.962+0000][69][info ][safepoint   ] Safepoint "Cleanup", Time since last: 2008521085 ns, Reaching safepoint: 39869 ns, Cleanup: 63574 ns, At safepoint: 11079 ns, Total: 114522 ns
[2026-03-27T12:35:55.964+0000][69][info ][safepoint   ] Safepoint "Cleanup", Time since last: 3001939960 ns, Reaching safepoint: 63111 ns, Cleanup: 22712 ns, At safepoint: 8990 ns, Total: 94813 ns
[2026-03-27T12:35:56.969+0000][69][info ][safepoint   ] Safepoint "Cleanup", Time since last: 1005004865 ns, Reaching safepoint: 12057 ns, Cleanup: 9877 ns, At safepoint: 6199 ns, Total: 28133 ns
[2026-03-27T12:35:57.982+0000][69][info ][safepoint   ] Safepoint "Cleanup", Time since last: 1012611414 ns, Reaching safepoint: 71375 ns, Cleanup: 17222 ns, At safepoint: 7108 ns, Total: 95705 ns
[2026-03-27T12:36:02.240+0000][69][info ][safepoint   ] Safepoint "Cleanup", Time since last: 4257556907 ns, Reaching safepoint: 17187 ns, Cleanup: 21467 ns, At safepoint: 4776 ns, Total: 43430 ns
[2026-03-27T12:36:04.004+0000][69][info ][safepoint   ] Safepoint "Cleanup", Time since last: 1769342342 ns, Reaching safepoint: 10644 ns, Cleanup: 36053 ns, At safepoint: 6414 ns, Total: 53111 ns
[2026-03-27T12:36:05.009+0000][69][info ][safepoint   ] Safepoint "Cleanup", Time since last: 1004308610 ns, Reaching safepoint: 47440 ns, Cleanup: 32038 ns, At safepoint: 11571 ns, Total: 91049 ns
[2026-03-27T12:36:08.204+0000][69][info ][safepoint   ] Safepoint "Cleanup", Time since last: 3195697787 ns, Reaching safepoint: 6786 ns, Cleanup: 9288 ns, At safepoint: 2511 ns, Total: 18585 ns
[2026-03-27T12:36:14.201+0000][69][info ][safepoint   ] Safepoint "Cleanup", Time since last: 5996735049 ns, Reaching safepoint: 26855 ns, Cleanup: 12189 ns, At safepoint: 22400 ns, Total: 61444 ns
[2026-03-27T12:36:16.039+0000][69][info ][safepoint   ] Safepoint "Cleanup", Time since last: 1837891957 ns, Reaching safepoint: 73689 ns, Cleanup: 41850 ns, At safepoint: 6229 ns, Total: 121768 ns
[2026-03-27T12:36:18.041+0000][69][info ][safepoint   ] Safepoint "Cleanup", Time since last: 2001528406 ns, Reaching safepoint: 21638 ns, Cleanup: 13950 ns, At safepoint: 3180 ns, Total: 38768 ns
[2026-03-27T12:36:20.042+0000][69][info ][safepoint   ] Safepoint "Cleanup", Time since last: 2001415260 ns, Reaching safepoint: 89010 ns, Cleanup: 28591 ns, At safepoint: 7596 ns, Total: 125197 ns
[2026-03-27T12:36:21.046+0000][69][info ][safepoint   ] Safepoint "Cleanup", Time since last: 1003706540 ns, Reaching safepoint: 9451 ns, Cleanup: 18826 ns, At safepoint: 4047 ns, Total: 32324 ns
[2026-03-27T12:36:22.055+0000][69][info ][safepoint   ] Safepoint "Cleanup", Time since last: 1008884362 ns, Reaching safepoint: 41565 ns, Cleanup: 27581 ns, At safepoint: 10358 ns, Total: 79504 ns
[2026-03-27T12:36:24.126+0000][69][info ][gc,start    ] GC(30) Pause Young (Concurrent Start) (CodeCache GC Threshold)
[2026-03-27T12:36:24.127+0000][69][info ][gc,task     ] GC(30) Using 10 workers of 10 for evacuation
[2026-03-27T12:36:24.129+0000][69][debug][gc,age      ] GC(30) Desired survivor size 20971520 bytes, new threshold 15 (max threshold 15)
[2026-03-27T12:36:24.157+0000][69][info ][gc,phases   ] GC(30)   Pre Evacuate Collection Set: 0.6ms
[2026-03-27T12:36:24.158+0000][69][info ][gc,phases   ] GC(30)   Merge Heap Roots: 0.2ms
[2026-03-27T12:36:24.158+0000][69][info ][gc,phases   ] GC(30)   Evacuate Collection Set: 25.3ms
[2026-03-27T12:36:24.158+0000][69][info ][gc,phases   ] GC(30)   Post Evacuate Collection Set: 0.9ms
[2026-03-27T12:36:24.159+0000][69][info ][gc,phases   ] GC(30)   Other: 2.7ms
[2026-03-27T12:36:24.159+0000][69][trace][gc,age      ] GC(30) Age table with threshold 15 (max threshold 15)
[2026-03-27T12:36:24.159+0000][69][trace][gc,age      ] GC(30) - age   1:     951736 bytes,     951736 total
[2026-03-27T12:36:24.160+0000][69][trace][gc,age      ] GC(30) - age   2:     533624 bytes,    1485360 total
[2026-03-27T12:36:24.160+0000][69][trace][gc,age      ] GC(30) - age   3:     318752 bytes,    1804112 total
[2026-03-27T12:36:24.161+0000][69][trace][gc,age      ] GC(30) - age   4:     214928 bytes,    2019040 total
[2026-03-27T12:36:24.161+0000][69][trace][gc,age      ] GC(30) - age   5:     202944 bytes,    2221984 total
[2026-03-27T12:36:24.162+0000][69][trace][gc,age      ] GC(30) - age   6:    1205304 bytes,    3427288 total
[2026-03-27T12:36:24.162+0000][69][trace][gc,age      ] GC(30) - age   7:     115792 bytes,    3543080 total
[2026-03-27T12:36:24.163+0000][69][trace][gc,age      ] GC(30) - age   8:     204912 bytes,    3747992 total
[2026-03-27T12:36:24.163+0000][69][trace][gc,age      ] GC(30) - age   9:    1385800 bytes,    5133792 total
[2026-03-27T12:36:24.164+0000][69][trace][gc,age      ] GC(30) - age  10:    5372624 bytes,   10506416 total
[2026-03-27T12:36:24.164+0000][69][trace][gc,age      ] GC(30) - age  11:    2655328 bytes,   13161744 total
[2026-03-27T12:36:24.165+0000][69][info ][gc,heap     ] GC(30) Eden regions: 25->0(72)
[2026-03-27T12:36:24.165+0000][69][info ][gc,heap     ] GC(30) Survivor regions: 4->4(10)
[2026-03-27T12:36:24.166+0000][69][info ][gc,heap     ] GC(30) Old regions: 24->24
[2026-03-27T12:36:24.166+0000][69][info ][gc,heap     ] GC(30) Humongous regions: 0->0
[2026-03-27T12:36:24.167+0000][69][info ][gc,metaspace] GC(30) Metaspace: 146646K(150592K)->146646K(150592K) NonClass: 127021K(129088K)->127021K(129088K) Class: 19624K(21504K)->19624K(21504K)
[2026-03-27T12:36:24.167+0000][69][info ][gc          ] GC(30) Pause Young (Concurrent Start) (CodeCache GC Threshold) 208M->109M(512M) 40.960ms
[2026-03-27T12:36:24.168+0000][69][info ][gc          ] GC(31) Concurrent Mark Cycle
[2026-03-27T12:36:24.169+0000][69][info ][gc,marking  ] GC(31) Concurrent Scan Root Regions
[2026-03-27T12:36:24.168+0000][69][info ][gc,cpu      ] GC(30) User=0.06s Sys=0.04s Real=0.04s
[2026-03-27T12:36:24.170+0000][69][info ][safepoint   ] Safepoint "G1TryInitiateConcMark", Time since last: 2070900162 ns, Reaching safepoint: 20065 ns, Cleanup: 6839 ns, At safepoint: 43926591 ns, Total: 43953495 ns
[2026-03-27T12:36:24.175+0000][69][info ][gc,marking  ] GC(31) Concurrent Scan Root Regions 6.960ms
[2026-03-27T12:36:24.176+0000][69][info ][gc,marking  ] GC(31) Concurrent Mark
[2026-03-27T12:36:24.177+0000][69][info ][gc,marking  ] GC(31) Concurrent Mark From Roots
[2026-03-27T12:36:24.177+0000][69][info ][gc,task     ] GC(31) Using 3 workers of 3 for marking
[2026-03-27T12:36:24.224+0000][69][info ][gc,marking  ] GC(31) Concurrent Mark From Roots 47.145ms
[2026-03-27T12:36:24.225+0000][69][info ][gc,marking  ] GC(31) Concurrent Preclean
[2026-03-27T12:36:24.226+0000][69][info ][gc,marking  ] GC(31) Concurrent Preclean 1.725ms
[2026-03-27T12:36:24.228+0000][69][info ][gc,start    ] GC(31) Pause Remark
[2026-03-27T12:36:24.291+0000][69][info ][gc          ] GC(31) Pause Remark 109M->109M(512M) 63.380ms
[2026-03-27T12:36:24.292+0000][69][info ][gc,cpu      ] GC(31) User=0.20s Sys=0.00s Real=0.07s
[2026-03-27T12:36:24.293+0000][69][info ][safepoint   ] Safepoint "G1PauseRemark", Time since last: 57624255 ns, Reaching safepoint: 18158 ns, Cleanup: 4564 ns, At safepoint: 64950321 ns, Total: 64973043 ns
[2026-03-27T12:36:24.294+0000][69][info ][gc,marking  ] GC(31) Concurrent Mark 117.439ms
[2026-03-27T12:36:24.294+0000][69][info ][gc,marking  ] GC(31) Concurrent Rebuild Remembered Sets and Scrub Regions
[2026-03-27T12:36:24.316+0000][69][info ][gc,marking  ] GC(31) Concurrent Rebuild Remembered Sets and Scrub Regions 21.293ms
[2026-03-27T12:36:24.317+0000][69][info ][gc,start    ] GC(31) Pause Cleanup
[2026-03-27T12:36:24.318+0000][69][info ][gc          ] GC(31) Pause Cleanup 111M->111M(512M) 1.203ms
[2026-03-27T12:36:24.319+0000][69][info ][gc,cpu      ] GC(31) User=0.00s Sys=0.00s Real=0.00s
[2026-03-27T12:36:24.319+0000][69][info ][safepoint   ] Safepoint "G1PauseCleanup", Time since last: 24222797 ns, Reaching safepoint: 12473 ns, Cleanup: 105662 ns, At safepoint: 2540675 ns, Total: 2658810 ns
[2026-03-27T12:36:24.320+0000][69][info ][gc,marking  ] GC(31) Concurrent Clear Claimed Marks
[2026-03-27T12:36:24.321+0000][69][info ][gc,marking  ] GC(31) Concurrent Clear Claimed Marks 1.000ms
[2026-03-27T12:36:24.322+0000][69][info ][gc,marking  ] GC(31) Concurrent Cleanup for Next Mark
[2026-03-27T12:36:24.324+0000][69][info ][gc,marking  ] GC(31) Concurrent Cleanup for Next Mark 1.419ms
[2026-03-27T12:36:24.324+0000][69][info ][gc          ] GC(31) Concurrent Mark Cycle 156.571ms
[2026-03-27T12:36:25.321+0000][69][info ][safepoint   ] Safepoint "Cleanup", Time since last: 1001212650 ns, Reaching safepoint: 31275 ns, Cleanup: 15821 ns, At safepoint: 7436 ns, Total: 54532 ns
[2026-03-27T12:36:27.064+0000][69][info ][safepoint   ] Safepoint "Cleanup", Time since last: 1743218197 ns, Reaching safepoint: 8991 ns, Cleanup: 12452 ns, At safepoint: 4986 ns, Total: 26429 ns
[2026-03-27T12:36:32.708+0000][69][info ][safepoint   ] Safepoint "Cleanup", Time since last: 5644003063 ns, Reaching safepoint: 91584 ns, Cleanup: 14221 ns, At safepoint: 15286 ns, Total: 121091 ns
[2026-03-27T12:36:34.089+0000][69][info ][safepoint   ] Safepoint "Cleanup", Time since last: 1384960010 ns, Reaching safepoint: 10145 ns, Cleanup: 17382 ns, At safepoint: 6395 ns, Total: 33922 ns
[2026-03-27T12:36:35.736+0000][69][info ][safepoint   ] Safepoint "Cleanup", Time since last: 1646339554 ns, Reaching safepoint: 29588 ns, Cleanup: 18224 ns, At safepoint: 6617 ns, Total: 54429 ns
[2026-03-27T12:36:37.738+0000][69][info ][safepoint   ] Safepoint "Cleanup", Time since last: 2001895364 ns, Reaching safepoint: 70031 ns, Cleanup: 22312 ns, At safepoint: 5809 ns, Total: 98152 ns
[2026-03-27T12:36:39.104+0000][69][info ][safepoint   ] Safepoint "Cleanup", Time since last: 1366069489 ns, Reaching safepoint: 7132 ns, Cleanup: 9552 ns, At safepoint: 37095 ns, Total: 53779 ns
[2026-03-27T12:36:44.201+0000][69][info ][safepoint   ] Safepoint "Cleanup", Time since last: 5097394115 ns, Reaching safepoint: 7709 ns, Cleanup: 6575 ns, At safepoint: 2410 ns, Total: 16694 ns
[2026-03-27T12:36:46.130+0000][69][info ][safepoint   ] Safepoint "Cleanup", Time since last: 1928560283 ns, Reaching safepoint: 24612 ns, Cleanup: 23039 ns, At safepoint: 5321 ns, Total: 52972 ns
[2026-03-27T12:36:48.131+0000][69][info ][safepoint   ] Safepoint "Cleanup", Time since last: 2001553955 ns, Reaching safepoint: 34403 ns, Cleanup: 22972 ns, At safepoint: 8053 ns, Total: 65428 ns
[2026-03-27T12:36:50.208+0000][69][info ][safepoint   ] Safepoint "Cleanup", Time since last: 2076222599 ns, Reaching safepoint: 6269 ns, Cleanup: 15867 ns, At safepoint: 2217 ns, Total: 24353 ns
[2026-03-27T12:36:56.245+0000][69][info ][safepoint   ] Safepoint "Cleanup", Time since last: 6037097369 ns, Reaching safepoint: 11031 ns, Cleanup: 16718 ns, At safepoint: 3389 ns, Total: 31138 ns
[2026-03-27T12:36:58.155+0000][69][info ][safepoint   ] Safepoint "Cleanup", Time since last: 1910066036 ns, Reaching safepoint: 20058 ns, Cleanup: 12857 ns, At safepoint: 3277 ns, Total: 36192 ns
[2026-03-27T12:36:59.156+0000][69][info ][safepoint   ] Safepoint "Cleanup", Time since last: 1000823464 ns, Reaching safepoint: 40196 ns, Cleanup: 27173 ns, At safepoint: 9824 ns, Total: 77193 ns
[2026-03-27T12:37:02.204+0000][69][info ][safepoint   ] Safepoint "Cleanup", Time since last: 3047794028 ns, Reaching safepoint: 20804 ns, Cleanup: 9877 ns, At safepoint: 9873 ns, Total: 40554 ns
[2026-03-27T12:37:04.191+0000][69][info ][safepoint   ] Safepoint "Cleanup", Time since last: 1993400953 ns, Reaching safepoint: 172786 ns, Cleanup: 49670 ns, At safepoint: 22952 ns, Total: 245408 ns
[2026-03-27T12:37:05.193+0000][69][info ][safepoint   ] Safepoint "Cleanup", Time since last: 1001827282 ns, Reaching safepoint: 17760 ns, Cleanup: 13941 ns, At safepoint: 3297 ns, Total: 34998 ns
[2026-03-27T12:37:08.204+0000][69][info ][safepoint   ] Safepoint "Cleanup", Time since last: 3010333575 ns, Reaching safepoint: 11907 ns, Cleanup: 4607 ns, At safepoint: 14060 ns, Total: 30574 ns
[2026-03-27T12:37:09.205+0000][69][info ][safepoint   ] Safepoint "Cleanup", Time since last: 1001205611 ns, Reaching safepoint: 9408 ns, Cleanup: 8653 ns, At safepoint: 4811 ns, Total: 22872 ns
[2026-03-27T12:37:11.216+0000][69][info ][safepoint   ] Safepoint "Cleanup", Time since last: 2011642994 ns, Reaching safepoint: 23233 ns, Cleanup: 16278 ns, At safepoint: 4927 ns, Total: 44438 ns
[2026-03-27T12:37:14.193+0000][69][info ][safepoint   ] Safepoint "Cleanup", Time since last: 2976453841 ns, Reaching safepoint: 6475 ns, Cleanup: 6150 ns, At safepoint: 17518 ns, Total: 30143 ns
[2026-03-27T12:37:15.229+0000][69][info ][safepoint   ] Safepoint "Cleanup", Time since last: 1036035307 ns, Reaching safepoint: 31332 ns, Cleanup: 32724 ns, At safepoint: 32323 ns, Total: 96379 ns
[2026-03-27T12:37:16.233+0000][69][info ][safepoint   ] Safepoint "Cleanup", Time since last: 1003992728 ns, Reaching safepoint: 30147 ns, Cleanup: 20599 ns, At safepoint: 6072 ns, Total: 56818 ns
[2026-03-27T12:37:17.235+0000][69][info ][safepoint   ] Safepoint "Cleanup", Time since last: 1001838651 ns, Reaching safepoint: 40627 ns, Cleanup: 23223 ns, At safepoint: 9222 ns, Total: 73072 ns
[2026-03-27T12:37:18.237+0000][69][info ][safepoint   ] Safepoint "Cleanup", Time since last: 1001845318 ns, Reaching safepoint: 44786 ns, Cleanup: 26969 ns, At safepoint: 83917 ns, Total: 155672 ns
[2026-03-27T12:37:20.204+0000][69][info ][safepoint   ] Safepoint "Cleanup", Time since last: 1966462969 ns, Reaching safepoint: 5826 ns, Cleanup: 5889 ns, At safepoint: 14236 ns, Total: 25951 ns
[2026-03-27T12:37:21.205+0000][69][info ][safepoint   ] Safepoint "Cleanup", Time since last: 1001249539 ns, Reaching safepoint: 43194 ns, Cleanup: 27757 ns, At safepoint: 10205 ns, Total: 81156 ns
[2026-03-27T12:37:22.253+0000][69][info ][safepoint   ] Safepoint "Cleanup", Time since last: 1047587833 ns, Reaching safepoint: 38093 ns, Cleanup: 22423 ns, At safepoint: 9092 ns, Total: 69608 ns
[2026-03-27T12:37:24.255+0000][69][info ][safepoint   ] Safepoint "Cleanup", Time since last: 2002403337 ns, Reaching safepoint: 194142 ns, Cleanup: 27288 ns, At safepoint: 12712 ns, Total: 234142 ns
[2026-03-27T12:37:26.202+0000][69][info ][safepoint   ] Safepoint "Cleanup", Time since last: 1946636243 ns, Reaching safepoint: 6107 ns, Cleanup: 6780 ns, At safepoint: 2240 ns, Total: 15127 ns
[2026-03-27T12:37:27.265+0000][69][info ][safepoint   ] Safepoint "Cleanup", Time since last: 1062968895 ns, Reaching safepoint: 51456 ns, Cleanup: 118956 ns, At safepoint: 11021 ns, Total: 181433 ns
[2026-03-27T12:37:28.278+0000][69][info ][safepoint   ] Safepoint "Cleanup", Time since last: 1013428323 ns, Reaching safepoint: 43531 ns, Cleanup: 25842 ns, At safepoint: 11191 ns, Total: 80564 ns
[2026-03-27T12:37:29.280+0000][69][info ][safepoint   ] Safepoint "Cleanup", Time since last: 1001910859 ns, Reaching safepoint: 34687 ns, Cleanup: 15553 ns, At safepoint: 5361 ns, Total: 55601 ns
[2026-03-27T12:37:33.288+0000][69][info ][safepoint   ] Safepoint "Cleanup", Time since last: 4007578004 ns, Reaching safepoint: 44717 ns, Cleanup: 21999 ns, At safepoint: 4007 ns, Total: 70723 ns
[2026-03-27T12:37:34.293+0000][69][info ][safepoint   ] Safepoint "Cleanup", Time since last: 1008638860 ns, Reaching safepoint: 31271 ns, Cleanup: 12751 ns, At safepoint: 4096 ns, Total: 48118 ns
[2026-03-27T12:37:36.295+0000][69][info ][safepoint   ] Safepoint "Cleanup", Time since last: 2001162713 ns, Reaching safepoint: 36437 ns, Cleanup: 12563 ns, At safepoint: 3731 ns, Total: 52731 ns
[2026-03-27T12:37:38.203+0000][69][info ][safepoint   ] Safepoint "Cleanup", Time since last: 1908317834 ns, Reaching safepoint: 6212 ns, Cleanup: 24042 ns, At safepoint: 2771 ns, Total: 33025 ns
[2026-03-27T12:37:39.306+0000][69][info ][safepoint   ] Safepoint "Cleanup", Time since last: 1102484658 ns, Reaching safepoint: 21224 ns, Cleanup: 14889 ns, At safepoint: 3741 ns, Total: 39854 ns
[2026-03-27T12:37:41.318+0000][69][info ][safepoint   ] Safepoint "Cleanup", Time since last: 2012468655 ns, Reaching safepoint: 17887 ns, Cleanup: 10931 ns, At safepoint: 3078 ns, Total: 31896 ns
[2026-03-27T12:37:44.212+0000][69][info ][safepoint   ] Safepoint "Cleanup", Time since last: 2893526351 ns, Reaching safepoint: 24240 ns, Cleanup: 14000 ns, At safepoint: 5620 ns, Total: 43860 ns
[2026-03-27T12:37:45.226+0000][69][info ][safepoint   ] Safepoint "Cleanup", Time since last: 1014033998 ns, Reaching safepoint: 64023 ns, Cleanup: 42515 ns, At safepoint: 11278 ns, Total: 117816 ns
[2026-03-27T12:37:46.349+0000][69][info ][safepoint   ] Safepoint "Cleanup", Time since last: 1123062980 ns, Reaching safepoint: 10761 ns, Cleanup: 7520 ns, At safepoint: 2860 ns, Total: 21141 ns
[2026-03-27T12:37:48.352+0000][69][info ][safepoint   ] Safepoint "Cleanup", Time since last: 2003520689 ns, Reaching safepoint: 22767 ns, Cleanup: 22165 ns, At safepoint: 4819 ns, Total: 49751 ns
[2026-03-27T12:37:49.445+0000][69][info ][safepoint   ] Safepoint "Cleanup", Time since last: 1092158541 ns, Reaching safepoint: 19610 ns, Cleanup: 11365 ns, At safepoint: 3777 ns, Total: 34752 ns
[2026-03-27T12:37:51.364+0000][69][info ][safepoint   ] Safepoint "Cleanup", Time since last: 1919406864 ns, Reaching safepoint: 27331 ns, Cleanup: 28518 ns, At safepoint: 5414 ns, Total: 61263 ns
[2026-03-27T12:37:53.366+0000][69][info ][safepoint   ] Safepoint "Cleanup", Time since last: 2001839204 ns, Reaching safepoint: 34783 ns, Cleanup: 13085 ns, At safepoint: 3754 ns, Total: 51622 ns
[2026-03-27T12:37:56.206+0000][69][info ][safepoint   ] Safepoint "Cleanup", Time since last: 2839755726 ns, Reaching safepoint: 5717 ns, Cleanup: 21511 ns, At safepoint: 2720 ns, Total: 29948 ns
[2026-03-27T12:37:57.376+0000][69][info ][safepoint   ] Safepoint "Cleanup", Time since last: 1169776398 ns, Reaching safepoint: 12065 ns, Cleanup: 21411 ns, At safepoint: 5042 ns, Total: 38518 ns
[2026-03-27T12:37:58.389+0000][69][info ][safepoint   ] Safepoint "Cleanup", Time since last: 1013794989 ns, Reaching safepoint: 29418 ns, Cleanup: 19004 ns, At safepoint: 4574 ns, Total: 52996 ns
[2026-03-27T12:37:59.391+0000][69][info ][safepoint   ] Safepoint "Cleanup", Time since last: 1001275628 ns, Reaching safepoint: 77890 ns, Cleanup: 79673 ns, At safepoint: 9376 ns, Total: 166939 ns
[2026-03-27T12:38:02.200+0000][69][info ][safepoint   ] Safepoint "Cleanup", Time since last: 2808769850 ns, Reaching safepoint: 35935 ns, Cleanup: 5369 ns, At safepoint: 37595 ns, Total: 78899 ns
[2026-03-27T12:38:05.178+0000][69][info ][gc,start    ] GC(32) Pause Young (Prepare Mixed) (G1 Evacuation Pause)
[2026-03-27T12:38:05.179+0000][69][info ][gc,task     ] GC(32) Using 10 workers of 10 for evacuation
[2026-03-27T12:38:05.180+0000][69][debug][gc,age      ] GC(32) Desired survivor size 20971520 bytes, new threshold 15 (max threshold 15)
[2026-03-27T12:38:05.211+0000][69][info ][gc,phases   ] GC(32)   Pre Evacuate Collection Set: 0.7ms
[2026-03-27T12:38:05.212+0000][69][info ][gc,phases   ] GC(32)   Merge Heap Roots: 0.3ms
[2026-03-27T12:38:05.213+0000][69][info ][gc,phases   ] GC(32)   Evacuate Collection Set: 28.3ms
[2026-03-27T12:38:05.213+0000][69][info ][gc,phases   ] GC(32)   Post Evacuate Collection Set: 1.4ms
[2026-03-27T12:38:05.214+0000][69][info ][gc,phases   ] GC(32)   Other: 1.6ms
[2026-03-27T12:38:05.215+0000][69][trace][gc,age      ] GC(32) Age table with threshold 15 (max threshold 15)
[2026-03-27T12:38:05.215+0000][69][trace][gc,age      ] GC(32) - age   1:    1215056 bytes,    1215056 total
[2026-03-27T12:38:05.216+0000][69][trace][gc,age      ] GC(32) - age   2:      11184 bytes,    1226240 total
[2026-03-27T12:38:05.217+0000][69][trace][gc,age      ] GC(32) - age   3:     426712 bytes,    1652952 total
[2026-03-27T12:38:05.217+0000][69][trace][gc,age      ] GC(32) - age   4:     300512 bytes,    1953464 total
[2026-03-27T12:38:05.217+0000][69][trace][gc,age      ] GC(32) - age   5:     210584 bytes,    2164048 total
[2026-03-27T12:38:05.218+0000][69][trace][gc,age      ] GC(32) - age   6:     202728 bytes,    2366776 total
[2026-03-27T12:38:05.219+0000][69][trace][gc,age      ] GC(32) - age   7:    1145704 bytes,    3512480 total
[2026-03-27T12:38:05.219+0000][69][trace][gc,age      ] GC(32) - age   8:     113432 bytes,    3625912 total
[2026-03-27T12:38:05.220+0000][69][trace][gc,age      ] GC(32) - age   9:     201072 bytes,    3826984 total
[2026-03-27T12:38:05.220+0000][69][trace][gc,age      ] GC(32) - age  10:    1385768 bytes,    5212752 total
[2026-03-27T12:38:05.221+0000][69][trace][gc,age      ] GC(32) - age  11:    5361568 bytes,   10574320 total
[2026-03-27T12:38:05.222+0000][69][trace][gc,age      ] GC(32) - age  12:    2636136 bytes,   13210456 total
[2026-03-27T12:38:05.222+0000][69][info ][gc,heap     ] GC(32) Eden regions: 72->0(72)
[2026-03-27T12:38:05.223+0000][69][info ][gc,heap     ] GC(32) Survivor regions: 4->4(10)
[2026-03-27T12:38:05.223+0000][69][info ][gc,heap     ] GC(32) Old regions: 24->24
[2026-03-27T12:38:05.224+0000][69][info ][gc,heap     ] GC(32) Humongous regions: 0->0
[2026-03-27T12:38:05.224+0000][69][info ][gc,metaspace] GC(32) Metaspace: 144355K(150656K)->144355K(150656K) NonClass: 125322K(129152K)->125322K(129152K) Class: 19033K(21504K)->19033K(21504K)
[2026-03-27T12:38:05.225+0000][69][info ][gc          ] GC(32) Pause Young (Prepare Mixed) (G1 Evacuation Pause) 397M->109M(512M) 46.753ms
[2026-03-27T12:38:05.226+0000][69][info ][gc,cpu      ] GC(32) User=0.09s Sys=0.03s Real=0.05s
[2026-03-27T12:38:05.226+0000][69][info ][safepoint   ] Safepoint "G1CollectForAllocation", Time since last: 2983415365 ns, Reaching safepoint: 15261 ns, Cleanup: 3757 ns, At safepoint: 47999108 ns, Total: 48018126 ns
[2026-03-27T12:38:08.206+0000][69][info ][safepoint   ] Safepoint "Cleanup", Time since last: 2980012573 ns, Reaching safepoint: 8324 ns, Cleanup: 4766 ns, At safepoint: 43773 ns, Total: 56863 ns
[2026-03-27T12:38:14.200+0000][69][info ][safepoint   ] Safepoint "Cleanup", Time since last: 5993594559 ns, Reaching safepoint: 6720 ns, Cleanup: 9973 ns, At safepoint: 2401 ns, Total: 19094 ns
[2026-03-27T12:38:15.434+0000][69][info ][safepoint   ] Safepoint "Cleanup", Time since last: 1234181593 ns, Reaching safepoint: 41107 ns, Cleanup: 20480 ns, At safepoint: 9332 ns, Total: 70919 ns
[2026-03-27T12:38:18.436+0000][69][info ][safepoint   ] Safepoint "Cleanup", Time since last: 3001692216 ns, Reaching safepoint: 33410 ns, Cleanup: 15377 ns, At safepoint: 4871 ns, Total: 53658 ns
[2026-03-27T12:38:20.200+0000][69][info ][safepoint   ] Safepoint "Cleanup", Time since last: 1764429803 ns, Reaching safepoint: 5837 ns, Cleanup: 4565 ns, At safepoint: 2234 ns, Total: 12636 ns
[2026-03-27T12:38:21.447+0000][69][info ][safepoint   ] Safepoint "Cleanup", Time since last: 1246997632 ns, Reaching safepoint: 34772 ns, Cleanup: 21679 ns, At safepoint: 7369 ns, Total: 63820 ns
[2026-03-27T12:38:23.449+0000][69][info ][safepoint   ] Safepoint "Cleanup", Time since last: 2001695793 ns, Reaching safepoint: 22632 ns, Cleanup: 11936 ns, At safepoint: 4544 ns, Total: 39112 ns
[2026-03-27T12:38:29.464+0000][69][info ][safepoint   ] Safepoint "Cleanup", Time since last: 6015175634 ns, Reaching safepoint: 26510 ns, Cleanup: 14474 ns, At safepoint: 5295 ns, Total: 46279 ns
[2026-03-27T12:38:33.476+0000][69][info ][safepoint   ] Safepoint "Cleanup", Time since last: 4011029213 ns, Reaching safepoint: 74723 ns, Cleanup: 19789 ns, At safepoint: 8563 ns, Total: 103075 ns
[2026-03-27T12:38:34.474+0000][69][info ][safepoint   ] Safepoint "Cleanup", Time since last: 1001340106 ns, Reaching safepoint: 43757 ns, Cleanup: 27471 ns, At safepoint: 9689 ns, Total: 80917 ns
[2026-03-27T12:38:38.213+0000][69][info ][safepoint   ] Safepoint "Cleanup", Time since last: 3738905278 ns, Reaching safepoint: 10851 ns, Cleanup: 12890 ns, At safepoint: 5352 ns, Total: 29093 ns
[2026-03-27T12:38:39.713+0000][69][info ][safepoint   ] Safepoint "Cleanup", Time since last: 1499965247 ns, Reaching safepoint: 51970 ns, Cleanup: 87616 ns, At safepoint: 10623 ns, Total: 150209 ns
[2026-03-27T12:38:40.715+0000][69][info ][safepoint   ] Safepoint "Cleanup", Time since last: 1002241022 ns, Reaching safepoint: 57680 ns, Cleanup: 41337 ns, At safepoint: 11497 ns, Total: 110514 ns
[2026-03-27T12:38:41.718+0000][69][info ][safepoint   ] Safepoint "Cleanup", Time since last: 1002190240 ns, Reaching safepoint: 53162 ns, Cleanup: 49053 ns, At safepoint: 12781 ns, Total: 114996 ns
[2026-03-27T12:38:44.209+0000][69][info ][safepoint   ] Safepoint "Cleanup", Time since last: 2490845856 ns, Reaching safepoint: 13912 ns, Cleanup: 7513 ns, At safepoint: 28637 ns, Total: 50062 ns
[2026-03-27T12:38:45.516+0000][69][info ][safepoint   ] Safepoint "Cleanup", Time since last: 1307188428 ns, Reaching safepoint: 56946 ns, Cleanup: 19618 ns, At safepoint: 6500 ns, Total: 83064 ns
[2026-03-27T12:38:47.194+0000][69][info ][safepoint   ] Safepoint "Cleanup", Time since last: 1678602066 ns, Reaching safepoint: 24873 ns, Cleanup: 5884 ns, At safepoint: 2679 ns, Total: 33436 ns
[2026-03-27T12:38:48.511+0000][69][info ][safepoint   ] Safepoint "Cleanup", Time since last: 1316261536 ns, Reaching safepoint: 7895 ns, Cleanup: 19294 ns, At safepoint: 4250 ns, Total: 31439 ns
[2026-03-27T12:38:49.794+0000][69][info ][safepoint   ] Safepoint "Cleanup", Time since last: 1283130473 ns, Reaching safepoint: 8292 ns, Cleanup: 27667 ns, At safepoint: 3990 ns, Total: 39949 ns
[2026-03-27T12:38:51.557+0000][69][info ][safepoint   ] Safepoint "Cleanup", Time since last: 1762816638 ns, Reaching safepoint: 38380 ns, Cleanup: 47008 ns, At safepoint: 9139 ns, Total: 94527 ns
[2026-03-27T12:38:54.560+0000][69][info ][safepoint   ] Safepoint "Cleanup", Time since last: 3002714906 ns, Reaching safepoint: 41694 ns, Cleanup: 33172 ns, At safepoint: 9993 ns, Total: 84859 ns
[2026-03-27T12:38:56.208+0000][69][info ][safepoint   ] Safepoint "Cleanup", Time since last: 1648146205 ns, Reaching safepoint: 7134 ns, Cleanup: 9410 ns, At safepoint: 4277 ns, Total: 20821 ns
[2026-03-27T12:38:57.581+0000][69][info ][safepoint   ] Safepoint "Cleanup", Time since last: 1373025752 ns, Reaching safepoint: 48198 ns, Cleanup: 43013 ns, At safepoint: 11720 ns, Total: 102931 ns
[2026-03-27T12:38:59.584+0000][69][info ][safepoint   ] Safepoint "Cleanup", Time since last: 2002538865 ns, Reaching safepoint: 90289 ns, Cleanup: 30734 ns, At safepoint: 9332 ns, Total: 130355 ns
[2026-03-27T12:39:00.585+0000][69][info ][safepoint   ] Safepoint "Cleanup", Time since last: 1000986710 ns, Reaching safepoint: 25275 ns, Cleanup: 10443 ns, At safepoint: 2767 ns, Total: 38485 ns
[2026-03-27T12:39:01.586+0000][69][info ][safepoint   ] Safepoint "Cleanup", Time since last: 1001225636 ns, Reaching safepoint: 32151 ns, Cleanup: 19469 ns, At safepoint: 6953 ns, Total: 58573 ns
[2026-03-27T12:39:02.588+0000][69][info ][safepoint   ] Safepoint "Cleanup", Time since last: 1001763156 ns, Reaching safepoint: 64576 ns, Cleanup: 21052 ns, At safepoint: 10939 ns, Total: 96567 ns
[2026-03-27T12:39:04.591+0000][69][info ][safepoint   ] Safepoint "Cleanup", Time since last: 2007525261 ns, Reaching safepoint: 36016 ns, Cleanup: 19031 ns, At safepoint: 7659 ns, Total: 62706 ns
[2026-03-27T12:39:09.609+0000][69][info ][safepoint   ] Safepoint "Cleanup", Time since last: 5018641273 ns, Reaching safepoint: 36468 ns, Cleanup: 22065 ns, At safepoint: 5543 ns, Total: 64076 ns
[2026-03-27T12:39:14.202+0000][69][info ][safepoint   ] Safepoint "Cleanup", Time since last: 4592919625 ns, Reaching safepoint: 7301 ns, Cleanup: 8017 ns, At safepoint: 12847 ns, Total: 28165 ns
[2026-03-27T12:39:15.620+0000][69][info ][safepoint   ] Safepoint "Cleanup", Time since last: 1417954146 ns, Reaching safepoint: 53546 ns, Cleanup: 13808 ns, At safepoint: 7781 ns, Total: 75135 ns
[2026-03-27T12:39:16.621+0000][69][info ][safepoint   ] Safepoint "Cleanup", Time since last: 1001107196 ns, Reaching safepoint: 24667 ns, Cleanup: 14547 ns, At safepoint: 4795 ns, Total: 44009 ns
[2026-03-27T12:39:19.624+0000][69][info ][safepoint   ] Safepoint "Cleanup", Time since last: 3002156554 ns, Reaching safepoint: 82887 ns, Cleanup: 11928 ns, At safepoint: 3963 ns, Total: 98778 ns
[2026-03-27T12:39:20.627+0000][69][info ][safepoint   ] Safepoint "Cleanup", Time since last: 1003413657 ns, Reaching safepoint: 11523 ns, Cleanup: 5471 ns, At safepoint: 14324 ns, Total: 31318 ns
[2026-03-27T12:39:24.635+0000][69][info ][safepoint   ] Safepoint "Cleanup", Time since last: 4007683014 ns, Reaching safepoint: 29027 ns, Cleanup: 16067 ns, At safepoint: 3653 ns, Total: 48747 ns
[2026-03-27T12:39:27.821+0000][69][info ][safepoint   ] Safepoint "Cleanup", Time since last: 3185757803 ns, Reaching safepoint: 20945 ns, Cleanup: 13329 ns, At safepoint: 3982 ns, Total: 38256 ns
[2026-03-27T12:39:28.845+0000][69][info ][safepoint   ] Safepoint "Cleanup", Time since last: 1024489975 ns, Reaching safepoint: 28310 ns, Cleanup: 16768 ns, At safepoint: 6168 ns, Total: 51246 ns
[2026-03-27T12:39:29.846+0000][69][info ][safepoint   ] Safepoint "Cleanup", Time since last: 1001120423 ns, Reaching safepoint: 43239 ns, Cleanup: 26000 ns, At safepoint: 9747 ns, Total: 78986 ns
[2026-03-27T12:39:30.883+0000][69][info ][safepoint   ] Safepoint "Cleanup", Time since last: 1037024363 ns, Reaching safepoint: 10340 ns, Cleanup: 16965 ns, At safepoint: 5353 ns, Total: 32658 ns
[2026-03-27T12:39:31.891+0000][69][info ][safepoint   ] Safepoint "Cleanup", Time since last: 1007458055 ns, Reaching safepoint: 34917 ns, Cleanup: 18670 ns, At safepoint: 8954 ns, Total: 62541 ns
[2026-03-27T12:39:33.658+0000][69][info ][safepoint   ] Safepoint "Cleanup", Time since last: 1767254054 ns, Reaching safepoint: 49923 ns, Cleanup: 22831 ns, At safepoint: 4184 ns, Total: 76938 ns
[2026-03-27T12:39:34.655+0000][69][info ][safepoint   ] Safepoint "Cleanup", Time since last: 1001450303 ns, Reaching safepoint: 23125 ns, Cleanup: 13179 ns, At safepoint: 4155 ns, Total: 40459 ns
[2026-03-27T12:39:35.657+0000][69][info ][safepoint   ] Safepoint "Cleanup", Time since last: 1001856302 ns, Reaching safepoint: 23139 ns, Cleanup: 13160 ns, At safepoint: 4705 ns, Total: 41004 ns
[2026-03-27T12:39:37.659+0000][69][info ][safepoint   ] Safepoint "Cleanup", Time since last: 2001729760 ns, Reaching safepoint: 20906 ns, Cleanup: 15363 ns, At safepoint: 3189 ns, Total: 39458 ns
[2026-03-27T12:39:38.217+0000][69][info ][gc,start    ] GC(33) Pause Young (Mixed) (G1 Evacuation Pause)
[2026-03-27T12:39:38.218+0000][69][info ][gc,task     ] GC(33) Using 10 workers of 10 for evacuation
[2026-03-27T12:39:38.218+0000][69][debug][gc,age      ] GC(33) Desired survivor size 20971520 bytes, new threshold 15 (max threshold 15)
[2026-03-27T12:39:38.257+0000][69][info ][gc,phases   ] GC(33)   Pre Evacuate Collection Set: 0.5ms
[2026-03-27T12:39:38.258+0000][69][info ][gc,phases   ] GC(33)   Merge Heap Roots: 0.2ms
[2026-03-27T12:39:38.258+0000][69][info ][gc,phases   ] GC(33)   Evacuate Collection Set: 36.6ms
[2026-03-27T12:39:38.259+0000][69][info ][gc,phases   ] GC(33)   Post Evacuate Collection Set: 1.2ms
[2026-03-27T12:39:38.259+0000][69][info ][gc,phases   ] GC(33)   Other: 1.2ms
[2026-03-27T12:39:38.260+0000][69][trace][gc,age      ] GC(33) Age table with threshold 15 (max threshold 15)
[2026-03-27T12:39:38.260+0000][69][trace][gc,age      ] GC(33) - age   1:    1843888 bytes,    1843888 total
[2026-03-27T12:39:38.260+0000][69][trace][gc,age      ] GC(33) - age   2:      96688 bytes,    1940576 total
[2026-03-27T12:39:38.261+0000][69][trace][gc,age      ] GC(33) - age   3:       6424 bytes,    1947000 total
[2026-03-27T12:39:38.261+0000][69][trace][gc,age      ] GC(33) - age   4:      97176 bytes,    2044176 total
[2026-03-27T12:39:38.261+0000][69][trace][gc,age      ] GC(33) - age   5:     300032 bytes,    2344208 total
[2026-03-27T12:39:38.261+0000][69][trace][gc,age      ] GC(33) - age   6:     135104 bytes,    2479312 total
[2026-03-27T12:39:38.262+0000][69][trace][gc,age      ] GC(33) - age   7:     199544 bytes,    2678856 total
[2026-03-27T12:39:38.262+0000][69][trace][gc,age      ] GC(33) - age   8:    1145448 bytes,    3824304 total
[2026-03-27T12:39:38.262+0000][69][trace][gc,age      ] GC(33) - age   9:     113304 bytes,    3937608 total
[2026-03-27T12:39:38.262+0000][69][trace][gc,age      ] GC(33) - age  10:     201072 bytes,    4138680 total
[2026-03-27T12:39:38.263+0000][69][trace][gc,age      ] GC(33) - age  11:    1385768 bytes,    5524448 total
[2026-03-27T12:39:38.263+0000][69][trace][gc,age      ] GC(33) - age  12:    5361432 bytes,   10885880 total
[2026-03-27T12:39:38.264+0000][69][trace][gc,age      ] GC(33) - age  13:    2634352 bytes,   13520232 total
[2026-03-27T12:39:38.264+0000][69][info ][gc,heap     ] GC(33) Eden regions: 72->0(72)
[2026-03-27T12:39:38.265+0000][69][info ][gc,heap     ] GC(33) Survivor regions: 4->4(10)
[2026-03-27T12:39:38.265+0000][69][info ][gc,heap     ] GC(33) Old regions: 24->24
[2026-03-27T12:39:38.265+0000][69][info ][gc,heap     ] GC(33) Humongous regions: 0->0
[2026-03-27T12:39:38.265+0000][69][info ][gc,metaspace] GC(33) Metaspace: 144474K(150656K)->144474K(150656K) NonClass: 125436K(129152K)->125436K(129152K) Class: 19038K(21504K)->19038K(21504K)
[2026-03-27T12:39:38.266+0000][69][info ][gc          ] GC(33) Pause Young (Mixed) (G1 Evacuation Pause) 397M->109M(512M) 48.745ms
[2026-03-27T12:39:38.266+0000][69][info ][gc,cpu      ] GC(33) User=0.12s Sys=0.03s Real=0.05s
[2026-03-27T12:39:38.266+0000][69][info ][safepoint   ] Safepoint "G1CollectForAllocation", Time since last: 557726873 ns, Reaching safepoint: 11123 ns, Cleanup: 12628 ns, At safepoint: 49561754 ns, Total: 49585505 ns
[2026-03-27T12:39:44.200+0000][69][info ][safepoint   ] Safepoint "Cleanup", Time since last: 5933133148 ns, Reaching safepoint: 6608 ns, Cleanup: 6722 ns, At safepoint: 15418 ns, Total: 28748 ns
[2026-03-27T12:39:49.576+0000][69][info ][safepoint   ] Safepoint "Cleanup", Time since last: 5376581471 ns, Reaching safepoint: 19217 ns, Cleanup: 13348 ns, At safepoint: 4120 ns, Total: 36685 ns
[2026-03-27T12:39:50.692+0000][69][info ][safepoint   ] Safepoint "Cleanup", Time since last: 1115308555 ns, Reaching safepoint: 15803 ns, Cleanup: 19759 ns, At safepoint: 6764 ns, Total: 42326 ns
[2026-03-27T12:39:53.700+0000][69][info ][safepoint   ] Safepoint "Cleanup", Time since last: 3008345690 ns, Reaching safepoint: 65370 ns, Cleanup: 17754 ns, At safepoint: 8216 ns, Total: 91340 ns
[2026-03-27T12:40:02.355+0000][69][info ][safepoint   ] Safepoint "Cleanup", Time since last: 8654910839 ns, Reaching safepoint: 8895 ns, Cleanup: 8268 ns, At safepoint: 3736 ns, Total: 20899 ns
[2026-03-27T12:40:03.766+0000][69][info ][safepoint   ] Safepoint "Cleanup", Time since last: 1411108529 ns, Reaching safepoint: 8867 ns, Cleanup: 8632 ns, At safepoint: 5667 ns, Total: 23166 ns
[2026-03-27T12:40:05.766+0000][69][info ][safepoint   ] Safepoint "Cleanup", Time since last: 2002815832 ns, Reaching safepoint: 38143 ns, Cleanup: 24571 ns, At safepoint: 14749 ns, Total: 77463 ns
[2026-03-27T12:40:07.767+0000][69][info ][safepoint   ] Safepoint "Cleanup", Time since last: 2001306887 ns, Reaching safepoint: 25687 ns, Cleanup: 15161 ns, At safepoint: 6678 ns, Total: 47526 ns
[2026-03-27T12:40:08.771+0000][69][info ][safepoint   ] Safepoint "Cleanup", Time since last: 1003933999 ns, Reaching safepoint: 14932 ns, Cleanup: 13967 ns, At safepoint: 8849 ns, Total: 37748 ns
[2026-03-27T12:40:14.206+0000][69][info ][safepoint   ] Safepoint "Cleanup", Time since last: 5435264472 ns, Reaching safepoint: 6458 ns, Cleanup: 5888 ns, At safepoint: 14949 ns, Total: 27295 ns
[2026-03-27T12:40:24.806+0000][69][info ][safepoint   ] Safepoint "Cleanup", Time since last: 10599138029 ns, Reaching safepoint: 96316 ns, Cleanup: 13379 ns, At safepoint: 5991 ns, Total: 115686 ns
[2026-03-27T12:40:25.807+0000][69][info ][safepoint   ] Safepoint "Cleanup", Time since last: 1001113525 ns, Reaching safepoint: 20282 ns, Cleanup: 11819 ns, At safepoint: 3406 ns, Total: 35507 ns
[2026-03-27T12:40:32.834+0000][69][info ][safepoint   ] Safepoint "Cleanup", Time since last: 7026943981 ns, Reaching safepoint: 8447 ns, Cleanup: 19474 ns, At safepoint: 4319 ns, Total: 32240 ns
[2026-03-27T12:40:34.830+0000][69][info ][safepoint   ] Safepoint "Cleanup", Time since last: 2000916174 ns, Reaching safepoint: 64562 ns, Cleanup: 17794 ns, At safepoint: 9830 ns, Total: 92186 ns
[2026-03-27T12:40:37.832+0000][69][info ][safepoint   ] Safepoint "Cleanup", Time since last: 3002077568 ns, Reaching safepoint: 24700 ns, Cleanup: 19199 ns, At safepoint: 4406 ns, Total: 48305 ns
[2026-03-27T12:40:38.835+0000][69][info ][safepoint   ] Safepoint "Cleanup", Time since last: 1002770325 ns, Reaching safepoint: 7558 ns, Cleanup: 20729 ns, At safepoint: 4096 ns, Total: 32383 ns
[2026-03-27T12:40:39.842+0000][69][info ][safepoint   ] Safepoint "Cleanup", Time since last: 1006926948 ns, Reaching safepoint: 21871 ns, Cleanup: 16197 ns, At safepoint: 3071 ns, Total: 41139 ns
[2026-03-27T12:40:40.844+0000][69][info ][safepoint   ] Safepoint "Cleanup", Time since last: 1001465294 ns, Reaching safepoint: 35064 ns, Cleanup: 20454 ns, At safepoint: 7552 ns, Total: 63070 ns
[2026-03-27T12:40:44.850+0000][69][info ][safepoint   ] Safepoint "Cleanup", Time since last: 4006268087 ns, Reaching safepoint: 18430 ns, Cleanup: 15414 ns, At safepoint: 8595 ns, Total: 42439 ns
[2026-03-27T12:40:45.858+0000][69][info ][safepoint   ] Safepoint "Cleanup", Time since last: 1008080605 ns, Reaching safepoint: 51011 ns, Cleanup: 28548 ns, At safepoint: 12246 ns, Total: 91805 ns
[2026-03-27T12:40:50.206+0000][69][info ][safepoint   ] Safepoint "Cleanup", Time since last: 4348238673 ns, Reaching safepoint: 30563 ns, Cleanup: 6859 ns, At safepoint: 2291 ns, Total: 39713 ns
[2026-03-27T12:40:51.875+0000][69][info ][safepoint   ] Safepoint "Cleanup", Time since last: 1668460045 ns, Reaching safepoint: 32334 ns, Cleanup: 19528 ns, At safepoint: 6790 ns, Total: 58652 ns
[2026-03-27T12:40:53.877+0000][69][info ][safepoint   ] Safepoint "Cleanup", Time since last: 2002131173 ns, Reaching safepoint: 31833 ns, Cleanup: 19757 ns, At safepoint: 8225 ns, Total: 59815 ns
[2026-03-27T12:40:56.209+0000][69][info ][safepoint   ] Safepoint "Cleanup", Time since last: 2331975222 ns, Reaching safepoint: 5090 ns, Cleanup: 6785 ns, At safepoint: 12471 ns, Total: 24346 ns
[2026-03-27T12:40:57.750+0000][69][info ][safepoint   ] Safepoint "Cleanup", Time since last: 1541191869 ns, Reaching safepoint: 6602 ns, Cleanup: 7039 ns, At safepoint: 3051 ns, Total: 16692 ns
[2026-03-27T12:40:58.940+0000][69][info ][safepoint   ] Safepoint "Cleanup", Time since last: 1189646868 ns, Reaching safepoint: 24198 ns, Cleanup: 13230 ns, At safepoint: 3960 ns, Total: 41388 ns
[2026-03-27T12:40:59.941+0000][69][info ][safepoint   ] Safepoint "Cleanup", Time since last: 1001218759 ns, Reaching safepoint: 89905 ns, Cleanup: 38722 ns, At safepoint: 123005 ns, Total: 251632 ns
[2026-03-27T12:41:02.039+0000][69][info ][safepoint   ] Safepoint "Cleanup", Time since last: 2097544228 ns, Reaching safepoint: 50685 ns, Cleanup: 43639 ns, At safepoint: 13493 ns, Total: 107817 ns
[2026-03-27T12:41:03.918+0000][69][info ][safepoint   ] Safepoint "Cleanup", Time since last: 1878861061 ns, Reaching safepoint: 42217 ns, Cleanup: 32934 ns, At safepoint: 62811 ns, Total: 137962 ns
[2026-03-27T12:41:04.917+0000][69][info ][safepoint   ] Safepoint "Cleanup", Time since last: 1001978458 ns, Reaching safepoint: 20624 ns, Cleanup: 20547 ns, At safepoint: 3778 ns, Total: 44949 ns
[2026-03-27T12:41:05.918+0000][69][info ][safepoint   ] Safepoint "Cleanup", Time since last: 1000990035 ns, Reaching safepoint: 73672 ns, Cleanup: 21446 ns, At safepoint: 54542 ns, Total: 149660 ns
[2026-03-27T12:41:08.209+0000][69][info ][safepoint   ] Safepoint "Cleanup", Time since last: 2291359212 ns, Reaching safepoint: 5598 ns, Cleanup: 7738 ns, At safepoint: 12439 ns, Total: 25775 ns
[2026-03-27T12:41:09.934+0000][69][info ][safepoint   ] Safepoint "Cleanup", Time since last: 1724614398 ns, Reaching safepoint: 48808 ns, Cleanup: 31798 ns, At safepoint: 12615 ns, Total: 93221 ns
[2026-03-27T12:41:11.937+0000][69][info ][safepoint   ] Safepoint "Cleanup", Time since last: 2002562351 ns, Reaching safepoint: 32912 ns, Cleanup: 18223 ns, At safepoint: 8540 ns, Total: 59675 ns
[2026-03-27T12:41:14.206+0000][69][info ][safepoint   ] Safepoint "Cleanup", Time since last: 2269766458 ns, Reaching safepoint: 6186 ns, Cleanup: 15506 ns, At safepoint: 2925 ns, Total: 24617 ns
[2026-03-27T12:41:15.951+0000][69][info ][safepoint   ] Safepoint "Cleanup", Time since last: 1744622640 ns, Reaching safepoint: 127828 ns, Cleanup: 41301 ns, At safepoint: 12467 ns, Total: 181596 ns
[2026-03-27T12:41:17.953+0000][69][info ][safepoint   ] Safepoint "Cleanup", Time since last: 2002038497 ns, Reaching safepoint: 22086 ns, Cleanup: 14400 ns, At safepoint: 4430 ns, Total: 40916 ns
[2026-03-27T12:41:20.958+0000][69][info ][safepoint   ] Safepoint "Cleanup", Time since last: 3004872169 ns, Reaching safepoint: 20796 ns, Cleanup: 7675 ns, At safepoint: 2727 ns, Total: 31198 ns
[2026-03-27T12:41:23.965+0000][69][info ][safepoint   ] Safepoint "Cleanup", Time since last: 3007202343 ns, Reaching safepoint: 31811 ns, Cleanup: 13880 ns, At safepoint: 4207 ns, Total: 49898 ns
[2026-03-27T12:41:24.967+0000][69][info ][safepoint   ] Safepoint "Cleanup", Time since last: 1001138254 ns, Reaching safepoint: 25983 ns, Cleanup: 12242 ns, At safepoint: 3924 ns, Total: 42149 ns
[2026-03-27T12:41:29.185+0000][69][info ][gc,start    ] GC(34) Pause Young (Normal) (G1 Evacuation Pause)
[2026-03-27T12:41:29.186+0000][69][info ][gc,task     ] GC(34) Using 10 workers of 10 for evacuation
[2026-03-27T12:41:29.186+0000][69][debug][gc,age      ] GC(34) Desired survivor size 20971520 bytes, new threshold 15 (max threshold 15)
[2026-03-27T12:41:29.220+0000][69][info ][gc,phases   ] GC(34)   Pre Evacuate Collection Set: 0.5ms
[2026-03-27T12:41:29.220+0000][69][info ][gc,phases   ] GC(34)   Merge Heap Roots: 0.2ms
[2026-03-27T12:41:29.221+0000][69][info ][gc,phases   ] GC(34)   Evacuate Collection Set: 30.5ms
[2026-03-27T12:41:29.221+0000][69][info ][gc,phases   ] GC(34)   Post Evacuate Collection Set: 1.6ms
[2026-03-27T12:41:29.221+0000][69][info ][gc,phases   ] GC(34)   Other: 1.3ms
[2026-03-27T12:41:29.222+0000][69][trace][gc,age      ] GC(34) Age table with threshold 15 (max threshold 15)
[2026-03-27T12:41:29.222+0000][69][trace][gc,age      ] GC(34) - age   1:    1802840 bytes,    1802840 total
[2026-03-27T12:41:29.222+0000][69][trace][gc,age      ] GC(34) - age   2:     220176 bytes,    2023016 total
[2026-03-27T12:41:29.222+0000][69][trace][gc,age      ] GC(34) - age   3:      69344 bytes,    2092360 total
[2026-03-27T12:41:29.223+0000][69][trace][gc,age      ] GC(34) - age   4:       6296 bytes,    2098656 total
[2026-03-27T12:41:29.223+0000][69][trace][gc,age      ] GC(34) - age   5:      91832 bytes,    2190488 total
[2026-03-27T12:41:29.223+0000][69][trace][gc,age      ] GC(34) - age   6:     298872 bytes,    2489360 total
[2026-03-27T12:41:29.223+0000][69][trace][gc,age      ] GC(34) - age   7:     133832 bytes,    2623192 total
[2026-03-27T12:41:29.224+0000][69][trace][gc,age      ] GC(34) - age   8:     199544 bytes,    2822736 total
[2026-03-27T12:41:29.224+0000][69][trace][gc,age      ] GC(34) - age   9:    1145448 bytes,    3968184 total
[2026-03-27T12:41:29.224+0000][69][trace][gc,age      ] GC(34) - age  10:     105160 bytes,    4073344 total
[2026-03-27T12:41:29.224+0000][69][trace][gc,age      ] GC(34) - age  11:     201072 bytes,    4274416 total
[2026-03-27T12:41:29.224+0000][69][trace][gc,age      ] GC(34) - age  12:    1385768 bytes,    5660184 total
[2026-03-27T12:41:29.224+0000][69][trace][gc,age      ] GC(34) - age  13:    5353416 bytes,   11013600 total
[2026-03-27T12:41:29.224+0000][69][trace][gc,age      ] GC(34) - age  14:    2626336 bytes,   13639936 total
[2026-03-27T12:41:29.225+0000][69][info ][gc,heap     ] GC(34) Eden regions: 72->0(72)
[2026-03-27T12:41:29.225+0000][69][info ][gc,heap     ] GC(34) Survivor regions: 4->4(10)
[2026-03-27T12:41:29.225+0000][69][info ][gc,heap     ] GC(34) Old regions: 24->24
[2026-03-27T12:41:29.225+0000][69][info ][gc,heap     ] GC(34) Humongous regions: 0->0
[2026-03-27T12:41:29.225+0000][69][info ][gc,metaspace] GC(34) Metaspace: 144577K(150656K)->144577K(150656K) NonClass: 125538K(129152K)->125538K(129152K) Class: 19038K(21504K)->19038K(21504K)
[2026-03-27T12:41:29.225+0000][69][info ][gc          ] GC(34) Pause Young (Normal) (G1 Evacuation Pause) 397M->109M(512M) 40.324ms
[2026-03-27T12:41:29.226+0000][69][info ][gc,cpu      ] GC(34) User=0.09s Sys=0.02s Real=0.04s
[2026-03-27T12:41:29.226+0000][69][info ][safepoint   ] Safepoint "G1CollectForAllocation", Time since last: 4218368083 ns, Reaching safepoint: 42807 ns, Cleanup: 3551 ns, At safepoint: 40869628 ns, Total: 40915986 ns
[2026-03-27T12:41:30.995+0000][69][info ][safepoint   ] Safepoint "Cleanup", Time since last: 1769542577 ns, Reaching safepoint: 4784 ns, Cleanup: 19707 ns, At safepoint: 14868 ns, Total: 39359 ns
[2026-03-27T12:41:33.001+0000][69][info ][safepoint   ] Safepoint "Cleanup", Time since last: 2005371564 ns, Reaching safepoint: 18682 ns, Cleanup: 11920 ns, At safepoint: 3249 ns, Total: 33851 ns
[2026-03-27T12:41:34.998+0000][69][info ][safepoint   ] Safepoint "Cleanup", Time since last: 2001332656 ns, Reaching safepoint: 63341 ns, Cleanup: 12561 ns, At safepoint: 4036 ns, Total: 79938 ns
[2026-03-27T12:41:36.001+0000][69][info ][safepoint   ] Safepoint "Cleanup", Time since last: 1002848308 ns, Reaching safepoint: 10412 ns, Cleanup: 11509 ns, At safepoint: 3373 ns, Total: 25294 ns
[2026-03-27T12:41:38.010+0000][69][info ][safepoint   ] Safepoint "Cleanup", Time since last: 2008604451 ns, Reaching safepoint: 23964 ns, Cleanup: 20259 ns, At safepoint: 5714 ns, Total: 49937 ns
[2026-03-27T12:41:40.011+0000][69][info ][safepoint   ] Safepoint "Cleanup", Time since last: 2001114654 ns, Reaching safepoint: 23582 ns, Cleanup: 12630 ns, At safepoint: 5312 ns, Total: 41524 ns
[2026-03-27T12:41:49.708+0000][69][info ][safepoint   ] Safepoint "Cleanup", Time since last: 9697251261 ns, Reaching safepoint: 19744 ns, Cleanup: 10377 ns, At safepoint: 3809 ns, Total: 33930 ns
[2026-03-27T12:41:51.710+0000][69][info ][safepoint   ] Safepoint "Cleanup", Time since last: 2001269897 ns, Reaching safepoint: 52496 ns, Cleanup: 14816 ns, At safepoint: 4915 ns, Total: 72227 ns
[2026-03-27T12:41:55.059+0000][69][info ][safepoint   ] Safepoint "Cleanup", Time since last: 3349470172 ns, Reaching safepoint: 21848 ns, Cleanup: 13503 ns, At safepoint: 4867 ns, Total: 40218 ns
[2026-03-27T12:41:59.215+0000][69][info ][safepoint   ] Safepoint "Cleanup", Time since last: 4155765322 ns, Reaching safepoint: 9309 ns, Cleanup: 12396 ns, At safepoint: 5537 ns, Total: 27242 ns
[2026-03-27T12:42:12.105+0000][69][info ][safepoint   ] Safepoint "Cleanup", Time since last: 12892992059 ns, Reaching safepoint: 7416 ns, Cleanup: 8683 ns, At safepoint: 3788 ns, Total: 19887 ns
[2026-03-27T12:42:13.113+0000][69][info ][safepoint   ] Safepoint "Cleanup", Time since last: 1007395606 ns, Reaching safepoint: 22432 ns, Cleanup: 12100 ns, At safepoint: 4123 ns, Total: 38655 ns
[2026-03-27T12:42:18.120+0000][69][info ][safepoint   ] Safepoint "Cleanup", Time since last: 5006959297 ns, Reaching safepoint: 12257 ns, Cleanup: 20147 ns, At safepoint: 48614 ns, Total: 81018 ns
[2026-03-27T12:42:21.130+0000][69][info ][safepoint   ] Safepoint "Cleanup", Time since last: 3009812834 ns, Reaching safepoint: 25201 ns, Cleanup: 16106 ns, At safepoint: 5779 ns, Total: 47086 ns
[2026-03-27T12:42:24.137+0000][69][info ][safepoint   ] Safepoint "Cleanup", Time since last: 3007535501 ns, Reaching safepoint: 45786 ns, Cleanup: 10476 ns, At safepoint: 4459 ns, Total: 60721 ns
[2026-03-27T12:42:28.147+0000][69][info ][safepoint   ] Safepoint "Cleanup", Time since last: 4009318039 ns, Reaching safepoint: 30506 ns, Cleanup: 18921 ns, At safepoint: 6015 ns, Total: 55442 ns
[2026-03-27T12:42:29.148+0000][69][info ][safepoint   ] Safepoint "Cleanup", Time since last: 1001477850 ns, Reaching safepoint: 21131 ns, Cleanup: 16160 ns, At safepoint: 5603 ns, Total: 42894 ns
[2026-03-27T12:42:30.174+0000][69][info ][safepoint   ] Safepoint "Cleanup", Time since last: 1025659628 ns, Reaching safepoint: 9276 ns, Cleanup: 9691 ns, At safepoint: 5958 ns, Total: 24925 ns
[2026-03-27T12:42:31.175+0000][69][info ][safepoint   ] Safepoint "Cleanup", Time since last: 1000617464 ns, Reaching safepoint: 9032 ns, Cleanup: 10264 ns, At safepoint: 5729 ns, Total: 25025 ns
[2026-03-27T12:42:33.088+0000][69][info ][safepoint   ] Safepoint "Cleanup", Time since last: 1912913074 ns, Reaching safepoint: 28334 ns, Cleanup: 28862 ns, At safepoint: 6051 ns, Total: 63247 ns
[2026-03-27T12:42:35.153+0000][69][info ][safepoint   ] Safepoint "Cleanup", Time since last: 2069969144 ns, Reaching safepoint: 7407 ns, Cleanup: 8331 ns, At safepoint: 6736 ns, Total: 22474 ns
[2026-03-27T12:42:38.194+0000][69][info ][safepoint   ] Safepoint "Cleanup", Time since last: 3041011649 ns, Reaching safepoint: 41513 ns, Cleanup: 17701 ns, At safepoint: 4670 ns, Total: 63884 ns
[2026-03-27T12:42:41.206+0000][69][info ][safepoint   ] Safepoint "Cleanup", Time since last: 3011344658 ns, Reaching safepoint: 8686 ns, Cleanup: 6104 ns, At safepoint: 3251 ns, Total: 18041 ns
[2026-03-27T12:42:48.218+0000][69][info ][safepoint   ] Safepoint "Cleanup", Time since last: 7011704052 ns, Reaching safepoint: 38606 ns, Cleanup: 24397 ns, At safepoint: 6167 ns, Total: 69170 ns
[2026-03-27T12:42:53.201+0000][69][info ][safepoint   ] Safepoint "Cleanup", Time since last: 4983224713 ns, Reaching safepoint: 51476 ns, Cleanup: 60015 ns, At safepoint: 57328 ns, Total: 168819 ns
[2026-03-27T12:42:59.202+0000][69][info ][safepoint   ] Safepoint "Cleanup", Time since last: 6000605882 ns, Reaching safepoint: 9855 ns, Cleanup: 18704 ns, At safepoint: 6224 ns, Total: 34783 ns
[2026-03-27T12:43:00.263+0000][69][info ][safepoint   ] Safepoint "Cleanup", Time since last: 1060542560 ns, Reaching safepoint: 118660 ns, Cleanup: 327692 ns, At safepoint: 75970 ns, Total: 522322 ns
[2026-03-27T12:43:06.290+0000][69][info ][safepoint   ] Safepoint "Cleanup", Time since last: 6031607912 ns, Reaching safepoint: 21561 ns, Cleanup: 8404 ns, At safepoint: 4685 ns, Total: 34650 ns
[2026-03-27T12:43:08.296+0000][69][info ][safepoint   ] Safepoint "Cleanup", Time since last: 2005351903 ns, Reaching safepoint: 94726 ns, Cleanup: 20115 ns, At safepoint: 42016 ns, Total: 156857 ns
[2026-03-27T12:43:17.322+0000][69][info ][safepoint   ] Safepoint "Cleanup", Time since last: 9026136138 ns, Reaching safepoint: 10480 ns, Cleanup: 9304 ns, At safepoint: 5789 ns, Total: 25573 ns
[2026-03-27T12:43:20.181+0000][69][info ][gc,start    ] GC(35) Pause Young (Concurrent Start) (G1 Evacuation Pause)
[2026-03-27T12:43:20.182+0000][69][info ][gc,task     ] GC(35) Using 10 workers of 10 for evacuation
[2026-03-27T12:43:20.183+0000][69][debug][gc,age      ] GC(35) Desired survivor size 20971520 bytes, new threshold 15 (max threshold 15)
[2026-03-27T12:43:20.218+0000][69][info ][gc,phases   ] GC(35)   Pre Evacuate Collection Set: 1.0ms
[2026-03-27T12:43:20.219+0000][69][info ][gc,phases   ] GC(35)   Merge Heap Roots: 0.2ms
[2026-03-27T12:43:20.220+0000][69][info ][gc,phases   ] GC(35)   Evacuate Collection Set: 31.0ms
[2026-03-27T12:43:20.221+0000][69][info ][gc,phases   ] GC(35)   Post Evacuate Collection Set: 2.2ms
[2026-03-27T12:43:20.221+0000][69][info ][gc,phases   ] GC(35)   Other: 1.8ms
[2026-03-27T12:43:20.222+0000][69][trace][gc,age      ] GC(35) Age table with threshold 15 (max threshold 15)
[2026-03-27T12:43:20.223+0000][69][trace][gc,age      ] GC(35) - age   1:    1118584 bytes,    1118584 total
[2026-03-27T12:43:20.223+0000][69][trace][gc,age      ] GC(35) - age   2:     203160 bytes,    1321744 total
[2026-03-27T12:43:20.224+0000][69][trace][gc,age      ] GC(35) - age   3:     124072 bytes,    1445816 total
[2026-03-27T12:43:20.225+0000][69][trace][gc,age      ] GC(35) - age   4:      68648 bytes,    1514464 total
[2026-03-27T12:43:20.225+0000][69][trace][gc,age      ] GC(35) - age   5:       6296 bytes,    1520760 total
[2026-03-27T12:43:20.226+0000][69][trace][gc,age      ] GC(35) - age   6:      71192 bytes,    1591952 total
[2026-03-27T12:43:20.227+0000][69][trace][gc,age      ] GC(35) - age   7:     298872 bytes,    1890824 total
[2026-03-27T12:43:20.227+0000][69][trace][gc,age      ] GC(35) - age   8:     133392 bytes,    2024216 total
[2026-03-27T12:43:20.228+0000][69][trace][gc,age      ] GC(35) - age   9:     199448 bytes,    2223664 total
[2026-03-27T12:43:20.228+0000][69][trace][gc,age      ] GC(35) - age  10:    1145384 bytes,    3369048 total
[2026-03-27T12:43:20.229+0000][69][trace][gc,age      ] GC(35) - age  11:     105160 bytes,    3474208 total
[2026-03-27T12:43:20.229+0000][69][trace][gc,age      ] GC(35) - age  12:     201072 bytes,    3675280 total
[2026-03-27T12:43:20.229+0000][69][trace][gc,age      ] GC(35) - age  13:    1385768 bytes,    5061048 total
[2026-03-27T12:43:20.230+0000][69][trace][gc,age      ] GC(35) - age  14:    5340792 bytes,   10401840 total
[2026-03-27T12:43:20.231+0000][69][trace][gc,age      ] GC(35) - age  15:    2618320 bytes,   13020160 total
[2026-03-27T12:43:20.231+0000][69][info ][gc,heap     ] GC(35) Eden regions: 72->0(72)
[2026-03-27T12:43:20.232+0000][69][info ][gc,heap     ] GC(35) Survivor regions: 4->4(10)
[2026-03-27T12:43:20.232+0000][69][info ][gc,heap     ] GC(35) Old regions: 24->24
[2026-03-27T12:43:20.233+0000][69][info ][gc,heap     ] GC(35) Humongous regions: 0->0
[2026-03-27T12:43:20.233+0000][69][info ][gc,metaspace] GC(35) Metaspace: 144626K(150656K)->144626K(150656K) NonClass: 125587K(129152K)->125587K(129152K) Class: 19038K(21504K)->19038K(21504K)
[2026-03-27T12:43:20.234+0000][69][info ][gc          ] GC(35) Pause Young (Concurrent Start) (G1 Evacuation Pause) 397M->107M(512M) 52.974ms
[2026-03-27T12:43:20.235+0000][69][info ][gc          ] GC(36) Concurrent Mark Cycle
[2026-03-27T12:43:20.236+0000][69][info ][gc,marking  ] GC(36) Concurrent Scan Root Regions
[2026-03-27T12:43:20.235+0000][69][info ][gc,cpu      ] GC(35) User=0.10s Sys=0.02s Real=0.06s
[2026-03-27T12:43:20.237+0000][69][info ][safepoint   ] Safepoint "G1CollectForAllocation", Time since last: 2859136911 ns, Reaching safepoint: 18657 ns, Cleanup: 3985 ns, At safepoint: 56271983 ns, Total: 56294625 ns
[2026-03-27T12:43:20.242+0000][69][info ][gc,marking  ] GC(36) Concurrent Scan Root Regions 6.305ms
[2026-03-27T12:43:20.243+0000][69][info ][gc,marking  ] GC(36) Concurrent Mark
[2026-03-27T12:43:20.244+0000][69][info ][gc,marking  ] GC(36) Concurrent Mark From Roots
[2026-03-27T12:43:20.244+0000][69][info ][gc,task     ] GC(36) Using 3 workers of 3 for marking
[2026-03-27T12:43:20.296+0000][69][info ][gc,marking  ] GC(36) Concurrent Mark From Roots 52.429ms
[2026-03-27T12:43:20.297+0000][69][info ][gc,marking  ] GC(36) Concurrent Preclean
[2026-03-27T12:43:20.298+0000][69][info ][gc,marking  ] GC(36) Concurrent Preclean 1.369ms
[2026-03-27T12:43:20.299+0000][69][info ][gc,start    ] GC(36) Pause Remark
[2026-03-27T12:43:20.364+0000][69][info ][gc          ] GC(36) Pause Remark 115M->115M(512M) 64.648ms
[2026-03-27T12:43:20.365+0000][69][info ][gc,cpu      ] GC(36) User=0.22s Sys=0.00s Real=0.07s
[2026-03-27T12:43:20.365+0000][69][info ][safepoint   ] Safepoint "G1PauseRemark", Time since last: 61923586 ns, Reaching safepoint: 20693 ns, Cleanup: 18182 ns, At safepoint: 66026756 ns, Total: 66065631 ns
[2026-03-27T12:43:20.366+0000][69][info ][gc,marking  ] GC(36) Concurrent Mark 122.919ms
[2026-03-27T12:43:20.366+0000][69][info ][gc,marking  ] GC(36) Concurrent Rebuild Remembered Sets and Scrub Regions
[2026-03-27T12:43:20.387+0000][69][info ][gc,marking  ] GC(36) Concurrent Rebuild Remembered Sets and Scrub Regions 21.032ms
[2026-03-27T12:43:20.388+0000][69][info ][gc,start    ] GC(36) Pause Cleanup
[2026-03-27T12:43:20.390+0000][69][info ][gc          ] GC(36) Pause Cleanup 116M->116M(512M) 1.077ms
[2026-03-27T12:43:20.390+0000][69][info ][gc,cpu      ] GC(36) User=0.00s Sys=0.00s Real=0.00s
[2026-03-27T12:43:20.391+0000][69][info ][safepoint   ] Safepoint "G1PauseCleanup", Time since last: 22932622 ns, Reaching safepoint: 12661 ns, Cleanup: 67102 ns, At safepoint: 2319173 ns, Total: 2398936 ns
[2026-03-27T12:43:20.392+0000][69][info ][gc,marking  ] GC(36) Concurrent Clear Claimed Marks
[2026-03-27T12:43:20.393+0000][69][info ][gc,marking  ] GC(36) Concurrent Clear Claimed Marks 0.896ms
[2026-03-27T12:43:20.393+0000][69][info ][gc,marking  ] GC(36) Concurrent Cleanup for Next Mark
[2026-03-27T12:43:20.394+0000][69][info ][gc,marking  ] GC(36) Concurrent Cleanup for Next Mark 1.153ms
[2026-03-27T12:43:20.395+0000][69][info ][gc          ] GC(36) Concurrent Mark Cycle 159.874ms
[2026-03-27T12:43:26.385+0000][69][info ][safepoint   ] Safepoint "Cleanup", Time since last: 5994514986 ns, Reaching safepoint: 28872 ns, Cleanup: 8177 ns, At safepoint: 4670 ns, Total: 41719 ns
[2026-03-27T12:43:27.400+0000][69][info ][safepoint   ] Safepoint "Cleanup", Time since last: 1014154597 ns, Reaching safepoint: 13802 ns, Cleanup: 17051 ns, At safepoint: 7283 ns, Total: 38136 ns
[2026-03-27T12:43:29.412+0000][69][info ][safepoint   ] Safepoint "Cleanup", Time since last: 2012038087 ns, Reaching safepoint: 39830 ns, Cleanup: 22242 ns, At safepoint: 9451 ns, Total: 71523 ns
[2026-03-27T12:43:32.210+0000][69][info ][safepoint   ] Safepoint "Cleanup", Time since last: 2798649465 ns, Reaching safepoint: 5578 ns, Cleanup: 7232 ns, At safepoint: 12437 ns, Total: 25247 ns
[2026-03-27T12:43:34.424+0000][69][info ][safepoint   ] Safepoint "Cleanup", Time since last: 2216306084 ns, Reaching safepoint: 39713 ns, Cleanup: 20516 ns, At safepoint: 4765 ns, Total: 64994 ns
[2026-03-27T12:43:35.425+0000][69][info ][safepoint   ] Safepoint "Cleanup", Time since last: 1001581029 ns, Reaching safepoint: 22487 ns, Cleanup: 13089 ns, At safepoint: 6696 ns, Total: 42272 ns
[2026-03-27T12:43:38.201+0000][69][info ][safepoint   ] Safepoint "Cleanup", Time since last: 2775933296 ns, Reaching safepoint: 5667 ns, Cleanup: 13109 ns, At safepoint: 12537 ns, Total: 31313 ns
[2026-03-27T12:43:40.443+0000][69][info ][safepoint   ] Safepoint "Cleanup", Time since last: 2241551196 ns, Reaching safepoint: 110815 ns, Cleanup: 19546 ns, At safepoint: 10290 ns, Total: 140651 ns
[2026-03-27T12:43:46.461+0000][69][info ][safepoint   ] Safepoint "Cleanup", Time since last: 6017988682 ns, Reaching safepoint: 42011 ns, Cleanup: 38197 ns, At safepoint: 10424 ns, Total: 90632 ns
[2026-03-27T12:43:48.463+0000][69][info ][safepoint   ] Safepoint "Cleanup", Time since last: 2002243172 ns, Reaching safepoint: 29867 ns, Cleanup: 17056 ns, At safepoint: 6596 ns, Total: 53519 ns
[2026-03-27T12:43:49.825+0000][69][info ][safepoint   ] Safepoint "Cleanup", Time since last: 1361986531 ns, Reaching safepoint: 21651 ns, Cleanup: 12202 ns, At safepoint: 4128 ns, Total: 37981 ns
[2026-03-27T12:43:51.475+0000][69][info ][safepoint   ] Safepoint "Cleanup", Time since last: 1649400667 ns, Reaching safepoint: 33209 ns, Cleanup: 28530 ns, At safepoint: 7340 ns, Total: 69079 ns
[2026-03-27T12:43:52.494+0000][69][info ][safepoint   ] Safepoint "Cleanup", Time since last: 1019215026 ns, Reaching safepoint: 16162 ns, Cleanup: 15134 ns, At safepoint: 6560 ns, Total: 37856 ns
[2026-03-27T12:43:53.503+0000][69][info ][safepoint   ] Safepoint "Cleanup", Time since last: 1009024518 ns, Reaching safepoint: 29268 ns, Cleanup: 17434 ns, At safepoint: 6504 ns, Total: 53206 ns
[2026-03-27T12:43:55.180+0000][69][info ][safepoint   ] Safepoint "Cleanup", Time since last: 1676237148 ns, Reaching safepoint: 37867 ns, Cleanup: 26461 ns, At safepoint: 9515 ns, Total: 73843 ns
[2026-03-27T12:43:59.514+0000][69][info ][safepoint   ] Safepoint "Cleanup", Time since last: 4334677604 ns, Reaching safepoint: 44566 ns, Cleanup: 33433 ns, At safepoint: 11475 ns, Total: 89474 ns
[2026-03-27T12:44:08.216+0000][69][info ][safepoint   ] Safepoint "Cleanup", Time since last: 8704309234 ns, Reaching safepoint: 7569 ns, Cleanup: 6035 ns, At safepoint: 73449 ns, Total: 87053 ns
[2026-03-27T12:44:09.550+0000][69][info ][safepoint   ] Safepoint "Cleanup", Time since last: 1334082696 ns, Reaching safepoint: 43838 ns, Cleanup: 16218 ns, At safepoint: 4908 ns, Total: 64964 ns
[2026-03-27T12:44:14.201+0000][69][info ][safepoint   ] Safepoint "Cleanup", Time since last: 4651219640 ns, Reaching safepoint: 5301 ns, Cleanup: 7620 ns, At safepoint: 12777 ns, Total: 25698 ns
[2026-03-27T12:44:16.564+0000][69][info ][safepoint   ] Safepoint "Cleanup", Time since last: 2362683303 ns, Reaching safepoint: 38695 ns, Cleanup: 21079 ns, At safepoint: 8691 ns, Total: 68465 ns
[2026-03-27T12:44:18.566+0000][69][info ][safepoint   ] Safepoint "Cleanup", Time since last: 2002242596 ns, Reaching safepoint: 48100 ns, Cleanup: 31059 ns, At safepoint: 10865 ns, Total: 90024 ns
[2026-03-27T12:44:20.208+0000][69][info ][safepoint   ] Safepoint "Cleanup", Time since last: 1641495911 ns, Reaching safepoint: 4795 ns, Cleanup: 4650 ns, At safepoint: 12290 ns, Total: 21735 ns
[2026-03-27T12:44:35.616+0000][69][info ][safepoint   ] Safepoint "Cleanup", Time since last: 15411571776 ns, Reaching safepoint: 83200 ns, Cleanup: 15487 ns, At safepoint: 5387 ns, Total: 104074 ns
[2026-03-27T12:44:37.618+0000][69][info ][safepoint   ] Safepoint "Cleanup", Time since last: 2001988921 ns, Reaching safepoint: 16309 ns, Cleanup: 11045 ns, At safepoint: 3546 ns, Total: 30900 ns
[2026-03-27T12:44:38.624+0000][69][info ][safepoint   ] Safepoint "Cleanup", Time since last: 1006361581 ns, Reaching safepoint: 14126 ns, Cleanup: 46032 ns, At safepoint: 8342 ns, Total: 68500 ns
[2026-03-27T12:44:39.642+0000][69][info ][safepoint   ] Safepoint "Cleanup", Time since last: 1017032069 ns, Reaching safepoint: 49728 ns, Cleanup: 20912 ns, At safepoint: 7528 ns, Total: 78168 ns
[2026-03-27T12:44:40.643+0000][69][info ][safepoint   ] Safepoint "Cleanup", Time since last: 1001043032 ns, Reaching safepoint: 193199 ns, Cleanup: 91670 ns, At safepoint: 11288 ns, Total: 296157 ns
[2026-03-27T12:44:46.654+0000][69][info ][safepoint   ] Safepoint "Cleanup", Time since last: 6011385406 ns, Reaching safepoint: 39035 ns, Cleanup: 148101 ns, At safepoint: 11669 ns, Total: 198805 ns
[2026-03-27T12:44:50.208+0000][69][info ][safepoint   ] Safepoint "Cleanup", Time since last: 3553346746 ns, Reaching safepoint: 7532 ns, Cleanup: 33444 ns, At safepoint: 33212 ns, Total: 74188 ns
[2026-03-27T12:44:54.670+0000][69][info ][safepoint   ] Safepoint "Cleanup", Time since last: 4461592593 ns, Reaching safepoint: 36342 ns, Cleanup: 25597 ns, At safepoint: 8806 ns, Total: 70745 ns
[2026-03-27T12:44:58.686+0000][69][info ][safepoint   ] Safepoint "Cleanup", Time since last: 4016069880 ns, Reaching safepoint: 80223 ns, Cleanup: 23833 ns, At safepoint: 10225 ns, Total: 114281 ns
[2026-03-27T12:45:02.707+0000][69][info ][safepoint   ] Safepoint "Cleanup", Time since last: 4020948599 ns, Reaching safepoint: 227360 ns, Cleanup: 8500 ns, At safepoint: 44986 ns, Total: 280846 ns
[2026-03-27T12:45:03.708+0000][69][info ][safepoint   ] Safepoint "Cleanup", Time since last: 1001145888 ns, Reaching safepoint: 9525 ns, Cleanup: 13541 ns, At safepoint: 5294 ns, Total: 28360 ns
[2026-03-27T12:45:08.360+0000][69][info ][gc,start    ] GC(37) Pause Young (Prepare Mixed) (G1 Evacuation Pause)
[2026-03-27T12:45:08.360+0000][69][info ][gc,task     ] GC(37) Using 10 workers of 10 for evacuation
[2026-03-27T12:45:08.361+0000][69][debug][gc,age      ] GC(37) Desired survivor size 20971520 bytes, new threshold 15 (max threshold 15)
[2026-03-27T12:45:08.389+0000][69][info ][gc,phases   ] GC(37)   Pre Evacuate Collection Set: 0.3ms
[2026-03-27T12:45:08.389+0000][69][info ][gc,phases   ] GC(37)   Merge Heap Roots: 0.3ms
[2026-03-27T12:45:08.390+0000][69][info ][gc,phases   ] GC(37)   Evacuate Collection Set: 25.0ms
[2026-03-27T12:45:08.391+0000][69][info ][gc,phases   ] GC(37)   Post Evacuate Collection Set: 1.3ms
[2026-03-27T12:45:08.391+0000][69][info ][gc,phases   ] GC(37)   Other: 1.3ms
[2026-03-27T12:45:08.392+0000][69][trace][gc,age      ] GC(37) Age table with threshold 15 (max threshold 15)
[2026-03-27T12:45:08.393+0000][69][trace][gc,age      ] GC(37) - age   1:    1181784 bytes,    1181784 total
[2026-03-27T12:45:08.393+0000][69][trace][gc,age      ] GC(37) - age   2:     152640 bytes,    1334424 total
[2026-03-27T12:45:08.394+0000][69][trace][gc,age      ] GC(37) - age   3:     192976 bytes,    1527400 total
[2026-03-27T12:45:08.394+0000][69][trace][gc,age      ] GC(37) - age   4:     114544 bytes,    1641944 total
[2026-03-27T12:45:08.395+0000][69][trace][gc,age      ] GC(37) - age   5:      65048 bytes,    1706992 total
[2026-03-27T12:45:08.396+0000][69][trace][gc,age      ] GC(37) - age   6:       6296 bytes,    1713288 total
[2026-03-27T12:45:08.396+0000][69][trace][gc,age      ] GC(37) - age   7:      71064 bytes,    1784352 total
[2026-03-27T12:45:08.397+0000][69][trace][gc,age      ] GC(37) - age   8:     293656 bytes,    2078008 total
[2026-03-27T12:45:08.398+0000][69][trace][gc,age      ] GC(37) - age   9:     133040 bytes,    2211048 total
[2026-03-27T12:45:08.399+0000][69][trace][gc,age      ] GC(37) - age  10:     199368 bytes,    2410416 total
[2026-03-27T12:45:08.399+0000][69][trace][gc,age      ] GC(37) - age  11:    1145384 bytes,    3555800 total
[2026-03-27T12:45:08.399+0000][69][trace][gc,age      ] GC(37) - age  12:     105144 bytes,    3660944 total
[2026-03-27T12:45:08.400+0000][69][trace][gc,age      ] GC(37) - age  13:     200640 bytes,    3861584 total
[2026-03-27T12:45:08.401+0000][69][trace][gc,age      ] GC(37) - age  14:    1385768 bytes,    5247352 total
[2026-03-27T12:45:08.401+0000][69][trace][gc,age      ] GC(37) - age  15:    5332776 bytes,   10580128 total
[2026-03-27T12:45:08.402+0000][69][info ][gc,heap     ] GC(37) Eden regions: 72->0(73)
[2026-03-27T12:45:08.402+0000][69][info ][gc,heap     ] GC(37) Survivor regions: 4->3(10)
[2026-03-27T12:45:08.403+0000][69][info ][gc,heap     ] GC(37) Old regions: 24->25
[2026-03-27T12:45:08.403+0000][69][info ][gc,heap     ] GC(37) Humongous regions: 0->0
[2026-03-27T12:45:08.404+0000][69][info ][gc,metaspace] GC(37) Metaspace: 144707K(150656K)->144707K(150656K) NonClass: 125676K(129152K)->125676K(129152K) Class: 19030K(21504K)->19030K(21504K)
[2026-03-27T12:45:08.405+0000][69][info ][gc          ] GC(37) Pause Young (Prepare Mixed) (G1 Evacuation Pause) 395M->108M(512M) 45.275ms
[2026-03-27T12:45:08.406+0000][69][info ][gc,cpu      ] GC(37) User=0.12s Sys=0.00s Real=0.05s
[2026-03-27T12:45:08.406+0000][69][info ][safepoint   ] Safepoint "G1CollectForAllocation", Time since last: 4655252952 ns, Reaching safepoint: 11939 ns, Cleanup: 2720 ns, At safepoint: 46948799 ns, Total: 46963458 ns
[2026-03-27T12:45:09.721+0000][69][info ][safepoint   ] Safepoint "Cleanup", Time since last: 1314399436 ns, Reaching safepoint: 47549 ns, Cleanup: 27232 ns, At safepoint: 58860 ns, Total: 133641 ns
[2026-03-27T12:45:13.724+0000][69][info ][safepoint   ] Safepoint "Cleanup", Time since last: 4003031886 ns, Reaching safepoint: 133142 ns, Cleanup: 18225 ns, At safepoint: 7702 ns, Total: 159069 ns
[2026-03-27T12:45:14.727+0000][69][info ][safepoint   ] Safepoint "Cleanup", Time since last: 1003216099 ns, Reaching safepoint: 12609 ns, Cleanup: 14156 ns, At safepoint: 6483 ns, Total: 33248 ns
[2026-03-27T12:45:20.208+0000][69][info ][safepoint   ] Safepoint "Cleanup", Time since last: 5480492081 ns, Reaching safepoint: 5090 ns, Cleanup: 5519 ns, At safepoint: 12343 ns, Total: 22952 ns
[2026-03-27T12:45:32.209+0000][69][info ][safepoint   ] Safepoint "Cleanup", Time since last: 12000729204 ns, Reaching safepoint: 27193 ns, Cleanup: 8439 ns, At safepoint: 14207 ns, Total: 49839 ns
[2026-03-27T12:45:33.788+0000][69][info ][safepoint   ] Safepoint "Cleanup", Time since last: 1579712692 ns, Reaching safepoint: 20366 ns, Cleanup: 12520 ns, At safepoint: 3888 ns, Total: 36774 ns
[2026-03-27T12:45:37.788+0000][69][info ][safepoint   ] Safepoint "Cleanup", Time since last: 4001981925 ns, Reaching safepoint: 18399 ns, Cleanup: 11358 ns, At safepoint: 3011 ns, Total: 32768 ns
[2026-03-27T12:45:38.793+0000][69][info ][safepoint   ] Safepoint "Cleanup", Time since last: 1005286165 ns, Reaching safepoint: 8149 ns, Cleanup: 26227 ns, At safepoint: 4787 ns, Total: 39163 ns
[2026-03-27T12:45:46.817+0000][69][info ][safepoint   ] Safepoint "Cleanup", Time since last: 8023599662 ns, Reaching safepoint: 61009 ns, Cleanup: 12675 ns, At safepoint: 3516 ns, Total: 77200 ns
[2026-03-27T12:45:47.818+0000][69][info ][safepoint   ] Safepoint "Cleanup", Time since last: 1001015080 ns, Reaching safepoint: 27505 ns, Cleanup: 19355 ns, At safepoint: 9381 ns, Total: 56241 ns
[2026-03-27T12:45:49.973+0000][69][info ][safepoint   ] Safepoint "Cleanup", Time since last: 2155238470 ns, Reaching safepoint: 37445 ns, Cleanup: 23880 ns, At safepoint: 9999 ns, Total: 71324 ns
[2026-03-27T12:45:51.828+0000][69][info ][safepoint   ] Safepoint "Cleanup", Time since last: 1854455037 ns, Reaching safepoint: 19256 ns, Cleanup: 10381 ns, At safepoint: 3643 ns, Total: 33280 ns
[2026-03-27T12:45:54.830+0000][69][info ][safepoint   ] Safepoint "Cleanup", Time since last: 3002495355 ns, Reaching safepoint: 24380 ns, Cleanup: 20729 ns, At safepoint: 6157 ns, Total: 51266 ns
[2026-03-27T12:45:56.207+0000][69][info ][safepoint   ] Safepoint "Cleanup", Time since last: 1376462100 ns, Reaching safepoint: 5144 ns, Cleanup: 5336 ns, At safepoint: 12094 ns, Total: 22574 ns
[2026-03-27T12:45:57.840+0000][69][info ][safepoint   ] Safepoint "Cleanup", Time since last: 1633658833 ns, Reaching safepoint: 60550 ns, Cleanup: 16839 ns, At safepoint: 6823 ns, Total: 84212 ns
[2026-03-27T12:46:14.209+0000][69][info ][safepoint   ] Safepoint "Cleanup", Time since last: 16372568673 ns, Reaching safepoint: 66654 ns, Cleanup: 8828 ns, At safepoint: 14652 ns, Total: 90134 ns
[2026-03-27T12:46:15.889+0000][69][info ][safepoint   ] Safepoint "Cleanup", Time since last: 1679329223 ns, Reaching safepoint: 21753 ns, Cleanup: 18420 ns, At safepoint: 3135 ns, Total: 43308 ns
[2026-03-27T12:46:16.890+0000][69][info ][safepoint   ] Safepoint "Cleanup", Time since last: 1001202551 ns, Reaching safepoint: 43437 ns, Cleanup: 24887 ns, At safepoint: 11430 ns, Total: 79754 ns
[2026-03-27T12:46:20.208+0000][69][info ][safepoint   ] Safepoint "Cleanup", Time since last: 3318637655 ns, Reaching safepoint: 5269 ns, Cleanup: 6476 ns, At safepoint: 2524 ns, Total: 14269 ns
[2026-03-27T12:46:21.906+0000][69][info ][safepoint   ] Safepoint "Cleanup", Time since last: 1697675290 ns, Reaching safepoint: 34334 ns, Cleanup: 19569 ns, At safepoint: 9197 ns, Total: 63100 ns
[2026-03-27T12:46:35.936+0000][69][info ][safepoint   ] Safepoint "Cleanup", Time since last: 14032132032 ns, Reaching safepoint: 97252 ns, Cleanup: 14561 ns, At safepoint: 7625 ns, Total: 119438 ns
[2026-03-27T12:46:37.937+0000][69][info ][safepoint   ] Safepoint "Cleanup", Time since last: 2001628360 ns, Reaching safepoint: 28511 ns, Cleanup: 13073 ns, At safepoint: 6928 ns, Total: 48512 ns
[2026-03-27T12:46:38.943+0000][69][info ][safepoint   ] Safepoint "Cleanup", Time since last: 1005222166 ns, Reaching safepoint: 9066 ns, Cleanup: 8599 ns, At safepoint: 4032 ns, Total: 21697 ns
[2026-03-27T12:46:41.968+0000][69][info ][safepoint   ] Safepoint "Cleanup", Time since last: 3025266293 ns, Reaching safepoint: 64470 ns, Cleanup: 46113 ns, At safepoint: 13493 ns, Total: 124076 ns
[2026-03-27T12:46:44.203+0000][69][info ][safepoint   ] Safepoint "Cleanup", Time since last: 2235161050 ns, Reaching safepoint: 18215 ns, Cleanup: 7785 ns, At safepoint: 2902 ns, Total: 28902 ns
[2026-03-27T12:46:46.981+0000][69][info ][safepoint   ] Safepoint "Cleanup", Time since last: 2777490561 ns, Reaching safepoint: 67584 ns, Cleanup: 20767 ns, At safepoint: 10113 ns, Total: 98464 ns
[2026-03-27T12:47:00.026+0000][69][info ][safepoint   ] Safepoint "Cleanup", Time since last: 13045033689 ns, Reaching safepoint: 54789 ns, Cleanup: 17251 ns, At safepoint: 5860 ns, Total: 77900 ns
[2026-03-27T12:47:05.041+0000][69][info ][safepoint   ] Safepoint "Cleanup", Time since last: 5017696690 ns, Reaching safepoint: 66505 ns, Cleanup: 38308 ns, At safepoint: 14998 ns, Total: 119811 ns
[2026-03-27T12:47:08.222+0000][69][info ][gc,start    ] GC(38) Pause Young (Mixed) (G1 Evacuation Pause)
[2026-03-27T12:47:08.224+0000][69][info ][gc,task     ] GC(38) Using 10 workers of 10 for evacuation
[2026-03-27T12:47:08.225+0000][69][debug][gc,age      ] GC(38) Desired survivor size 20971520 bytes, new threshold 15 (max threshold 15)
[2026-03-27T12:47:08.259+0000][69][info ][gc,phases   ] GC(38)   Pre Evacuate Collection Set: 0.9ms
[2026-03-27T12:47:08.259+0000][69][info ][gc,phases   ] GC(38)   Merge Heap Roots: 0.4ms
[2026-03-27T12:47:08.260+0000][69][info ][gc,phases   ] GC(38)   Evacuate Collection Set: 30.1ms
[2026-03-27T12:47:08.261+0000][69][info ][gc,phases   ] GC(38)   Post Evacuate Collection Set: 1.1ms
[2026-03-27T12:47:08.262+0000][69][info ][gc,phases   ] GC(38)   Other: 2.4ms
[2026-03-27T12:47:08.262+0000][69][trace][gc,age      ] GC(38) Age table with threshold 15 (max threshold 15)
[2026-03-27T12:47:08.263+0000][69][trace][gc,age      ] GC(38) - age   1:    1605568 bytes,    1605568 total
[2026-03-27T12:47:08.264+0000][69][trace][gc,age      ] GC(38) - age   2:     282064 bytes,    1887632 total
[2026-03-27T12:47:08.264+0000][69][trace][gc,age      ] GC(38) - age   3:     151264 bytes,    2038896 total
[2026-03-27T12:47:08.265+0000][69][trace][gc,age      ] GC(38) - age   4:     192848 bytes,    2231744 total
[2026-03-27T12:47:08.266+0000][69][trace][gc,age      ] GC(38) - age   5:     114408 bytes,    2346152 total
[2026-03-27T12:47:08.267+0000][69][trace][gc,age      ] GC(38) - age   6:      65048 bytes,    2411200 total
[2026-03-27T12:47:08.268+0000][69][trace][gc,age      ] GC(38) - age   7:       6296 bytes,    2417496 total
[2026-03-27T12:47:08.268+0000][69][trace][gc,age      ] GC(38) - age   8:      70872 bytes,    2488368 total
[2026-03-27T12:47:08.269+0000][69][trace][gc,age      ] GC(38) - age   9:     293656 bytes,    2782024 total
[2026-03-27T12:47:08.270+0000][69][trace][gc,age      ] GC(38) - age  10:     133040 bytes,    2915064 total
[2026-03-27T12:47:08.270+0000][69][trace][gc,age      ] GC(38) - age  11:     199304 bytes,    3114368 total
[2026-03-27T12:47:08.271+0000][69][trace][gc,age      ] GC(38) - age  12:    1145384 bytes,    4259752 total
[2026-03-27T12:47:08.272+0000][69][trace][gc,age      ] GC(38) - age  13:     105144 bytes,    4364896 total
[2026-03-27T12:47:08.272+0000][69][trace][gc,age      ] GC(38) - age  14:     200640 bytes,    4565536 total
[2026-03-27T12:47:08.273+0000][69][trace][gc,age      ] GC(38) - age  15:    1385768 bytes,    5951304 total
[2026-03-27T12:47:08.274+0000][69][info ][gc,heap     ] GC(38) Eden regions: 73->0(74)
[2026-03-27T12:47:08.275+0000][69][info ][gc,heap     ] GC(38) Survivor regions: 3->2(10)
[2026-03-27T12:47:08.275+0000][69][info ][gc,heap     ] GC(38) Old regions: 25->26
[2026-03-27T12:47:08.276+0000][69][info ][gc,heap     ] GC(38) Humongous regions: 0->0
[2026-03-27T12:47:08.277+0000][69][info ][gc,metaspace] GC(38) Metaspace: 144794K(150656K)->144794K(150656K) NonClass: 125764K(129152K)->125764K(129152K) Class: 19030K(21504K)->19030K(21504K)
[2026-03-27T12:47:08.277+0000][69][info ][gc          ] GC(38) Pause Young (Mixed) (G1 Evacuation Pause) 400M->108M(512M) 55.127ms
[2026-03-27T12:47:08.278+0000][69][info ][gc,cpu      ] GC(38) User=0.12s Sys=0.02s Real=0.06s
[2026-03-27T12:47:08.279+0000][69][info ][safepoint   ] Safepoint "G1CollectForAllocation", Time since last: 3181589962 ns, Reaching safepoint: 182882 ns, Cleanup: 3114 ns, At safepoint: 56486158 ns, Total: 56672154 ns
[2026-03-27T12:47:10.060+0000][69][info ][safepoint   ] Safepoint "Cleanup", Time since last: 1781279727 ns, Reaching safepoint: 27581 ns, Cleanup: 27019 ns, At safepoint: 6857 ns, Total: 61457 ns
[2026-03-27T12:47:11.062+0000][69][info ][safepoint   ] Safepoint "Cleanup", Time since last: 1002029678 ns, Reaching safepoint: 42573 ns, Cleanup: 26724 ns, At safepoint: 11237 ns, Total: 80534 ns
[2026-03-27T12:47:14.200+0000][69][info ][safepoint   ] Safepoint "Cleanup", Time since last: 3137427255 ns, Reaching safepoint: 20220 ns, Cleanup: 9935 ns, At safepoint: 8520 ns, Total: 38675 ns
[2026-03-27T12:47:16.072+0000][69][info ][safepoint   ] Safepoint "Cleanup", Time since last: 1872566073 ns, Reaching safepoint: 45020 ns, Cleanup: 25339 ns, At safepoint: 11831 ns, Total: 82190 ns
[2026-03-27T12:47:20.075+0000][69][info ][safepoint   ] Safepoint "Cleanup", Time since last: 4002902899 ns, Reaching safepoint: 20288 ns, Cleanup: 12018 ns, At safepoint: 3940 ns, Total: 36246 ns
[2026-03-27T12:47:21.086+0000][69][info ][safepoint   ] Safepoint "Cleanup", Time since last: 1010708113 ns, Reaching safepoint: 5931 ns, Cleanup: 6512 ns, At safepoint: 2607 ns, Total: 15050 ns
[2026-03-27T12:47:24.091+0000][69][info ][safepoint   ] Safepoint "Cleanup", Time since last: 3004984430 ns, Reaching safepoint: 34620 ns, Cleanup: 17099 ns, At safepoint: 54155 ns, Total: 105874 ns
[2026-03-27T12:47:33.119+0000][69][info ][safepoint   ] Safepoint "Cleanup", Time since last: 9027898475 ns, Reaching safepoint: 36868 ns, Cleanup: 16215 ns, At safepoint: 6065 ns, Total: 59148 ns
[2026-03-27T12:47:38.127+0000][69][info ][safepoint   ] Safepoint "Cleanup", Time since last: 5011190281 ns, Reaching safepoint: 46946 ns, Cleanup: 20885 ns, At safepoint: 9735 ns, Total: 77566 ns
[2026-03-27T12:47:39.146+0000][69][info ][safepoint   ] Safepoint "Cleanup", Time since last: 1019272695 ns, Reaching safepoint: 11157 ns, Cleanup: 18796 ns, At safepoint: 2721 ns, Total: 32674 ns
[2026-03-27T12:47:42.149+0000][69][info ][safepoint   ] Safepoint "Cleanup", Time since last: 3002875021 ns, Reaching safepoint: 50306 ns, Cleanup: 21178 ns, At safepoint: 5031 ns, Total: 76515 ns
[2026-03-27T12:47:44.151+0000][69][info ][safepoint   ] Safepoint "Cleanup", Time since last: 2002152127 ns, Reaching safepoint: 31481 ns, Cleanup: 18134 ns, At safepoint: 8083 ns, Total: 57698 ns
[2026-03-27T12:47:49.133+0000][69][info ][safepoint   ] Safepoint "Cleanup", Time since last: 4981960102 ns, Reaching safepoint: 10420 ns, Cleanup: 13150 ns, At safepoint: 5222 ns, Total: 28792 ns
[2026-03-27T12:47:50.210+0000][69][info ][safepoint   ] Safepoint "Cleanup", Time since last: 1076764486 ns, Reaching safepoint: 8670 ns, Cleanup: 5829 ns, At safepoint: 4869 ns, Total: 19368 ns
[2026-03-27T12:47:52.181+0000][69][info ][safepoint   ] Safepoint "Cleanup", Time since last: 1970925072 ns, Reaching safepoint: 38029 ns, Cleanup: 19971 ns, At safepoint: 8123 ns, Total: 66123 ns
[2026-03-27T12:47:54.183+0000][69][info ][safepoint   ] Safepoint "Cleanup", Time since last: 2002006632 ns, Reaching safepoint: 37449 ns, Cleanup: 26224 ns, At safepoint: 10428 ns, Total: 74101 ns
[2026-03-27T12:47:56.207+0000][69][info ][safepoint   ] Safepoint "Cleanup", Time since last: 2023816020 ns, Reaching safepoint: 5063 ns, Cleanup: 7566 ns, At safepoint: 2344 ns, Total: 14973 ns
[2026-03-27T12:47:58.197+0000][69][info ][safepoint   ] Safepoint "Cleanup", Time since last: 1989525394 ns, Reaching safepoint: 31659 ns, Cleanup: 25301 ns, At safepoint: 7312 ns, Total: 64272 ns
[2026-03-27T12:48:02.199+0000][69][info ][safepoint   ] Safepoint "Cleanup", Time since last: 4001988812 ns, Reaching safepoint: 47122 ns, Cleanup: 9638 ns, At safepoint: 24441 ns, Total: 81201 ns
[2026-03-27T12:48:03.217+0000][69][info ][safepoint   ] Safepoint "Cleanup", Time since last: 1017525270 ns, Reaching safepoint: 247623 ns, Cleanup: 19882 ns, At safepoint: 77996 ns, Total: 345501 ns
[2026-03-27T12:48:07.226+0000][69][info ][safepoint   ] Safepoint "Cleanup", Time since last: 4012151532 ns, Reaching safepoint: 25404 ns, Cleanup: 14252 ns, At safepoint: 5307 ns, Total: 44963 ns
[2026-03-27T12:48:08.231+0000][69][info ][safepoint   ] Safepoint "Cleanup", Time since last: 1005671220 ns, Reaching safepoint: 6274 ns, Cleanup: 9015 ns, At safepoint: 13096 ns, Total: 28385 ns
[2026-03-27T12:48:14.206+0000][69][info ][safepoint   ] Safepoint "Cleanup", Time since last: 5974556239 ns, Reaching safepoint: 6780 ns, Cleanup: 7835 ns, At safepoint: 2872 ns, Total: 17487 ns
[2026-03-27T12:48:15.216+0000][69][info ][safepoint   ] Safepoint "Cleanup", Time since last: 1010289764 ns, Reaching safepoint: 77295 ns, Cleanup: 20524 ns, At safepoint: 12131 ns, Total: 109950 ns
[2026-03-27T12:48:21.291+0000][69][info ][safepoint   ] Safepoint "Cleanup", Time since last: 6074382495 ns, Reaching safepoint: 52550 ns, Cleanup: 13086 ns, At safepoint: 5642 ns, Total: 71278 ns
[2026-03-27T12:48:22.303+0000][69][info ][safepoint   ] Safepoint "Cleanup", Time since last: 1011903455 ns, Reaching safepoint: 19488 ns, Cleanup: 10302 ns, At safepoint: 3922 ns, Total: 33712 ns
[2026-03-27T12:48:24.304+0000][69][info ][safepoint   ] Safepoint "Cleanup", Time since last: 2001735032 ns, Reaching safepoint: 36390 ns, Cleanup: 15358 ns, At safepoint: 4425 ns, Total: 56173 ns
[2026-03-27T12:48:32.326+0000][69][info ][safepoint   ] Safepoint "Cleanup", Time since last: 8021832555 ns, Reaching safepoint: 14630 ns, Cleanup: 15293 ns, At safepoint: 2941 ns, Total: 32864 ns
[2026-03-27T12:48:38.205+0000][69][info ][safepoint   ] Safepoint "Cleanup", Time since last: 5882776742 ns, Reaching safepoint: 98668 ns, Cleanup: 10095 ns, At safepoint: 23401 ns, Total: 132164 ns
[2026-03-27T12:48:39.359+0000][69][info ][safepoint   ] Safepoint "Cleanup", Time since last: 1153838279 ns, Reaching safepoint: 37000 ns, Cleanup: 40633 ns, At safepoint: 9410 ns, Total: 87043 ns
[2026-03-27T12:48:41.373+0000][69][info ][safepoint   ] Safepoint "Cleanup", Time since last: 2014322477 ns, Reaching safepoint: 35154 ns, Cleanup: 32402 ns, At safepoint: 10370 ns, Total: 77926 ns
[2026-03-27T12:48:44.198+0000][69][info ][safepoint   ] Safepoint "Cleanup", Time since last: 2824992656 ns, Reaching safepoint: 5981 ns, Cleanup: 5016 ns, At safepoint: 2705 ns, Total: 13702 ns
[2026-03-27T12:48:50.206+0000][69][info ][safepoint   ] Safepoint "Cleanup", Time since last: 6007672858 ns, Reaching safepoint: 8606 ns, Cleanup: 6449 ns, At safepoint: 2510 ns, Total: 17565 ns
[2026-03-27T12:48:52.401+0000][69][info ][safepoint   ] Safepoint "Cleanup", Time since last: 2195287557 ns, Reaching safepoint: 33457 ns, Cleanup: 18950 ns, At safepoint: 7654 ns, Total: 60061 ns
[2026-03-27T12:48:53.408+0000][69][info ][safepoint   ] Safepoint "Cleanup", Time since last: 1006612779 ns, Reaching safepoint: 9168 ns, Cleanup: 11764 ns, At safepoint: 4950 ns, Total: 25882 ns
[2026-03-27T12:48:54.415+0000][69][info ][safepoint   ] Safepoint "Cleanup", Time since last: 1006778352 ns, Reaching safepoint: 35681 ns, Cleanup: 24055 ns, At safepoint: 10034 ns, Total: 69770 ns
[2026-03-27T12:48:59.317+0000][69][info ][safepoint   ] Safepoint "Cleanup", Time since last: 4902402507 ns, Reaching safepoint: 21552 ns, Cleanup: 14363 ns, At safepoint: 4597 ns, Total: 40512 ns
[2026-03-27T12:49:00.337+0000][69][info ][safepoint   ] Safepoint "Cleanup", Time since last: 1019680567 ns, Reaching safepoint: 21167 ns, Cleanup: 11498 ns, At safepoint: 3501 ns, Total: 36166 ns
[2026-03-27T12:49:00.440+0000][69][info ][gc,start    ] GC(39) Pause Young (Concurrent Start) (G1 Evacuation Pause)
[2026-03-27T12:49:00.442+0000][69][info ][gc,task     ] GC(39) Using 10 workers of 10 for evacuation
[2026-03-27T12:49:00.443+0000][69][debug][gc,age      ] GC(39) Desired survivor size 20971520 bytes, new threshold 15 (max threshold 15)
[2026-03-27T12:49:00.465+0000][69][info ][gc,phases   ] GC(39)   Pre Evacuate Collection Set: 0.9ms
[2026-03-27T12:49:00.465+0000][69][info ][gc,phases   ] GC(39)   Merge Heap Roots: 0.4ms
[2026-03-27T12:49:00.466+0000][69][info ][gc,phases   ] GC(39)   Evacuate Collection Set: 17.7ms
[2026-03-27T12:49:00.467+0000][69][info ][gc,phases   ] GC(39)   Post Evacuate Collection Set: 1.7ms
[2026-03-27T12:49:00.467+0000][69][info ][gc,phases   ] GC(39)   Other: 2.5ms
[2026-03-27T12:49:00.468+0000][69][trace][gc,age      ] GC(39) Age table with threshold 15 (max threshold 15)
[2026-03-27T12:49:00.468+0000][69][trace][gc,age      ] GC(39) - age   1:     773280 bytes,     773280 total
[2026-03-27T12:49:00.469+0000][69][trace][gc,age      ] GC(39) - age   2:       5384 bytes,     778664 total
[2026-03-27T12:49:00.469+0000][69][trace][gc,age      ] GC(39) - age   3:      42960 bytes,     821624 total
[2026-03-27T12:49:00.470+0000][69][trace][gc,age      ] GC(39) - age   4:     149584 bytes,     971208 total
[2026-03-27T12:49:00.471+0000][69][trace][gc,age      ] GC(39) - age   5:     184832 bytes,    1156040 total
[2026-03-27T12:49:00.471+0000][69][trace][gc,age      ] GC(39) - age   6:     114408 bytes,    1270448 total
[2026-03-27T12:49:00.472+0000][69][trace][gc,age      ] GC(39) - age   7:      65024 bytes,    1335472 total
[2026-03-27T12:49:00.472+0000][69][trace][gc,age      ] GC(39) - age   8:       6296 bytes,    1341768 total
[2026-03-27T12:49:00.473+0000][69][trace][gc,age      ] GC(39) - age   9:      70872 bytes,    1412640 total
[2026-03-27T12:49:00.474+0000][69][trace][gc,age      ] GC(39) - age  10:     293656 bytes,    1706296 total
[2026-03-27T12:49:00.474+0000][69][trace][gc,age      ] GC(39) - age  11:     133040 bytes,    1839336 total
[2026-03-27T12:49:00.475+0000][69][trace][gc,age      ] GC(39) - age  12:     199304 bytes,    2038640 total
[2026-03-27T12:49:00.476+0000][69][trace][gc,age      ] GC(39) - age  13:    1145384 bytes,    3184024 total
[2026-03-27T12:49:00.476+0000][69][trace][gc,age      ] GC(39) - age  14:     105144 bytes,    3289168 total
[2026-03-27T12:49:00.477+0000][69][trace][gc,age      ] GC(39) - age  15:     200640 bytes,    3489808 total
[2026-03-27T12:49:00.478+0000][69][info ][gc,heap     ] GC(39) Eden regions: 74->0(75)
[2026-03-27T12:49:00.478+0000][69][info ][gc,heap     ] GC(39) Survivor regions: 2->1(10)
[2026-03-27T12:49:00.479+0000][69][info ][gc,heap     ] GC(39) Old regions: 26->26
[2026-03-27T12:49:00.480+0000][69][info ][gc,heap     ] GC(39) Humongous regions: 0->0
[2026-03-27T12:49:00.480+0000][69][info ][gc,metaspace] GC(39) Metaspace: 144857K(150656K)->144857K(150656K) NonClass: 125826K(129152K)->125826K(129152K) Class: 19031K(21504K)->19031K(21504K)
[2026-03-27T12:49:00.481+0000][69][info ][gc          ] GC(39) Pause Young (Concurrent Start) (G1 Evacuation Pause) 404M->107M(512M) 40.654ms
[2026-03-27T12:49:00.482+0000][69][info ][gc,cpu      ] GC(39) User=0.08s Sys=0.00s Real=0.04s
[2026-03-27T12:49:00.482+0000][69][info ][gc          ] GC(40) Concurrent Mark Cycle
[2026-03-27T12:49:00.483+0000][69][info ][safepoint   ] Safepoint "G1CollectForAllocation", Time since last: 103567779 ns, Reaching safepoint: 17828 ns, Cleanup: 3322 ns, At safepoint: 42471093 ns, Total: 42492243 ns
[2026-03-27T12:49:00.483+0000][69][info ][gc,marking  ] GC(40) Concurrent Scan Root Regions
[2026-03-27T12:49:00.489+0000][69][info ][gc,marking  ] GC(40) Concurrent Scan Root Regions 6.037ms
[2026-03-27T12:49:00.490+0000][69][info ][gc,marking  ] GC(40) Concurrent Mark
[2026-03-27T12:49:00.491+0000][69][info ][gc,marking  ] GC(40) Concurrent Mark From Roots
[2026-03-27T12:49:00.491+0000][69][info ][gc,task     ] GC(40) Using 3 workers of 3 for marking
[2026-03-27T12:49:00.539+0000][69][info ][gc,marking  ] GC(40) Concurrent Mark From Roots 48.459ms
[2026-03-27T12:49:00.540+0000][69][info ][gc,marking  ] GC(40) Concurrent Preclean
[2026-03-27T12:49:00.542+0000][69][info ][gc,marking  ] GC(40) Concurrent Preclean 1.421ms
[2026-03-27T12:49:00.543+0000][69][info ][gc,start    ] GC(40) Pause Remark
[2026-03-27T12:49:00.582+0000][69][info ][gc          ] GC(40) Pause Remark 108M->108M(512M) 39.116ms
[2026-03-27T12:49:00.583+0000][69][info ][gc,cpu      ] GC(40) User=0.25s Sys=0.00s Real=0.04s
[2026-03-27T12:49:00.584+0000][69][info ][safepoint   ] Safepoint "G1PauseRemark", Time since last: 60096607 ns, Reaching safepoint: 18502 ns, Cleanup: 16945 ns, At safepoint: 41112715 ns, Total: 41148162 ns
[2026-03-27T12:49:00.585+0000][69][info ][gc,marking  ] GC(40) Concurrent Mark 95.208ms
[2026-03-27T12:49:00.586+0000][69][info ][gc,marking  ] GC(40) Concurrent Rebuild Remembered Sets and Scrub Regions
[2026-03-27T12:49:00.609+0000][69][info ][gc,marking  ] GC(40) Concurrent Rebuild Remembered Sets and Scrub Regions 22.954ms
[2026-03-27T12:49:00.610+0000][69][info ][gc,start    ] GC(40) Pause Cleanup
[2026-03-27T12:49:00.611+0000][69][info ][gc          ] GC(40) Pause Cleanup 108M->108M(512M) 1.291ms
[2026-03-27T12:49:00.612+0000][69][info ][gc,cpu      ] GC(40) User=0.00s Sys=0.00s Real=0.00s
[2026-03-27T12:49:00.613+0000][69][info ][safepoint   ] Safepoint "G1PauseCleanup", Time since last: 25813017 ns, Reaching safepoint: 119944 ns, Cleanup: 17101 ns, At safepoint: 3369415 ns, Total: 3506460 ns
[2026-03-27T12:49:00.614+0000][69][info ][gc,marking  ] GC(40) Concurrent Clear Claimed Marks
[2026-03-27T12:49:00.615+0000][69][info ][gc,marking  ] GC(40) Concurrent Clear Claimed Marks 0.883ms
[2026-03-27T12:49:00.616+0000][69][info ][gc,marking  ] GC(40) Concurrent Cleanup for Next Mark
[2026-03-27T12:49:00.618+0000][69][info ][gc,marking  ] GC(40) Concurrent Cleanup for Next Mark 2.329ms
[2026-03-27T12:49:00.619+0000][69][info ][gc          ] GC(40) Concurrent Mark Cycle 136.764ms
[2026-03-27T12:49:02.211+0000][69][info ][safepoint   ] Safepoint "Cleanup", Time since last: 1598172734 ns, Reaching safepoint: 17281 ns, Cleanup: 7217 ns, At safepoint: 3793 ns, Total: 28291 ns
[2026-03-27T12:49:03.495+0000][69][info ][safepoint   ] Safepoint "Cleanup", Time since last: 1283656051 ns, Reaching safepoint: 29651 ns, Cleanup: 15970 ns, At safepoint: 5004 ns, Total: 50625 ns
[2026-03-27T12:49:08.503+0000][69][info ][safepoint   ] Safepoint "Cleanup", Time since last: 5009709214 ns, Reaching safepoint: 22971 ns, Cleanup: 36779 ns, At safepoint: 9122 ns, Total: 68872 ns
[2026-03-27T12:49:14.209+0000][69][info ][safepoint   ] Safepoint "Cleanup", Time since last: 5705432328 ns, Reaching safepoint: 5128 ns, Cleanup: 7225 ns, At safepoint: 2215 ns, Total: 14568 ns
[2026-03-27T12:49:15.540+0000][69][info ][safepoint   ] Safepoint "Cleanup", Time since last: 1331871277 ns, Reaching safepoint: 22230 ns, Cleanup: 15560 ns, At safepoint: 4442 ns, Total: 42232 ns
[2026-03-27T12:49:19.543+0000][69][info ][safepoint   ] Safepoint "Cleanup", Time since last: 4002202642 ns, Reaching safepoint: 176217 ns, Cleanup: 29025 ns, At safepoint: 13536 ns, Total: 218778 ns
[2026-03-27T12:49:20.547+0000][69][info ][safepoint   ] Safepoint "Cleanup", Time since last: 1003855789 ns, Reaching safepoint: 9544 ns, Cleanup: 11122 ns, At safepoint: 5058 ns, Total: 25724 ns
[2026-03-27T12:49:38.213+0000][69][info ][safepoint   ] Safepoint "Cleanup", Time since last: 17669435074 ns, Reaching safepoint: 130861 ns, Cleanup: 7449 ns, At safepoint: 22219 ns, Total: 160529 ns
[2026-03-27T12:49:39.610+0000][69][info ][safepoint   ] Safepoint "Cleanup", Time since last: 1397040057 ns, Reaching safepoint: 29439 ns, Cleanup: 16049 ns, At safepoint: 6088 ns, Total: 51576 ns
[2026-03-27T12:49:44.218+0000][69][info ][safepoint   ] Safepoint "Cleanup", Time since last: 4607523577 ns, Reaching safepoint: 21328 ns, Cleanup: 6820 ns, At safepoint: 4629 ns, Total: 32777 ns
[2026-03-27T12:49:45.637+0000][69][info ][safepoint   ] Safepoint "Cleanup", Time since last: 1419236041 ns, Reaching safepoint: 42622 ns, Cleanup: 24249 ns, At safepoint: 9465 ns, Total: 76336 ns
[2026-03-27T12:49:50.206+0000][69][info ][safepoint   ] Safepoint "Cleanup", Time since last: 4569478709 ns, Reaching safepoint: 7808 ns, Cleanup: 7650 ns, At safepoint: 4194 ns, Total: 19652 ns
[2026-03-27T12:49:54.657+0000][69][info ][safepoint   ] Safepoint "Cleanup", Time since last: 4450853896 ns, Reaching safepoint: 32358 ns, Cleanup: 27632 ns, At safepoint: 7938 ns, Total: 67928 ns
[2026-03-27T12:49:56.209+0000][69][info ][safepoint   ] Safepoint "Cleanup", Time since last: 1551906766 ns, Reaching safepoint: 6788 ns, Cleanup: 5981 ns, At safepoint: 4172 ns, Total: 16941 ns
[2026-03-27T12:49:57.676+0000][69][info ][safepoint   ] Safepoint "Cleanup", Time since last: 1466767676 ns, Reaching safepoint: 47709 ns, Cleanup: 29955 ns, At safepoint: 10574 ns, Total: 88238 ns
[2026-03-27T12:50:02.209+0000][69][info ][safepoint   ] Safepoint "Cleanup", Time since last: 4532439810 ns, Reaching safepoint: 4627 ns, Cleanup: 4390 ns, At safepoint: 2186 ns, Total: 11203 ns
[2026-03-27T12:50:03.693+0000][69][info ][safepoint   ] Safepoint "Cleanup", Time since last: 1484837786 ns, Reaching safepoint: 81521 ns, Cleanup: 23906 ns, At safepoint: 8729 ns, Total: 114156 ns
[2026-03-27T12:50:08.210+0000][69][info ][safepoint   ] Safepoint "Cleanup", Time since last: 4519936593 ns, Reaching safepoint: 101705 ns, Cleanup: 6728 ns, At safepoint: 43057 ns, Total: 151490 ns
[2026-03-27T12:50:09.715+0000][69][info ][safepoint   ] Safepoint "Cleanup", Time since last: 1505288457 ns, Reaching safepoint: 25649 ns, Cleanup: 14191 ns, At safepoint: 6509 ns, Total: 46349 ns
[2026-03-27T12:50:14.362+0000][69][info ][safepoint   ] Safepoint "Cleanup", Time since last: 4647554155 ns, Reaching safepoint: 8343 ns, Cleanup: 10107 ns, At safepoint: 4415 ns, Total: 22865 ns
[2026-03-27T12:50:15.735+0000][69][info ][safepoint   ] Safepoint "Cleanup", Time since last: 1371977107 ns, Reaching safepoint: 39743 ns, Cleanup: 23272 ns, At safepoint: 10074 ns, Total: 73089 ns
[2026-03-27T12:50:37.785+0000][69][info ][safepoint   ] Safepoint "Cleanup", Time since last: 22053365180 ns, Reaching safepoint: 85221 ns, Cleanup: 10274 ns, At safepoint: 4016 ns, Total: 99511 ns
[2026-03-27T12:50:43.799+0000][69][info ][safepoint   ] Safepoint "Cleanup", Time since last: 6014153903 ns, Reaching safepoint: 21343 ns, Cleanup: 16992 ns, At safepoint: 3451 ns, Total: 41786 ns
[2026-03-27T12:50:47.820+0000][69][info ][safepoint   ] Safepoint "Cleanup", Time since last: 4021305350 ns, Reaching safepoint: 28943 ns, Cleanup: 24098 ns, At safepoint: 7278 ns, Total: 60319 ns
[2026-03-27T12:50:51.837+0000][69][info ][safepoint   ] Safepoint "Cleanup", Time since last: 4017073977 ns, Reaching safepoint: 25619 ns, Cleanup: 21654 ns, At safepoint: 5850 ns, Total: 53123 ns
[2026-03-27T12:51:02.186+0000][69][info ][gc,start    ] GC(41) Pause Young (Prepare Mixed) (G1 Evacuation Pause)
[2026-03-27T12:51:02.187+0000][69][info ][gc,task     ] GC(41) Using 10 workers of 10 for evacuation
[2026-03-27T12:51:02.189+0000][69][debug][gc,age      ] GC(41) Desired survivor size 20971520 bytes, new threshold 15 (max threshold 15)
[2026-03-27T12:51:02.207+0000][69][info ][gc,phases   ] GC(41)   Pre Evacuate Collection Set: 0.8ms
[2026-03-27T12:51:02.208+0000][69][info ][gc,phases   ] GC(41)   Merge Heap Roots: 0.5ms
[2026-03-27T12:51:02.208+0000][69][info ][gc,phases   ] GC(41)   Evacuate Collection Set: 15.0ms
[2026-03-27T12:51:02.209+0000][69][info ][gc,phases   ] GC(41)   Post Evacuate Collection Set: 1.2ms
[2026-03-27T12:51:02.209+0000][69][info ][gc,phases   ] GC(41)   Other: 2.4ms
[2026-03-27T12:51:02.210+0000][69][trace][gc,age      ] GC(41) Age table with threshold 15 (max threshold 15)
[2026-03-27T12:51:02.210+0000][69][trace][gc,age      ] GC(41) - age   1:     964440 bytes,     964440 total
[2026-03-27T12:51:02.211+0000][69][trace][gc,age      ] GC(41) - age   2:     235440 bytes,    1199880 total
[2026-03-27T12:51:02.212+0000][69][trace][gc,age      ] GC(41) - age   3:       3992 bytes,    1203872 total
[2026-03-27T12:51:02.213+0000][69][trace][gc,age      ] GC(41) - age   4:      42216 bytes,    1246088 total
[2026-03-27T12:51:02.213+0000][69][trace][gc,age      ] GC(41) - age   5:     117400 bytes,    1363488 total
[2026-03-27T12:51:02.214+0000][69][trace][gc,age      ] GC(41) - age   6:     176816 bytes,    1540304 total
[2026-03-27T12:51:02.215+0000][69][trace][gc,age      ] GC(41) - age   7:     106392 bytes,    1646696 total
[2026-03-27T12:51:02.216+0000][69][trace][gc,age      ] GC(41) - age   8:      65024 bytes,    1711720 total
[2026-03-27T12:51:02.217+0000][69][trace][gc,age      ] GC(41) - age   9:       6296 bytes,    1718016 total
[2026-03-27T12:51:02.217+0000][69][trace][gc,age      ] GC(41) - age  10:      69352 bytes,    1787368 total
[2026-03-27T12:51:02.218+0000][69][trace][gc,age      ] GC(41) - age  11:     293656 bytes,    2081024 total
[2026-03-27T12:51:02.219+0000][69][trace][gc,age      ] GC(41) - age  12:     131520 bytes,    2212544 total
[2026-03-27T12:51:02.219+0000][69][trace][gc,age      ] GC(41) - age  13:     191288 bytes,    2403832 total
[2026-03-27T12:51:02.220+0000][69][trace][gc,age      ] GC(41) - age  14:    1135848 bytes,    3539680 total
[2026-03-27T12:51:02.221+0000][69][trace][gc,age      ] GC(41) - age  15:     105144 bytes,    3644824 total
[2026-03-27T12:51:02.222+0000][69][info ][gc,heap     ] GC(41) Eden regions: 75->0(75)
[2026-03-27T12:51:02.222+0000][69][info ][gc,heap     ] GC(41) Survivor regions: 1->1(10)
[2026-03-27T12:51:02.223+0000][69][info ][gc,heap     ] GC(41) Old regions: 26->26
[2026-03-27T12:51:02.224+0000][69][info ][gc,heap     ] GC(41) Humongous regions: 0->0
[2026-03-27T12:51:02.225+0000][69][info ][gc,metaspace] GC(41) Metaspace: 144830K(150656K)->144830K(150656K) NonClass: 125827K(129152K)->125827K(129152K) Class: 19002K(21504K)->19002K(21504K)
[2026-03-27T12:51:02.225+0000][69][info ][gc          ] GC(41) Pause Young (Prepare Mixed) (G1 Evacuation Pause) 407M->107M(512M) 39.210ms
[2026-03-27T12:51:02.226+0000][69][info ][gc,cpu      ] GC(41) User=0.07s Sys=0.00s Real=0.04s
[2026-03-27T12:51:02.227+0000][69][info ][safepoint   ] Safepoint "G1CollectForAllocation", Time since last: 10348759823 ns, Reaching safepoint: 25194 ns, Cleanup: 5836 ns, At safepoint: 40850687 ns, Total: 40881717 ns
[2026-03-27T12:51:14.205+0000][69][info ][safepoint   ] Safepoint "Cleanup", Time since last: 11983881695 ns, Reaching safepoint: 16603 ns, Cleanup: 5856 ns, At safepoint: 2236 ns, Total: 24695 ns
[2026-03-27T12:51:15.915+0000][69][info ][safepoint   ] Safepoint "Cleanup", Time since last: 1709468385 ns, Reaching safepoint: 22839 ns, Cleanup: 13449 ns, At safepoint: 6043 ns, Total: 42331 ns
[2026-03-27T12:51:20.228+0000][69][info ][safepoint   ] Safepoint "Cleanup", Time since last: 4313423602 ns, Reaching safepoint: 19256 ns, Cleanup: 16559 ns, At safepoint: 8195 ns, Total: 44010 ns
[2026-03-27T12:51:21.933+0000][69][info ][safepoint   ] Safepoint "Cleanup", Time since last: 1704573980 ns, Reaching safepoint: 7297 ns, Cleanup: 9326 ns, At safepoint: 17424 ns, Total: 34047 ns
[2026-03-27T12:51:29.954+0000][69][info ][safepoint   ] Safepoint "Cleanup", Time since last: 8021059416 ns, Reaching safepoint: 36856 ns, Cleanup: 18490 ns, At safepoint: 7954 ns, Total: 63300 ns
[2026-03-27T12:51:37.964+0000][69][info ][safepoint   ] Safepoint "Cleanup", Time since last: 8013305816 ns, Reaching safepoint: 239796 ns, Cleanup: 28388 ns, At safepoint: 13761 ns, Total: 281945 ns
[2026-03-27T12:51:38.971+0000][69][info ][safepoint   ] Safepoint "Cleanup", Time since last: 1007012347 ns, Reaching safepoint: 12089 ns, Cleanup: 14311 ns, At safepoint: 6524 ns, Total: 32924 ns
[2026-03-27T12:51:39.983+0000][69][info ][safepoint   ] Safepoint "Cleanup", Time since last: 1012538637 ns, Reaching safepoint: 48393 ns, Cleanup: 30236 ns, At safepoint: 12173 ns, Total: 90802 ns
[2026-03-27T12:51:44.996+0000][69][info ][safepoint   ] Safepoint "Cleanup", Time since last: 5012221575 ns, Reaching safepoint: 15493 ns, Cleanup: 11498 ns, At safepoint: 9769 ns, Total: 36760 ns
[2026-03-27T12:51:48.005+0000][69][info ][safepoint   ] Safepoint "Cleanup", Time since last: 3009143958 ns, Reaching safepoint: 32476 ns, Cleanup: 18724 ns, At safepoint: 8690 ns, Total: 59890 ns
[2026-03-27T12:51:50.207+0000][69][info ][safepoint   ] Safepoint "Cleanup", Time since last: 2201853274 ns, Reaching safepoint: 6768 ns, Cleanup: 4990 ns, At safepoint: 22121 ns, Total: 33879 ns
[2026-03-27T12:51:52.020+0000][69][info ][safepoint   ] Safepoint "Cleanup", Time since last: 1813663038 ns, Reaching safepoint: 15896 ns, Cleanup: 25725 ns, At safepoint: 7494 ns, Total: 49115 ns
[2026-03-27T12:51:54.034+0000][69][info ][safepoint   ] Safepoint "Cleanup", Time since last: 2013697661 ns, Reaching safepoint: 47648 ns, Cleanup: 65339 ns, At safepoint: 14137 ns, Total: 127124 ns
[2026-03-27T12:51:55.036+0000][69][info ][safepoint   ] Safepoint "Cleanup", Time since last: 1001740751 ns, Reaching safepoint: 222385 ns, Cleanup: 35292 ns, At safepoint: 25483 ns, Total: 283160 ns
[2026-03-27T12:52:03.060+0000][69][info ][safepoint   ] Safepoint "Cleanup", Time since last: 8023537893 ns, Reaching safepoint: 8656 ns, Cleanup: 9665 ns, At safepoint: 4432 ns, Total: 22753 ns
[2026-03-27T12:52:06.067+0000][69][info ][safepoint   ] Safepoint "Cleanup", Time since last: 3011224318 ns, Reaching safepoint: 68108 ns, Cleanup: 17173 ns, At safepoint: 7054 ns, Total: 92335 ns
[2026-03-27T12:52:08.069+0000][69][info ][safepoint   ] Safepoint "Cleanup", Time since last: 2002156191 ns, Reaching safepoint: 88230 ns, Cleanup: 25134 ns, At safepoint: 12615 ns, Total: 125979 ns
[2026-03-27T12:52:18.097+0000][69][info ][safepoint   ] Safepoint "Cleanup", Time since last: 10027987079 ns, Reaching safepoint: 51418 ns, Cleanup: 24855 ns, At safepoint: 10588 ns, Total: 86861 ns
[2026-03-27T12:52:19.099+0000][69][info ][safepoint   ] Safepoint "Cleanup", Time since last: 1001726046 ns, Reaching safepoint: 38587 ns, Cleanup: 20401 ns, At safepoint: 8928 ns, Total: 67916 ns
[2026-03-27T12:52:20.212+0000][69][info ][safepoint   ] Safepoint "Cleanup", Time since last: 1112700702 ns, Reaching safepoint: 85696 ns, Cleanup: 7009 ns, At safepoint: 23478 ns, Total: 116183 ns
[2026-03-27T12:52:38.160+0000][69][info ][safepoint   ] Safepoint "Cleanup", Time since last: 17952372142 ns, Reaching safepoint: 196395 ns, Cleanup: 32655 ns, At safepoint: 13134 ns, Total: 242184 ns
[2026-03-27T12:52:39.166+0000][69][info ][safepoint   ] Safepoint "Cleanup", Time since last: 1006056526 ns, Reaching safepoint: 14291 ns, Cleanup: 14002 ns, At safepoint: 6902 ns, Total: 35195 ns
[2026-03-27T12:52:44.180+0000][69][info ][safepoint   ] Safepoint "Cleanup", Time since last: 5013556385 ns, Reaching safepoint: 24796 ns, Cleanup: 16292 ns, At safepoint: 52568 ns, Total: 93656 ns
[2026-03-27T12:52:57.211+0000][69][info ][safepoint   ] Safepoint "Cleanup", Time since last: 13030840285 ns, Reaching safepoint: 10713 ns, Cleanup: 9624 ns, At safepoint: 9230 ns, Total: 29567 ns
[2026-03-27T12:53:02.189+0000][69][info ][gc,start    ] GC(42) Pause Young (Mixed) (G1 Evacuation Pause)
[2026-03-27T12:53:02.190+0000][69][info ][gc,task     ] GC(42) Using 10 workers of 10 for evacuation
[2026-03-27T12:53:02.191+0000][69][debug][gc,age      ] GC(42) Desired survivor size 20971520 bytes, new threshold 15 (max threshold 15)
[2026-03-27T12:53:02.252+0000][69][info ][gc,phases   ] GC(42)   Pre Evacuate Collection Set: 2.0ms
[2026-03-27T12:53:02.253+0000][69][info ][gc,phases   ] GC(42)   Merge Heap Roots: 0.9ms
[2026-03-27T12:53:02.254+0000][69][info ][gc,phases   ] GC(42)   Evacuate Collection Set: 51.1ms
[2026-03-27T12:53:02.255+0000][69][info ][gc,phases   ] GC(42)   Post Evacuate Collection Set: 6.3ms
[2026-03-27T12:53:02.256+0000][69][info ][gc,phases   ] GC(42)   Other: 1.8ms
[2026-03-27T12:53:02.257+0000][69][trace][gc,age      ] GC(42) Age table with threshold 15 (max threshold 15)
[2026-03-27T12:53:02.257+0000][69][trace][gc,age      ] GC(42) - age   1:    1255952 bytes,    1255952 total
[2026-03-27T12:53:02.258+0000][69][trace][gc,age      ] GC(42) - age   2:      75048 bytes,    1331000 total
[2026-03-27T12:53:02.259+0000][69][trace][gc,age      ] GC(42) - age   3:     233304 bytes,    1564304 total
[2026-03-27T12:53:02.260+0000][69][trace][gc,age      ] GC(42) - age   4:       3936 bytes,    1568240 total
[2026-03-27T12:53:02.261+0000][69][trace][gc,age      ] GC(42) - age   5:      42152 bytes,    1610392 total
[2026-03-27T12:53:02.262+0000][69][trace][gc,age      ] GC(42) - age   6:     117104 bytes,    1727496 total
[2026-03-27T12:53:02.262+0000][69][trace][gc,age      ] GC(42) - age   7:     176816 bytes,    1904312 total
[2026-03-27T12:53:02.263+0000][69][trace][gc,age      ] GC(42) - age   8:     106392 bytes,    2010704 total
[2026-03-27T12:53:02.264+0000][69][trace][gc,age      ] GC(42) - age   9:      64472 bytes,    2075176 total
[2026-03-27T12:53:02.265+0000][69][trace][gc,age      ] GC(42) - age  10:       6296 bytes,    2081472 total
[2026-03-27T12:53:02.266+0000][69][trace][gc,age      ] GC(42) - age  11:      69352 bytes,    2150824 total
[2026-03-27T12:53:02.266+0000][69][trace][gc,age      ] GC(42) - age  12:     293656 bytes,    2444480 total
[2026-03-27T12:53:02.267+0000][69][trace][gc,age      ] GC(42) - age  13:     131520 bytes,    2576000 total
[2026-03-27T12:53:02.268+0000][69][trace][gc,age      ] GC(42) - age  14:     191288 bytes,    2767288 total
[2026-03-27T12:53:02.269+0000][69][trace][gc,age      ] GC(42) - age  15:    1135848 bytes,    3903136 total
[2026-03-27T12:53:02.270+0000][69][info ][gc,heap     ] GC(42) Eden regions: 75->0(74)
[2026-03-27T12:53:02.270+0000][69][info ][gc,heap     ] GC(42) Survivor regions: 1->2(10)
[2026-03-27T12:53:02.271+0000][69][info ][gc,heap     ] GC(42) Old regions: 26->26
[2026-03-27T12:53:02.272+0000][69][info ][gc,heap     ] GC(42) Humongous regions: 0->0
[2026-03-27T12:53:02.273+0000][69][info ][gc,metaspace] GC(42) Metaspace: 144897K(150720K)->144897K(150720K) NonClass: 125894K(129216K)->125894K(129216K) Class: 19002K(21504K)->19002K(21504K)
[2026-03-27T12:53:02.274+0000][69][info ][gc          ] GC(42) Pause Young (Mixed) (G1 Evacuation Pause) 407M->107M(512M) 84.787ms
[2026-03-27T12:53:02.275+0000][69][info ][gc,cpu      ] GC(42) User=0.15s Sys=0.05s Real=0.08s
[2026-03-27T12:53:02.276+0000][69][info ][safepoint   ] Safepoint "G1CollectForAllocation", Time since last: 4977743076 ns, Reaching safepoint: 110219 ns, Cleanup: 7687 ns, At safepoint: 87147519 ns, Total: 87265425 ns
[2026-03-27T12:53:03.283+0000][69][info ][safepoint   ] Safepoint "Cleanup", Time since last: 1006353261 ns, Reaching safepoint: 46822 ns, Cleanup: 30346 ns, At safepoint: 79840 ns, Total: 157008 ns
[2026-03-27T12:53:04.317+0000][69][info ][safepoint   ] Safepoint "Cleanup", Time since last: 1039446648 ns, Reaching safepoint: 20769 ns, Cleanup: 22960 ns, At safepoint: 10277 ns, Total: 54006 ns
[2026-03-27T12:53:09.365+0000][69][info ][safepoint   ] Safepoint "Cleanup", Time since last: 5047813216 ns, Reaching safepoint: 117257 ns, Cleanup: 97466 ns, At safepoint: 13046 ns, Total: 227769 ns
[2026-03-27T12:53:10.388+0000][69][info ][safepoint   ] Safepoint "Cleanup", Time since last: 1022915290 ns, Reaching safepoint: 62397 ns, Cleanup: 73659 ns, At safepoint: 8507 ns, Total: 144563 ns
[2026-03-27T12:53:11.389+0000][69][info ][safepoint   ] Safepoint "Cleanup", Time since last: 1001258128 ns, Reaching safepoint: 69153 ns, Cleanup: 27401 ns, At safepoint: 10022 ns, Total: 106576 ns
[2026-03-27T12:53:12.390+0000][69][info ][safepoint   ] Safepoint "Cleanup", Time since last: 1001235039 ns, Reaching safepoint: 75613 ns, Cleanup: 26026 ns, At safepoint: 11421 ns, Total: 113060 ns
[2026-03-27T12:53:13.392+0000][69][info ][safepoint   ] Safepoint "Cleanup", Time since last: 1001170491 ns, Reaching safepoint: 69214 ns, Cleanup: 39901 ns, At safepoint: 165173 ns, Total: 274288 ns
[2026-03-27T12:53:15.338+0000][69][info ][safepoint   ] Safepoint "Cleanup", Time since last: 1946045624 ns, Reaching safepoint: 45509 ns, Cleanup: 266141 ns, At safepoint: 15703 ns, Total: 327353 ns
[2026-03-27T12:53:16.553+0000][69][info ][safepoint   ] Safepoint "Cleanup", Time since last: 1214808228 ns, Reaching safepoint: 75926 ns, Cleanup: 119612 ns, At safepoint: 11205 ns, Total: 206743 ns
[2026-03-27T12:53:17.555+0000][69][info ][safepoint   ] Safepoint "Cleanup", Time since last: 1001342154 ns, Reaching safepoint: 32994 ns, Cleanup: 277287 ns, At safepoint: 133318 ns, Total: 443599 ns
[2026-03-27T12:53:18.825+0000][69][info ][safepoint   ] Safepoint "Cleanup", Time since last: 1269678272 ns, Reaching safepoint: 86220 ns, Cleanup: 129431 ns, At safepoint: 14039 ns, Total: 229690 ns
[2026-03-27T12:53:19.515+0000][69][info ][safepoint   ] Safepoint "ICBufferFull", Time since last: 689607218 ns, Reaching safepoint: 86057 ns, Cleanup: 334312 ns, At safepoint: 36805 ns, Total: 457174 ns
[2026-03-27T12:53:21.437+0000][69][info ][safepoint   ] Safepoint "Cleanup", Time since last: 1921274986 ns, Reaching safepoint: 19300 ns, Cleanup: 254932 ns, At safepoint: 145152 ns, Total: 419384 ns
[2026-03-27T12:53:22.481+0000][69][info ][safepoint   ] Safepoint "Cleanup", Time since last: 1044091647 ns, Reaching safepoint: 63291 ns, Cleanup: 38473 ns, At safepoint: 8822 ns, Total: 110586 ns
[2026-03-27T12:53:23.546+0000][69][info ][safepoint   ] Safepoint "Cleanup", Time since last: 1065411972 ns, Reaching safepoint: 70337 ns, Cleanup: 39383 ns, At safepoint: 10524 ns, Total: 120244 ns
[2026-03-27T12:53:24.595+0000][69][info ][safepoint   ] Safepoint "Cleanup", Time since last: 1048116220 ns, Reaching safepoint: 27751 ns, Cleanup: 42617 ns, At safepoint: 7692 ns, Total: 78060 ns
[2026-03-27T12:53:26.194+0000][69][info ][safepoint   ] Safepoint "Cleanup", Time since last: 1599503925 ns, Reaching safepoint: 7740 ns, Cleanup: 6968 ns, At safepoint: 4765 ns, Total: 19473 ns
[2026-03-27T12:53:26.634+0000][69][info ][gc,start    ] GC(43) Pause Young (Concurrent Start) (G1 Evacuation Pause)
[2026-03-27T12:53:26.635+0000][69][info ][gc,task     ] GC(43) Using 10 workers of 10 for evacuation
[2026-03-27T12:53:26.636+0000][69][debug][gc,age      ] GC(43) Desired survivor size 20971520 bytes, new threshold 15 (max threshold 15)
[2026-03-27T12:53:26.653+0000][69][info ][gc,phases   ] GC(43)   Pre Evacuate Collection Set: 1.6ms
[2026-03-27T12:53:26.654+0000][69][info ][gc,phases   ] GC(43)   Merge Heap Roots: 0.3ms
[2026-03-27T12:53:26.655+0000][69][info ][gc,phases   ] GC(43)   Evacuate Collection Set: 12.8ms
[2026-03-27T12:53:26.655+0000][69][info ][gc,phases   ] GC(43)   Post Evacuate Collection Set: 1.3ms
[2026-03-27T12:53:26.656+0000][69][info ][gc,phases   ] GC(43)   Other: 1.9ms
[2026-03-27T12:53:26.657+0000][69][trace][gc,age      ] GC(43) Age table with threshold 15 (max threshold 15)
[2026-03-27T12:53:26.657+0000][69][trace][gc,age      ] GC(43) - age   1:    3282144 bytes,    3282144 total
[2026-03-27T12:53:26.658+0000][69][trace][gc,age      ] GC(43) - age   2:     141024 bytes,    3423168 total
[2026-03-27T12:53:26.659+0000][69][trace][gc,age      ] GC(43) - age   3:      74768 bytes,    3497936 total
[2026-03-27T12:53:26.659+0000][69][trace][gc,age      ] GC(43) - age   4:     232504 bytes,    3730440 total
[2026-03-27T12:53:26.660+0000][69][trace][gc,age      ] GC(43) - age   5:       3656 bytes,    3734096 total
[2026-03-27T12:53:26.661+0000][69][trace][gc,age      ] GC(43) - age   6:      34136 bytes,    3768232 total
[2026-03-27T12:53:26.661+0000][69][trace][gc,age      ] GC(43) - age   7:     116704 bytes,    3884936 total
[2026-03-27T12:53:26.662+0000][69][trace][gc,age      ] GC(43) - age   8:     168536 bytes,    4053472 total
[2026-03-27T12:53:26.663+0000][69][trace][gc,age      ] GC(43) - age   9:     105776 bytes,    4159248 total
[2026-03-27T12:53:26.663+0000][69][trace][gc,age      ] GC(43) - age  10:      64296 bytes,    4223544 total
[2026-03-27T12:53:26.664+0000][69][trace][gc,age      ] GC(43) - age  11:       6296 bytes,    4229840 total
[2026-03-27T12:53:26.665+0000][69][trace][gc,age      ] GC(43) - age  12:      68600 bytes,    4298440 total
[2026-03-27T12:53:26.665+0000][69][trace][gc,age      ] GC(43) - age  13:      80264 bytes,    4378704 total
[2026-03-27T12:53:26.666+0000][69][trace][gc,age      ] GC(43) - age  14:      74568 bytes,    4453272 total
[2026-03-27T12:53:26.666+0000][69][trace][gc,age      ] GC(43) - age  15:     191288 bytes,    4644560 total
[2026-03-27T12:53:26.667+0000][69][info ][gc,heap     ] GC(43) Eden regions: 74->0(74)
[2026-03-27T12:53:26.668+0000][69][info ][gc,heap     ] GC(43) Survivor regions: 2->2(10)
[2026-03-27T12:53:26.668+0000][69][info ][gc,heap     ] GC(43) Old regions: 26->27
[2026-03-27T12:53:26.669+0000][69][info ][gc,heap     ] GC(43) Humongous regions: 0->0
[2026-03-27T12:53:26.669+0000][69][info ][gc,metaspace] GC(43) Metaspace: 145183K(150720K)->145183K(150720K) NonClass: 126160K(129216K)->126160K(129216K) Class: 19023K(21504K)->19023K(21504K)
[2026-03-27T12:53:26.670+0000][69][info ][gc          ] GC(43) Pause Young (Concurrent Start) (G1 Evacuation Pause) 403M->109M(512M) 35.955ms
[2026-03-27T12:53:26.671+0000][69][info ][gc,cpu      ] GC(43) User=0.07s Sys=0.00s Real=0.04s
[2026-03-27T12:53:26.671+0000][69][info ][gc          ] GC(44) Concurrent Mark Cycle
[2026-03-27T12:53:26.672+0000][69][info ][safepoint   ] Safepoint "G1CollectForAllocation", Time since last: 440019771 ns, Reaching safepoint: 15312 ns, Cleanup: 57414 ns, At safepoint: 37438032 ns, Total: 37510758 ns
[2026-03-27T12:53:26.672+0000][69][info ][gc,marking  ] GC(44) Concurrent Scan Root Regions
[2026-03-27T12:53:26.678+0000][69][info ][gc,marking  ] GC(44) Concurrent Scan Root Regions 5.425ms
[2026-03-27T12:53:26.678+0000][69][info ][gc,marking  ] GC(44) Concurrent Mark
[2026-03-27T12:53:26.679+0000][69][info ][gc,marking  ] GC(44) Concurrent Mark From Roots
[2026-03-27T12:53:26.680+0000][69][info ][gc,task     ] GC(44) Using 3 workers of 3 for marking
[2026-03-27T12:53:26.725+0000][69][info ][gc,marking  ] GC(44) Concurrent Mark From Roots 45.835ms
[2026-03-27T12:53:26.726+0000][69][info ][gc,marking  ] GC(44) Concurrent Preclean
[2026-03-27T12:53:26.727+0000][69][info ][gc,marking  ] GC(44) Concurrent Preclean 1.027ms
[2026-03-27T12:53:26.728+0000][69][info ][gc,start    ] GC(44) Pause Remark
[2026-03-27T12:53:26.807+0000][69][info ][gc          ] GC(44) Pause Remark 110M->110M(512M) 78.547ms
[2026-03-27T12:53:26.808+0000][69][info ][gc,cpu      ] GC(44) User=0.13s Sys=0.01s Real=0.08s
[2026-03-27T12:53:26.809+0000][69][info ][safepoint   ] Safepoint "G1PauseRemark", Time since last: 56505116 ns, Reaching safepoint: 28200 ns, Cleanup: 4587 ns, At safepoint: 80466575 ns, Total: 80499362 ns
[2026-03-27T12:53:26.809+0000][69][info ][gc,marking  ] GC(44) Concurrent Mark 130.833ms
[2026-03-27T12:53:26.810+0000][69][info ][gc,marking  ] GC(44) Concurrent Rebuild Remembered Sets and Scrub Regions
[2026-03-27T12:53:26.844+0000][69][info ][gc,marking  ] GC(44) Concurrent Rebuild Remembered Sets and Scrub Regions 34.410ms
[2026-03-27T12:53:26.845+0000][69][info ][gc,start    ] GC(44) Pause Cleanup
[2026-03-27T12:53:26.846+0000][69][info ][gc          ] GC(44) Pause Cleanup 116M->116M(512M) 0.965ms
[2026-03-27T12:53:26.847+0000][69][info ][gc,cpu      ] GC(44) User=0.00s Sys=0.00s Real=0.00s
[2026-03-27T12:53:26.848+0000][69][info ][safepoint   ] Safepoint "G1PauseCleanup", Time since last: 36541537 ns, Reaching safepoint: 63563 ns, Cleanup: 140880 ns, At safepoint: 2391514 ns, Total: 2595957 ns
[2026-03-27T12:53:26.848+0000][69][info ][gc,marking  ] GC(44) Concurrent Clear Claimed Marks
[2026-03-27T12:53:26.849+0000][69][info ][gc,marking  ] GC(44) Concurrent Clear Claimed Marks 0.990ms
[2026-03-27T12:53:26.850+0000][69][info ][gc,marking  ] GC(44) Concurrent Cleanup for Next Mark
[2026-03-27T12:53:26.864+0000][69][info ][gc,marking  ] GC(44) Concurrent Cleanup for Next Mark 14.021ms
[2026-03-27T12:53:26.865+0000][69][info ][gc          ] GC(44) Concurrent Mark Cycle 193.781ms
[2026-03-27T12:53:28.733+0000][69][info ][safepoint   ] Safepoint "Cleanup", Time since last: 1885109231 ns, Reaching safepoint: 21938 ns, Cleanup: 53730 ns, At safepoint: 9015 ns, Total: 84683 ns
[2026-03-27T12:53:29.795+0000][69][info ][safepoint   ] Safepoint "Cleanup", Time since last: 1061831989 ns, Reaching safepoint: 6871 ns, Cleanup: 9015 ns, At safepoint: 2319 ns, Total: 18205 ns
[2026-03-27T12:53:30.798+0000][69][info ][safepoint   ] Safepoint "Cleanup", Time since last: 1003164512 ns, Reaching safepoint: 51372 ns, Cleanup: 15632 ns, At safepoint: 5426 ns, Total: 72430 ns
[2026-03-27T12:53:31.830+0000][69][info ][safepoint   ] Safepoint "Cleanup", Time since last: 1031928078 ns, Reaching safepoint: 21994 ns, Cleanup: 11768 ns, At safepoint: 3531 ns, Total: 37293 ns
[2026-03-27T12:53:32.843+0000][69][info ][safepoint   ] Safepoint "Cleanup", Time since last: 1012834379 ns, Reaching safepoint: 9501 ns, Cleanup: 14361 ns, At safepoint: 36209 ns, Total: 60071 ns
[2026-03-27T12:53:33.853+0000][69][info ][safepoint   ] Safepoint "Cleanup", Time since last: 1009757718 ns, Reaching safepoint: 23204 ns, Cleanup: 15600 ns, At safepoint: 12289 ns, Total: 51093 ns
[2026-03-27T12:53:35.940+0000][69][info ][safepoint   ] Safepoint "Cleanup", Time since last: 2091223880 ns, Reaching safepoint: 8496 ns, Cleanup: 8946 ns, At safepoint: 4870 ns, Total: 22312 ns
[2026-03-27T12:53:37.907+0000][69][info ][safepoint   ] Safepoint "Cleanup", Time since last: 1966394894 ns, Reaching safepoint: 472468 ns, Cleanup: 62856 ns, At safepoint: 16722 ns, Total: 552046 ns
[2026-03-27T12:53:39.588+0000][69][info ][safepoint   ] Safepoint "Cleanup", Time since last: 1680596507 ns, Reaching safepoint: 27552 ns, Cleanup: 43691 ns, At safepoint: 7590 ns, Total: 78833 ns
[2026-03-27T12:53:40.935+0000][69][info ][safepoint   ] Safepoint "Cleanup", Time since last: 1346937968 ns, Reaching safepoint: 34721 ns, Cleanup: 20081 ns, At safepoint: 8183 ns, Total: 62985 ns
[2026-03-27T12:53:42.952+0000][69][info ][safepoint   ] Safepoint "Cleanup", Time since last: 2016780775 ns, Reaching safepoint: 148590 ns, Cleanup: 11266 ns, At safepoint: 66477 ns, Total: 226333 ns
[2026-03-27T12:53:43.961+0000][69][info ][safepoint   ] Safepoint "Cleanup", Time since last: 1009056486 ns, Reaching safepoint: 32458 ns, Cleanup: 23102 ns, At safepoint: 8943 ns, Total: 64503 ns
[2026-03-27T12:53:44.964+0000][69][info ][safepoint   ] Safepoint "Cleanup", Time since last: 1002723978 ns, Reaching safepoint: 6573 ns, Cleanup: 7594 ns, At safepoint: 3154 ns, Total: 17321 ns
[2026-03-27T12:53:46.995+0000][69][info ][safepoint   ] Safepoint "Cleanup", Time since last: 2031028696 ns, Reaching safepoint: 19355 ns, Cleanup: 13509 ns, At safepoint: 3003 ns, Total: 35867 ns
[2026-03-27T12:53:47.996+0000][69][info ][safepoint   ] Safepoint "Cleanup", Time since last: 1001019553 ns, Reaching safepoint: 53457 ns, Cleanup: 28109 ns, At safepoint: 7745 ns, Total: 89311 ns
[2026-03-27T12:53:48.997+0000][69][info ][safepoint   ] Safepoint "Cleanup", Time since last: 1000825733 ns, Reaching safepoint: 86751 ns, Cleanup: 20512 ns, At safepoint: 10332 ns, Total: 117595 ns
[2026-03-27T12:53:50.196+0000][69][info ][safepoint   ] Safepoint "Cleanup", Time since last: 1199009122 ns, Reaching safepoint: 7638 ns, Cleanup: 7616 ns, At safepoint: 7253 ns, Total: 22507 ns
[2026-03-27T12:53:51.615+0000][69][info ][safepoint   ] Safepoint "Cleanup", Time since last: 1418577964 ns, Reaching safepoint: 23668 ns, Cleanup: 23493 ns, At safepoint: 5082 ns, Total: 52243 ns
[2026-03-27T12:53:53.616+0000][69][info ][safepoint   ] Safepoint "Cleanup", Time since last: 2001630016 ns, Reaching safepoint: 23387 ns, Cleanup: 11893 ns, At safepoint: 5094 ns, Total: 40374 ns
[2026-03-27T12:53:54.618+0000][69][info ][safepoint   ] Safepoint "Cleanup", Time since last: 1001705150 ns, Reaching safepoint: 21219 ns, Cleanup: 12682 ns, At safepoint: 4491 ns, Total: 38392 ns
[2026-03-27T12:53:56.199+0000][69][info ][safepoint   ] Safepoint "Cleanup", Time since last: 1580752192 ns, Reaching safepoint: 13973 ns, Cleanup: 10546 ns, At safepoint: 8611 ns, Total: 33130 ns
[2026-03-27T12:53:57.629+0000][69][info ][safepoint   ] Safepoint "Cleanup", Time since last: 1429833981 ns, Reaching safepoint: 55075 ns, Cleanup: 16392 ns, At safepoint: 10120 ns, Total: 81587 ns
[2026-03-27T12:53:59.199+0000][69][info ][safepoint   ] Safepoint "Cleanup", Time since last: 1570383854 ns, Reaching safepoint: 19427 ns, Cleanup: 16655 ns, At safepoint: 9211 ns, Total: 45293 ns
[2026-03-27T12:54:00.232+0000][69][info ][safepoint   ] Safepoint "Cleanup", Time since last: 1033025034 ns, Reaching safepoint: 65146 ns, Cleanup: 24274 ns, At safepoint: 9123 ns, Total: 98543 ns
[2026-03-27T12:54:02.687+0000][69][info ][safepoint   ] Safepoint "Cleanup", Time since last: 2454365315 ns, Reaching safepoint: 26421 ns, Cleanup: 15637 ns, At safepoint: 80646 ns, Total: 122704 ns
[2026-03-27T12:54:08.709+0000][69][info ][safepoint   ] Safepoint "Cleanup", Time since last: 6026391361 ns, Reaching safepoint: 157119 ns, Cleanup: 24233 ns, At safepoint: 110545 ns, Total: 291897 ns
[2026-03-27T12:54:09.735+0000][69][info ][safepoint   ] Safepoint "Cleanup", Time since last: 1025948302 ns, Reaching safepoint: 84906 ns, Cleanup: 31200 ns, At safepoint: 13353 ns, Total: 129459 ns
[2026-03-27T12:54:14.755+0000][69][info ][safepoint   ] Safepoint "Cleanup", Time since last: 5019985822 ns, Reaching safepoint: 21328 ns, Cleanup: 19464 ns, At safepoint: 75652 ns, Total: 116444 ns
[2026-03-27T12:54:20.675+0000][69][info ][safepoint   ] Safepoint "Cleanup", Time since last: 5919426523 ns, Reaching safepoint: 23404 ns, Cleanup: 17127 ns, At safepoint: 11759 ns, Total: 52290 ns
[2026-03-27T12:54:21.800+0000][69][info ][safepoint   ] Safepoint "Cleanup", Time since last: 1125310762 ns, Reaching safepoint: 75841 ns, Cleanup: 22925 ns, At safepoint: 10386 ns, Total: 109152 ns
[2026-03-27T12:54:24.802+0000][69][info ][safepoint   ] Safepoint "Cleanup", Time since last: 3002099844 ns, Reaching safepoint: 84605 ns, Cleanup: 19492 ns, At safepoint: 135477 ns, Total: 239574 ns
[2026-03-27T12:54:25.804+0000][69][info ][safepoint   ] Safepoint "Cleanup", Time since last: 1001289557 ns, Reaching safepoint: 93307 ns, Cleanup: 28371 ns, At safepoint: 13551 ns, Total: 135229 ns
[2026-03-27T12:54:28.826+0000][69][info ][safepoint   ] Safepoint "Cleanup", Time since last: 3021773689 ns, Reaching safepoint: 81469 ns, Cleanup: 23139 ns, At safepoint: 11932 ns, Total: 116540 ns
[2026-03-27T12:54:31.485+0000][69][info ][safepoint   ] Safepoint "Cleanup", Time since last: 2656431474 ns, Reaching safepoint: 2346366 ns, Cleanup: 37794 ns, At safepoint: 423260 ns, Total: 2807420 ns
[2026-03-27T12:54:32.845+0000][69][info ][safepoint   ] Safepoint "Cleanup", Time since last: 1360309496 ns, Reaching safepoint: 31305 ns, Cleanup: 77087 ns, At safepoint: 14316 ns, Total: 122708 ns
[2026-03-27T12:54:32.900+0000][69][info ][gc,start    ] GC(45) Pause Young (Prepare Mixed) (G1 Evacuation Pause)
[2026-03-27T12:54:32.902+0000][69][info ][gc,task     ] GC(45) Using 10 workers of 10 for evacuation
[2026-03-27T12:54:32.902+0000][69][debug][gc,age      ] GC(45) Desired survivor size 20971520 bytes, new threshold 15 (max threshold 15)
[2026-03-27T12:54:32.947+0000][69][info ][gc,phases   ] GC(45)   Pre Evacuate Collection Set: 0.6ms
[2026-03-27T12:54:32.948+0000][69][info ][gc,phases   ] GC(45)   Merge Heap Roots: 3.4ms
[2026-03-27T12:54:32.949+0000][69][info ][gc,phases   ] GC(45)   Evacuate Collection Set: 34.2ms
[2026-03-27T12:54:32.950+0000][69][info ][gc,phases   ] GC(45)   Post Evacuate Collection Set: 3.1ms
[2026-03-27T12:54:32.952+0000][69][info ][gc,phases   ] GC(45)   Other: 3.5ms
[2026-03-27T12:54:32.953+0000][69][trace][gc,age      ] GC(45) Age table with threshold 15 (max threshold 15)
[2026-03-27T12:54:32.953+0000][69][trace][gc,age      ] GC(45) - age   1:    1836864 bytes,    1836864 total
[2026-03-27T12:54:32.954+0000][69][trace][gc,age      ] GC(45) - age   2:    1340912 bytes,    3177776 total
[2026-03-27T12:54:32.955+0000][69][trace][gc,age      ] GC(45) - age   3:       7320 bytes,    3185096 total
[2026-03-27T12:54:32.956+0000][69][trace][gc,age      ] GC(45) - age   4:       7016 bytes,    3192112 total
[2026-03-27T12:54:32.957+0000][69][trace][gc,age      ] GC(45) - age   5:     195088 bytes,    3387200 total
[2026-03-27T12:54:32.958+0000][69][trace][gc,age      ] GC(45) - age   6:       3592 bytes,    3390792 total
[2026-03-27T12:54:32.958+0000][69][trace][gc,age      ] GC(45) - age   7:      24816 bytes,    3415608 total
[2026-03-27T12:54:32.959+0000][69][trace][gc,age      ] GC(45) - age   8:     116704 bytes,    3532312 total
[2026-03-27T12:54:32.963+0000][69][trace][gc,age      ] GC(45) - age   9:     168536 bytes,    3700848 total
[2026-03-27T12:54:32.963+0000][69][trace][gc,age      ] GC(45) - age  10:     105480 bytes,    3806328 total
[2026-03-27T12:54:32.964+0000][69][trace][gc,age      ] GC(45) - age  11:      64296 bytes,    3870624 total
[2026-03-27T12:54:32.965+0000][69][trace][gc,age      ] GC(45) - age  12:       6296 bytes,    3876920 total
[2026-03-27T12:54:32.966+0000][69][trace][gc,age      ] GC(45) - age  13:      68600 bytes,    3945520 total
[2026-03-27T12:54:32.967+0000][69][trace][gc,age      ] GC(45) - age  14:      80264 bytes,    4025784 total
[2026-03-27T12:54:32.971+0000][69][trace][gc,age      ] GC(45) - age  15:      74552 bytes,    4100336 total
[2026-03-27T12:54:32.972+0000][69][info ][gc,heap     ] GC(45) Eden regions: 74->0(74)
[2026-03-27T12:54:32.973+0000][69][info ][gc,heap     ] GC(45) Survivor regions: 2->2(10)
[2026-03-27T12:54:32.974+0000][69][info ][gc,heap     ] GC(45) Old regions: 27->27
[2026-03-27T12:54:32.978+0000][69][info ][gc,heap     ] GC(45) Humongous regions: 0->0
[2026-03-27T12:54:32.980+0000][69][info ][gc,metaspace] GC(45) Metaspace: 145297K(150784K)->145297K(150784K) NonClass: 126272K(129280K)->126272K(129280K) Class: 19024K(21504K)->19024K(21504K)
[2026-03-27T12:54:32.982+0000][69][info ][gc          ] GC(45) Pause Young (Prepare Mixed) (G1 Evacuation Pause) 405M->110M(512M) 81.408ms
[2026-03-27T12:54:32.983+0000][69][info ][gc,cpu      ] GC(45) User=0.08s Sys=0.00s Real=0.09s
[2026-03-27T12:54:32.989+0000][69][info ][safepoint   ] Safepoint "G1CollectForAllocation", Time since last: 54863358 ns, Reaching safepoint: 199469 ns, Cleanup: 10935 ns, At safepoint: 88925343 ns, Total: 89135747 ns
[2026-03-27T12:54:33.991+0000][69][info ][safepoint   ] Safepoint "Cleanup", Time since last: 1006434187 ns, Reaching safepoint: 33776 ns, Cleanup: 46782 ns, At safepoint: 15731 ns, Total: 96289 ns
[2026-03-27T12:54:35.001+0000][69][info ][safepoint   ] Safepoint "Cleanup", Time since last: 1009948461 ns, Reaching safepoint: 85670 ns, Cleanup: 35687 ns, At safepoint: 12644 ns, Total: 134001 ns
[2026-03-27T12:54:36.003+0000][69][info ][safepoint   ] Safepoint "Cleanup", Time since last: 1001640769 ns, Reaching safepoint: 87005 ns, Cleanup: 38461 ns, At safepoint: 16229 ns, Total: 141695 ns
[2026-03-27T12:54:37.004+0000][69][info ][safepoint   ] Safepoint "Cleanup", Time since last: 1001382181 ns, Reaching safepoint: 88637 ns, Cleanup: 32954 ns, At safepoint: 51805 ns, Total: 173396 ns
[2026-03-27T12:54:38.006+0000][69][info ][safepoint   ] Safepoint "Cleanup", Time since last: 1001578159 ns, Reaching safepoint: 96133 ns, Cleanup: 52210 ns, At safepoint: 121976 ns, Total: 270319 ns
[2026-03-27T12:54:39.011+0000][69][info ][safepoint   ] Safepoint "Cleanup", Time since last: 1004540744 ns, Reaching safepoint: 21801 ns, Cleanup: 69878 ns, At safepoint: 75224 ns, Total: 166903 ns
[2026-03-27T12:54:44.209+0000][69][info ][safepoint   ] Safepoint "Cleanup", Time since last: 5198043292 ns, Reaching safepoint: 25406 ns, Cleanup: 19593 ns, At safepoint: 9879 ns, Total: 54878 ns
[2026-03-27T12:54:46.051+0000][69][info ][safepoint   ] Safepoint "Cleanup", Time since last: 1842235819 ns, Reaching safepoint: 19628 ns, Cleanup: 9694 ns, At safepoint: 2980 ns, Total: 32302 ns
[2026-03-27T12:54:49.053+0000][69][info ][safepoint   ] Safepoint "Cleanup", Time since last: 3001501307 ns, Reaching safepoint: 43156 ns, Cleanup: 18860 ns, At safepoint: 4308 ns, Total: 66324 ns
[2026-03-27T12:54:50.196+0000][69][info ][safepoint   ] Safepoint "Cleanup", Time since last: 1143057499 ns, Reaching safepoint: 6226 ns, Cleanup: 7897 ns, At safepoint: 18629 ns, Total: 32752 ns
[2026-03-27T12:54:55.066+0000][69][info ][safepoint   ] Safepoint "Cleanup", Time since last: 4870367411 ns, Reaching safepoint: 34661 ns, Cleanup: 20991 ns, At safepoint: 7532 ns, Total: 63184 ns
[2026-03-27T12:54:57.072+0000][69][info ][safepoint   ] Safepoint "Cleanup", Time since last: 2005979948 ns, Reaching safepoint: 15991 ns, Cleanup: 11299 ns, At safepoint: 8115 ns, Total: 35405 ns
[2026-03-27T12:54:58.081+0000][69][info ][safepoint   ] Safepoint "Cleanup", Time since last: 1009106574 ns, Reaching safepoint: 31698 ns, Cleanup: 18322 ns, At safepoint: 6944 ns, Total: 56964 ns
[2026-03-27T12:55:00.083+0000][69][info ][safepoint   ] Safepoint "Cleanup", Time since last: 2001844174 ns, Reaching safepoint: 25662 ns, Cleanup: 13106 ns, At safepoint: 5046 ns, Total: 43814 ns
[2026-03-27T12:55:02.205+0000][69][info ][safepoint   ] Safepoint "Cleanup", Time since last: 2121797640 ns, Reaching safepoint: 6144 ns, Cleanup: 8071 ns, At safepoint: 12187 ns, Total: 26402 ns
[2026-03-27T12:55:04.095+0000][69][info ][safepoint   ] Safepoint "Cleanup", Time since last: 1893765502 ns, Reaching safepoint: 8228 ns, Cleanup: 36844 ns, At safepoint: 23018 ns, Total: 68090 ns
[2026-03-27T12:55:05.103+0000][69][info ][safepoint   ] Safepoint "Cleanup", Time since last: 1007538936 ns, Reaching safepoint: 138319 ns, Cleanup: 27198 ns, At safepoint: 14041 ns, Total: 179558 ns
[2026-03-27T12:55:11.114+0000][69][info ][safepoint   ] Safepoint "Cleanup", Time since last: 6010633642 ns, Reaching safepoint: 114286 ns, Cleanup: 26751 ns, At safepoint: 10887 ns, Total: 151924 ns
[2026-03-27T12:55:19.132+0000][69][info ][safepoint   ] Safepoint "Cleanup", Time since last: 8017876381 ns, Reaching safepoint: 39731 ns, Cleanup: 20052 ns, At safepoint: 9094 ns, Total: 68877 ns
[2026-03-27T12:55:21.138+0000][69][info ][safepoint   ] Safepoint "Cleanup", Time since last: 2006398121 ns, Reaching safepoint: 9695 ns, Cleanup: 9795 ns, At safepoint: 4097 ns, Total: 23587 ns
[2026-03-27T12:55:24.148+0000][69][info ][safepoint   ] Safepoint "Cleanup", Time since last: 3010076255 ns, Reaching safepoint: 52197 ns, Cleanup: 15808 ns, At safepoint: 5888 ns, Total: 73893 ns
[2026-03-27T12:55:28.167+0000][69][info ][safepoint   ] Safepoint "Cleanup", Time since last: 4018377040 ns, Reaching safepoint: 30020 ns, Cleanup: 17644 ns, At safepoint: 7079 ns, Total: 54743 ns
[2026-03-27T12:55:30.168+0000][69][info ][safepoint   ] Safepoint "Cleanup", Time since last: 2001713848 ns, Reaching safepoint: 33436 ns, Cleanup: 17268 ns, At safepoint: 6405 ns, Total: 57109 ns
[2026-03-27T12:55:34.185+0000][69][info ][safepoint   ] Safepoint "Cleanup", Time since last: 4020833824 ns, Reaching safepoint: 47631 ns, Cleanup: 28584 ns, At safepoint: 9567 ns, Total: 85782 ns
[2026-03-27T12:55:35.190+0000][69][info ][safepoint   ] Safepoint "Cleanup", Time since last: 1004869093 ns, Reaching safepoint: 8259 ns, Cleanup: 28712 ns, At safepoint: 4448 ns, Total: 41419 ns
[2026-03-27T12:55:35.433+0000][69][info ][gc,start    ] GC(46) Pause Young (Mixed) (G1 Evacuation Pause)
[2026-03-27T12:55:35.434+0000][69][info ][gc,task     ] GC(46) Using 10 workers of 10 for evacuation
[2026-03-27T12:55:35.435+0000][69][debug][gc,age      ] GC(46) Desired survivor size 20971520 bytes, new threshold 15 (max threshold 15)
[2026-03-27T12:55:35.448+0000][69][info ][gc,phases   ] GC(46)   Pre Evacuate Collection Set: 0.9ms
[2026-03-27T12:55:35.449+0000][69][info ][gc,phases   ] GC(46)   Merge Heap Roots: 0.3ms
[2026-03-27T12:55:35.450+0000][69][info ][gc,phases   ] GC(46)   Evacuate Collection Set: 10.6ms
[2026-03-27T12:55:35.450+0000][69][info ][gc,phases   ] GC(46)   Post Evacuate Collection Set: 0.9ms
[2026-03-27T12:55:35.451+0000][69][info ][gc,phases   ] GC(46)   Other: 1.7ms
[2026-03-27T12:55:35.451+0000][69][trace][gc,age      ] GC(46) Age table with threshold 15 (max threshold 15)
[2026-03-27T12:55:35.452+0000][69][trace][gc,age      ] GC(46) - age   1:    1770000 bytes,    1770000 total
[2026-03-27T12:55:35.452+0000][69][trace][gc,age      ] GC(46) - age   2:    1047936 bytes,    2817936 total
[2026-03-27T12:55:35.453+0000][69][trace][gc,age      ] GC(46) - age   3:    1339136 bytes,    4157072 total
[2026-03-27T12:55:35.453+0000][69][trace][gc,age      ] GC(46) - age   4:       5448 bytes,    4162520 total
[2026-03-27T12:55:35.454+0000][69][trace][gc,age      ] GC(46) - age   5:       6888 bytes,    4169408 total
[2026-03-27T12:55:35.454+0000][69][trace][gc,age      ] GC(46) - age   6:     195024 bytes,    4364432 total
[2026-03-27T12:55:35.455+0000][69][trace][gc,age      ] GC(46) - age   7:       3592 bytes,    4368024 total
[2026-03-27T12:55:35.455+0000][69][trace][gc,age      ] GC(46) - age   8:      24816 bytes,    4392840 total
[2026-03-27T12:55:35.456+0000][69][trace][gc,age      ] GC(46) - age   9:     116704 bytes,    4509544 total
[2026-03-27T12:55:35.456+0000][69][trace][gc,age      ] GC(46) - age  10:     168536 bytes,    4678080 total
[2026-03-27T12:55:35.457+0000][69][trace][gc,age      ] GC(46) - age  11:     105480 bytes,    4783560 total
[2026-03-27T12:55:35.457+0000][69][trace][gc,age      ] GC(46) - age  12:      64296 bytes,    4847856 total
[2026-03-27T12:55:35.458+0000][69][trace][gc,age      ] GC(46) - age  13:       6296 bytes,    4854152 total
[2026-03-27T12:55:35.458+0000][69][trace][gc,age      ] GC(46) - age  14:      68600 bytes,    4922752 total
[2026-03-27T12:55:35.458+0000][69][trace][gc,age      ] GC(46) - age  15:      80264 bytes,    5003016 total
[2026-03-27T12:55:35.459+0000][69][info ][gc,heap     ] GC(46) Eden regions: 74->0(74)
[2026-03-27T12:55:35.459+0000][69][info ][gc,heap     ] GC(46) Survivor regions: 2->2(10)
[2026-03-27T12:55:35.460+0000][69][info ][gc,heap     ] GC(46) Old regions: 27->27
[2026-03-27T12:55:35.460+0000][69][info ][gc,heap     ] GC(46) Humongous regions: 0->0
[2026-03-27T12:55:35.461+0000][69][info ][gc,metaspace] GC(46) Metaspace: 145343K(150784K)->145343K(150784K) NonClass: 126318K(129280K)->126318K(129280K) Class: 19024K(21504K)->19024K(21504K)
[2026-03-27T12:55:35.462+0000][69][info ][gc          ] GC(46) Pause Young (Mixed) (G1 Evacuation Pause) 406M->109M(512M) 28.312ms
[2026-03-27T12:55:35.462+0000][69][info ][gc,cpu      ] GC(46) User=0.07s Sys=0.00s Real=0.03s
[2026-03-27T12:55:35.463+0000][69][info ][safepoint   ] Safepoint "G1CollectForAllocation", Time since last: 243629244 ns, Reaching safepoint: 37639 ns, Cleanup: 16966 ns, At safepoint: 29667841 ns, Total: 29722446 ns
[2026-03-27T12:55:36.527+0000][69][info ][safepoint   ] Safepoint "Cleanup", Time since last: 1064022002 ns, Reaching safepoint: 38679 ns, Cleanup: 36719 ns, At safepoint: 8810 ns, Total: 84208 ns
[2026-03-27T12:55:37.529+0000][69][info ][safepoint   ] Safepoint "Cleanup", Time since last: 1001486307 ns, Reaching safepoint: 15546 ns, Cleanup: 8583 ns, At safepoint: 2638 ns, Total: 26767 ns
[2026-03-27T12:55:39.198+0000][69][info ][safepoint   ] Safepoint "Cleanup", Time since last: 1669677220 ns, Reaching safepoint: 49195 ns, Cleanup: 63731 ns, At safepoint: 38181 ns, Total: 151107 ns
[2026-03-27T12:55:40.206+0000][69][info ][safepoint   ] Safepoint "Cleanup", Time since last: 1007700929 ns, Reaching safepoint: 30686 ns, Cleanup: 19495 ns, At safepoint: 7168 ns, Total: 57349 ns
[2026-03-27T12:55:41.208+0000][69][info ][safepoint   ] Safepoint "Cleanup", Time since last: 1001624629 ns, Reaching safepoint: 19061 ns, Cleanup: 10028 ns, At safepoint: 3287 ns, Total: 32376 ns
[2026-03-27T12:55:42.209+0000][69][info ][safepoint   ] Safepoint "Cleanup", Time since last: 1001100236 ns, Reaching safepoint: 22818 ns, Cleanup: 16591 ns, At safepoint: 4574 ns, Total: 43983 ns
[2026-03-27T12:55:43.210+0000][69][info ][safepoint   ] Safepoint "Cleanup", Time since last: 1001392251 ns, Reaching safepoint: 59853 ns, Cleanup: 19089 ns, At safepoint: 7615 ns, Total: 86557 ns
[2026-03-27T12:55:44.212+0000][69][info ][safepoint   ] Safepoint "Cleanup", Time since last: 1001920187 ns, Reaching safepoint: 10168 ns, Cleanup: 13793 ns, At safepoint: 12891 ns, Total: 36852 ns
[2026-03-27T12:55:46.218+0000][69][info ][safepoint   ] Safepoint "Cleanup", Time since last: 2005872057 ns, Reaching safepoint: 19928 ns, Cleanup: 16030 ns, At safepoint: 3634 ns, Total: 39592 ns
[2026-03-27T12:55:47.526+0000][69][info ][safepoint   ] Safepoint "Cleanup", Time since last: 1307615929 ns, Reaching safepoint: 5949 ns, Cleanup: 5623 ns, At safepoint: 2287 ns, Total: 13859 ns
[2026-03-27T12:55:48.529+0000][69][info ][safepoint   ] Safepoint "Cleanup", Time since last: 1003309751 ns, Reaching safepoint: 32902 ns, Cleanup: 19519 ns, At safepoint: 8802 ns, Total: 61223 ns
[2026-03-27T12:55:49.531+0000][69][info ][safepoint   ] Safepoint "Cleanup", Time since last: 1001538537 ns, Reaching safepoint: 23360 ns, Cleanup: 11913 ns, At safepoint: 34465 ns, Total: 69738 ns
[2026-03-27T12:55:51.210+0000][69][info ][safepoint   ] Safepoint "Cleanup", Time since last: 1679449477 ns, Reaching safepoint: 17706 ns, Cleanup: 13036 ns, At safepoint: 3737 ns, Total: 34479 ns
[2026-03-27T12:55:52.231+0000][69][info ][safepoint   ] Safepoint "Cleanup", Time since last: 1021009253 ns, Reaching safepoint: 33603 ns, Cleanup: 15119 ns, At safepoint: 5125 ns, Total: 53847 ns
[2026-03-27T12:55:56.199+0000][69][info ][safepoint   ] Safepoint "Cleanup", Time since last: 3967250000 ns, Reaching safepoint: 5467 ns, Cleanup: 5358 ns, At safepoint: 12030 ns, Total: 22855 ns
[2026-03-27T12:55:57.246+0000][69][info ][safepoint   ] Safepoint "Cleanup", Time since last: 1047397065 ns, Reaching safepoint: 46200 ns, Cleanup: 41055 ns, At safepoint: 11379 ns, Total: 98634 ns
[2026-03-27T12:55:58.260+0000][69][info ][safepoint   ] Safepoint "Cleanup", Time since last: 1013503611 ns, Reaching safepoint: 29098 ns, Cleanup: 24387 ns, At safepoint: 6975 ns, Total: 60460 ns
[2026-03-27T12:56:02.205+0000][69][info ][safepoint   ] Safepoint "Cleanup", Time since last: 3944986348 ns, Reaching safepoint: 5891 ns, Cleanup: 6955 ns, At safepoint: 13959 ns, Total: 26805 ns
[2026-03-27T12:56:07.603+0000][69][info ][safepoint   ] Safepoint "Cleanup", Time since last: 5401562103 ns, Reaching safepoint: 113845 ns, Cleanup: 18424 ns, At safepoint: 10308 ns, Total: 142577 ns
[2026-03-27T12:56:09.285+0000][69][info ][safepoint   ] Safepoint "Cleanup", Time since last: 1681975541 ns, Reaching safepoint: 56547 ns, Cleanup: 23477 ns, At safepoint: 5765 ns, Total: 85789 ns
[2026-03-27T12:56:15.315+0000][69][info ][safepoint   ] Safepoint "Cleanup", Time since last: 6030288820 ns, Reaching safepoint: 5359 ns, Cleanup: 6787 ns, At safepoint: 12753 ns, Total: 24899 ns
[2026-03-27T12:56:18.323+0000][69][info ][safepoint   ] Safepoint "Cleanup", Time since last: 3007566522 ns, Reaching safepoint: 38005 ns, Cleanup: 31371 ns, At safepoint: 8513 ns, Total: 77889 ns
[2026-03-27T12:56:26.200+0000][69][info ][safepoint   ] Safepoint "Cleanup", Time since last: 7877227642 ns, Reaching safepoint: 5125 ns, Cleanup: 6864 ns, At safepoint: 2601 ns, Total: 14590 ns
[2026-03-27T12:56:28.353+0000][69][info ][safepoint   ] Safepoint "Cleanup", Time since last: 2153159733 ns, Reaching safepoint: 42862 ns, Cleanup: 35916 ns, At safepoint: 10848 ns, Total: 89626 ns
[2026-03-27T12:56:32.211+0000][69][info ][safepoint   ] Safepoint "Cleanup", Time since last: 3857135392 ns, Reaching safepoint: 251169 ns, Cleanup: 15438 ns, At safepoint: 61008 ns, Total: 327615 ns
[2026-03-27T12:56:33.367+0000][69][info ][safepoint   ] Safepoint "Cleanup", Time since last: 1156399708 ns, Reaching safepoint: 28937 ns, Cleanup: 21544 ns, At safepoint: 7490 ns, Total: 57971 ns
[2026-03-27T12:56:38.197+0000][69][info ][safepoint   ] Safepoint "Cleanup", Time since last: 4834095282 ns, Reaching safepoint: 96370 ns, Cleanup: 7928 ns, At safepoint: 30094 ns, Total: 134392 ns
[2026-03-27T12:56:41.817+0000][69][info ][safepoint   ] Safepoint "Cleanup", Time since last: 3620349123 ns, Reaching safepoint: 25539 ns, Cleanup: 19526 ns, At safepoint: 5628 ns, Total: 50693 ns
[2026-03-27T12:56:44.389+0000][69][info ][safepoint   ] Safepoint "Cleanup", Time since last: 2571756397 ns, Reaching safepoint: 16975 ns, Cleanup: 14459 ns, At safepoint: 9329 ns, Total: 40763 ns
[2026-03-27T12:56:50.202+0000][69][info ][safepoint   ] Safepoint "Cleanup", Time since last: 5812609179 ns, Reaching safepoint: 6157 ns, Cleanup: 7581 ns, At safepoint: 14279 ns, Total: 28017 ns
[2026-03-27T12:56:51.417+0000][69][info ][safepoint   ] Safepoint "Cleanup", Time since last: 1215068349 ns, Reaching safepoint: 33302 ns, Cleanup: 19489 ns, At safepoint: 7349 ns, Total: 60140 ns
[2026-03-27T12:56:58.435+0000][69][info ][safepoint   ] Safepoint "Cleanup", Time since last: 7017561521 ns, Reaching safepoint: 31281 ns, Cleanup: 21362 ns, At safepoint: 7391 ns, Total: 60034 ns
[2026-03-27T12:57:07.979+0000][69][info ][gc,start    ] GC(47) Pause Young (Concurrent Start) (G1 Evacuation Pause)
[2026-03-27T12:57:07.980+0000][69][info ][gc,task     ] GC(47) Using 10 workers of 10 for evacuation
[2026-03-27T12:57:07.981+0000][69][debug][gc,age      ] GC(47) Desired survivor size 20971520 bytes, new threshold 15 (max threshold 15)
[2026-03-27T12:57:07.993+0000][69][info ][gc,phases   ] GC(47)   Pre Evacuate Collection Set: 0.8ms
[2026-03-27T12:57:07.994+0000][69][info ][gc,phases   ] GC(47)   Merge Heap Roots: 0.2ms
[2026-03-27T12:57:07.994+0000][69][info ][gc,phases   ] GC(47)   Evacuate Collection Set: 8.2ms
[2026-03-27T12:57:07.995+0000][69][info ][gc,phases   ] GC(47)   Post Evacuate Collection Set: 1.9ms
[2026-03-27T12:57:07.995+0000][69][info ][gc,phases   ] GC(47)   Other: 1.7ms
[2026-03-27T12:57:07.996+0000][69][trace][gc,age      ] GC(47) Age table with threshold 15 (max threshold 15)
[2026-03-27T12:57:07.997+0000][69][trace][gc,age      ] GC(47) - age   1:    2094048 bytes,    2094048 total
[2026-03-27T12:57:07.997+0000][69][trace][gc,age      ] GC(47) - age   2:      98112 bytes,    2192160 total
[2026-03-27T12:57:07.998+0000][69][trace][gc,age      ] GC(47) - age   3:     549104 bytes,    2741264 total
[2026-03-27T12:57:07.998+0000][69][trace][gc,age      ] GC(47) - age   4:    1338400 bytes,    4079664 total
[2026-03-27T12:57:07.999+0000][69][trace][gc,age      ] GC(47) - age   5:       5192 bytes,    4084856 total
[2026-03-27T12:57:07.999+0000][69][trace][gc,age      ] GC(47) - age   6:       6760 bytes,    4091616 total
[2026-03-27T12:57:07.999+0000][69][trace][gc,age      ] GC(47) - age   7:      40728 bytes,    4132344 total
[2026-03-27T12:57:08.000+0000][69][trace][gc,age      ] GC(47) - age   8:       3592 bytes,    4135936 total
[2026-03-27T12:57:08.000+0000][69][trace][gc,age      ] GC(47) - age   9:       7784 bytes,    4143720 total
[2026-03-27T12:57:08.001+0000][69][trace][gc,age      ] GC(47) - age  10:     112632 bytes,    4256352 total
[2026-03-27T12:57:08.001+0000][69][trace][gc,age      ] GC(47) - age  11:      17408 bytes,    4273760 total
[2026-03-27T12:57:08.002+0000][69][trace][gc,age      ] GC(47) - age  12:     105480 bytes,    4379240 total
[2026-03-27T12:57:08.002+0000][69][trace][gc,age      ] GC(47) - age  13:      64168 bytes,    4443408 total
[2026-03-27T12:57:08.003+0000][69][trace][gc,age      ] GC(47) - age  14:       6296 bytes,    4449704 total
[2026-03-27T12:57:08.003+0000][69][trace][gc,age      ] GC(47) - age  15:      68600 bytes,    4518304 total
[2026-03-27T12:57:08.004+0000][69][info ][gc,heap     ] GC(47) Eden regions: 74->0(74)
[2026-03-27T12:57:08.004+0000][69][info ][gc,heap     ] GC(47) Survivor regions: 2->2(10)
[2026-03-27T12:57:08.004+0000][69][info ][gc,heap     ] GC(47) Old regions: 27->27
[2026-03-27T12:57:08.005+0000][69][info ][gc,heap     ] GC(47) Humongous regions: 0->0
[2026-03-27T12:57:08.006+0000][69][info ][gc,metaspace] GC(47) Metaspace: 145377K(150784K)->145377K(150784K) NonClass: 126348K(129280K)->126348K(129280K) Class: 19028K(21504K)->19028K(21504K)
[2026-03-27T12:57:08.006+0000][69][info ][gc          ] GC(47) Pause Young (Concurrent Start) (G1 Evacuation Pause) 405M->109M(512M) 27.119ms
[2026-03-27T12:57:08.007+0000][69][info ][gc,cpu      ] GC(47) User=0.04s Sys=0.00s Real=0.02s
[2026-03-27T12:57:08.007+0000][69][info ][gc          ] GC(48) Concurrent Mark Cycle
[2026-03-27T12:57:08.008+0000][69][info ][gc,marking  ] GC(48) Concurrent Scan Root Regions
[2026-03-27T12:57:08.008+0000][69][info ][safepoint   ] Safepoint "G1CollectForAllocation", Time since last: 9547730701 ns, Reaching safepoint: 321954 ns, Cleanup: 11048 ns, At safepoint: 28366204 ns, Total: 28699206 ns
[2026-03-27T12:57:08.011+0000][69][info ][gc,marking  ] GC(48) Concurrent Scan Root Regions 2.982ms
[2026-03-27T12:57:08.012+0000][69][info ][gc,marking  ] GC(48) Concurrent Mark
[2026-03-27T12:57:08.012+0000][69][info ][gc,marking  ] GC(48) Concurrent Mark From Roots
[2026-03-27T12:57:08.013+0000][69][info ][gc,task     ] GC(48) Using 3 workers of 3 for marking
[2026-03-27T12:57:08.055+0000][69][info ][gc,marking  ] GC(48) Concurrent Mark From Roots 42.942ms
[2026-03-27T12:57:08.056+0000][69][info ][gc,marking  ] GC(48) Concurrent Preclean
[2026-03-27T12:57:08.058+0000][69][info ][gc,marking  ] GC(48) Concurrent Preclean 1.174ms
[2026-03-27T12:57:08.059+0000][69][info ][gc,start    ] GC(48) Pause Remark
[2026-03-27T12:57:08.087+0000][69][info ][gc          ] GC(48) Pause Remark 110M->110M(512M) 27.711ms
[2026-03-27T12:57:08.088+0000][69][info ][gc,cpu      ] GC(48) User=0.14s Sys=0.00s Real=0.03s
[2026-03-27T12:57:08.088+0000][69][info ][safepoint   ] Safepoint "G1PauseRemark", Time since last: 51382995 ns, Reaching safepoint: 41484 ns, Cleanup: 2928 ns, At safepoint: 29233777 ns, Total: 29278189 ns
[2026-03-27T12:57:08.089+0000][69][info ][gc,marking  ] GC(48) Concurrent Mark 77.692ms
[2026-03-27T12:57:08.090+0000][69][info ][gc,marking  ] GC(48) Concurrent Rebuild Remembered Sets and Scrub Regions
[2026-03-27T12:57:08.112+0000][69][info ][gc,marking  ] GC(48) Concurrent Rebuild Remembered Sets and Scrub Regions 22.318ms
[2026-03-27T12:57:08.114+0000][69][info ][gc,start    ] GC(48) Pause Cleanup
[2026-03-27T12:57:08.115+0000][69][info ][gc          ] GC(48) Pause Cleanup 110M->110M(512M) 1.442ms
[2026-03-27T12:57:08.116+0000][69][info ][gc,cpu      ] GC(48) User=0.00s Sys=0.00s Real=0.00s
[2026-03-27T12:57:08.116+0000][69][info ][safepoint   ] Safepoint "G1PauseCleanup", Time since last: 25427381 ns, Reaching safepoint: 10948 ns, Cleanup: 14734 ns, At safepoint: 2816487 ns, Total: 2842169 ns
[2026-03-27T12:57:08.117+0000][69][info ][gc,marking  ] GC(48) Concurrent Clear Claimed Marks
[2026-03-27T12:57:08.118+0000][69][info ][gc,marking  ] GC(48) Concurrent Clear Claimed Marks 0.819ms
[2026-03-27T12:57:08.119+0000][69][info ][gc,marking  ] GC(48) Concurrent Cleanup for Next Mark
[2026-03-27T12:57:08.120+0000][69][info ][gc,marking  ] GC(48) Concurrent Cleanup for Next Mark 1.162ms
[2026-03-27T12:57:08.121+0000][69][info ][gc          ] GC(48) Concurrent Mark Cycle 113.490ms
[2026-03-27T12:57:09.466+0000][69][info ][safepoint   ] Safepoint "Cleanup", Time since last: 1349670393 ns, Reaching safepoint: 23619 ns, Cleanup: 20590 ns, At safepoint: 5085 ns, Total: 49294 ns
[2026-03-27T12:57:11.469+0000][69][info ][safepoint   ] Safepoint "Cleanup", Time since last: 2002176768 ns, Reaching safepoint: 49814 ns, Cleanup: 31526 ns, At safepoint: 72621 ns, Total: 153961 ns
[2026-03-27T12:57:19.482+0000][69][info ][safepoint   ] Safepoint "Cleanup", Time since last: 8013180360 ns, Reaching safepoint: 77531 ns, Cleanup: 121284 ns, At safepoint: 31456 ns, Total: 230271 ns
[2026-03-27T12:57:26.351+0000][69][info ][safepoint   ] Safepoint "Cleanup", Time since last: 6869403157 ns, Reaching safepoint: 8562 ns, Cleanup: 7221 ns, At safepoint: 4366 ns, Total: 20149 ns
[2026-03-27T12:57:27.515+0000][69][info ][safepoint   ] Safepoint "Cleanup", Time since last: 1163477406 ns, Reaching safepoint: 29847 ns, Cleanup: 19474 ns, At safepoint: 6493 ns, Total: 55814 ns
[2026-03-27T12:57:32.519+0000][69][info ][safepoint   ] Safepoint "Cleanup", Time since last: 5003740375 ns, Reaching safepoint: 7092 ns, Cleanup: 7587 ns, At safepoint: 3445 ns, Total: 18124 ns
[2026-03-27T12:57:41.313+0000][69][info ][safepoint   ] Safepoint "Cleanup", Time since last: 8798360239 ns, Reaching safepoint: 32651 ns, Cleanup: 10418 ns, At safepoint: 3191 ns, Total: 46260 ns
[2026-03-27T12:57:50.205+0000][69][info ][safepoint   ] Safepoint "Cleanup", Time since last: 8891769568 ns, Reaching safepoint: 5587 ns, Cleanup: 7391 ns, At safepoint: 3020 ns, Total: 15998 ns
[2026-03-27T12:57:55.580+0000][69][info ][safepoint   ] Safepoint "Cleanup", Time since last: 5375087532 ns, Reaching safepoint: 31622 ns, Cleanup: 13781 ns, At safepoint: 5006 ns, Total: 50409 ns
[2026-03-27T12:57:58.597+0000][69][info ][safepoint   ] Safepoint "Cleanup", Time since last: 3016209532 ns, Reaching safepoint: 63621 ns, Cleanup: 30058 ns, At safepoint: 7980 ns, Total: 101659 ns
[2026-03-27T12:58:01.598+0000][69][info ][safepoint   ] Safepoint "Cleanup", Time since last: 3001696457 ns, Reaching safepoint: 20303 ns, Cleanup: 11448 ns, At safepoint: 4421 ns, Total: 36172 ns
[2026-03-27T12:58:08.217+0000][69][info ][safepoint   ] Safepoint "Cleanup", Time since last: 6623816730 ns, Reaching safepoint: 4960 ns, Cleanup: 18775 ns, At safepoint: 2391 ns, Total: 26126 ns
[2026-03-27T12:58:10.630+0000][69][info ][safepoint   ] Safepoint "Cleanup", Time since last: 2413218632 ns, Reaching safepoint: 55352 ns, Cleanup: 11485 ns, At safepoint: 4204 ns, Total: 71041 ns
[2026-03-27T12:58:14.214+0000][69][info ][safepoint   ] Safepoint "Cleanup", Time since last: 3583597276 ns, Reaching safepoint: 13477 ns, Cleanup: 11696 ns, At safepoint: 135903 ns, Total: 161076 ns
[2026-03-27T12:58:15.640+0000][69][info ][safepoint   ] Safepoint "Cleanup", Time since last: 1425883209 ns, Reaching safepoint: 37511 ns, Cleanup: 34599 ns, At safepoint: 8866 ns, Total: 80976 ns
[2026-03-27T12:58:21.653+0000][69][info ][safepoint   ] Safepoint "Cleanup", Time since last: 6013137325 ns, Reaching safepoint: 43382 ns, Cleanup: 30067 ns, At safepoint: 12266 ns, Total: 85715 ns
[2026-03-27T12:58:24.655+0000][69][info ][safepoint   ] Safepoint "Cleanup", Time since last: 3001523224 ns, Reaching safepoint: 133039 ns, Cleanup: 124736 ns, At safepoint: 20725 ns, Total: 278500 ns
[2026-03-27T12:58:27.499+0000][69][info ][safepoint   ] Safepoint "Cleanup", Time since last: 2844391642 ns, Reaching safepoint: 63359 ns, Cleanup: 18906 ns, At safepoint: 7190 ns, Total: 89455 ns
[2026-03-27T12:58:31.693+0000][69][info ][safepoint   ] Safepoint "Cleanup", Time since last: 4193890113 ns, Reaching safepoint: 37779 ns, Cleanup: 17557 ns, At safepoint: 7228 ns, Total: 62564 ns
[2026-03-27T12:58:38.205+0000][69][info ][safepoint   ] Safepoint "Cleanup", Time since last: 6515462210 ns, Reaching safepoint: 10534 ns, Cleanup: 66535 ns, At safepoint: 45219 ns, Total: 122288 ns
[2026-03-27T12:58:44.211+0000][69][info ][safepoint   ] Safepoint "Cleanup", Time since last: 6006227828 ns, Reaching safepoint: 6743 ns, Cleanup: 10307 ns, At safepoint: 13784 ns, Total: 30834 ns
[2026-03-27T12:58:45.723+0000][69][info ][safepoint   ] Safepoint "Cleanup", Time since last: 1512051319 ns, Reaching safepoint: 41867 ns, Cleanup: 24279 ns, At safepoint: 10461 ns, Total: 76607 ns
[2026-03-27T12:58:47.825+0000][69][info ][gc,start    ] GC(49) Pause Young (Prepare Mixed) (G1 Evacuation Pause)
[2026-03-27T12:58:47.827+0000][69][info ][gc,task     ] GC(49) Using 10 workers of 10 for evacuation
[2026-03-27T12:58:47.828+0000][69][debug][gc,age      ] GC(49) Desired survivor size 20971520 bytes, new threshold 15 (max threshold 15)
[2026-03-27T12:58:47.840+0000][69][info ][gc,phases   ] GC(49)   Pre Evacuate Collection Set: 0.5ms
[2026-03-27T12:58:47.840+0000][69][info ][gc,phases   ] GC(49)   Merge Heap Roots: 0.2ms
[2026-03-27T12:58:47.841+0000][69][info ][gc,phases   ] GC(49)   Evacuate Collection Set: 8.8ms
[2026-03-27T12:58:47.842+0000][69][info ][gc,phases   ] GC(49)   Post Evacuate Collection Set: 1.2ms
[2026-03-27T12:58:47.843+0000][69][info ][gc,phases   ] GC(49)   Other: 2.1ms
[2026-03-27T12:58:47.844+0000][69][trace][gc,age      ] GC(49) Age table with threshold 15 (max threshold 15)
[2026-03-27T12:58:47.844+0000][69][trace][gc,age      ] GC(49) - age   1:    2720328 bytes,    2720328 total
[2026-03-27T12:58:47.844+0000][69][trace][gc,age      ] GC(49) - age   2:     359712 bytes,    3080040 total
[2026-03-27T12:58:47.845+0000][69][trace][gc,age      ] GC(49) - age   3:      96560 bytes,    3176600 total
[2026-03-27T12:58:47.845+0000][69][trace][gc,age      ] GC(49) - age   4:     536880 bytes,    3713480 total
[2026-03-27T12:58:47.845+0000][69][trace][gc,age      ] GC(49) - age   5:    1336120 bytes,    5049600 total
[2026-03-27T12:58:47.845+0000][69][trace][gc,age      ] GC(49) - age   6:       4576 bytes,    5054176 total
[2026-03-27T12:58:47.846+0000][69][trace][gc,age      ] GC(49) - age   7:       6632 bytes,    5060808 total
[2026-03-27T12:58:47.846+0000][69][trace][gc,age      ] GC(49) - age   8:      40728 bytes,    5101536 total
[2026-03-27T12:58:47.846+0000][69][trace][gc,age      ] GC(49) - age   9:       3392 bytes,    5104928 total
[2026-03-27T12:58:47.847+0000][69][trace][gc,age      ] GC(49) - age  10:       7656 bytes,    5112584 total
[2026-03-27T12:58:47.847+0000][69][trace][gc,age      ] GC(49) - age  11:     112376 bytes,    5224960 total
[2026-03-27T12:58:47.848+0000][69][trace][gc,age      ] GC(49) - age  12:      14424 bytes,    5239384 total
[2026-03-27T12:58:47.849+0000][69][trace][gc,age      ] GC(49) - age  13:     105480 bytes,    5344864 total
[2026-03-27T12:58:47.850+0000][69][trace][gc,age      ] GC(49) - age  14:      64168 bytes,    5409032 total
[2026-03-27T12:58:47.850+0000][69][trace][gc,age      ] GC(49) - age  15:       6296 bytes,    5415328 total
[2026-03-27T12:58:47.850+0000][69][info ][gc,heap     ] GC(49) Eden regions: 74->0(74)
[2026-03-27T12:58:47.851+0000][69][info ][gc,heap     ] GC(49) Survivor regions: 2->2(10)
[2026-03-27T12:58:47.851+0000][69][info ][gc,heap     ] GC(49) Old regions: 27->27
[2026-03-27T12:58:47.852+0000][69][info ][gc,heap     ] GC(49) Humongous regions: 0->0
[2026-03-27T12:58:47.852+0000][69][info ][gc,metaspace] GC(49) Metaspace: 145404K(150784K)->145404K(150784K) NonClass: 126376K(129280K)->126376K(129280K) Class: 19028K(21504K)->19028K(21504K)
[2026-03-27T12:58:47.853+0000][69][info ][gc          ] GC(49) Pause Young (Prepare Mixed) (G1 Evacuation Pause) 405M->110M(512M) 27.879ms
[2026-03-27T12:58:47.853+0000][69][info ][gc,cpu      ] GC(49) User=0.04s Sys=0.00s Real=0.02s
[2026-03-27T12:58:47.854+0000][69][info ][safepoint   ] Safepoint "G1CollectForAllocation", Time since last: 2101480785 ns, Reaching safepoint: 225332 ns, Cleanup: 8432 ns, At safepoint: 28899920 ns, Total: 29133684 ns
[2026-03-27T12:58:49.700+0000][69][info ][safepoint   ] Safepoint "Cleanup", Time since last: 1846551474 ns, Reaching safepoint: 104217 ns, Cleanup: 56600 ns, At safepoint: 23878 ns, Total: 184695 ns
[2026-03-27T12:58:50.730+0000][69][info ][safepoint   ] Safepoint "Cleanup", Time since last: 1029149581 ns, Reaching safepoint: 8021 ns, Cleanup: 17046 ns, At safepoint: 8662 ns, Total: 33729 ns
[2026-03-27T12:58:54.759+0000][69][info ][safepoint   ] Safepoint "Cleanup", Time since last: 4029036374 ns, Reaching safepoint: 47378 ns, Cleanup: 41404 ns, At safepoint: 12162 ns, Total: 100944 ns
[2026-03-27T12:58:55.768+0000][69][info ][safepoint   ] Safepoint "Cleanup", Time since last: 1009423697 ns, Reaching safepoint: 36249 ns, Cleanup: 13276 ns, At safepoint: 3675 ns, Total: 53200 ns
[2026-03-27T12:58:59.758+0000][69][info ][safepoint   ] Safepoint "Cleanup", Time since last: 3990055595 ns, Reaching safepoint: 32253 ns, Cleanup: 16981 ns, At safepoint: 3277 ns, Total: 52511 ns
[2026-03-27T12:59:00.772+0000][69][info ][safepoint   ] Safepoint "Cleanup", Time since last: 1013637784 ns, Reaching safepoint: 18068 ns, Cleanup: 18677 ns, At safepoint: 85250 ns, Total: 121995 ns
[2026-03-27T12:59:02.797+0000][69][info ][safepoint   ] Safepoint "Cleanup", Time since last: 2024908007 ns, Reaching safepoint: 13912 ns, Cleanup: 13274 ns, At safepoint: 5488 ns, Total: 32674 ns
[2026-03-27T12:59:04.778+0000][69][info ][safepoint   ] Safepoint "Cleanup", Time since last: 1984315662 ns, Reaching safepoint: 11532 ns, Cleanup: 10534 ns, At safepoint: 4054 ns, Total: 26120 ns
[2026-03-27T12:59:05.800+0000][69][info ][safepoint   ] Safepoint "Cleanup", Time since last: 1021201645 ns, Reaching safepoint: 24371 ns, Cleanup: 14638 ns, At safepoint: 4939 ns, Total: 43948 ns
[2026-03-27T12:59:08.203+0000][69][info ][safepoint   ] Safepoint "Cleanup", Time since last: 2402976605 ns, Reaching safepoint: 7785 ns, Cleanup: 8106 ns, At safepoint: 2771 ns, Total: 18662 ns
[2026-03-27T12:59:09.833+0000][69][info ][safepoint   ] Safepoint "Cleanup", Time since last: 1630039218 ns, Reaching safepoint: 25331 ns, Cleanup: 20230 ns, At safepoint: 5837 ns, Total: 51398 ns
[2026-03-27T12:59:10.834+0000][69][info ][safepoint   ] Safepoint "Cleanup", Time since last: 1001318233 ns, Reaching safepoint: 29906 ns, Cleanup: 17830 ns, At safepoint: 7693 ns, Total: 55429 ns
[2026-03-27T12:59:14.202+0000][69][info ][safepoint   ] Safepoint "Cleanup", Time since last: 3368206847 ns, Reaching safepoint: 20879 ns, Cleanup: 12684 ns, At safepoint: 3154 ns, Total: 36717 ns
[2026-03-27T12:59:16.813+0000][69][info ][safepoint   ] Safepoint "Cleanup", Time since last: 2611129133 ns, Reaching safepoint: 15225 ns, Cleanup: 14226 ns, At safepoint: 5775 ns, Total: 35226 ns
[2026-03-27T12:59:17.830+0000][69][info ][safepoint   ] Safepoint "Cleanup", Time since last: 1016295165 ns, Reaching safepoint: 76158 ns, Cleanup: 17493 ns, At safepoint: 9122 ns, Total: 102773 ns
[2026-03-27T12:59:18.831+0000][69][info ][safepoint   ] Safepoint "Cleanup", Time since last: 1001210510 ns, Reaching safepoint: 121553 ns, Cleanup: 39551 ns, At safepoint: 20044 ns, Total: 181148 ns
[2026-03-27T12:59:20.863+0000][69][info ][safepoint   ] Safepoint "Cleanup", Time since last: 2031847781 ns, Reaching safepoint: 38883 ns, Cleanup: 21882 ns, At safepoint: 28545 ns, Total: 89310 ns
[2026-03-27T12:59:21.949+0000][69][info ][safepoint   ] Safepoint "Cleanup", Time since last: 1085412837 ns, Reaching safepoint: 34841 ns, Cleanup: 21433 ns, At safepoint: 108605 ns, Total: 164879 ns
[2026-03-27T12:59:24.973+0000][69][info ][safepoint   ] Safepoint "Cleanup", Time since last: 3023918282 ns, Reaching safepoint: 100285 ns, Cleanup: 27835 ns, At safepoint: 11756 ns, Total: 139876 ns
[2026-03-27T12:59:26.986+0000][69][info ][safepoint   ] Safepoint "Cleanup", Time since last: 2012832734 ns, Reaching safepoint: 18213 ns, Cleanup: 17699 ns, At safepoint: 6442 ns, Total: 42354 ns
[2026-03-27T12:59:27.999+0000][69][info ][safepoint   ] Safepoint "Cleanup", Time since last: 1013722589 ns, Reaching safepoint: 60777 ns, Cleanup: 18571 ns, At safepoint: 6923 ns, Total: 86271 ns
[2026-03-27T12:59:30.001+0000][69][info ][safepoint   ] Safepoint "Cleanup", Time since last: 2001801377 ns, Reaching safepoint: 33336 ns, Cleanup: 15113 ns, At safepoint: 6690 ns, Total: 55139 ns
[2026-03-27T12:59:39.052+0000][69][info ][safepoint   ] Safepoint "Cleanup", Time since last: 9055821087 ns, Reaching safepoint: 5834 ns, Cleanup: 6622 ns, At safepoint: 2723 ns, Total: 15179 ns
[2026-03-27T12:59:44.059+0000][69][info ][safepoint   ] Safepoint "Cleanup", Time since last: 5006639977 ns, Reaching safepoint: 44459 ns, Cleanup: 14088 ns, At safepoint: 4815 ns, Total: 63362 ns
[2026-03-27T12:59:45.065+0000][69][info ][safepoint   ] Safepoint "Cleanup", Time since last: 1006066246 ns, Reaching safepoint: 19848 ns, Cleanup: 45053 ns, At safepoint: 9772 ns, Total: 74673 ns
[2026-03-27T12:59:49.079+0000][69][info ][safepoint   ] Safepoint "Cleanup", Time since last: 4014047233 ns, Reaching safepoint: 26161 ns, Cleanup: 11704 ns, At safepoint: 3384 ns, Total: 41249 ns
[2026-03-27T12:59:50.207+0000][69][info ][safepoint   ] Safepoint "Cleanup", Time since last: 1128024004 ns, Reaching safepoint: 8354 ns, Cleanup: 10989 ns, At safepoint: 3791 ns, Total: 23134 ns
[2026-03-27T12:59:54.099+0000][69][info ][safepoint   ] Safepoint "Cleanup", Time since last: 3891528481 ns, Reaching safepoint: 22124 ns, Cleanup: 12916 ns, At safepoint: 4501 ns, Total: 39541 ns
[2026-03-27T12:59:56.318+0000][69][info ][safepoint   ] Safepoint "Cleanup", Time since last: 2219061935 ns, Reaching safepoint: 9091 ns, Cleanup: 8481 ns, At safepoint: 4056 ns, Total: 21628 ns
[2026-03-27T12:59:58.125+0000][69][info ][safepoint   ] Safepoint "Cleanup", Time since last: 1807597909 ns, Reaching safepoint: 117158 ns, Cleanup: 35790 ns, At safepoint: 8195 ns, Total: 161143 ns
[2026-03-27T13:00:00.895+0000][69][info ][safepoint   ] Safepoint "Cleanup", Time since last: 2769478358 ns, Reaching safepoint: 73727 ns, Cleanup: 24580 ns, At safepoint: 11892 ns, Total: 110199 ns
[2026-03-27T13:00:03.151+0000][69][info ][safepoint   ] Safepoint "Cleanup", Time since last: 2256003465 ns, Reaching safepoint: 7915 ns, Cleanup: 9916 ns, At safepoint: 55435 ns, Total: 73266 ns
[2026-03-27T13:00:08.214+0000][69][info ][gc,start    ] GC(50) Pause Young (Mixed) (G1 Evacuation Pause)
[2026-03-27T13:00:08.214+0000][69][info ][gc,task     ] GC(50) Using 10 workers of 10 for evacuation
[2026-03-27T13:00:08.215+0000][69][debug][gc,age      ] GC(50) Desired survivor size 20971520 bytes, new threshold 15 (max threshold 15)
[2026-03-27T13:00:08.236+0000][69][info ][gc,phases   ] GC(50)   Pre Evacuate Collection Set: 0.3ms
[2026-03-27T13:00:08.237+0000][69][info ][gc,phases   ] GC(50)   Merge Heap Roots: 0.2ms
[2026-03-27T13:00:08.237+0000][69][info ][gc,phases   ] GC(50)   Evacuate Collection Set: 18.5ms
[2026-03-27T13:00:08.238+0000][69][info ][gc,phases   ] GC(50)   Post Evacuate Collection Set: 1.5ms
[2026-03-27T13:00:08.238+0000][69][info ][gc,phases   ] GC(50)   Other: 1.1ms
[2026-03-27T13:00:08.239+0000][69][trace][gc,age      ] GC(50) Age table with threshold 15 (max threshold 15)
[2026-03-27T13:00:08.240+0000][69][trace][gc,age      ] GC(50) - age   1:    2060680 bytes,    2060680 total
[2026-03-27T13:00:08.240+0000][69][trace][gc,age      ] GC(50) - age   2:     377848 bytes,    2438528 total
[2026-03-27T13:00:08.241+0000][69][trace][gc,age      ] GC(50) - age   3:     263768 bytes,    2702296 total
[2026-03-27T13:00:08.241+0000][69][trace][gc,age      ] GC(50) - age   4:      96248 bytes,    2798544 total
[2026-03-27T13:00:08.242+0000][69][trace][gc,age      ] GC(50) - age   5:     536328 bytes,    3334872 total
[2026-03-27T13:00:08.242+0000][69][trace][gc,age      ] GC(50) - age   6:    1336040 bytes,    4670912 total
[2026-03-27T13:00:08.243+0000][69][trace][gc,age      ] GC(50) - age   7:       4576 bytes,    4675488 total
[2026-03-27T13:00:08.243+0000][69][trace][gc,age      ] GC(50) - age   8:       6504 bytes,    4681992 total
[2026-03-27T13:00:08.244+0000][69][trace][gc,age      ] GC(50) - age   9:      40728 bytes,    4722720 total
[2026-03-27T13:00:08.245+0000][69][trace][gc,age      ] GC(50) - age  10:       3392 bytes,    4726112 total
[2026-03-27T13:00:08.245+0000][69][trace][gc,age      ] GC(50) - age  11:       7080 bytes,    4733192 total
[2026-03-27T13:00:08.246+0000][69][trace][gc,age      ] GC(50) - age  12:      20624 bytes,    4753816 total
[2026-03-27T13:00:08.246+0000][69][trace][gc,age      ] GC(50) - age  13:      14248 bytes,    4768064 total
[2026-03-27T13:00:08.246+0000][69][trace][gc,age      ] GC(50) - age  14:     105480 bytes,    4873544 total
[2026-03-27T13:00:08.247+0000][69][trace][gc,age      ] GC(50) - age  15:      64168 bytes,    4937712 total
[2026-03-27T13:00:08.247+0000][69][info ][gc,heap     ] GC(50) Eden regions: 74->0(74)
[2026-03-27T13:00:08.248+0000][69][info ][gc,heap     ] GC(50) Survivor regions: 2->2(10)
[2026-03-27T13:00:08.249+0000][69][info ][gc,heap     ] GC(50) Old regions: 27->27
[2026-03-27T13:00:08.249+0000][69][info ][gc,heap     ] GC(50) Humongous regions: 0->0
[2026-03-27T13:00:08.250+0000][69][info ][gc,metaspace] GC(50) Metaspace: 145494K(150784K)->145494K(150784K) NonClass: 126465K(129280K)->126465K(129280K) Class: 19028K(21504K)->19028K(21504K)
[2026-03-27T13:00:08.251+0000][69][info ][gc          ] GC(50) Pause Young (Mixed) (G1 Evacuation Pause) 406M->109M(512M) 36.699ms
[2026-03-27T13:00:08.251+0000][69][info ][gc,cpu      ] GC(50) User=0.10s Sys=0.00s Real=0.03s
[2026-03-27T13:00:08.252+0000][69][info ][safepoint   ] Safepoint "G1CollectForAllocation", Time since last: 5066170943 ns, Reaching safepoint: 16163 ns, Cleanup: 4074 ns, At safepoint: 38044689 ns, Total: 38064926 ns
[2026-03-27T13:00:14.172+0000][69][info ][safepoint   ] Safepoint "Cleanup", Time since last: 5920085183 ns, Reaching safepoint: 61433 ns, Cleanup: 16461 ns, At safepoint: 8865 ns, Total: 86759 ns
[2026-03-27T13:00:15.183+0000][69][info ][safepoint   ] Safepoint "Cleanup", Time since last: 1010496614 ns, Reaching safepoint: 16735 ns, Cleanup: 10872 ns, At safepoint: 8799 ns, Total: 36406 ns
[2026-03-27T13:00:19.909+0000][69][info ][safepoint   ] Safepoint "Cleanup", Time since last: 4726254840 ns, Reaching safepoint: 10416 ns, Cleanup: 11532 ns, At safepoint: 5264 ns, Total: 27212 ns
[2026-03-27T13:00:27.264+0000][69][info ][safepoint   ] Safepoint "Cleanup", Time since last: 7355030308 ns, Reaching safepoint: 13015 ns, Cleanup: 11303 ns, At safepoint: 44704 ns, Total: 69022 ns
[2026-03-27T13:00:32.376+0000][69][info ][safepoint   ] Safepoint "Cleanup", Time since last: 5111667642 ns, Reaching safepoint: 35399 ns, Cleanup: 20918 ns, At safepoint: 13268 ns, Total: 69585 ns
[2026-03-27T13:00:34.329+0000][69][info ][safepoint   ] Safepoint "Cleanup", Time since last: 1957644021 ns, Reaching safepoint: 26599 ns, Cleanup: 32585 ns, At safepoint: 6381 ns, Total: 65565 ns
[2026-03-27T13:00:36.330+0000][69][info ][safepoint   ] Safepoint "Cleanup", Time since last: 2001339395 ns, Reaching safepoint: 28877 ns, Cleanup: 17452 ns, At safepoint: 4829 ns, Total: 51158 ns
[2026-03-27T13:00:37.332+0000][69][info ][safepoint   ] Safepoint "Cleanup", Time since last: 1001255990 ns, Reaching safepoint: 76765 ns, Cleanup: 27675 ns, At safepoint: 9348 ns, Total: 113788 ns
[2026-03-27T13:00:38.345+0000][69][info ][safepoint   ] Safepoint "Cleanup", Time since last: 1013345696 ns, Reaching safepoint: 25765 ns, Cleanup: 19667 ns, At safepoint: 77821 ns, Total: 123253 ns
[2026-03-27T13:00:44.203+0000][69][info ][safepoint   ] Safepoint "Cleanup", Time since last: 5857499380 ns, Reaching safepoint: 48804 ns, Cleanup: 10553 ns, At safepoint: 19138 ns, Total: 78495 ns
[2026-03-27T13:01:02.221+0000][69][info ][safepoint   ] Safepoint "Cleanup", Time since last: 18017790024 ns, Reaching safepoint: 8435 ns, Cleanup: 9787 ns, At safepoint: 17153 ns, Total: 35375 ns
[2026-03-27T13:01:03.485+0000][69][info ][safepoint   ] Safepoint "Cleanup", Time since last: 1263850020 ns, Reaching safepoint: 99983 ns, Cleanup: 20265 ns, At safepoint: 7986 ns, Total: 128234 ns
[2026-03-27T13:01:13.495+0000][69][info ][safepoint   ] Safepoint "Cleanup", Time since last: 10013603611 ns, Reaching safepoint: 88707 ns, Cleanup: 22622 ns, At safepoint: 11552 ns, Total: 122881 ns
[2026-03-27T13:01:14.506+0000][69][info ][safepoint   ] Safepoint "Cleanup", Time since last: 1010976167 ns, Reaching safepoint: 46372 ns, Cleanup: 15789 ns, At safepoint: 12677 ns, Total: 74838 ns
[2026-03-27T13:01:15.521+0000][69][info ][safepoint   ] Safepoint "Cleanup", Time since last: 1015086776 ns, Reaching safepoint: 35240 ns, Cleanup: 22977 ns, At safepoint: 9147 ns, Total: 67364 ns
[2026-03-27T13:01:20.209+0000][69][info ][safepoint   ] Safepoint "Cleanup", Time since last: 4687801871 ns, Reaching safepoint: 14160 ns, Cleanup: 50222 ns, At safepoint: 53615 ns, Total: 117997 ns
[2026-03-27T13:01:28.608+0000][69][info ][safepoint   ] Safepoint "Cleanup", Time since last: 8398289724 ns, Reaching safepoint: 52819 ns, Cleanup: 16436 ns, At safepoint: 6099 ns, Total: 75354 ns
[2026-03-27T13:01:35.843+0000][69][info ][safepoint   ] Safepoint "Cleanup", Time since last: 7232587937 ns, Reaching safepoint: 8267105 ns, Cleanup: 44059 ns, At safepoint: 24976 ns, Total: 8336140 ns
[2026-03-27T13:01:37.861+0000][69][info ][safepoint   ] Safepoint "Cleanup", Time since last: 2017184442 ns, Reaching safepoint: 115910 ns, Cleanup: 40036 ns, At safepoint: 17657 ns, Total: 173603 ns
[2026-03-27T13:01:38.879+0000][69][info ][safepoint   ] Safepoint "Cleanup", Time since last: 1017868256 ns, Reaching safepoint: 47053 ns, Cleanup: 46315 ns, At safepoint: 124709 ns, Total: 218077 ns
[2026-03-27T13:01:45.830+0000][69][info ][safepoint   ] Safepoint "Cleanup", Time since last: 6951305343 ns, Reaching safepoint: 19576 ns, Cleanup: 10888 ns, At safepoint: 5677 ns, Total: 36141 ns
[2026-03-27T13:01:46.851+0000][69][info ][safepoint   ] Safepoint "Cleanup", Time since last: 1020318328 ns, Reaching safepoint: 113118 ns, Cleanup: 24627 ns, At safepoint: 11299 ns, Total: 149044 ns
[2026-03-27T13:01:50.200+0000][69][info ][safepoint   ] Safepoint "Cleanup", Time since last: 3349057254 ns, Reaching safepoint: 9424 ns, Cleanup: 8829 ns, At safepoint: 17681 ns, Total: 35934 ns
[2026-03-27T13:01:52.983+0000][69][info ][safepoint   ] Safepoint "Cleanup", Time since last: 2782999164 ns, Reaching safepoint: 23293 ns, Cleanup: 11833 ns, At safepoint: 3648 ns, Total: 38774 ns
[2026-03-27T13:01:54.250+0000][69][info ][gc,start    ] GC(51) Pause Young (Concurrent Start) (G1 Evacuation Pause)
[2026-03-27T13:01:54.251+0000][69][info ][gc,task     ] GC(51) Using 10 workers of 10 for evacuation
[2026-03-27T13:01:54.254+0000][69][debug][gc,age      ] GC(51) Desired survivor size 20971520 bytes, new threshold 15 (max threshold 15)
[2026-03-27T13:01:54.270+0000][69][info ][gc,phases   ] GC(51)   Pre Evacuate Collection Set: 0.9ms
[2026-03-27T13:01:54.270+0000][69][info ][gc,phases   ] GC(51)   Merge Heap Roots: 0.4ms
[2026-03-27T13:01:54.271+0000][69][info ][gc,phases   ] GC(51)   Evacuate Collection Set: 12.6ms
[2026-03-27T13:01:54.271+0000][69][info ][gc,phases   ] GC(51)   Post Evacuate Collection Set: 1.3ms
[2026-03-27T13:01:54.272+0000][69][info ][gc,phases   ] GC(51)   Other: 3.5ms
[2026-03-27T13:01:54.272+0000][69][trace][gc,age      ] GC(51) Age table with threshold 15 (max threshold 15)
[2026-03-27T13:01:54.273+0000][69][trace][gc,age      ] GC(51) - age   1:    2188088 bytes,    2188088 total
[2026-03-27T13:01:54.273+0000][69][trace][gc,age      ] GC(51) - age   2:     692512 bytes,    2880600 total
[2026-03-27T13:01:54.274+0000][69][trace][gc,age      ] GC(51) - age   3:     213224 bytes,    3093824 total
[2026-03-27T13:01:54.274+0000][69][trace][gc,age      ] GC(51) - age   4:     158024 bytes,    3251848 total
[2026-03-27T13:01:54.274+0000][69][trace][gc,age      ] GC(51) - age   5:      95936 bytes,    3347784 total
[2026-03-27T13:01:54.275+0000][69][trace][gc,age      ] GC(51) - age   6:     536328 bytes,    3884112 total
[2026-03-27T13:01:54.275+0000][69][trace][gc,age      ] GC(51) - age   7:    1276944 bytes,    5161056 total
[2026-03-27T13:01:54.276+0000][69][trace][gc,age      ] GC(51) - age   8:       4448 bytes,    5165504 total
[2026-03-27T13:01:54.276+0000][69][trace][gc,age      ] GC(51) - age   9:       6504 bytes,    5172008 total
[2026-03-27T13:01:54.276+0000][69][trace][gc,age      ] GC(51) - age  10:      40728 bytes,    5212736 total
[2026-03-27T13:01:54.276+0000][69][trace][gc,age      ] GC(51) - age  11:       3392 bytes,    5216128 total
[2026-03-27T13:01:54.276+0000][69][trace][gc,age      ] GC(51) - age  12:       7080 bytes,    5223208 total
[2026-03-27T13:01:54.277+0000][69][trace][gc,age      ] GC(51) - age  13:      20624 bytes,    5243832 total
[2026-03-27T13:01:54.277+0000][69][trace][gc,age      ] GC(51) - age  14:      14248 bytes,    5258080 total
[2026-03-27T13:01:54.277+0000][69][trace][gc,age      ] GC(51) - age  15:     105384 bytes,    5363464 total
[2026-03-27T13:01:54.278+0000][69][info ][gc,heap     ] GC(51) Eden regions: 74->0(74)
[2026-03-27T13:01:54.278+0000][69][info ][gc,heap     ] GC(51) Survivor regions: 2->2(10)
[2026-03-27T13:01:54.279+0000][69][info ][gc,heap     ] GC(51) Old regions: 27->27
[2026-03-27T13:01:54.280+0000][69][info ][gc,heap     ] GC(51) Humongous regions: 0->0
[2026-03-27T13:01:54.280+0000][69][info ][gc,metaspace] GC(51) Metaspace: 145548K(150784K)->145548K(150784K) NonClass: 126519K(129280K)->126519K(129280K) Class: 19029K(21504K)->19029K(21504K)
[2026-03-27T13:01:54.280+0000][69][info ][gc          ] GC(51) Pause Young (Concurrent Start) (G1 Evacuation Pause) 405M->110M(512M) 30.387ms
[2026-03-27T13:01:54.281+0000][69][info ][gc          ] GC(52) Concurrent Mark Cycle
[2026-03-27T13:01:54.282+0000][69][info ][gc,marking  ] GC(52) Concurrent Scan Root Regions
[2026-03-27T13:01:54.281+0000][69][info ][gc,cpu      ] GC(51) User=0.07s Sys=0.01s Real=0.03s
[2026-03-27T13:01:54.282+0000][69][info ][safepoint   ] Safepoint "G1CollectForAllocation", Time since last: 1266953862 ns, Reaching safepoint: 40453 ns, Cleanup: 5667 ns, At safepoint: 32312156 ns, Total: 32358276 ns
[2026-03-27T13:01:54.286+0000][69][info ][gc,marking  ] GC(52) Concurrent Scan Root Regions 4.820ms
[2026-03-27T13:01:54.287+0000][69][info ][gc,marking  ] GC(52) Concurrent Mark
[2026-03-27T13:01:54.288+0000][69][info ][gc,marking  ] GC(52) Concurrent Mark From Roots
[2026-03-27T13:01:54.288+0000][69][info ][gc,task     ] GC(52) Using 3 workers of 3 for marking
[2026-03-27T13:01:54.343+0000][69][info ][gc,marking  ] GC(52) Concurrent Mark From Roots 55.134ms
[2026-03-27T13:01:54.344+0000][69][info ][gc,marking  ] GC(52) Concurrent Preclean
[2026-03-27T13:01:54.344+0000][69][info ][gc,marking  ] GC(52) Concurrent Preclean 0.893ms
[2026-03-27T13:01:54.345+0000][69][info ][gc,start    ] GC(52) Pause Remark
[2026-03-27T13:01:54.389+0000][69][info ][gc          ] GC(52) Pause Remark 112M->112M(512M) 44.236ms
[2026-03-27T13:01:54.390+0000][69][info ][gc,cpu      ] GC(52) User=0.11s Sys=0.00s Real=0.05s
[2026-03-27T13:01:54.390+0000][69][info ][safepoint   ] Safepoint "G1PauseRemark", Time since last: 62762508 ns, Reaching safepoint: 22422 ns, Cleanup: 4771 ns, At safepoint: 45467109 ns, Total: 45494302 ns
[2026-03-27T13:01:54.391+0000][69][info ][gc,marking  ] GC(52) Concurrent Mark 103.932ms
[2026-03-27T13:01:54.392+0000][69][info ][gc,marking  ] GC(52) Concurrent Rebuild Remembered Sets and Scrub Regions
[2026-03-27T13:01:54.424+0000][69][info ][gc,marking  ] GC(52) Concurrent Rebuild Remembered Sets and Scrub Regions 32.957ms
[2026-03-27T13:01:54.425+0000][69][info ][gc,start    ] GC(52) Pause Cleanup
[2026-03-27T13:01:54.427+0000][69][info ][gc          ] GC(52) Pause Cleanup 112M->112M(512M) 1.425ms
[2026-03-27T13:01:54.427+0000][69][info ][gc,cpu      ] GC(52) User=0.01s Sys=0.00s Real=0.00s
[2026-03-27T13:01:54.428+0000][69][info ][safepoint   ] Safepoint "G1PauseCleanup", Time since last: 34780157 ns, Reaching safepoint: 18540 ns, Cleanup: 32366 ns, At safepoint: 2575242 ns, Total: 2626148 ns
[2026-03-27T13:01:54.428+0000][69][info ][gc,marking  ] GC(52) Concurrent Clear Claimed Marks
[2026-03-27T13:01:54.429+0000][69][info ][gc,marking  ] GC(52) Concurrent Clear Claimed Marks 0.876ms
[2026-03-27T13:01:54.431+0000][69][info ][gc,marking  ] GC(52) Concurrent Cleanup for Next Mark
[2026-03-27T13:01:54.433+0000][69][info ][gc,marking  ] GC(52) Concurrent Cleanup for Next Mark 2.725ms
[2026-03-27T13:01:54.435+0000][69][info ][gc          ] GC(52) Concurrent Mark Cycle 153.885ms
[2026-03-27T13:01:55.429+0000][69][info ][safepoint   ] Safepoint "Cleanup", Time since last: 1000999344 ns, Reaching safepoint: 43250 ns, Cleanup: 25961 ns, At safepoint: 10210 ns, Total: 79421 ns
[2026-03-27T13:01:56.991+0000][69][info ][safepoint   ] Safepoint "Cleanup", Time since last: 1561668758 ns, Reaching safepoint: 11819 ns, Cleanup: 12738 ns, At safepoint: 6906 ns, Total: 31463 ns
[2026-03-27T13:01:58.006+0000][69][info ][safepoint   ] Safepoint "Cleanup", Time since last: 1015439834 ns, Reaching safepoint: 22170 ns, Cleanup: 15557 ns, At safepoint: 7147 ns, Total: 44874 ns
[2026-03-27T13:01:59.018+0000][69][info ][safepoint   ] Safepoint "Cleanup", Time since last: 1011487651 ns, Reaching safepoint: 28202 ns, Cleanup: 16587 ns, At safepoint: 6638 ns, Total: 51427 ns
[2026-03-27T13:02:02.020+0000][69][info ][safepoint   ] Safepoint "Cleanup", Time since last: 3001971264 ns, Reaching safepoint: 59898 ns, Cleanup: 15299 ns, At safepoint: 5533 ns, Total: 80730 ns
[2026-03-27T13:02:04.029+0000][69][info ][safepoint   ] Safepoint "Cleanup", Time since last: 2009662217 ns, Reaching safepoint: 21212 ns, Cleanup: 12986 ns, At safepoint: 4475 ns, Total: 38673 ns
[2026-03-27T13:02:12.045+0000][69][info ][safepoint   ] Safepoint "Cleanup", Time since last: 8018715394 ns, Reaching safepoint: 36497 ns, Cleanup: 20712 ns, At safepoint: 8973 ns, Total: 66182 ns
[2026-03-27T13:02:16.063+0000][69][info ][safepoint   ] Safepoint "Cleanup", Time since last: 4017284003 ns, Reaching safepoint: 68004 ns, Cleanup: 19193 ns, At safepoint: 6994 ns, Total: 94191 ns
[2026-03-27T13:02:17.064+0000][69][info ][safepoint   ] Safepoint "Cleanup", Time since last: 1001530711 ns, Reaching safepoint: 23416 ns, Cleanup: 16651 ns, At safepoint: 5536 ns, Total: 45603 ns
[2026-03-27T13:02:18.066+0000][69][info ][safepoint   ] Safepoint "Cleanup", Time since last: 1001315904 ns, Reaching safepoint: 52108 ns, Cleanup: 16109 ns, At safepoint: 5614 ns, Total: 73831 ns
[2026-03-27T13:02:19.066+0000][69][info ][safepoint   ] Safepoint "Cleanup", Time since last: 1000757301 ns, Reaching safepoint: 20722 ns, Cleanup: 17900 ns, At safepoint: 19394 ns, Total: 58016 ns
[2026-03-27T13:02:21.072+0000][69][info ][safepoint   ] Safepoint "Cleanup", Time since last: 2005475711 ns, Reaching safepoint: 11644 ns, Cleanup: 16175 ns, At safepoint: 5569 ns, Total: 33388 ns
[2026-03-27T13:02:22.079+0000][69][info ][safepoint   ] Safepoint "Cleanup", Time since last: 1007479814 ns, Reaching safepoint: 31469 ns, Cleanup: 24204 ns, At safepoint: 7972 ns, Total: 63645 ns
[2026-03-27T13:02:26.221+0000][69][info ][safepoint   ] Safepoint "Cleanup", Time since last: 4141529080 ns, Reaching safepoint: 6876 ns, Cleanup: 5601 ns, At safepoint: 2773 ns, Total: 15250 ns
[2026-03-27T13:02:30.100+0000][69][info ][safepoint   ] Safepoint "Cleanup", Time since last: 3878571226 ns, Reaching safepoint: 25686 ns, Cleanup: 17595 ns, At safepoint: 5790 ns, Total: 49071 ns
[2026-03-27T13:02:39.121+0000][69][info ][safepoint   ] Safepoint "Cleanup", Time since last: 9025593516 ns, Reaching safepoint: 17005 ns, Cleanup: 18462 ns, At safepoint: 6634 ns, Total: 42101 ns
[2026-03-27T13:02:40.139+0000][69][info ][safepoint   ] Safepoint "Cleanup", Time since last: 1017448683 ns, Reaching safepoint: 9677 ns, Cleanup: 10854 ns, At safepoint: 4827 ns, Total: 25358 ns
[2026-03-27T13:02:48.221+0000][69][info ][safepoint   ] Safepoint "Cleanup", Time since last: 8081746150 ns, Reaching safepoint: 9803 ns, Cleanup: 9026 ns, At safepoint: 5742 ns, Total: 24571 ns
[2026-03-27T13:02:51.159+0000][69][info ][safepoint   ] Safepoint "Cleanup", Time since last: 2938453128 ns, Reaching safepoint: 7343 ns, Cleanup: 11146 ns, At safepoint: 2586 ns, Total: 21075 ns
[2026-03-27T13:02:54.166+0000][69][info ][safepoint   ] Safepoint "Cleanup", Time since last: 3006436971 ns, Reaching safepoint: 37855 ns, Cleanup: 21642 ns, At safepoint: 8447 ns, Total: 67944 ns
[2026-03-27T13:03:14.199+0000][69][info ][safepoint   ] Safepoint "Cleanup", Time since last: 20036826894 ns, Reaching safepoint: 5782 ns, Cleanup: 7277 ns, At safepoint: 2460 ns, Total: 15519 ns
[2026-03-27T13:03:15.207+0000][69][info ][safepoint   ] Safepoint "Cleanup", Time since last: 1008298223 ns, Reaching safepoint: 38226 ns, Cleanup: 21648 ns, At safepoint: 9020 ns, Total: 68894 ns
[2026-03-27T13:03:19.248+0000][69][info ][safepoint   ] Safepoint "Cleanup", Time since last: 4041173680 ns, Reaching safepoint: 23033 ns, Cleanup: 14599 ns, At safepoint: 5775 ns, Total: 43407 ns
[2026-03-27T13:03:25.261+0000][69][info ][safepoint   ] Safepoint "Cleanup", Time since last: 6012619310 ns, Reaching safepoint: 17422 ns, Cleanup: 9840 ns, At safepoint: 3857 ns, Total: 31119 ns
[2026-03-27T13:03:27.210+0000][69][info ][safepoint   ] Safepoint "Cleanup", Time since last: 1948793058 ns, Reaching safepoint: 19601 ns, Cleanup: 69520 ns, At safepoint: 3970 ns, Total: 93091 ns
[2026-03-27T13:03:29.277+0000][69][info ][safepoint   ] Safepoint "Cleanup", Time since last: 2066662240 ns, Reaching safepoint: 25097 ns, Cleanup: 16556 ns, At safepoint: 4929 ns, Total: 46582 ns
[2026-03-27T13:03:33.301+0000][69][info ][safepoint   ] Safepoint "Cleanup", Time since last: 4024521894 ns, Reaching safepoint: 30639 ns, Cleanup: 8523 ns, At safepoint: 28358 ns, Total: 67520 ns
[2026-03-27T13:03:38.198+0000][69][info ][safepoint   ] Safepoint "Cleanup", Time since last: 4901371784 ns, Reaching safepoint: 6286 ns, Cleanup: 8629 ns, At safepoint: 2879 ns, Total: 17794 ns
[2026-03-27T13:03:38.334+0000][69][info ][gc,start    ] GC(53) Pause Young (Prepare Mixed) (G1 Evacuation Pause)
[2026-03-27T13:03:38.335+0000][69][info ][gc,task     ] GC(53) Using 10 workers of 10 for evacuation
[2026-03-27T13:03:38.335+0000][69][debug][gc,age      ] GC(53) Desired survivor size 20971520 bytes, new threshold 15 (max threshold 15)
[2026-03-27T13:03:38.345+0000][69][info ][gc,phases   ] GC(53)   Pre Evacuate Collection Set: 0.5ms
[2026-03-27T13:03:38.345+0000][69][info ][gc,phases   ] GC(53)   Merge Heap Roots: 0.2ms
[2026-03-27T13:03:38.346+0000][69][info ][gc,phases   ] GC(53)   Evacuate Collection Set: 6.9ms
[2026-03-27T13:03:38.346+0000][69][info ][gc,phases   ] GC(53)   Post Evacuate Collection Set: 0.9ms
[2026-03-27T13:03:38.346+0000][69][info ][gc,phases   ] GC(53)   Other: 1.6ms
[2026-03-27T13:03:38.347+0000][69][trace][gc,age      ] GC(53) Age table with threshold 15 (max threshold 15)
[2026-03-27T13:03:38.347+0000][69][trace][gc,age      ] GC(53) - age   1:    1693208 bytes,    1693208 total
[2026-03-27T13:03:38.348+0000][69][trace][gc,age      ] GC(53) - age   2:     216872 bytes,    1910080 total
[2026-03-27T13:03:38.348+0000][69][trace][gc,age      ] GC(53) - age   3:     629328 bytes,    2539408 total
[2026-03-27T13:03:38.349+0000][69][trace][gc,age      ] GC(53) - age   4:     103872 bytes,    2643280 total
[2026-03-27T13:03:38.349+0000][69][trace][gc,age      ] GC(53) - age   5:     103480 bytes,    2746760 total
[2026-03-27T13:03:38.350+0000][69][trace][gc,age      ] GC(53) - age   6:      95936 bytes,    2842696 total
[2026-03-27T13:03:38.350+0000][69][trace][gc,age      ] GC(53) - age   7:     535040 bytes,    3377736 total
[2026-03-27T13:03:38.351+0000][69][trace][gc,age      ] GC(53) - age   8:    1270624 bytes,    4648360 total
[2026-03-27T13:03:38.351+0000][69][trace][gc,age      ] GC(53) - age   9:       4184 bytes,    4652544 total
[2026-03-27T13:03:38.352+0000][69][trace][gc,age      ] GC(53) - age  10:       6504 bytes,    4659048 total
[2026-03-27T13:03:38.353+0000][69][trace][gc,age      ] GC(53) - age  11:      40728 bytes,    4699776 total
[2026-03-27T13:03:38.353+0000][69][trace][gc,age      ] GC(53) - age  12:       3392 bytes,    4703168 total
[2026-03-27T13:03:38.354+0000][69][trace][gc,age      ] GC(53) - age  13:       7080 bytes,    4710248 total
[2026-03-27T13:03:38.354+0000][69][trace][gc,age      ] GC(53) - age  14:      20624 bytes,    4730872 total
[2026-03-27T13:03:38.355+0000][69][trace][gc,age      ] GC(53) - age  15:      14248 bytes,    4745120 total
[2026-03-27T13:03:38.355+0000][69][info ][gc,heap     ] GC(53) Eden regions: 74->0(74)
[2026-03-27T13:03:38.356+0000][69][info ][gc,heap     ] GC(53) Survivor regions: 2->2(10)
[2026-03-27T13:03:38.356+0000][69][info ][gc,heap     ] GC(53) Old regions: 27->27
[2026-03-27T13:03:38.357+0000][69][info ][gc,heap     ] GC(53) Humongous regions: 0->0
[2026-03-27T13:03:38.358+0000][69][info ][gc,metaspace] GC(53) Metaspace: 145597K(150784K)->145597K(150784K) NonClass: 126567K(129280K)->126567K(129280K) Class: 19029K(21504K)->19029K(21504K)
[2026-03-27T13:03:38.358+0000][69][info ][gc          ] GC(53) Pause Young (Prepare Mixed) (G1 Evacuation Pause) 406M->109M(512M) 24.247ms
[2026-03-27T13:03:38.359+0000][69][info ][gc,cpu      ] GC(53) User=0.02s Sys=0.01s Real=0.03s
[2026-03-27T13:03:38.360+0000][69][info ][safepoint   ] Safepoint "G1CollectForAllocation", Time since last: 136155504 ns, Reaching safepoint: 10062 ns, Cleanup: 17266 ns, At safepoint: 25599802 ns, Total: 25627130 ns
[2026-03-27T13:03:42.377+0000][69][info ][safepoint   ] Safepoint "Cleanup", Time since last: 4017740718 ns, Reaching safepoint: 26382 ns, Cleanup: 15112 ns, At safepoint: 8490 ns, Total: 49984 ns
[2026-03-27T13:03:50.394+0000][69][info ][safepoint   ] Safepoint "Cleanup", Time since last: 8016908191 ns, Reaching safepoint: 35193 ns, Cleanup: 14477 ns, At safepoint: 64533 ns, Total: 114203 ns
[2026-03-27T13:03:51.812+0000][69][info ][safepoint   ] Safepoint "Cleanup", Time since last: 1418095543 ns, Reaching safepoint: 19906 ns, Cleanup: 13886 ns, At safepoint: 3871 ns, Total: 37663 ns
[2026-03-27T13:03:52.814+0000][69][info ][safepoint   ] Safepoint "Cleanup", Time since last: 1001514042 ns, Reaching safepoint: 32001 ns, Cleanup: 19685 ns, At safepoint: 7982 ns, Total: 59668 ns
[2026-03-27T13:03:53.816+0000][69][info ][safepoint   ] Safepoint "Cleanup", Time since last: 1001437345 ns, Reaching safepoint: 46283 ns, Cleanup: 27252 ns, At safepoint: 9864 ns, Total: 83399 ns
[2026-03-27T13:03:54.817+0000][69][info ][safepoint   ] Safepoint "Cleanup", Time since last: 1001522839 ns, Reaching safepoint: 72015 ns, Cleanup: 28873 ns, At safepoint: 6736 ns, Total: 107624 ns
[2026-03-27T13:03:55.818+0000][69][info ][safepoint   ] Safepoint "Cleanup", Time since last: 1001094242 ns, Reaching safepoint: 29838 ns, Cleanup: 20326 ns, At safepoint: 7390 ns, Total: 57554 ns
[2026-03-27T13:03:57.415+0000][69][info ][safepoint   ] Safepoint "Cleanup", Time since last: 1596314631 ns, Reaching safepoint: 22901 ns, Cleanup: 16479 ns, At safepoint: 4735 ns, Total: 44115 ns
[2026-03-27T13:04:02.424+0000][69][info ][safepoint   ] Safepoint "Cleanup", Time since last: 5008730376 ns, Reaching safepoint: 16245 ns, Cleanup: 15127 ns, At safepoint: 9873 ns, Total: 41245 ns
[2026-03-27T13:04:03.458+0000][69][info ][safepoint   ] Safepoint "Cleanup", Time since last: 1034703116 ns, Reaching safepoint: 10213 ns, Cleanup: 10078 ns, At safepoint: 65157 ns, Total: 85448 ns
[2026-03-27T13:04:11.475+0000][69][info ][safepoint   ] Safepoint "Cleanup", Time since last: 8020115505 ns, Reaching safepoint: 48495 ns, Cleanup: 26270 ns, At safepoint: 9851 ns, Total: 84616 ns
[2026-03-27T13:04:20.210+0000][69][info ][safepoint   ] Safepoint "Cleanup", Time since last: 8735193841 ns, Reaching safepoint: 91791 ns, Cleanup: 11029 ns, At safepoint: 7156 ns, Total: 109976 ns
[2026-03-27T13:04:27.522+0000][69][info ][safepoint   ] Safepoint "Cleanup", Time since last: 7312010115 ns, Reaching safepoint: 81731 ns, Cleanup: 21603 ns, At safepoint: 11180 ns, Total: 114514 ns
[2026-03-27T13:04:32.208+0000][69][info ][safepoint   ] Safepoint "Cleanup", Time since last: 4686042462 ns, Reaching safepoint: 6212 ns, Cleanup: 6810 ns, At safepoint: 10461 ns, Total: 23483 ns
[2026-03-27T13:04:33.540+0000][69][info ][safepoint   ] Safepoint "Cleanup", Time since last: 1331512538 ns, Reaching safepoint: 21692 ns, Cleanup: 11584 ns, At safepoint: 4077 ns, Total: 37353 ns
[2026-03-27T13:04:37.538+0000][69][info ][safepoint   ] Safepoint "Cleanup", Time since last: 4002590310 ns, Reaching safepoint: 75205 ns, Cleanup: 26130 ns, At safepoint: 7274 ns, Total: 108609 ns
[2026-03-27T13:04:43.545+0000][69][info ][safepoint   ] Safepoint "Cleanup", Time since last: 6006826067 ns, Reaching safepoint: 68336 ns, Cleanup: 18403 ns, At safepoint: 10143 ns, Total: 96882 ns
[2026-03-27T13:04:49.559+0000][69][info ][safepoint   ] Safepoint "Cleanup", Time since last: 6013269917 ns, Reaching safepoint: 80894 ns, Cleanup: 28657 ns, At safepoint: 12128 ns, Total: 121679 ns
[2026-03-27T13:04:51.110+0000][69][info ][safepoint   ] Safepoint "Cleanup", Time since last: 1551386270 ns, Reaching safepoint: 8940 ns, Cleanup: 10257 ns, At safepoint: 4689 ns, Total: 23886 ns
[2026-03-27T13:04:52.145+0000][69][info ][safepoint   ] Safepoint "Cleanup", Time since last: 1035112429 ns, Reaching safepoint: 21602 ns, Cleanup: 16310 ns, At safepoint: 3261 ns, Total: 41173 ns
[2026-03-27T13:05:08.204+0000][69][info ][safepoint   ] Safepoint "Cleanup", Time since last: 16061812958 ns, Reaching safepoint: 31821 ns, Cleanup: 7752 ns, At safepoint: 15944 ns, Total: 55517 ns
[2026-03-27T13:05:09.624+0000][69][info ][safepoint   ] Safepoint "Cleanup", Time since last: 1419914800 ns, Reaching safepoint: 12562 ns, Cleanup: 13952 ns, At safepoint: 35685 ns, Total: 62199 ns
[2026-03-27T13:05:14.215+0000][69][info ][safepoint   ] Safepoint "Cleanup", Time since last: 4590912859 ns, Reaching safepoint: 96636 ns, Cleanup: 11053 ns, At safepoint: 31597 ns, Total: 139286 ns
[2026-03-27T13:05:14.218+0000][69][info ][gc,start    ] GC(54) Pause Young (Mixed) (G1 Evacuation Pause)
[2026-03-27T13:05:14.219+0000][69][info ][gc,task     ] GC(54) Using 10 workers of 10 for evacuation
[2026-03-27T13:05:14.219+0000][69][debug][gc,age      ] GC(54) Desired survivor size 20971520 bytes, new threshold 15 (max threshold 15)
[2026-03-27T13:05:14.248+0000][69][info ][gc,phases   ] GC(54)   Pre Evacuate Collection Set: 0.3ms
[2026-03-27T13:05:14.249+0000][69][info ][gc,phases   ] GC(54)   Merge Heap Roots: 0.2ms
[2026-03-27T13:05:14.249+0000][69][info ][gc,phases   ] GC(54)   Evacuate Collection Set: 25.7ms
[2026-03-27T13:05:14.250+0000][69][info ][gc,phases   ] GC(54)   Post Evacuate Collection Set: 2.0ms
[2026-03-27T13:05:14.250+0000][69][info ][gc,phases   ] GC(54)   Other: 1.3ms
[2026-03-27T13:05:14.251+0000][69][trace][gc,age      ] GC(54) Age table with threshold 15 (max threshold 15)
[2026-03-27T13:05:14.251+0000][69][trace][gc,age      ] GC(54) - age   1:    1355248 bytes,    1355248 total
[2026-03-27T13:05:14.253+0000][69][trace][gc,age      ] GC(54) - age   2:      23288 bytes,    1378536 total
[2026-03-27T13:05:14.253+0000][69][trace][gc,age      ] GC(54) - age   3:      87104 bytes,    1465640 total
[2026-03-27T13:05:14.254+0000][69][trace][gc,age      ] GC(54) - age   4:     580568 bytes,    2046208 total
[2026-03-27T13:05:14.254+0000][69][trace][gc,age      ] GC(54) - age   5:      95512 bytes,    2141720 total
[2026-03-27T13:05:14.255+0000][69][trace][gc,age      ] GC(54) - age   6:     103480 bytes,    2245200 total
[2026-03-27T13:05:14.255+0000][69][trace][gc,age      ] GC(54) - age   7:      95936 bytes,    2341136 total
[2026-03-27T13:05:14.256+0000][69][trace][gc,age      ] GC(54) - age   8:     530856 bytes,    2871992 total
[2026-03-27T13:05:14.256+0000][69][trace][gc,age      ] GC(54) - age   9:    1270488 bytes,    4142480 total
[2026-03-27T13:05:14.257+0000][69][trace][gc,age      ] GC(54) - age  10:       4184 bytes,    4146664 total
[2026-03-27T13:05:14.257+0000][69][trace][gc,age      ] GC(54) - age  11:       6504 bytes,    4153168 total
[2026-03-27T13:05:14.258+0000][69][trace][gc,age      ] GC(54) - age  12:      40728 bytes,    4193896 total
[2026-03-27T13:05:14.258+0000][69][trace][gc,age      ] GC(54) - age  13:       3392 bytes,    4197288 total
[2026-03-27T13:05:14.259+0000][69][trace][gc,age      ] GC(54) - age  14:       7080 bytes,    4204368 total
[2026-03-27T13:05:14.260+0000][69][trace][gc,age      ] GC(54) - age  15:      20624 bytes,    4224992 total
[2026-03-27T13:05:14.261+0000][69][info ][gc,heap     ] GC(54) Eden regions: 74->0(74)
[2026-03-27T13:05:14.261+0000][69][info ][gc,heap     ] GC(54) Survivor regions: 2->2(10)
[2026-03-27T13:05:14.262+0000][69][info ][gc,heap     ] GC(54) Old regions: 27->27
[2026-03-27T13:05:14.263+0000][69][info ][gc,heap     ] GC(54) Humongous regions: 0->0
[2026-03-27T13:05:14.263+0000][69][info ][gc,metaspace] GC(54) Metaspace: 145643K(150784K)->145643K(150784K) NonClass: 126613K(129280K)->126613K(129280K) Class: 19030K(21504K)->19030K(21504K)
[2026-03-27T13:05:14.264+0000][69][info ][gc          ] GC(54) Pause Young (Mixed) (G1 Evacuation Pause) 405M->108M(512M) 45.825ms
[2026-03-27T13:05:14.264+0000][69][info ][gc,cpu      ] GC(54) User=0.12s Sys=0.01s Real=0.05s
[2026-03-27T13:05:14.265+0000][69][info ][safepoint   ] Safepoint "G1CollectForAllocation", Time since last: 2736269 ns, Reaching safepoint: 16253 ns, Cleanup: 3180 ns, At safepoint: 47038496 ns, Total: 47057929 ns
[2026-03-27T13:05:18.664+0000][69][info ][safepoint   ] Safepoint "Cleanup", Time since last: 4399374153 ns, Reaching safepoint: 52570 ns, Cleanup: 58572 ns, At safepoint: 12147 ns, Total: 123289 ns
[2026-03-27T13:05:33.709+0000][69][info ][safepoint   ] Safepoint "Cleanup", Time since last: 15044514146 ns, Reaching safepoint: 42676 ns, Cleanup: 53848 ns, At safepoint: 9840 ns, Total: 106364 ns
[2026-03-27T13:05:34.707+0000][69][info ][safepoint   ] Safepoint "Cleanup", Time since last: 1001491426 ns, Reaching safepoint: 118827 ns, Cleanup: 40436 ns, At safepoint: 8997 ns, Total: 168260 ns
[2026-03-27T13:05:38.242+0000][69][info ][safepoint   ] Safepoint "Cleanup", Time since last: 3535197038 ns, Reaching safepoint: 29795 ns, Cleanup: 26860 ns, At safepoint: 56048 ns, Total: 112703 ns
[2026-03-27T13:05:43.745+0000][69][info ][safepoint   ] Safepoint "Cleanup", Time since last: 5503271258 ns, Reaching safepoint: 129843 ns, Cleanup: 69029 ns, At safepoint: 16631 ns, Total: 215503 ns
[2026-03-27T13:05:49.772+0000][69][info ][safepoint   ] Safepoint "Cleanup", Time since last: 6026819892 ns, Reaching safepoint: 60587 ns, Cleanup: 23093 ns, At safepoint: 7537 ns, Total: 91217 ns
[2026-03-27T13:05:51.812+0000][69][info ][safepoint   ] Safepoint "Cleanup", Time since last: 2039839269 ns, Reaching safepoint: 142099 ns, Cleanup: 24492 ns, At safepoint: 39116 ns, Total: 205707 ns
[2026-03-27T13:05:56.832+0000][69][info ][safepoint   ] Safepoint "Cleanup", Time since last: 5019975394 ns, Reaching safepoint: 30306 ns, Cleanup: 30690 ns, At safepoint: 53067 ns, Total: 114063 ns
[2026-03-27T13:05:58.176+0000][69][info ][safepoint   ] Safepoint "Cleanup", Time since last: 1343725487 ns, Reaching safepoint: 30618 ns, Cleanup: 37438 ns, At safepoint: 15417 ns, Total: 83473 ns
[2026-03-27T13:06:00.191+0000][69][info ][safepoint   ] Safepoint "Cleanup", Time since last: 2014594270 ns, Reaching safepoint: 136336 ns, Cleanup: 36588 ns, At safepoint: 17290 ns, Total: 190214 ns
[2026-03-27T13:06:03.913+0000][69][info ][safepoint   ] Safepoint "Cleanup", Time since last: 3722337081 ns, Reaching safepoint: 21540 ns, Cleanup: 13717 ns, At safepoint: 4009 ns, Total: 39266 ns
[2026-03-27T13:06:04.911+0000][69][info ][safepoint   ] Safepoint "Cleanup", Time since last: 1001542893 ns, Reaching safepoint: 22432 ns, Cleanup: 13651 ns, At safepoint: 5008 ns, Total: 41091 ns
[2026-03-27T13:06:23.977+0000][69][info ][safepoint   ] Safepoint "Cleanup", Time since last: 19065908069 ns, Reaching safepoint: 189042 ns, Cleanup: 23846 ns, At safepoint: 10395 ns, Total: 223283 ns
[2026-03-27T13:06:34.048+0000][69][info ][safepoint   ] Safepoint "Cleanup", Time since last: 10070404772 ns, Reaching safepoint: 57126 ns, Cleanup: 101063 ns, At safepoint: 20586 ns, Total: 178775 ns
[2026-03-27T13:06:38.048+0000][69][info ][safepoint   ] Safepoint "Cleanup", Time since last: 4004426248 ns, Reaching safepoint: 86638 ns, Cleanup: 30855 ns, At safepoint: 8946 ns, Total: 126439 ns
[2026-03-27T13:06:41.084+0000][69][info ][safepoint   ] Safepoint "Cleanup", Time since last: 3036438810 ns, Reaching safepoint: 130283 ns, Cleanup: 73927 ns, At safepoint: 37295 ns, Total: 241505 ns
[2026-03-27T13:06:50.443+0000][69][info ][gc,start    ] GC(55) Pause Young (Concurrent Start) (G1 Evacuation Pause)
[2026-03-27T13:06:50.444+0000][69][info ][gc,task     ] GC(55) Using 10 workers of 10 for evacuation
[2026-03-27T13:06:50.445+0000][69][debug][gc,age      ] GC(55) Desired survivor size 20971520 bytes, new threshold 15 (max threshold 15)
[2026-03-27T13:06:50.459+0000][69][info ][gc,phases   ] GC(55)   Pre Evacuate Collection Set: 1.2ms
[2026-03-27T13:06:50.460+0000][69][info ][gc,phases   ] GC(55)   Merge Heap Roots: 0.6ms
[2026-03-27T13:06:50.460+0000][69][info ][gc,phases   ] GC(55)   Evacuate Collection Set: 9.8ms
[2026-03-27T13:06:50.461+0000][69][info ][gc,phases   ] GC(55)   Post Evacuate Collection Set: 1.9ms
[2026-03-27T13:06:50.462+0000][69][info ][gc,phases   ] GC(55)   Other: 1.5ms
[2026-03-27T13:06:50.462+0000][69][trace][gc,age      ] GC(55) Age table with threshold 15 (max threshold 15)
[2026-03-27T13:06:50.463+0000][69][trace][gc,age      ] GC(55) - age   1:    2544472 bytes,    2544472 total
[2026-03-27T13:06:50.463+0000][69][trace][gc,age      ] GC(55) - age   2:     189032 bytes,    2733504 total
[2026-03-27T13:06:50.463+0000][69][trace][gc,age      ] GC(55) - age   3:      21552 bytes,    2755056 total
[2026-03-27T13:06:50.464+0000][69][trace][gc,age      ] GC(55) - age   4:      10248 bytes,    2765304 total
[2026-03-27T13:06:50.464+0000][69][trace][gc,age      ] GC(55) - age   5:      28624 bytes,    2793928 total
[2026-03-27T13:06:50.465+0000][69][trace][gc,age      ] GC(55) - age   6:      86224 bytes,    2880152 total
[2026-03-27T13:06:50.465+0000][69][trace][gc,age      ] GC(55) - age   7:     103480 bytes,    2983632 total
[2026-03-27T13:06:50.466+0000][69][trace][gc,age      ] GC(55) - age   8:      95936 bytes,    3079568 total
[2026-03-27T13:06:50.467+0000][69][trace][gc,age      ] GC(55) - age   9:     522752 bytes,    3602320 total
[2026-03-27T13:06:50.468+0000][69][trace][gc,age      ] GC(55) - age  10:    1057416 bytes,    4659736 total
[2026-03-27T13:06:50.469+0000][69][trace][gc,age      ] GC(55) - age  11:       4184 bytes,    4663920 total
[2026-03-27T13:06:50.470+0000][69][trace][gc,age      ] GC(55) - age  12:       6504 bytes,    4670424 total
[2026-03-27T13:06:50.471+0000][69][trace][gc,age      ] GC(55) - age  13:      40728 bytes,    4711152 total
[2026-03-27T13:06:50.471+0000][69][trace][gc,age      ] GC(55) - age  14:       3392 bytes,    4714544 total
[2026-03-27T13:06:50.471+0000][69][trace][gc,age      ] GC(55) - age  15:       7080 bytes,    4721624 total
[2026-03-27T13:06:50.472+0000][69][info ][gc,heap     ] GC(55) Eden regions: 74->0(74)
[2026-03-27T13:06:50.473+0000][69][info ][gc,heap     ] GC(55) Survivor regions: 2->2(10)
[2026-03-27T13:06:50.473+0000][69][info ][gc,heap     ] GC(55) Old regions: 27->27
[2026-03-27T13:06:50.474+0000][69][info ][gc,heap     ] GC(55) Humongous regions: 0->0
[2026-03-27T13:06:50.476+0000][69][info ][gc,metaspace] GC(55) Metaspace: 145692K(150784K)->145692K(150784K) NonClass: 126658K(129280K)->126658K(129280K) Class: 19034K(21504K)->19034K(21504K)
[2026-03-27T13:06:50.476+0000][69][info ][gc          ] GC(55) Pause Young (Concurrent Start) (G1 Evacuation Pause) 404M->109M(512M) 32.734ms
[2026-03-27T13:06:50.477+0000][69][info ][gc,cpu      ] GC(55) User=0.05s Sys=0.00s Real=0.03s
[2026-03-27T13:06:50.477+0000][69][info ][gc          ] GC(56) Concurrent Mark Cycle
[2026-03-27T13:06:50.479+0000][69][info ][gc,marking  ] GC(56) Concurrent Scan Root Regions
[2026-03-27T13:06:50.478+0000][69][info ][safepoint   ] Safepoint "G1CollectForAllocation", Time since last: 9358847799 ns, Reaching safepoint: 56101 ns, Cleanup: 15617 ns, At safepoint: 34934685 ns, Total: 35006403 ns
[2026-03-27T13:06:50.484+0000][69][info ][gc,marking  ] GC(56) Concurrent Scan Root Regions 5.226ms
[2026-03-27T13:06:50.485+0000][69][info ][gc,marking  ] GC(56) Concurrent Mark
[2026-03-27T13:06:50.486+0000][69][info ][gc,marking  ] GC(56) Concurrent Mark From Roots
[2026-03-27T13:06:50.488+0000][69][info ][gc,task     ] GC(56) Using 3 workers of 3 for marking
[2026-03-27T13:06:50.568+0000][69][info ][gc,marking  ] GC(56) Concurrent Mark From Roots 81.650ms
[2026-03-27T13:06:50.569+0000][69][info ][gc,marking  ] GC(56) Concurrent Preclean
[2026-03-27T13:06:50.570+0000][69][info ][gc,marking  ] GC(56) Concurrent Preclean 1.134ms
[2026-03-27T13:06:50.571+0000][69][info ][gc,start    ] GC(56) Pause Remark
[2026-03-27T13:06:50.596+0000][69][info ][gc          ] GC(56) Pause Remark 110M->110M(512M) 24.925ms
[2026-03-27T13:06:50.597+0000][69][info ][gc,cpu      ] GC(56) User=0.10s Sys=0.00s Real=0.02s
[2026-03-27T13:06:50.598+0000][69][info ][safepoint   ] Safepoint "G1PauseRemark", Time since last: 92651534 ns, Reaching safepoint: 28791 ns, Cleanup: 9589 ns, At safepoint: 26532604 ns, Total: 26570984 ns
[2026-03-27T13:06:50.598+0000][69][info ][gc,marking  ] GC(56) Concurrent Mark 112.777ms
[2026-03-27T13:06:50.599+0000][69][info ][gc,marking  ] GC(56) Concurrent Rebuild Remembered Sets and Scrub Regions
[2026-03-27T13:06:50.645+0000][69][info ][gc,marking  ] GC(56) Concurrent Rebuild Remembered Sets and Scrub Regions 46.081ms
[2026-03-27T13:06:50.646+0000][69][info ][gc,start    ] GC(56) Pause Cleanup
[2026-03-27T13:06:50.647+0000][69][info ][gc          ] GC(56) Pause Cleanup 110M->110M(512M) 0.994ms
[2026-03-27T13:06:50.647+0000][69][info ][gc,cpu      ] GC(56) User=0.00s Sys=0.00s Real=0.00s
[2026-03-27T13:06:50.648+0000][69][info ][safepoint   ] Safepoint "G1PauseCleanup", Time since last: 48290880 ns, Reaching safepoint: 29415 ns, Cleanup: 13830 ns, At safepoint: 2263659 ns, Total: 2306904 ns
[2026-03-27T13:06:50.649+0000][69][info ][gc,marking  ] GC(56) Concurrent Clear Claimed Marks
[2026-03-27T13:06:50.650+0000][69][info ][gc,marking  ] GC(56) Concurrent Clear Claimed Marks 0.976ms
[2026-03-27T13:06:50.651+0000][69][info ][gc,marking  ] GC(56) Concurrent Cleanup for Next Mark
[2026-03-27T13:06:50.654+0000][69][info ][gc,marking  ] GC(56) Concurrent Cleanup for Next Mark 2.774ms
[2026-03-27T13:06:50.655+0000][69][info ][gc          ] GC(56) Concurrent Mark Cycle 177.799ms
[2026-03-27T13:06:52.140+0000][69][info ][safepoint   ] Safepoint "Cleanup", Time since last: 1492120254 ns, Reaching safepoint: 61630 ns, Cleanup: 14040 ns, At safepoint: 6245 ns, Total: 81915 ns
[2026-03-27T13:07:11.201+0000][69][info ][safepoint   ] Safepoint "Cleanup", Time since last: 19063647495 ns, Reaching safepoint: 23614 ns, Cleanup: 10162 ns, At safepoint: 3332 ns, Total: 37108 ns
[2026-03-27T13:07:13.203+0000][69][info ][safepoint   ] Safepoint "Cleanup", Time since last: 2001671485 ns, Reaching safepoint: 33452 ns, Cleanup: 19027 ns, At safepoint: 7364 ns, Total: 59843 ns
[2026-03-27T13:07:20.222+0000][69][info ][safepoint   ] Safepoint "Cleanup", Time since last: 7019376478 ns, Reaching safepoint: 17469 ns, Cleanup: 15330 ns, At safepoint: 7630 ns, Total: 40429 ns
[2026-03-27T13:07:23.242+0000][69][info ][safepoint   ] Safepoint "Cleanup", Time since last: 3019564240 ns, Reaching safepoint: 72831 ns, Cleanup: 15292 ns, At safepoint: 6002 ns, Total: 94125 ns
[2026-03-27T13:07:25.243+0000][69][info ][safepoint   ] Safepoint "Cleanup", Time since last: 2001606266 ns, Reaching safepoint: 29106 ns, Cleanup: 17981 ns, At safepoint: 6361 ns, Total: 53448 ns
[2026-03-27T13:07:27.351+0000][69][info ][safepoint   ] Safepoint "Cleanup", Time since last: 2107410781 ns, Reaching safepoint: 13070 ns, Cleanup: 12079 ns, At safepoint: 47865 ns, Total: 73014 ns
[2026-03-27T13:07:28.455+0000][69][info ][safepoint   ] Safepoint "Cleanup", Time since last: 1104512274 ns, Reaching safepoint: 9283 ns, Cleanup: 9948 ns, At safepoint: 4429 ns, Total: 23660 ns
[2026-03-27T13:07:29.462+0000][69][info ][safepoint   ] Safepoint "Cleanup", Time since last: 1006290509 ns, Reaching safepoint: 32519 ns, Cleanup: 18190 ns, At safepoint: 7854 ns, Total: 58563 ns
[2026-03-27T13:07:32.235+0000][69][info ][safepoint   ] Safepoint "Cleanup", Time since last: 2773440906 ns, Reaching safepoint: 9318 ns, Cleanup: 7450 ns, At safepoint: 43776 ns, Total: 60544 ns
[2026-03-27T13:07:38.202+0000][69][info ][safepoint   ] Safepoint "Cleanup", Time since last: 5970285610 ns, Reaching safepoint: 5371 ns, Cleanup: 8527 ns, At safepoint: 2655 ns, Total: 16553 ns
[2026-03-27T13:07:41.331+0000][69][info ][safepoint   ] Safepoint "Cleanup", Time since last: 3129191650 ns, Reaching safepoint: 33943 ns, Cleanup: 18720 ns, At safepoint: 76055 ns, Total: 128718 ns
[2026-03-27T13:07:56.211+0000][69][info ][safepoint   ] Safepoint "Cleanup", Time since last: 14879623410 ns, Reaching safepoint: 9134 ns, Cleanup: 7642 ns, At safepoint: 4854 ns, Total: 21630 ns
[2026-03-27T13:08:08.210+0000][69][info ][safepoint   ] Safepoint "Cleanup", Time since last: 12003509082 ns, Reaching safepoint: 11708 ns, Cleanup: 10870 ns, At safepoint: 5861 ns, Total: 28439 ns
[2026-03-27T13:08:20.212+0000][69][info ][safepoint   ] Safepoint "Cleanup", Time since last: 12001504663 ns, Reaching safepoint: 173260 ns, Cleanup: 17115 ns, At safepoint: 56953 ns, Total: 247328 ns
[2026-03-27T13:08:26.198+0000][69][info ][gc,start    ] GC(57) Pause Young (Prepare Mixed) (G1 Evacuation Pause)
[2026-03-27T13:08:26.199+0000][69][info ][gc,task     ] GC(57) Using 10 workers of 10 for evacuation
[2026-03-27T13:08:26.200+0000][69][debug][gc,age      ] GC(57) Desired survivor size 20971520 bytes, new threshold 15 (max threshold 15)
[2026-03-27T13:08:26.209+0000][69][info ][gc,phases   ] GC(57)   Pre Evacuate Collection Set: 0.9ms
[2026-03-27T13:08:26.210+0000][69][info ][gc,phases   ] GC(57)   Merge Heap Roots: 0.2ms
[2026-03-27T13:08:26.211+0000][69][info ][gc,phases   ] GC(57)   Evacuate Collection Set: 5.7ms
[2026-03-27T13:08:26.211+0000][69][info ][gc,phases   ] GC(57)   Post Evacuate Collection Set: 1.6ms
[2026-03-27T13:08:26.211+0000][69][info ][gc,phases   ] GC(57)   Other: 1.9ms
[2026-03-27T13:08:26.212+0000][69][trace][gc,age      ] GC(57) Age table with threshold 15 (max threshold 15)
[2026-03-27T13:08:26.213+0000][69][trace][gc,age      ] GC(57) - age   1:    2150736 bytes,    2150736 total
[2026-03-27T13:08:26.213+0000][69][trace][gc,age      ] GC(57) - age   2:     318912 bytes,    2469648 total
[2026-03-27T13:08:26.214+0000][69][trace][gc,age      ] GC(57) - age   3:      66960 bytes,    2536608 total
[2026-03-27T13:08:26.215+0000][69][trace][gc,age      ] GC(57) - age   4:      16736 bytes,    2553344 total
[2026-03-27T13:08:26.216+0000][69][trace][gc,age      ] GC(57) - age   5:       8664 bytes,    2562008 total
[2026-03-27T13:08:26.216+0000][69][trace][gc,age      ] GC(57) - age   6:      20096 bytes,    2582104 total
[2026-03-27T13:08:26.217+0000][69][trace][gc,age      ] GC(57) - age   7:      82832 bytes,    2664936 total
[2026-03-27T13:08:26.218+0000][69][trace][gc,age      ] GC(57) - age   8:      95464 bytes,    2760400 total
[2026-03-27T13:08:26.218+0000][69][trace][gc,age      ] GC(57) - age   9:      95936 bytes,    2856336 total
[2026-03-27T13:08:26.219+0000][69][trace][gc,age      ] GC(57) - age  10:     522752 bytes,    3379088 total
[2026-03-27T13:08:26.219+0000][69][trace][gc,age      ] GC(57) - age  11:    1057416 bytes,    4436504 total
[2026-03-27T13:08:26.220+0000][69][trace][gc,age      ] GC(57) - age  12:       3632 bytes,    4440136 total
[2026-03-27T13:08:26.221+0000][69][trace][gc,age      ] GC(57) - age  13:       6504 bytes,    4446640 total
[2026-03-27T13:08:26.221+0000][69][trace][gc,age      ] GC(57) - age  14:      40728 bytes,    4487368 total
[2026-03-27T13:08:26.222+0000][69][trace][gc,age      ] GC(57) - age  15:       3392 bytes,    4490760 total
[2026-03-27T13:08:26.222+0000][69][info ][gc,heap     ] GC(57) Eden regions: 74->0(74)
[2026-03-27T13:08:26.223+0000][69][info ][gc,heap     ] GC(57) Survivor regions: 2->2(10)
[2026-03-27T13:08:26.223+0000][69][info ][gc,heap     ] GC(57) Old regions: 27->27
[2026-03-27T13:08:26.224+0000][69][info ][gc,heap     ] GC(57) Humongous regions: 0->0
[2026-03-27T13:08:26.225+0000][69][info ][gc,metaspace] GC(57) Metaspace: 145705K(150784K)->145705K(150784K) NonClass: 126671K(129280K)->126671K(129280K) Class: 19034K(21504K)->19034K(21504K)
[2026-03-27T13:08:26.225+0000][69][info ][gc          ] GC(57) Pause Young (Prepare Mixed) (G1 Evacuation Pause) 405M->109M(512M) 27.458ms
[2026-03-27T13:08:26.226+0000][69][info ][gc,cpu      ] GC(57) User=0.03s Sys=0.01s Real=0.03s
[2026-03-27T13:08:26.227+0000][69][info ][safepoint   ] Safepoint "G1CollectForAllocation", Time since last: 5985959326 ns, Reaching safepoint: 55909 ns, Cleanup: 9201 ns, At safepoint: 29066919 ns, Total: 29132029 ns
[2026-03-27T13:08:27.505+0000][69][info ][safepoint   ] Safepoint "Cleanup", Time since last: 1277655666 ns, Reaching safepoint: 59577 ns, Cleanup: 85996 ns, At safepoint: 39572 ns, Total: 185145 ns
[2026-03-27T13:08:29.506+0000][69][info ][safepoint   ] Safepoint "Cleanup", Time since last: 2001195431 ns, Reaching safepoint: 25365 ns, Cleanup: 14763 ns, At safepoint: 4814 ns, Total: 44942 ns
[2026-03-27T13:08:31.508+0000][69][info ][safepoint   ] Safepoint "Cleanup", Time since last: 2001950771 ns, Reaching safepoint: 24672 ns, Cleanup: 15551 ns, At safepoint: 6063 ns, Total: 46286 ns
[2026-03-27T13:08:32.512+0000][69][info ][safepoint   ] Safepoint "Cleanup", Time since last: 1003638974 ns, Reaching safepoint: 31899 ns, Cleanup: 17513 ns, At safepoint: 3784 ns, Total: 53196 ns
[2026-03-27T13:08:38.528+0000][69][info ][safepoint   ] Safepoint "Cleanup", Time since last: 6020036627 ns, Reaching safepoint: 23082 ns, Cleanup: 18868 ns, At safepoint: 7564 ns, Total: 49514 ns
[2026-03-27T13:08:48.583+0000][69][info ][safepoint   ] Safepoint "Cleanup", Time since last: 10054778005 ns, Reaching safepoint: 26566 ns, Cleanup: 15421 ns, At safepoint: 6079 ns, Total: 48066 ns
[2026-03-27T13:08:49.589+0000][69][info ][safepoint   ] Safepoint "Cleanup", Time since last: 1006239298 ns, Reaching safepoint: 16258 ns, Cleanup: 12003 ns, At safepoint: 8067 ns, Total: 36328 ns
[2026-03-27T13:08:53.621+0000][69][info ][safepoint   ] Safepoint "Cleanup", Time since last: 4031565825 ns, Reaching safepoint: 7641 ns, Cleanup: 6978 ns, At safepoint: 2913 ns, Total: 17532 ns
[2026-03-27T13:08:54.628+0000][69][info ][safepoint   ] Safepoint "Cleanup", Time since last: 1007050300 ns, Reaching safepoint: 80058 ns, Cleanup: 21501 ns, At safepoint: 8802 ns, Total: 110361 ns
[2026-03-27T13:09:03.064+0000][69][info ][safepoint   ] Safepoint "Cleanup", Time since last: 8435804965 ns, Reaching safepoint: 14641 ns, Cleanup: 13519 ns, At safepoint: 8895 ns, Total: 37055 ns
[2026-03-27T13:09:04.147+0000][69][info ][safepoint   ] Safepoint "Cleanup", Time since last: 1083413076 ns, Reaching safepoint: 40886 ns, Cleanup: 26213 ns, At safepoint: 9740 ns, Total: 76839 ns
[2026-03-27T13:09:05.674+0000][69][info ][safepoint   ] Safepoint "Cleanup", Time since last: 1530459999 ns, Reaching safepoint: 14051 ns, Cleanup: 61719 ns, At safepoint: 8966 ns, Total: 84736 ns
[2026-03-27T13:09:18.752+0000][69][info ][safepoint   ] Safepoint "Cleanup", Time since last: 13078441859 ns, Reaching safepoint: 20072 ns, Cleanup: 12889 ns, At safepoint: 3452 ns, Total: 36413 ns
[2026-03-27T13:09:20.758+0000][69][info ][safepoint   ] Safepoint "Cleanup", Time since last: 2006042097 ns, Reaching safepoint: 6383 ns, Cleanup: 7240 ns, At safepoint: 3072 ns, Total: 16695 ns
[2026-03-27T13:09:26.208+0000][69][info ][safepoint   ] Safepoint "Cleanup", Time since last: 5449462328 ns, Reaching safepoint: 7980 ns, Cleanup: 7460 ns, At safepoint: 2887 ns, Total: 18327 ns
[2026-03-27T13:09:27.780+0000][69][info ][safepoint   ] Safepoint "Cleanup", Time since last: 1571460376 ns, Reaching safepoint: 70971 ns, Cleanup: 23502 ns, At safepoint: 11731 ns, Total: 106204 ns
[2026-03-27T13:09:29.624+0000][69][info ][safepoint   ] Safepoint "Cleanup", Time since last: 1844623534 ns, Reaching safepoint: 5301 ns, Cleanup: 5052 ns, At safepoint: 2381 ns, Total: 12734 ns
[2026-03-27T13:09:31.625+0000][69][info ][safepoint   ] Safepoint "Cleanup", Time since last: 2000641384 ns, Reaching safepoint: 51994 ns, Cleanup: 31928 ns, At safepoint: 11799 ns, Total: 95721 ns
[2026-03-27T13:09:37.790+0000][69][info ][safepoint   ] Safepoint "Cleanup", Time since last: 6168241136 ns, Reaching safepoint: 22778 ns, Cleanup: 14611 ns, At safepoint: 4226 ns, Total: 41615 ns
[2026-03-27T13:09:38.796+0000][69][info ][safepoint   ] Safepoint "Cleanup", Time since last: 1006284477 ns, Reaching safepoint: 6177 ns, Cleanup: 22216 ns, At safepoint: 2529 ns, Total: 30922 ns
[2026-03-27T13:09:47.943+0000][69][info ][gc,start    ] GC(58) Pause Young (Mixed) (G1 Evacuation Pause)
[2026-03-27T13:09:47.944+0000][69][info ][gc,task     ] GC(58) Using 10 workers of 10 for evacuation
[2026-03-27T13:09:47.945+0000][69][debug][gc,age      ] GC(58) Desired survivor size 20971520 bytes, new threshold 15 (max threshold 15)
[2026-03-27T13:09:47.961+0000][69][info ][gc,phases   ] GC(58)   Pre Evacuate Collection Set: 0.8ms
[2026-03-27T13:09:47.962+0000][69][info ][gc,phases   ] GC(58)   Merge Heap Roots: 0.3ms
[2026-03-27T13:09:47.962+0000][69][info ][gc,phases   ] GC(58)   Evacuate Collection Set: 13.2ms
[2026-03-27T13:09:47.963+0000][69][info ][gc,phases   ] GC(58)   Post Evacuate Collection Set: 1.2ms
[2026-03-27T13:09:47.963+0000][69][info ][gc,phases   ] GC(58)   Other: 1.5ms
[2026-03-27T13:09:47.963+0000][69][trace][gc,age      ] GC(58) Age table with threshold 15 (max threshold 15)
[2026-03-27T13:09:47.964+0000][69][trace][gc,age      ] GC(58) - age   1:    1279616 bytes,    1279616 total
[2026-03-27T13:09:47.965+0000][69][trace][gc,age      ] GC(58) - age   2:     278320 bytes,    1557936 total
[2026-03-27T13:09:47.965+0000][69][trace][gc,age      ] GC(58) - age   3:     300752 bytes,    1858688 total
[2026-03-27T13:09:47.966+0000][69][trace][gc,age      ] GC(58) - age   4:      66176 bytes,    1924864 total
[2026-03-27T13:09:47.966+0000][69][trace][gc,age      ] GC(58) - age   5:      16424 bytes,    1941288 total
[2026-03-27T13:09:47.966+0000][69][trace][gc,age      ] GC(58) - age   6:       8664 bytes,    1949952 total
[2026-03-27T13:09:47.967+0000][69][trace][gc,age      ] GC(58) - age   7:      20096 bytes,    1970048 total
[2026-03-27T13:09:47.968+0000][69][trace][gc,age      ] GC(58) - age   8:      82768 bytes,    2052816 total
[2026-03-27T13:09:47.969+0000][69][trace][gc,age      ] GC(58) - age   9:      95464 bytes,    2148280 total
[2026-03-27T13:09:47.969+0000][69][trace][gc,age      ] GC(58) - age  10:      95488 bytes,    2243768 total
[2026-03-27T13:09:47.969+0000][69][trace][gc,age      ] GC(58) - age  11:     522752 bytes,    2766520 total
[2026-03-27T13:09:47.970+0000][69][trace][gc,age      ] GC(58) - age  12:    1057416 bytes,    3823936 total
[2026-03-27T13:09:47.970+0000][69][trace][gc,age      ] GC(58) - age  13:       3632 bytes,    3827568 total
[2026-03-27T13:09:47.970+0000][69][trace][gc,age      ] GC(58) - age  14:       6504 bytes,    3834072 total
[2026-03-27T13:09:47.971+0000][69][trace][gc,age      ] GC(58) - age  15:      40728 bytes,    3874800 total
[2026-03-27T13:09:47.971+0000][69][info ][gc,heap     ] GC(58) Eden regions: 74->0(74)
[2026-03-27T13:09:47.972+0000][69][info ][gc,heap     ] GC(58) Survivor regions: 2->2(10)
[2026-03-27T13:09:47.972+0000][69][info ][gc,heap     ] GC(58) Old regions: 27->27
[2026-03-27T13:09:47.973+0000][69][info ][gc,heap     ] GC(58) Humongous regions: 0->0
[2026-03-27T13:09:47.973+0000][69][info ][gc,metaspace] GC(58) Metaspace: 145737K(150784K)->145737K(150784K) NonClass: 126703K(129280K)->126703K(129280K) Class: 19034K(21504K)->19034K(21504K)
[2026-03-27T13:09:47.974+0000][69][info ][gc          ] GC(58) Pause Young (Mixed) (G1 Evacuation Pause) 405M->108M(512M) 30.761ms
[2026-03-27T13:09:47.975+0000][69][info ][gc,cpu      ] GC(58) User=0.07s Sys=0.01s Real=0.03s
[2026-03-27T13:09:47.976+0000][69][info ][safepoint   ] Safepoint "G1CollectForAllocation", Time since last: 9146887070 ns, Reaching safepoint: 51130 ns, Cleanup: 3756 ns, At safepoint: 33005029 ns, Total: 33059915 ns
[2026-03-27T13:09:55.838+0000][69][info ][safepoint   ] Safepoint "Cleanup", Time since last: 7861596682 ns, Reaching safepoint: 20506 ns, Cleanup: 13134 ns, At safepoint: 3329 ns, Total: 36969 ns
[2026-03-27T13:10:04.601+0000][69][info ][safepoint   ] Safepoint "Cleanup", Time since last: 8766820653 ns, Reaching safepoint: 8489 ns, Cleanup: 9916 ns, At safepoint: 8927 ns, Total: 27332 ns
[2026-03-27T13:10:14.896+0000][69][info ][safepoint   ] Safepoint "Cleanup", Time since last: 10295017534 ns, Reaching safepoint: 23570 ns, Cleanup: 8729 ns, At safepoint: 3382 ns, Total: 35681 ns
[2026-03-27T13:10:15.910+0000][69][info ][safepoint   ] Safepoint "Cleanup", Time since last: 1014608875 ns, Reaching safepoint: 8267 ns, Cleanup: 11944 ns, At safepoint: 4768 ns, Total: 24979 ns
[2026-03-27T13:10:19.920+0000][69][info ][safepoint   ] Safepoint "Cleanup", Time since last: 4009061276 ns, Reaching safepoint: 22461 ns, Cleanup: 12818 ns, At safepoint: 4528 ns, Total: 39807 ns
[2026-03-27T13:10:29.954+0000][69][info ][safepoint   ] Safepoint "Cleanup", Time since last: 10033948450 ns, Reaching safepoint: 67405 ns, Cleanup: 18383 ns, At safepoint: 7918 ns, Total: 93706 ns
[2026-03-27T13:10:32.212+0000][69][info ][safepoint   ] Safepoint "Cleanup", Time since last: 2258369105 ns, Reaching safepoint: 10691 ns, Cleanup: 7990 ns, At safepoint: 39370 ns, Total: 58051 ns
[2026-03-27T13:10:33.968+0000][69][info ][safepoint   ] Safepoint "Cleanup", Time since last: 1755903958 ns, Reaching safepoint: 126717 ns, Cleanup: 37978 ns, At safepoint: 20450 ns, Total: 185145 ns
[2026-03-27T13:10:42.982+0000][69][info ][safepoint   ] Safepoint "Cleanup", Time since last: 9017677173 ns, Reaching safepoint: 116493 ns, Cleanup: 30525 ns, At safepoint: 12416 ns, Total: 159434 ns
[2026-03-27T13:10:50.005+0000][69][info ][safepoint   ] Safepoint "Cleanup", Time since last: 7023046959 ns, Reaching safepoint: 31573 ns, Cleanup: 19677 ns, At safepoint: 7683 ns, Total: 58933 ns
[2026-03-27T13:10:57.032+0000][69][info ][safepoint   ] Safepoint "Cleanup", Time since last: 7026812277 ns, Reaching safepoint: 10965 ns, Cleanup: 7162 ns, At safepoint: 12990 ns, Total: 31117 ns
[2026-03-27T13:11:21.117+0000][69][info ][safepoint   ] Safepoint "Cleanup", Time since last: 24088481030 ns, Reaching safepoint: 19284 ns, Cleanup: 15370 ns, At safepoint: 6469 ns, Total: 41123 ns
[2026-03-27T13:11:29.192+0000][69][info ][gc,start    ] GC(59) Pause Young (Concurrent Start) (G1 Evacuation Pause)
[2026-03-27T13:11:29.193+0000][69][info ][gc,task     ] GC(59) Using 10 workers of 10 for evacuation
[2026-03-27T13:11:29.194+0000][69][debug][gc,age      ] GC(59) Desired survivor size 20971520 bytes, new threshold 15 (max threshold 15)
[2026-03-27T13:11:29.210+0000][69][info ][gc,phases   ] GC(59)   Pre Evacuate Collection Set: 0.9ms
[2026-03-27T13:11:29.210+0000][69][info ][gc,phases   ] GC(59)   Merge Heap Roots: 0.5ms
[2026-03-27T13:11:29.211+0000][69][info ][gc,phases   ] GC(59)   Evacuate Collection Set: 10.3ms
[2026-03-27T13:11:29.212+0000][69][info ][gc,phases   ] GC(59)   Post Evacuate Collection Set: 2.4ms
[2026-03-27T13:11:29.213+0000][69][info ][gc,phases   ] GC(59)   Other: 2.2ms
[2026-03-27T13:11:29.215+0000][69][trace][gc,age      ] GC(59) Age table with threshold 15 (max threshold 15)
[2026-03-27T13:11:29.215+0000][69][trace][gc,age      ] GC(59) - age   1:    1522144 bytes,    1522144 total
[2026-03-27T13:11:29.216+0000][69][trace][gc,age      ] GC(59) - age   2:     109888 bytes,    1632032 total
[2026-03-27T13:11:29.217+0000][69][trace][gc,age      ] GC(59) - age   3:     146848 bytes,    1778880 total
[2026-03-27T13:11:29.218+0000][69][trace][gc,age      ] GC(59) - age   4:     300624 bytes,    2079504 total
[2026-03-27T13:11:29.219+0000][69][trace][gc,age      ] GC(59) - age   5:      66176 bytes,    2145680 total
[2026-03-27T13:11:29.220+0000][69][trace][gc,age      ] GC(59) - age   6:      16296 bytes,    2161976 total
[2026-03-27T13:11:29.221+0000][69][trace][gc,age      ] GC(59) - age   7:       8664 bytes,    2170640 total
[2026-03-27T13:11:29.223+0000][69][trace][gc,age      ] GC(59) - age   8:      20096 bytes,    2190736 total
[2026-03-27T13:11:29.224+0000][69][trace][gc,age      ] GC(59) - age   9:      82704 bytes,    2273440 total
[2026-03-27T13:11:29.225+0000][69][trace][gc,age      ] GC(59) - age  10:      95464 bytes,    2368904 total
[2026-03-27T13:11:29.226+0000][69][trace][gc,age      ] GC(59) - age  11:      95488 bytes,    2464392 total
[2026-03-27T13:11:29.227+0000][69][trace][gc,age      ] GC(59) - age  12:     522752 bytes,    2987144 total
[2026-03-27T13:11:29.228+0000][69][trace][gc,age      ] GC(59) - age  13:    1057416 bytes,    4044560 total
[2026-03-27T13:11:29.228+0000][69][trace][gc,age      ] GC(59) - age  14:       3632 bytes,    4048192 total
[2026-03-27T13:11:29.230+0000][69][trace][gc,age      ] GC(59) - age  15:       6504 bytes,    4054696 total
[2026-03-27T13:11:29.230+0000][69][info ][gc,heap     ] GC(59) Eden regions: 74->0(74)
[2026-03-27T13:11:29.231+0000][69][info ][gc,heap     ] GC(59) Survivor regions: 2->2(10)
[2026-03-27T13:11:29.232+0000][69][info ][gc,heap     ] GC(59) Old regions: 27->27
[2026-03-27T13:11:29.233+0000][69][info ][gc,heap     ] GC(59) Humongous regions: 0->0
[2026-03-27T13:11:29.234+0000][69][info ][gc,metaspace] GC(59) Metaspace: 145746K(150784K)->145746K(150784K) NonClass: 126712K(129280K)->126712K(129280K) Class: 19034K(21504K)->19034K(21504K)
[2026-03-27T13:11:29.235+0000][69][info ][gc          ] GC(59) Pause Young (Concurrent Start) (G1 Evacuation Pause) 404M->108M(512M) 42.531ms
[2026-03-27T13:11:29.236+0000][69][info ][gc          ] GC(60) Concurrent Mark Cycle
[2026-03-27T13:11:29.237+0000][69][info ][gc,marking  ] GC(60) Concurrent Scan Root Regions
[2026-03-27T13:11:29.236+0000][69][info ][gc,cpu      ] GC(59) User=0.04s Sys=0.01s Real=0.04s
[2026-03-27T13:11:29.239+0000][69][info ][safepoint   ] Safepoint "G1CollectForAllocation", Time since last: 8074972310 ns, Reaching safepoint: 50836 ns, Cleanup: 7414 ns, At safepoint: 46670959 ns, Total: 46729209 ns
[2026-03-27T13:11:29.243+0000][69][info ][gc,marking  ] GC(60) Concurrent Scan Root Regions 6.007ms
[2026-03-27T13:11:29.243+0000][69][info ][gc,marking  ] GC(60) Concurrent Mark
[2026-03-27T13:11:29.244+0000][69][info ][gc,marking  ] GC(60) Concurrent Mark From Roots
[2026-03-27T13:11:29.245+0000][69][info ][gc,task     ] GC(60) Using 3 workers of 3 for marking
[2026-03-27T13:11:29.354+0000][69][info ][gc,marking  ] GC(60) Concurrent Mark From Roots 109.337ms
[2026-03-27T13:11:29.355+0000][69][info ][gc,marking  ] GC(60) Concurrent Preclean
[2026-03-27T13:11:29.356+0000][69][info ][gc,marking  ] GC(60) Concurrent Preclean 1.377ms
[2026-03-27T13:11:29.358+0000][69][info ][gc,start    ] GC(60) Pause Remark
[2026-03-27T13:11:29.532+0000][69][info ][gc          ] GC(60) Pause Remark 116M->116M(512M) 174.508ms
[2026-03-27T13:11:29.533+0000][69][info ][gc,cpu      ] GC(60) User=0.27s Sys=0.00s Real=0.17s
[2026-03-27T13:11:29.534+0000][69][info ][safepoint   ] Safepoint "G1PauseRemark", Time since last: 118833222 ns, Reaching safepoint: 123300 ns, Cleanup: 9749 ns, At safepoint: 176723928 ns, Total: 176856977 ns
[2026-03-27T13:11:29.535+0000][69][info ][gc,marking  ] GC(60) Concurrent Mark 291.979ms
[2026-03-27T13:11:29.536+0000][69][info ][gc,marking  ] GC(60) Concurrent Rebuild Remembered Sets and Scrub Regions
[2026-03-27T13:11:29.595+0000][69][info ][gc,marking  ] GC(60) Concurrent Rebuild Remembered Sets and Scrub Regions 58.785ms
[2026-03-27T13:11:29.597+0000][69][info ][gc,start    ] GC(60) Pause Cleanup
[2026-03-27T13:11:29.599+0000][69][info ][gc          ] GC(60) Pause Cleanup 117M->117M(512M) 1.895ms
[2026-03-27T13:11:29.599+0000][69][info ][gc,cpu      ] GC(60) User=0.00s Sys=0.00s Real=0.01s
[2026-03-27T13:11:29.600+0000][69][info ][safepoint   ] Safepoint "G1PauseCleanup", Time since last: 62001140 ns, Reaching safepoint: 35419 ns, Cleanup: 108970 ns, At safepoint: 3632345 ns, Total: 3776734 ns
[2026-03-27T13:11:29.601+0000][69][info ][gc,marking  ] GC(60) Concurrent Clear Claimed Marks
[2026-03-27T13:11:29.602+0000][69][info ][gc,marking  ] GC(60) Concurrent Clear Claimed Marks 1.154ms
[2026-03-27T13:11:29.603+0000][69][info ][gc,marking  ] GC(60) Concurrent Cleanup for Next Mark
[2026-03-27T13:11:29.605+0000][69][info ][gc,marking  ] GC(60) Concurrent Cleanup for Next Mark 1.822ms
[2026-03-27T13:11:29.607+0000][69][info ][gc          ] GC(60) Concurrent Mark Cycle 370.979ms
[2026-03-27T13:11:41.186+0000][69][info ][safepoint   ] Safepoint "Cleanup", Time since last: 11589979304 ns, Reaching safepoint: 23392 ns, Cleanup: 12977 ns, At safepoint: 4447 ns, Total: 40816 ns
[2026-03-27T13:12:05.194+0000][69][info ][safepoint   ] Safepoint "Cleanup", Time since last: 24011110297 ns, Reaching safepoint: 27995 ns, Cleanup: 5543 ns, At safepoint: 2527 ns, Total: 36065 ns
[2026-03-27T13:12:11.310+0000][69][info ][safepoint   ] Safepoint "Cleanup", Time since last: 6115276954 ns, Reaching safepoint: 6065 ns, Cleanup: 8810 ns, At safepoint: 16162 ns, Total: 31037 ns
[2026-03-27T13:12:18.338+0000][69][info ][safepoint   ] Safepoint "Cleanup", Time since last: 7028462038 ns, Reaching safepoint: 31188 ns, Cleanup: 17066 ns, At safepoint: 8079 ns, Total: 56333 ns
[2026-03-27T13:12:23.372+0000][69][info ][safepoint   ] Safepoint "Cleanup", Time since last: 5034045542 ns, Reaching safepoint: 5501 ns, Cleanup: 4682 ns, At safepoint: 2358 ns, Total: 12541 ns
[2026-03-27T13:12:49.648+0000][69][info ][safepoint   ] Safepoint "Cleanup", Time since last: 26280324233 ns, Reaching safepoint: 34280 ns, Cleanup: 23944 ns, At safepoint: 93386 ns, Total: 151610 ns
[2026-03-27T13:12:51.794+0000][69][info ][safepoint   ] Safepoint "Cleanup", Time since last: 2146057080 ns, Reaching safepoint: 75146 ns, Cleanup: 21094 ns, At safepoint: 9507 ns, Total: 105747 ns
[2026-03-27T13:12:53.209+0000][69][info ][safepoint   ] Safepoint "Cleanup", Time since last: 1415007863 ns, Reaching safepoint: 19810 ns, Cleanup: 14204 ns, At safepoint: 63032 ns, Total: 97046 ns
[2026-03-27T13:13:05.731+0000][69][info ][safepoint   ] Safepoint "Cleanup", Time since last: 12524641513 ns, Reaching safepoint: 7377 ns, Cleanup: 6768 ns, At safepoint: 3852 ns, Total: 17997 ns
[2026-03-27T13:13:15.765+0000][69][info ][safepoint   ] Safepoint "Cleanup", Time since last: 10033790590 ns, Reaching safepoint: 106007 ns, Cleanup: 35665 ns, At safepoint: 15620 ns, Total: 157292 ns
[2026-03-27T13:13:17.193+0000][69][info ][gc,start    ] GC(61) Pause Young (Prepare Mixed) (G1 Evacuation Pause)
[2026-03-27T13:13:17.194+0000][69][info ][gc,task     ] GC(61) Using 10 workers of 10 for evacuation
[2026-03-27T13:13:17.195+0000][69][debug][gc,age      ] GC(61) Desired survivor size 20971520 bytes, new threshold 15 (max threshold 15)
[2026-03-27T13:13:17.212+0000][69][info ][gc,phases   ] GC(61)   Pre Evacuate Collection Set: 1.5ms
[2026-03-27T13:13:17.213+0000][69][info ][gc,phases   ] GC(61)   Merge Heap Roots: 0.5ms
[2026-03-27T13:13:17.214+0000][69][info ][gc,phases   ] GC(61)   Evacuate Collection Set: 10.3ms
[2026-03-27T13:13:17.215+0000][69][info ][gc,phases   ] GC(61)   Post Evacuate Collection Set: 2.9ms
[2026-03-27T13:13:17.216+0000][69][info ][gc,phases   ] GC(61)   Other: 2.2ms
[2026-03-27T13:13:17.216+0000][69][trace][gc,age      ] GC(61) Age table with threshold 15 (max threshold 15)
[2026-03-27T13:13:17.217+0000][69][trace][gc,age      ] GC(61) - age   1:    1355816 bytes,    1355816 total
[2026-03-27T13:13:17.218+0000][69][trace][gc,age      ] GC(61) - age   2:     642376 bytes,    1998192 total
[2026-03-27T13:13:17.219+0000][69][trace][gc,age      ] GC(61) - age   3:     108376 bytes,    2106568 total
[2026-03-27T13:13:17.220+0000][69][trace][gc,age      ] GC(61) - age   4:     141888 bytes,    2248456 total
[2026-03-27T13:13:17.220+0000][69][trace][gc,age      ] GC(61) - age   5:     300248 bytes,    2548704 total
[2026-03-27T13:13:17.221+0000][69][trace][gc,age      ] GC(61) - age   6:      66176 bytes,    2614880 total
[2026-03-27T13:13:17.222+0000][69][trace][gc,age      ] GC(61) - age   7:       7728 bytes,    2622608 total
[2026-03-27T13:13:17.223+0000][69][trace][gc,age      ] GC(61) - age   8:       8664 bytes,    2631272 total
[2026-03-27T13:13:17.224+0000][69][trace][gc,age      ] GC(61) - age   9:      19784 bytes,    2651056 total
[2026-03-27T13:13:17.225+0000][69][trace][gc,age      ] GC(61) - age  10:      82640 bytes,    2733696 total
[2026-03-27T13:13:17.226+0000][69][trace][gc,age      ] GC(61) - age  11:      95464 bytes,    2829160 total
[2026-03-27T13:13:17.227+0000][69][trace][gc,age      ] GC(61) - age  12:      95488 bytes,    2924648 total
[2026-03-27T13:13:17.228+0000][69][trace][gc,age      ] GC(61) - age  13:     522464 bytes,    3447112 total
[2026-03-27T13:13:17.229+0000][69][trace][gc,age      ] GC(61) - age  14:    1057416 bytes,    4504528 total
[2026-03-27T13:13:17.230+0000][69][trace][gc,age      ] GC(61) - age  15:       3632 bytes,    4508160 total
[2026-03-27T13:13:17.231+0000][69][info ][gc,heap     ] GC(61) Eden regions: 74->0(74)
[2026-03-27T13:13:17.232+0000][69][info ][gc,heap     ] GC(61) Survivor regions: 2->2(10)
[2026-03-27T13:13:17.233+0000][69][info ][gc,heap     ] GC(61) Old regions: 27->27
[2026-03-27T13:13:17.234+0000][69][info ][gc,heap     ] GC(61) Humongous regions: 0->0
[2026-03-27T13:13:17.235+0000][69][info ][gc,metaspace] GC(61) Metaspace: 145767K(150784K)->145767K(150784K) NonClass: 126733K(129280K)->126733K(129280K) Class: 19034K(21504K)->19034K(21504K)
[2026-03-27T13:13:17.237+0000][69][info ][gc          ] GC(61) Pause Young (Prepare Mixed) (G1 Evacuation Pause) 404M->109M(512M) 43.667ms
[2026-03-27T13:13:17.238+0000][69][info ][gc,cpu      ] GC(61) User=0.06s Sys=0.00s Real=0.04s
[2026-03-27T13:13:17.239+0000][69][info ][safepoint   ] Safepoint "G1CollectForAllocation", Time since last: 1428061582 ns, Reaching safepoint: 115715 ns, Cleanup: 7910 ns, At safepoint: 46398356 ns, Total: 46521981 ns
[2026-03-27T13:13:18.794+0000][69][info ][safepoint   ] Safepoint "Cleanup", Time since last: 1554553349 ns, Reaching safepoint: 84215 ns, Cleanup: 28048 ns, At safepoint: 10063 ns, Total: 122326 ns
[2026-03-27T13:13:23.242+0000][69][info ][safepoint   ] Safepoint "Cleanup", Time since last: 4448393888 ns, Reaching safepoint: 51113 ns, Cleanup: 26605 ns, At safepoint: 17141 ns, Total: 94859 ns
[2026-03-27T13:13:24.856+0000][69][info ][safepoint   ] Safepoint "Cleanup", Time since last: 1613131312 ns, Reaching safepoint: 172026 ns, Cleanup: 327923 ns, At safepoint: 63966 ns, Total: 563915 ns
[2026-03-27T13:14:07.564+0000][69][info ][safepoint   ] Safepoint "Cleanup", Time since last: 42715223866 ns, Reaching safepoint: 9827 ns, Cleanup: 5974 ns, At safepoint: 13419 ns, Total: 29220 ns
[2026-03-27T13:14:09.014+0000][69][info ][safepoint   ] Safepoint "Cleanup", Time since last: 1450249263 ns, Reaching safepoint: 19083 ns, Cleanup: 19037 ns, At safepoint: 11287 ns, Total: 49407 ns
[2026-03-27T13:14:10.035+0000][69][info ][safepoint   ] Safepoint "Cleanup", Time since last: 1020521991 ns, Reaching safepoint: 47502 ns, Cleanup: 19373 ns, At safepoint: 8871 ns, Total: 75746 ns
[2026-03-27T13:14:11.046+0000][69][info ][safepoint   ] Safepoint "Cleanup", Time since last: 1010954420 ns, Reaching safepoint: 41677 ns, Cleanup: 84226 ns, At safepoint: 11869 ns, Total: 137772 ns
[2026-03-27T13:14:12.051+0000][69][info ][safepoint   ] Safepoint "Cleanup", Time since last: 1004716850 ns, Reaching safepoint: 24092 ns, Cleanup: 24448 ns, At safepoint: 10542 ns, Total: 59082 ns
[2026-03-27T13:14:29.204+0000][69][info ][safepoint   ] Safepoint "Cleanup", Time since last: 17153446700 ns, Reaching safepoint: 6733 ns, Cleanup: 6787 ns, At safepoint: 3946 ns, Total: 17466 ns
[2026-03-27T13:14:38.144+0000][69][info ][safepoint   ] Safepoint "Cleanup", Time since last: 8942651819 ns, Reaching safepoint: 62162 ns, Cleanup: 19275 ns, At safepoint: 6113 ns, Total: 87550 ns
[2026-03-27T13:14:41.145+0000][69][info ][safepoint   ] Safepoint "Cleanup", Time since last: 3001571679 ns, Reaching safepoint: 21784 ns, Cleanup: 14329 ns, At safepoint: 3252 ns, Total: 39365 ns
[2026-03-27T13:14:42.157+0000][69][info ][safepoint   ] Safepoint "Cleanup", Time since last: 1011470282 ns, Reaching safepoint: 9118 ns, Cleanup: 24945 ns, At safepoint: 4258 ns, Total: 38321 ns
[2026-03-27T13:14:45.168+0000][69][info ][safepoint   ] Safepoint "Cleanup", Time since last: 3011607586 ns, Reaching safepoint: 44160 ns, Cleanup: 18449 ns, At safepoint: 7508 ns, Total: 70117 ns
[2026-03-27T13:14:50.179+0000][69][info ][safepoint   ] Safepoint "Cleanup", Time since last: 5010909459 ns, Reaching safepoint: 88299 ns, Cleanup: 30424 ns, At safepoint: 8789 ns, Total: 127512 ns
[2026-03-27T13:14:51.920+0000][69][info ][safepoint   ] Safepoint "Cleanup", Time since last: 1740609873 ns, Reaching safepoint: 43684 ns, Cleanup: 15018 ns, At safepoint: 4841 ns, Total: 63543 ns
[2026-03-27T13:14:53.213+0000][69][info ][gc,start    ] GC(62) Pause Young (Mixed) (G1 Evacuation Pause)
[2026-03-27T13:14:53.214+0000][69][info ][gc,task     ] GC(62) Using 10 workers of 10 for evacuation
[2026-03-27T13:14:53.215+0000][69][debug][gc,age      ] GC(62) Desired survivor size 20971520 bytes, new threshold 15 (max threshold 15)
[2026-03-27T13:14:53.233+0000][69][info ][gc,phases   ] GC(62)   Pre Evacuate Collection Set: 0.3ms
[2026-03-27T13:14:53.233+0000][69][info ][gc,phases   ] GC(62)   Merge Heap Roots: 0.3ms
[2026-03-27T13:14:53.234+0000][69][info ][gc,phases   ] GC(62)   Evacuate Collection Set: 14.7ms
[2026-03-27T13:14:53.235+0000][69][info ][gc,phases   ] GC(62)   Post Evacuate Collection Set: 1.8ms
[2026-03-27T13:14:53.237+0000][69][info ][gc,phases   ] GC(62)   Other: 1.5ms
[2026-03-27T13:14:53.238+0000][69][trace][gc,age      ] GC(62) Age table with threshold 15 (max threshold 15)
[2026-03-27T13:14:53.238+0000][69][trace][gc,age      ] GC(62) - age   1:    2944256 bytes,    2944256 total
[2026-03-27T13:14:53.239+0000][69][trace][gc,age      ] GC(62) - age   2:     217096 bytes,    3161352 total
[2026-03-27T13:14:53.240+0000][69][trace][gc,age      ] GC(62) - age   3:     341584 bytes,    3502936 total
[2026-03-27T13:14:53.241+0000][69][trace][gc,age      ] GC(62) - age   4:     106816 bytes,    3609752 total
[2026-03-27T13:14:53.242+0000][69][trace][gc,age      ] GC(62) - age   5:     141576 bytes,    3751328 total
[2026-03-27T13:14:53.242+0000][69][trace][gc,age      ] GC(62) - age   6:     259864 bytes,    4011192 total
[2026-03-27T13:14:53.243+0000][69][trace][gc,age      ] GC(62) - age   7:      62312 bytes,    4073504 total
[2026-03-27T13:14:53.244+0000][69][trace][gc,age      ] GC(62) - age   8:       6440 bytes,    4079944 total
[2026-03-27T13:14:53.244+0000][69][trace][gc,age      ] GC(62) - age   9:       8664 bytes,    4088608 total
[2026-03-27T13:14:53.245+0000][69][trace][gc,age      ] GC(62) - age  10:      19784 bytes,    4108392 total
[2026-03-27T13:14:53.245+0000][69][trace][gc,age      ] GC(62) - age  11:      82640 bytes,    4191032 total
[2026-03-27T13:14:53.246+0000][69][trace][gc,age      ] GC(62) - age  12:      95464 bytes,    4286496 total
[2026-03-27T13:14:53.247+0000][69][trace][gc,age      ] GC(62) - age  13:      95488 bytes,    4381984 total
[2026-03-27T13:14:53.247+0000][69][trace][gc,age      ] GC(62) - age  14:     522336 bytes,    4904320 total
[2026-03-27T13:14:53.248+0000][69][trace][gc,age      ] GC(62) - age  15:    1057416 bytes,    5961736 total
[2026-03-27T13:14:53.249+0000][69][info ][gc,heap     ] GC(62) Eden regions: 74->0(74)
[2026-03-27T13:14:53.250+0000][69][info ][gc,heap     ] GC(62) Survivor regions: 2->2(10)
[2026-03-27T13:14:53.250+0000][69][info ][gc,heap     ] GC(62) Old regions: 27->26
[2026-03-27T13:14:53.251+0000][69][info ][gc,heap     ] GC(62) Humongous regions: 0->0
[2026-03-27T13:14:53.252+0000][69][info ][gc,metaspace] GC(62) Metaspace: 145775K(150784K)->145775K(150784K) NonClass: 126741K(129280K)->126741K(129280K) Class: 19034K(21504K)->19034K(21504K)
[2026-03-27T13:14:53.252+0000][69][info ][gc          ] GC(62) Pause Young (Mixed) (G1 Evacuation Pause) 405M->109M(512M) 38.765ms
[2026-03-27T13:14:53.253+0000][69][info ][gc,cpu      ] GC(62) User=0.10s Sys=0.00s Real=0.04s
[2026-03-27T13:14:53.254+0000][69][info ][safepoint   ] Safepoint "G1CollectForAllocation", Time since last: 1293240295 ns, Reaching safepoint: 7050 ns, Cleanup: 3745 ns, At safepoint: 40128709 ns, Total: 40139504 ns
[2026-03-27T13:15:04.224+0000][69][info ][safepoint   ] Safepoint "Cleanup", Time since last: 10970117793 ns, Reaching safepoint: 79638 ns, Cleanup: 16186 ns, At safepoint: 8025 ns, Total: 103849 ns
[2026-03-27T13:15:05.222+0000][69][info ][safepoint   ] Safepoint "Cleanup", Time since last: 1002067103 ns, Reaching safepoint: 11638 ns, Cleanup: 11516 ns, At safepoint: 7137 ns, Total: 30291 ns
[2026-03-27T13:15:13.253+0000][69][info ][safepoint   ] Safepoint "Cleanup", Time since last: 8030972911 ns, Reaching safepoint: 22986 ns, Cleanup: 13504 ns, At safepoint: 3951 ns, Total: 40441 ns
[2026-03-27T13:15:14.253+0000][69][info ][safepoint   ] Safepoint "Cleanup", Time since last: 1000049380 ns, Reaching safepoint: 13562 ns, Cleanup: 20901 ns, At safepoint: 19611 ns, Total: 54074 ns
[2026-03-27T13:15:17.205+0000][69][info ][safepoint   ] Safepoint "Cleanup", Time since last: 2951978670 ns, Reaching safepoint: 5944 ns, Cleanup: 6139 ns, At safepoint: 16393 ns, Total: 28476 ns
[2026-03-27T13:15:18.211+0000][69][info ][safepoint   ] Safepoint "Cleanup", Time since last: 1005891143 ns, Reaching safepoint: 59751 ns, Cleanup: 16409 ns, At safepoint: 8024 ns, Total: 84184 ns
[2026-03-27T13:15:23.287+0000][69][info ][safepoint   ] Safepoint "Cleanup", Time since last: 5075334452 ns, Reaching safepoint: 73748 ns, Cleanup: 9972 ns, At safepoint: 41875 ns, Total: 125595 ns
[2026-03-27T13:15:25.315+0000][69][info ][safepoint   ] Safepoint "Cleanup", Time since last: 2027757394 ns, Reaching safepoint: 25646 ns, Cleanup: 15734 ns, At safepoint: 5000 ns, Total: 46380 ns
[2026-03-27T13:15:29.338+0000][69][info ][safepoint   ] Safepoint "Cleanup", Time since last: 4023312076 ns, Reaching safepoint: 8041 ns, Cleanup: 33849 ns, At safepoint: 15696 ns, Total: 57586 ns
[2026-03-27T13:15:37.383+0000][69][info ][safepoint   ] Safepoint "Cleanup", Time since last: 8048976663 ns, Reaching safepoint: 41295 ns, Cleanup: 12590 ns, At safepoint: 3343 ns, Total: 57228 ns
[2026-03-27T13:15:38.384+0000][69][info ][safepoint   ] Safepoint "Cleanup", Time since last: 1001559025 ns, Reaching safepoint: 47176 ns, Cleanup: 27841 ns, At safepoint: 10270 ns, Total: 85287 ns
[2026-03-27T13:15:47.208+0000][69][info ][safepoint   ] Safepoint "Cleanup", Time since last: 8823971687 ns, Reaching safepoint: 15253 ns, Cleanup: 19471 ns, At safepoint: 13407 ns, Total: 48131 ns
[2026-03-27T13:15:48.427+0000][69][info ][safepoint   ] Safepoint "Cleanup", Time since last: 1218530833 ns, Reaching safepoint: 38751 ns, Cleanup: 27669 ns, At safepoint: 10619 ns, Total: 77039 ns
[2026-03-27T13:15:50.982+0000][69][info ][safepoint   ] Safepoint "Cleanup", Time since last: 2554559093 ns, Reaching safepoint: 102448 ns, Cleanup: 78510 ns, At safepoint: 109808 ns, Total: 290766 ns
[2026-03-27T13:15:53.435+0000][69][info ][safepoint   ] Safepoint "Cleanup", Time since last: 2453513602 ns, Reaching safepoint: 10866 ns, Cleanup: 10119 ns, At safepoint: 17141 ns, Total: 38126 ns
[2026-03-27T13:15:59.473+0000][69][info ][safepoint   ] Safepoint "Cleanup", Time since last: 6037653869 ns, Reaching safepoint: 7859 ns, Cleanup: 20597 ns, At safepoint: 2728 ns, Total: 31184 ns
[2026-03-27T13:16:21.529+0000][69][info ][safepoint   ] Safepoint "Cleanup", Time since last: 22060012998 ns, Reaching safepoint: 49817 ns, Cleanup: 19774 ns, At safepoint: 3778 ns, Total: 73369 ns
[2026-03-27T13:16:27.775+0000][69][info ][safepoint   ] Safepoint "Cleanup", Time since last: 6245051128 ns, Reaching safepoint: 41530 ns, Cleanup: 39445 ns, At safepoint: 20266 ns, Total: 101241 ns
[2026-03-27T13:16:28.349+0000][69][info ][gc,start    ] GC(63) Pause Young (Concurrent Start) (G1 Evacuation Pause)
[2026-03-27T13:16:28.349+0000][69][info ][gc,task     ] GC(63) Using 10 workers of 10 for evacuation
[2026-03-27T13:16:28.350+0000][69][debug][gc,age      ] GC(63) Desired survivor size 20971520 bytes, new threshold 15 (max threshold 15)
[2026-03-27T13:16:28.362+0000][69][info ][gc,phases   ] GC(63)   Pre Evacuate Collection Set: 1.5ms
[2026-03-27T13:16:28.362+0000][69][info ][gc,phases   ] GC(63)   Merge Heap Roots: 0.6ms
[2026-03-27T13:16:28.363+0000][69][info ][gc,phases   ] GC(63)   Evacuate Collection Set: 6.5ms
[2026-03-27T13:16:28.364+0000][69][info ][gc,phases   ] GC(63)   Post Evacuate Collection Set: 1.5ms
[2026-03-27T13:16:28.366+0000][69][info ][gc,phases   ] GC(63)   Other: 2.4ms
[2026-03-27T13:16:28.366+0000][69][trace][gc,age      ] GC(63) Age table with threshold 15 (max threshold 15)
[2026-03-27T13:16:28.368+0000][69][trace][gc,age      ] GC(63) - age   1:    2925176 bytes,    2925176 total
[2026-03-27T13:16:28.368+0000][69][trace][gc,age      ] GC(63) - age   2:     406888 bytes,    3332064 total
[2026-03-27T13:16:28.369+0000][69][trace][gc,age      ] GC(63) - age   3:       5576 bytes,    3337640 total
[2026-03-27T13:16:28.370+0000][69][trace][gc,age      ] GC(63) - age   4:       8816 bytes,    3346456 total
[2026-03-27T13:16:28.370+0000][69][trace][gc,age      ] GC(63) - age   5:     106216 bytes,    3452672 total
[2026-03-27T13:16:28.370+0000][69][trace][gc,age      ] GC(63) - age   6:       8512 bytes,    3461184 total
[2026-03-27T13:16:28.371+0000][69][trace][gc,age      ] GC(63) - age   7:      45864 bytes,    3507048 total
[2026-03-27T13:16:28.371+0000][69][trace][gc,age      ] GC(63) - age   8:      62248 bytes,    3569296 total
[2026-03-27T13:16:28.371+0000][69][trace][gc,age      ] GC(63) - age   9:       6440 bytes,    3575736 total
[2026-03-27T13:16:28.372+0000][69][trace][gc,age      ] GC(63) - age  10:       8664 bytes,    3584400 total
[2026-03-27T13:16:28.372+0000][69][trace][gc,age      ] GC(63) - age  11:      19720 bytes,    3604120 total
[2026-03-27T13:16:28.372+0000][69][trace][gc,age      ] GC(63) - age  12:      82576 bytes,    3686696 total
[2026-03-27T13:16:28.372+0000][69][trace][gc,age      ] GC(63) - age  13:      95464 bytes,    3782160 total
[2026-03-27T13:16:28.373+0000][69][trace][gc,age      ] GC(63) - age  14:      95488 bytes,    3877648 total
[2026-03-27T13:16:28.373+0000][69][trace][gc,age      ] GC(63) - age  15:     522336 bytes,    4399984 total
[2026-03-27T13:16:28.374+0000][69][info ][gc,heap     ] GC(63) Eden regions: 74->0(74)
[2026-03-27T13:16:28.376+0000][69][info ][gc,heap     ] GC(63) Survivor regions: 2->2(10)
[2026-03-27T13:16:28.377+0000][69][info ][gc,heap     ] GC(63) Old regions: 26->27
[2026-03-27T13:16:28.377+0000][69][info ][gc,heap     ] GC(63) Humongous regions: 0->0
[2026-03-27T13:16:28.378+0000][69][info ][gc,metaspace] GC(63) Metaspace: 145818K(150784K)->145818K(150784K) NonClass: 126780K(129280K)->126780K(129280K) Class: 19037K(21504K)->19037K(21504K)
[2026-03-27T13:16:28.378+0000][69][info ][gc          ] GC(63) Pause Young (Concurrent Start) (G1 Evacuation Pause) 405M->109M(512M) 29.100ms
[2026-03-27T13:16:28.379+0000][69][info ][gc          ] GC(64) Concurrent Mark Cycle
[2026-03-27T13:16:28.379+0000][69][info ][gc,cpu      ] GC(63) User=0.07s Sys=0.00s Real=0.03s
[2026-03-27T13:16:28.379+0000][69][info ][gc,marking  ] GC(64) Concurrent Scan Root Regions
[2026-03-27T13:16:28.380+0000][69][info ][safepoint   ] Safepoint "G1CollectForAllocation", Time since last: 574043389 ns, Reaching safepoint: 60707 ns, Cleanup: 33578 ns, At safepoint: 31063700 ns, Total: 31157985 ns
[2026-03-27T13:16:28.385+0000][69][info ][gc,marking  ] GC(64) Concurrent Scan Root Regions 5.645ms
[2026-03-27T13:16:28.385+0000][69][info ][gc,marking  ] GC(64) Concurrent Mark
[2026-03-27T13:16:28.386+0000][69][info ][gc,marking  ] GC(64) Concurrent Mark From Roots
[2026-03-27T13:16:28.387+0000][69][info ][gc,task     ] GC(64) Using 3 workers of 3 for marking
[2026-03-27T13:16:28.454+0000][69][info ][gc,marking  ] GC(64) Concurrent Mark From Roots 67.286ms
[2026-03-27T13:16:28.454+0000][69][info ][gc,marking  ] GC(64) Concurrent Preclean
[2026-03-27T13:16:28.455+0000][69][info ][gc,marking  ] GC(64) Concurrent Preclean 0.747ms
[2026-03-27T13:16:28.456+0000][69][info ][gc,start    ] GC(64) Pause Remark
[2026-03-27T13:16:28.473+0000][69][info ][gc          ] GC(64) Pause Remark 110M->110M(512M) 17.603ms
[2026-03-27T13:16:28.474+0000][69][info ][gc,cpu      ] GC(64) User=0.06s Sys=0.01s Real=0.02s
[2026-03-27T13:16:28.475+0000][69][info ][safepoint   ] Safepoint "G1PauseRemark", Time since last: 75691253 ns, Reaching safepoint: 77907 ns, Cleanup: 29844 ns, At safepoint: 19110243 ns, Total: 19217994 ns
[2026-03-27T13:16:28.476+0000][69][info ][gc,marking  ] GC(64) Concurrent Mark 90.337ms
[2026-03-27T13:16:28.476+0000][69][info ][gc,marking  ] GC(64) Concurrent Rebuild Remembered Sets and Scrub Regions
[2026-03-27T13:16:28.507+0000][69][info ][gc,marking  ] GC(64) Concurrent Rebuild Remembered Sets and Scrub Regions 30.874ms
[2026-03-27T13:16:28.508+0000][69][info ][gc,start    ] GC(64) Pause Cleanup
[2026-03-27T13:16:28.509+0000][69][info ][gc          ] GC(64) Pause Cleanup 110M->110M(512M) 1.227ms
[2026-03-27T13:16:28.510+0000][69][info ][gc,cpu      ] GC(64) User=0.00s Sys=0.00s Real=0.00s
[2026-03-27T13:16:28.511+0000][69][info ][safepoint   ] Safepoint "G1PauseCleanup", Time since last: 33000375 ns, Reaching safepoint: 74871 ns, Cleanup: 23824 ns, At safepoint: 3552420 ns, Total: 3651115 ns
[2026-03-27T13:16:28.512+0000][69][info ][gc,marking  ] GC(64) Concurrent Clear Claimed Marks
[2026-03-27T13:16:28.513+0000][69][info ][gc,marking  ] GC(64) Concurrent Clear Claimed Marks 0.670ms
[2026-03-27T13:16:28.513+0000][69][info ][gc,marking  ] GC(64) Concurrent Cleanup for Next Mark
[2026-03-27T13:16:28.514+0000][69][info ][gc,marking  ] GC(64) Concurrent Cleanup for Next Mark 1.502ms
[2026-03-27T13:16:28.515+0000][69][info ][gc          ] GC(64) Concurrent Mark Cycle 136.416ms
[2026-03-27T13:16:29.555+0000][69][info ][safepoint   ] Safepoint "Cleanup", Time since last: 1043836299 ns, Reaching safepoint: 6788 ns, Cleanup: 10404 ns, At safepoint: 3060 ns, Total: 20252 ns
[2026-03-27T13:16:31.037+0000][69][info ][safepoint   ] Safepoint "Cleanup", Time since last: 1481636645 ns, Reaching safepoint: 81578 ns, Cleanup: 20512 ns, At safepoint: 5161 ns, Total: 107251 ns
[2026-03-27T13:16:35.566+0000][69][info ][safepoint   ] Safepoint "Cleanup", Time since last: 4532418563 ns, Reaching safepoint: 11983 ns, Cleanup: 19597 ns, At safepoint: 4345 ns, Total: 35925 ns
[2026-03-27T13:16:36.582+0000][69][info ][safepoint   ] Safepoint "Cleanup", Time since last: 1015247647 ns, Reaching safepoint: 125080 ns, Cleanup: 17091 ns, At safepoint: 29394 ns, Total: 171565 ns
[2026-03-27T13:16:39.584+0000][69][info ][safepoint   ] Safepoint "Cleanup", Time since last: 3001827717 ns, Reaching safepoint: 26314 ns, Cleanup: 14705 ns, At safepoint: 5483 ns, Total: 46502 ns
[2026-03-27T13:16:41.589+0000][69][info ][safepoint   ] Safepoint "Cleanup", Time since last: 2005146285 ns, Reaching safepoint: 13181 ns, Cleanup: 24888 ns, At safepoint: 6395 ns, Total: 44464 ns
[2026-03-27T13:16:43.600+0000][69][info ][safepoint   ] Safepoint "Cleanup", Time since last: 2011154199 ns, Reaching safepoint: 37781 ns, Cleanup: 24380 ns, At safepoint: 8834 ns, Total: 70995 ns
[2026-03-27T13:16:44.602+0000][69][info ][safepoint   ] Safepoint "Cleanup", Time since last: 1001578075 ns, Reaching safepoint: 32652 ns, Cleanup: 18552 ns, At safepoint: 5564 ns, Total: 56768 ns
[2026-03-27T13:16:45.603+0000][69][info ][safepoint   ] Safepoint "Cleanup", Time since last: 1001008336 ns, Reaching safepoint: 26676 ns, Cleanup: 35336 ns, At safepoint: 5318 ns, Total: 67330 ns
[2026-03-27T13:16:47.204+0000][69][info ][safepoint   ] Safepoint "Cleanup", Time since last: 1601560247 ns, Reaching safepoint: 6582 ns, Cleanup: 11864 ns, At safepoint: 14263 ns, Total: 32709 ns
[2026-03-27T13:16:48.616+0000][69][info ][safepoint   ] Safepoint "Cleanup", Time since last: 1411447211 ns, Reaching safepoint: 32665 ns, Cleanup: 16658 ns, At safepoint: 7445 ns, Total: 56768 ns
[2026-03-27T13:17:02.646+0000][69][info ][safepoint   ] Safepoint "Cleanup", Time since last: 14030088537 ns, Reaching safepoint: 212325 ns, Cleanup: 54383 ns, At safepoint: 21344 ns, Total: 288052 ns
[2026-03-27T13:17:08.666+0000][69][info ][safepoint   ] Safepoint "Cleanup", Time since last: 6022899735 ns, Reaching safepoint: 99068 ns, Cleanup: 18448 ns, At safepoint: 10382 ns, Total: 127898 ns
[2026-03-27T13:17:11.680+0000][69][info ][safepoint   ] Safepoint "Cleanup", Time since last: 3013812814 ns, Reaching safepoint: 13176 ns, Cleanup: 14767 ns, At safepoint: 7677 ns, Total: 35620 ns
[2026-03-27T13:17:20.105+0000][69][info ][safepoint   ] Safepoint "Cleanup", Time since last: 8424592607 ns, Reaching safepoint: 15615 ns, Cleanup: 9334 ns, At safepoint: 3187 ns, Total: 28136 ns
[2026-03-27T13:17:22.119+0000][69][info ][safepoint   ] Safepoint "Cleanup", Time since last: 2014207977 ns, Reaching safepoint: 55921 ns, Cleanup: 50793 ns, At safepoint: 13173 ns, Total: 119887 ns
[2026-03-27T13:17:23.167+0000][69][info ][safepoint   ] Safepoint "Cleanup", Time since last: 1048169140 ns, Reaching safepoint: 64704 ns, Cleanup: 29083 ns, At safepoint: 12524 ns, Total: 106311 ns
[2026-03-27T13:17:29.736+0000][69][info ][safepoint   ] Safepoint "Cleanup", Time since last: 6568910318 ns, Reaching safepoint: 17099 ns, Cleanup: 13455 ns, At safepoint: 5671 ns, Total: 36225 ns
[2026-03-27T13:17:38.759+0000][69][info ][safepoint   ] Safepoint "Cleanup", Time since last: 9026831414 ns, Reaching safepoint: 72359 ns, Cleanup: 19254 ns, At safepoint: 7581 ns, Total: 99194 ns
[2026-03-27T13:17:41.209+0000][69][info ][safepoint   ] Safepoint "Cleanup", Time since last: 2449697513 ns, Reaching safepoint: 6524 ns, Cleanup: 6814 ns, At safepoint: 2737 ns, Total: 16075 ns
[2026-03-27T13:17:46.777+0000][69][info ][safepoint   ] Safepoint "Cleanup", Time since last: 5568339580 ns, Reaching safepoint: 27233 ns, Cleanup: 14212 ns, At safepoint: 5653 ns, Total: 47098 ns
[2026-03-27T13:17:50.792+0000][69][info ][safepoint   ] Safepoint "Cleanup", Time since last: 4015048502 ns, Reaching safepoint: 60170 ns, Cleanup: 18809 ns, At safepoint: 14844 ns, Total: 93823 ns
[2026-03-27T13:17:53.818+0000][69][info ][safepoint   ] Safepoint "Cleanup", Time since last: 3026019663 ns, Reaching safepoint: 6349 ns, Cleanup: 11225 ns, At safepoint: 2310 ns, Total: 19884 ns
[2026-03-27T13:17:59.135+0000][69][info ][gc,start    ] GC(65) Pause Young (Prepare Mixed) (G1 Evacuation Pause)
[2026-03-27T13:17:59.135+0000][69][info ][gc,task     ] GC(65) Using 10 workers of 10 for evacuation
[2026-03-27T13:17:59.136+0000][69][debug][gc,age      ] GC(65) Desired survivor size 20971520 bytes, new threshold 15 (max threshold 15)
[2026-03-27T13:17:59.144+0000][69][info ][gc,phases   ] GC(65)   Pre Evacuate Collection Set: 0.3ms
[2026-03-27T13:17:59.145+0000][69][info ][gc,phases   ] GC(65)   Merge Heap Roots: 0.1ms
[2026-03-27T13:17:59.145+0000][69][info ][gc,phases   ] GC(65)   Evacuate Collection Set: 4.9ms
[2026-03-27T13:17:59.146+0000][69][info ][gc,phases   ] GC(65)   Post Evacuate Collection Set: 1.7ms
[2026-03-27T13:17:59.147+0000][69][info ][gc,phases   ] GC(65)   Other: 1.5ms
[2026-03-27T13:17:59.147+0000][69][trace][gc,age      ] GC(65) Age table with threshold 15 (max threshold 15)
[2026-03-27T13:17:59.148+0000][69][trace][gc,age      ] GC(65) - age   1:    2705192 bytes,    2705192 total
[2026-03-27T13:17:59.149+0000][69][trace][gc,age      ] GC(65) - age   2:     349848 bytes,    3055040 total
[2026-03-27T13:17:59.150+0000][69][trace][gc,age      ] GC(65) - age   3:      24312 bytes,    3079352 total
[2026-03-27T13:17:59.150+0000][69][trace][gc,age      ] GC(65) - age   4:       4904 bytes,    3084256 total
[2026-03-27T13:17:59.151+0000][69][trace][gc,age      ] GC(65) - age   5:       4680 bytes,    3088936 total
[2026-03-27T13:17:59.152+0000][69][trace][gc,age      ] GC(65) - age   6:     105904 bytes,    3194840 total
[2026-03-27T13:17:59.153+0000][69][trace][gc,age      ] GC(65) - age   7:       8488 bytes,    3203328 total
[2026-03-27T13:17:59.154+0000][69][trace][gc,age      ] GC(65) - age   8:      36832 bytes,    3240160 total
[2026-03-27T13:17:59.154+0000][69][trace][gc,age      ] GC(65) - age   9:      62184 bytes,    3302344 total
[2026-03-27T13:17:59.155+0000][69][trace][gc,age      ] GC(65) - age  10:       6416 bytes,    3308760 total
[2026-03-27T13:17:59.156+0000][69][trace][gc,age      ] GC(65) - age  11:       8664 bytes,    3317424 total
[2026-03-27T13:17:59.157+0000][69][trace][gc,age      ] GC(65) - age  12:      19720 bytes,    3337144 total
[2026-03-27T13:17:59.158+0000][69][trace][gc,age      ] GC(65) - age  13:      74496 bytes,    3411640 total
[2026-03-27T13:17:59.159+0000][69][trace][gc,age      ] GC(65) - age  14:      95464 bytes,    3507104 total
[2026-03-27T13:17:59.159+0000][69][trace][gc,age      ] GC(65) - age  15:      95488 bytes,    3602592 total
[2026-03-27T13:17:59.160+0000][69][info ][gc,heap     ] GC(65) Eden regions: 74->0(75)
[2026-03-27T13:17:59.161+0000][69][info ][gc,heap     ] GC(65) Survivor regions: 2->1(10)
[2026-03-27T13:17:59.162+0000][69][info ][gc,heap     ] GC(65) Old regions: 27->27
[2026-03-27T13:17:59.162+0000][69][info ][gc,heap     ] GC(65) Humongous regions: 0->0
[2026-03-27T13:17:59.163+0000][69][info ][gc,metaspace] GC(65) Metaspace: 145860K(150784K)->145860K(150784K) NonClass: 126822K(129280K)->126822K(129280K) Class: 19037K(21504K)->19037K(21504K)
[2026-03-27T13:17:59.164+0000][69][info ][gc          ] GC(65) Pause Young (Prepare Mixed) (G1 Evacuation Pause) 405M->109M(512M) 29.021ms
[2026-03-27T13:17:59.165+0000][69][info ][gc,cpu      ] GC(65) User=0.03s Sys=0.00s Real=0.03s
[2026-03-27T13:17:59.166+0000][69][info ][safepoint   ] Safepoint "G1CollectForAllocation", Time since last: 5316140313 ns, Reaching safepoint: 9902 ns, Cleanup: 2718 ns, At safepoint: 30953111 ns, Total: 30965731 ns
[2026-03-27T13:18:01.136+0000][69][info ][safepoint   ] Safepoint "Cleanup", Time since last: 1970154317 ns, Reaching safepoint: 24447 ns, Cleanup: 17926 ns, At safepoint: 5387 ns, Total: 47760 ns
[2026-03-27T13:18:05.135+0000][69][info ][safepoint   ] Safepoint "Cleanup", Time since last: 4002305904 ns, Reaching safepoint: 28753 ns, Cleanup: 17095 ns, At safepoint: 6589 ns, Total: 52437 ns
[2026-03-27T13:18:20.866+0000][69][info ][safepoint   ] Safepoint "Cleanup", Time since last: 15731058150 ns, Reaching safepoint: 25647 ns, Cleanup: 15511 ns, At safepoint: 6860 ns, Total: 48018 ns
[2026-03-27T13:18:28.885+0000][69][info ][safepoint   ] Safepoint "Cleanup", Time since last: 8019446910 ns, Reaching safepoint: 57825 ns, Cleanup: 15259 ns, At safepoint: 6412 ns, Total: 79496 ns
[2026-03-27T13:18:32.905+0000][69][info ][safepoint   ] Safepoint "Cleanup", Time since last: 4019815096 ns, Reaching safepoint: 31705 ns, Cleanup: 18588 ns, At safepoint: 8539 ns, Total: 58832 ns
[2026-03-27T13:18:34.904+0000][69][info ][safepoint   ] Safepoint "Cleanup", Time since last: 2001790967 ns, Reaching safepoint: 55777 ns, Cleanup: 15162 ns, At safepoint: 6620 ns, Total: 77559 ns
[2026-03-27T13:18:35.909+0000][69][info ][safepoint   ] Safepoint "Cleanup", Time since last: 1004844854 ns, Reaching safepoint: 9487 ns, Cleanup: 14631 ns, At safepoint: 5175 ns, Total: 29293 ns
[2026-03-27T13:18:37.926+0000][69][info ][safepoint   ] Safepoint "Cleanup", Time since last: 2017345601 ns, Reaching safepoint: 21372 ns, Cleanup: 16398 ns, At safepoint: 4830 ns, Total: 42600 ns
[2026-03-27T13:18:39.927+0000][69][info ][safepoint   ] Safepoint "Cleanup", Time since last: 2001161511 ns, Reaching safepoint: 22369 ns, Cleanup: 13294 ns, At safepoint: 4023 ns, Total: 39686 ns
[2026-03-27T13:18:47.948+0000][69][info ][safepoint   ] Safepoint "Cleanup", Time since last: 8020447503 ns, Reaching safepoint: 27163 ns, Cleanup: 28951 ns, At safepoint: 11603 ns, Total: 67717 ns
[2026-03-27T13:18:50.958+0000][69][info ][safepoint   ] Safepoint "Cleanup", Time since last: 3010111375 ns, Reaching safepoint: 30537 ns, Cleanup: 22468 ns, At safepoint: 6712 ns, Total: 59717 ns
[2026-03-27T13:18:55.974+0000][69][info ][safepoint   ] Safepoint "Cleanup", Time since last: 5015814132 ns, Reaching safepoint: 117807 ns, Cleanup: 20121 ns, At safepoint: 11288 ns, Total: 149216 ns
[2026-03-27T13:18:59.996+0000][69][info ][safepoint   ] Safepoint "Cleanup", Time since last: 4021470544 ns, Reaching safepoint: 4999 ns, Cleanup: 5247 ns, At safepoint: 2208 ns, Total: 12454 ns
[2026-03-27T13:19:00.996+0000][69][info ][safepoint   ] Safepoint "Cleanup", Time since last: 1000319504 ns, Reaching safepoint: 6367 ns, Cleanup: 8488 ns, At safepoint: 3245 ns, Total: 18100 ns
[2026-03-27T13:19:05.215+0000][69][info ][safepoint   ] Safepoint "Cleanup", Time since last: 4223429753 ns, Reaching safepoint: 6812 ns, Cleanup: 8073 ns, At safepoint: 2923 ns, Total: 17808 ns
[2026-03-27T13:19:11.208+0000][69][info ][safepoint   ] Safepoint "Cleanup", Time since last: 5992373741 ns, Reaching safepoint: 6985 ns, Cleanup: 9590 ns, At safepoint: 2693 ns, Total: 19268 ns
[2026-03-27T13:19:13.033+0000][69][info ][safepoint   ] Safepoint "Cleanup", Time since last: 1824727110 ns, Reaching safepoint: 47087 ns, Cleanup: 36551 ns, At safepoint: 11007 ns, Total: 94645 ns
[2026-03-27T13:19:17.218+0000][69][info ][safepoint   ] Safepoint "Cleanup", Time since last: 4185100210 ns, Reaching safepoint: 5524 ns, Cleanup: 4840 ns, At safepoint: 12365 ns, Total: 22729 ns
[2026-03-27T13:19:21.734+0000][69][info ][safepoint   ] Safepoint "Cleanup", Time since last: 4516703015 ns, Reaching safepoint: 10251 ns, Cleanup: 8267 ns, At safepoint: 2614 ns, Total: 21132 ns
[2026-03-27T13:19:22.763+0000][69][info ][safepoint   ] Safepoint "Cleanup", Time since last: 1028701594 ns, Reaching safepoint: 19739 ns, Cleanup: 16389 ns, At safepoint: 3848 ns, Total: 39976 ns
[2026-03-27T13:19:24.239+0000][69][info ][gc,start    ] GC(66) Pause Young (Mixed) (G1 Evacuation Pause)
[2026-03-27T13:19:24.240+0000][69][info ][gc,task     ] GC(66) Using 10 workers of 10 for evacuation
[2026-03-27T13:19:24.241+0000][69][debug][gc,age      ] GC(66) Desired survivor size 20971520 bytes, new threshold 15 (max threshold 15)
[2026-03-27T13:19:24.260+0000][69][info ][gc,phases   ] GC(66)   Pre Evacuate Collection Set: 0.6ms
[2026-03-27T13:19:24.262+0000][69][info ][gc,phases   ] GC(66)   Merge Heap Roots: 0.6ms
[2026-03-27T13:19:24.263+0000][69][info ][gc,phases   ] GC(66)   Evacuate Collection Set: 15.2ms
[2026-03-27T13:19:24.263+0000][69][info ][gc,phases   ] GC(66)   Post Evacuate Collection Set: 1.5ms
[2026-03-27T13:19:24.264+0000][69][info ][gc,phases   ] GC(66)   Other: 1.6ms
[2026-03-27T13:19:24.265+0000][69][trace][gc,age      ] GC(66) Age table with threshold 15 (max threshold 15)
[2026-03-27T13:19:24.265+0000][69][trace][gc,age      ] GC(66) - age   1:    2520848 bytes,    2520848 total
[2026-03-27T13:19:24.266+0000][69][trace][gc,age      ] GC(66) - age   2:     629184 bytes,    3150032 total
[2026-03-27T13:19:24.266+0000][69][trace][gc,age      ] GC(66) - age   3:     238088 bytes,    3388120 total
[2026-03-27T13:19:24.267+0000][69][trace][gc,age      ] GC(66) - age   4:      17384 bytes,    3405504 total
[2026-03-27T13:19:24.268+0000][69][trace][gc,age      ] GC(66) - age   5:       4808 bytes,    3410312 total
[2026-03-27T13:19:24.268+0000][69][trace][gc,age      ] GC(66) - age   6:       4680 bytes,    3414992 total
[2026-03-27T13:19:24.269+0000][69][trace][gc,age      ] GC(66) - age   7:      97888 bytes,    3512880 total
[2026-03-27T13:19:24.269+0000][69][trace][gc,age      ] GC(66) - age   8:       8176 bytes,    3521056 total
[2026-03-27T13:19:24.270+0000][69][trace][gc,age      ] GC(66) - age   9:      36768 bytes,    3557824 total
[2026-03-27T13:19:24.270+0000][69][trace][gc,age      ] GC(66) - age  10:      61864 bytes,    3619688 total
[2026-03-27T13:19:24.271+0000][69][trace][gc,age      ] GC(66) - age  11:       6416 bytes,    3626104 total
[2026-03-27T13:19:24.271+0000][69][trace][gc,age      ] GC(66) - age  12:       8664 bytes,    3634768 total
[2026-03-27T13:19:24.272+0000][69][trace][gc,age      ] GC(66) - age  13:      19720 bytes,    3654488 total
[2026-03-27T13:19:24.273+0000][69][trace][gc,age      ] GC(66) - age  14:      74352 bytes,    3728840 total
[2026-03-27T13:19:24.273+0000][69][trace][gc,age      ] GC(66) - age  15:      95464 bytes,    3824304 total
[2026-03-27T13:19:24.274+0000][69][info ][gc,heap     ] GC(66) Eden regions: 75->0(74)
[2026-03-27T13:19:24.274+0000][69][info ][gc,heap     ] GC(66) Survivor regions: 1->2(10)
[2026-03-27T13:19:24.275+0000][69][info ][gc,heap     ] GC(66) Old regions: 27->27
[2026-03-27T13:19:24.276+0000][69][info ][gc,heap     ] GC(66) Humongous regions: 0->0
[2026-03-27T13:19:24.277+0000][69][info ][gc,metaspace] GC(66) Metaspace: 145890K(150784K)->145890K(150784K) NonClass: 126851K(129280K)->126851K(129280K) Class: 19038K(21504K)->19038K(21504K)
[2026-03-27T13:19:24.278+0000][69][info ][gc          ] GC(66) Pause Young (Mixed) (G1 Evacuation Pause) 409M->109M(512M) 38.229ms
[2026-03-27T13:19:24.278+0000][69][info ][gc,cpu      ] GC(66) User=0.09s Sys=0.01s Real=0.04s
[2026-03-27T13:19:24.279+0000][69][info ][safepoint   ] Safepoint "G1CollectForAllocation", Time since last: 1476122229 ns, Reaching safepoint: 22834 ns, Cleanup: 6115 ns, At safepoint: 39673871 ns, Total: 39702820 ns
[2026-03-27T13:19:32.102+0000][69][info ][safepoint   ] Safepoint "Cleanup", Time since last: 7822645885 ns, Reaching safepoint: 28218 ns, Cleanup: 16979 ns, At safepoint: 6028 ns, Total: 51225 ns
[2026-03-27T13:19:38.108+0000][69][info ][safepoint   ] Safepoint "Cleanup", Time since last: 6009937314 ns, Reaching safepoint: 18982 ns, Cleanup: 13663 ns, At safepoint: 4138 ns, Total: 36783 ns
[2026-03-27T13:19:47.125+0000][69][info ][safepoint   ] Safepoint "Cleanup", Time since last: 9017014577 ns, Reaching safepoint: 26118 ns, Cleanup: 15288 ns, At safepoint: 6386 ns, Total: 47792 ns
[2026-03-27T13:19:55.162+0000][69][info ][safepoint   ] Safepoint "Cleanup", Time since last: 8036552187 ns, Reaching safepoint: 6844 ns, Cleanup: 9241 ns, At safepoint: 3384 ns, Total: 19469 ns
[2026-03-27T13:19:59.212+0000][69][info ][safepoint   ] Safepoint "Cleanup", Time since last: 4049765749 ns, Reaching safepoint: 21544 ns, Cleanup: 10378 ns, At safepoint: 23698 ns, Total: 55620 ns
[2026-03-27T13:20:06.187+0000][69][info ][safepoint   ] Safepoint "Cleanup", Time since last: 6977757812 ns, Reaching safepoint: 90115 ns, Cleanup: 14168 ns, At safepoint: 43101 ns, Total: 147384 ns
[2026-03-27T13:20:39.282+0000][69][info ][safepoint   ] Safepoint "Cleanup", Time since last: 33099679831 ns, Reaching safepoint: 74585 ns, Cleanup: 14117 ns, At safepoint: 5726 ns, Total: 94428 ns
[2026-03-27T13:20:52.267+0000][69][info ][safepoint   ] Safepoint "Cleanup", Time since last: 12984183084 ns, Reaching safepoint: 34112 ns, Cleanup: 20591 ns, At safepoint: 7177 ns, Total: 61880 ns
[2026-03-27T13:21:05.204+0000][69][info ][safepoint   ] Safepoint "Cleanup", Time since last: 12940991930 ns, Reaching safepoint: 72055 ns, Cleanup: 8116 ns, At safepoint: 13385 ns, Total: 93556 ns
[2026-03-27T13:21:11.212+0000][69][info ][gc,start    ] GC(67) Pause Young (Concurrent Start) (G1 Evacuation Pause)
[2026-03-27T13:21:11.212+0000][69][info ][gc,task     ] GC(67) Using 10 workers of 10 for evacuation
[2026-03-27T13:21:11.213+0000][69][debug][gc,age      ] GC(67) Desired survivor size 20971520 bytes, new threshold 15 (max threshold 15)
[2026-03-27T13:21:11.220+0000][69][info ][gc,phases   ] GC(67)   Pre Evacuate Collection Set: 0.6ms
[2026-03-27T13:21:11.221+0000][69][info ][gc,phases   ] GC(67)   Merge Heap Roots: 0.2ms
[2026-03-27T13:21:11.221+0000][69][info ][gc,phases   ] GC(67)   Evacuate Collection Set: 5.0ms
[2026-03-27T13:21:11.222+0000][69][info ][gc,phases   ] GC(67)   Post Evacuate Collection Set: 1.0ms
[2026-03-27T13:21:11.222+0000][69][info ][gc,phases   ] GC(67)   Other: 1.2ms
[2026-03-27T13:21:11.223+0000][69][trace][gc,age      ] GC(67) Age table with threshold 15 (max threshold 15)
[2026-03-27T13:21:11.223+0000][69][trace][gc,age      ] GC(67) - age   1:    2302040 bytes,    2302040 total
[2026-03-27T13:21:11.224+0000][69][trace][gc,age      ] GC(67) - age   2:     664336 bytes,    2966376 total
[2026-03-27T13:21:11.224+0000][69][trace][gc,age      ] GC(67) - age   3:     617056 bytes,    3583432 total
[2026-03-27T13:21:11.225+0000][69][trace][gc,age      ] GC(67) - age   4:     128280 bytes,    3711712 total
[2026-03-27T13:21:11.225+0000][69][trace][gc,age      ] GC(67) - age   5:      17384 bytes,    3729096 total
[2026-03-27T13:21:11.226+0000][69][trace][gc,age      ] GC(67) - age   6:       4616 bytes,    3733712 total
[2026-03-27T13:21:11.227+0000][69][trace][gc,age      ] GC(67) - age   7:       4616 bytes,    3738328 total
[2026-03-27T13:21:11.227+0000][69][trace][gc,age      ] GC(67) - age   8:      97888 bytes,    3836216 total
[2026-03-27T13:21:11.228+0000][69][trace][gc,age      ] GC(67) - age   9:       8176 bytes,    3844392 total
[2026-03-27T13:21:11.228+0000][69][trace][gc,age      ] GC(67) - age  10:      36768 bytes,    3881160 total
[2026-03-27T13:21:11.229+0000][69][trace][gc,age      ] GC(67) - age  11:       6528 bytes,    3887688 total
[2026-03-27T13:21:11.229+0000][69][trace][gc,age      ] GC(67) - age  12:       6416 bytes,    3894104 total
[2026-03-27T13:21:11.230+0000][69][trace][gc,age      ] GC(67) - age  13:       8664 bytes,    3902768 total
[2026-03-27T13:21:11.230+0000][69][trace][gc,age      ] GC(67) - age  14:      19720 bytes,    3922488 total
[2026-03-27T13:21:11.231+0000][69][trace][gc,age      ] GC(67) - age  15:      74352 bytes,    3996840 total
[2026-03-27T13:21:11.231+0000][69][info ][gc,heap     ] GC(67) Eden regions: 74->0(74)
[2026-03-27T13:21:11.232+0000][69][info ][gc,heap     ] GC(67) Survivor regions: 2->2(10)
[2026-03-27T13:21:11.233+0000][69][info ][gc,heap     ] GC(67) Old regions: 27->27
[2026-03-27T13:21:11.233+0000][69][info ][gc,heap     ] GC(67) Humongous regions: 0->0
[2026-03-27T13:21:11.234+0000][69][info ][gc,metaspace] GC(67) Metaspace: 145895K(150784K)->145895K(150784K) NonClass: 126855K(129280K)->126855K(129280K) Class: 19039K(21504K)->19039K(21504K)
[2026-03-27T13:21:11.234+0000][69][info ][gc          ] GC(67) Pause Young (Concurrent Start) (G1 Evacuation Pause) 405M->109M(512M) 22.438ms
[2026-03-27T13:21:11.235+0000][69][info ][gc          ] GC(68) Concurrent Mark Cycle
[2026-03-27T13:21:11.235+0000][69][info ][gc,cpu      ] GC(67) User=0.03s Sys=0.00s Real=0.02s
[2026-03-27T13:21:11.235+0000][69][info ][gc,marking  ] GC(68) Concurrent Scan Root Regions
[2026-03-27T13:21:11.236+0000][69][info ][safepoint   ] Safepoint "G1CollectForAllocation", Time since last: 6007356550 ns, Reaching safepoint: 19722 ns, Cleanup: 8632 ns, At safepoint: 24358685 ns, Total: 24387039 ns
[2026-03-27T13:21:11.239+0000][69][info ][gc,marking  ] GC(68) Concurrent Scan Root Regions 3.483ms
[2026-03-27T13:21:11.240+0000][69][info ][gc,marking  ] GC(68) Concurrent Mark
[2026-03-27T13:21:11.240+0000][69][info ][gc,marking  ] GC(68) Concurrent Mark From Roots
[2026-03-27T13:21:11.241+0000][69][info ][gc,task     ] GC(68) Using 3 workers of 3 for marking
[2026-03-27T13:21:11.291+0000][69][info ][gc,marking  ] GC(68) Concurrent Mark From Roots 50.623ms
[2026-03-27T13:21:11.292+0000][69][info ][gc,marking  ] GC(68) Concurrent Preclean
[2026-03-27T13:21:11.293+0000][69][info ][gc,marking  ] GC(68) Concurrent Preclean 1.095ms
[2026-03-27T13:21:11.294+0000][69][info ][gc,start    ] GC(68) Pause Remark
[2026-03-27T13:21:11.457+0000][69][info ][gc          ] GC(68) Pause Remark 118M->118M(512M) 163.097ms
[2026-03-27T13:21:11.458+0000][69][info ][gc,cpu      ] GC(68) User=1.40s Sys=0.01s Real=0.17s
[2026-03-27T13:21:11.458+0000][69][info ][safepoint   ] Safepoint "G1PauseRemark", Time since last: 57709183 ns, Reaching safepoint: 73763 ns, Cleanup: 13498 ns, At safepoint: 164218934 ns, Total: 164306195 ns
[2026-03-27T13:21:11.459+0000][69][info ][gc,marking  ] GC(68) Concurrent Mark 218.992ms
[2026-03-27T13:21:11.459+0000][69][info ][gc,marking  ] GC(68) Concurrent Rebuild Remembered Sets and Scrub Regions
[2026-03-27T13:21:11.485+0000][69][info ][gc,marking  ] GC(68) Concurrent Rebuild Remembered Sets and Scrub Regions 25.657ms
[2026-03-27T13:21:11.485+0000][69][info ][gc,start    ] GC(68) Pause Cleanup
[2026-03-27T13:21:11.486+0000][69][info ][gc          ] GC(68) Pause Cleanup 119M->119M(512M) 0.734ms
[2026-03-27T13:21:11.487+0000][69][info ][gc,cpu      ] GC(68) User=0.00s Sys=0.00s Real=0.01s
[2026-03-27T13:21:11.487+0000][69][info ][safepoint   ] Safepoint "G1PauseCleanup", Time since last: 27018024 ns, Reaching safepoint: 275594 ns, Cleanup: 22970 ns, At safepoint: 1792958 ns, Total: 2091522 ns
[2026-03-27T13:21:11.488+0000][69][info ][gc,marking  ] GC(68) Concurrent Clear Claimed Marks
[2026-03-27T13:21:11.488+0000][69][info ][gc,marking  ] GC(68) Concurrent Clear Claimed Marks 0.547ms
[2026-03-27T13:21:11.489+0000][69][info ][gc,marking  ] GC(68) Concurrent Cleanup for Next Mark
[2026-03-27T13:21:11.490+0000][69][info ][gc,marking  ] GC(68) Concurrent Cleanup for Next Mark 1.008ms
[2026-03-27T13:21:11.490+0000][69][info ][gc          ] GC(68) Concurrent Mark Cycle 255.294ms
[2026-03-27T13:21:29.218+0000][69][info ][safepoint   ] Safepoint "Cleanup", Time since last: 17730447963 ns, Reaching safepoint: 148158 ns, Cleanup: 19205 ns, At safepoint: 49877 ns, Total: 217240 ns
[2026-03-27T13:21:34.525+0000][69][info ][safepoint   ] Safepoint "Cleanup", Time since last: 5310493263 ns, Reaching safepoint: 60074 ns, Cleanup: 18785 ns, At safepoint: 7512 ns, Total: 86371 ns
[2026-03-27T13:21:37.549+0000][69][info ][safepoint   ] Safepoint "Cleanup", Time since last: 3023452456 ns, Reaching safepoint: 27614 ns, Cleanup: 19970 ns, At safepoint: 7667 ns, Total: 55251 ns
[2026-03-27T13:21:53.616+0000][69][info ][safepoint   ] Safepoint "Cleanup", Time since last: 16067274202 ns, Reaching safepoint: 12082 ns, Cleanup: 10324 ns, At safepoint: 6376 ns, Total: 28782 ns
[2026-03-27T13:21:59.636+0000][69][info ][safepoint   ] Safepoint "Cleanup", Time since last: 6020276723 ns, Reaching safepoint: 40833 ns, Cleanup: 10387 ns, At safepoint: 6376 ns, Total: 57596 ns
[2026-03-27T13:22:18.685+0000][69][info ][safepoint   ] Safepoint "Cleanup", Time since last: 19053000093 ns, Reaching safepoint: 32882 ns, Cleanup: 25007 ns, At safepoint: 7979 ns, Total: 65868 ns
[2026-03-27T13:22:33.732+0000][69][info ][safepoint   ] Safepoint "Cleanup", Time since last: 15047181438 ns, Reaching safepoint: 25237 ns, Cleanup: 17192 ns, At safepoint: 5893 ns, Total: 48322 ns
[2026-03-27T13:22:34.731+0000][69][info ][safepoint   ] Safepoint "Cleanup", Time since last: 1001184333 ns, Reaching safepoint: 22336 ns, Cleanup: 15594 ns, At safepoint: 4981 ns, Total: 42911 ns
[2026-03-27T13:22:37.782+0000][69][info ][safepoint   ] Safepoint "Cleanup", Time since last: 3051091822 ns, Reaching safepoint: 77383 ns, Cleanup: 19162 ns, At safepoint: 14492 ns, Total: 111037 ns
[2026-03-27T13:22:50.827+0000][69][info ][safepoint   ] Safepoint "Cleanup", Time since last: 13045302055 ns, Reaching safepoint: 34121 ns, Cleanup: 17628 ns, At safepoint: 8451 ns, Total: 60200 ns
[2026-03-27T13:22:59.221+0000][69][info ][gc,start    ] GC(69) Pause Young (Prepare Mixed) (G1 Evacuation Pause)
[2026-03-27T13:22:59.221+0000][69][info ][gc,task     ] GC(69) Using 10 workers of 10 for evacuation
[2026-03-27T13:22:59.222+0000][69][debug][gc,age      ] GC(69) Desired survivor size 20971520 bytes, new threshold 15 (max threshold 15)
[2026-03-27T13:22:59.230+0000][69][info ][gc,phases   ] GC(69)   Pre Evacuate Collection Set: 0.7ms
[2026-03-27T13:22:59.231+0000][69][info ][gc,phases   ] GC(69)   Merge Heap Roots: 0.4ms
[2026-03-27T13:22:59.232+0000][69][info ][gc,phases   ] GC(69)   Evacuate Collection Set: 5.0ms
[2026-03-27T13:22:59.232+0000][69][info ][gc,phases   ] GC(69)   Post Evacuate Collection Set: 1.8ms
[2026-03-27T13:22:59.233+0000][69][info ][gc,phases   ] GC(69)   Other: 1.4ms
[2026-03-27T13:22:59.234+0000][69][trace][gc,age      ] GC(69) Age table with threshold 15 (max threshold 15)
[2026-03-27T13:22:59.234+0000][69][trace][gc,age      ] GC(69) - age   1:    2171544 bytes,    2171544 total
[2026-03-27T13:22:59.235+0000][69][trace][gc,age      ] GC(69) - age   2:     153840 bytes,    2325384 total
[2026-03-27T13:22:59.236+0000][69][trace][gc,age      ] GC(69) - age   3:     661984 bytes,    2987368 total
[2026-03-27T13:22:59.237+0000][69][trace][gc,age      ] GC(69) - age   4:     436848 bytes,    3424216 total
[2026-03-27T13:22:59.237+0000][69][trace][gc,age      ] GC(69) - age   5:     114768 bytes,    3538984 total
[2026-03-27T13:22:59.238+0000][69][trace][gc,age      ] GC(69) - age   6:      17384 bytes,    3556368 total
[2026-03-27T13:22:59.238+0000][69][trace][gc,age      ] GC(69) - age   7:       4328 bytes,    3560696 total
[2026-03-27T13:22:59.239+0000][69][trace][gc,age      ] GC(69) - age   8:       4616 bytes,    3565312 total
[2026-03-27T13:22:59.239+0000][69][trace][gc,age      ] GC(69) - age   9:      97888 bytes,    3663200 total
[2026-03-27T13:22:59.240+0000][69][trace][gc,age      ] GC(69) - age  10:       7624 bytes,    3670824 total
[2026-03-27T13:22:59.241+0000][69][trace][gc,age      ] GC(69) - age  11:      36768 bytes,    3707592 total
[2026-03-27T13:22:59.242+0000][69][trace][gc,age      ] GC(69) - age  12:       6528 bytes,    3714120 total
[2026-03-27T13:22:59.242+0000][69][trace][gc,age      ] GC(69) - age  13:       6416 bytes,    3720536 total
[2026-03-27T13:22:59.243+0000][69][trace][gc,age      ] GC(69) - age  14:       8664 bytes,    3729200 total
[2026-03-27T13:22:59.244+0000][69][trace][gc,age      ] GC(69) - age  15:      19720 bytes,    3748920 total
[2026-03-27T13:22:59.244+0000][69][info ][gc,heap     ] GC(69) Eden regions: 74->0(75)
[2026-03-27T13:22:59.245+0000][69][info ][gc,heap     ] GC(69) Survivor regions: 2->1(10)
[2026-03-27T13:22:59.245+0000][69][info ][gc,heap     ] GC(69) Old regions: 27->27
[2026-03-27T13:22:59.246+0000][69][info ][gc,heap     ] GC(69) Humongous regions: 0->0
[2026-03-27T13:22:59.246+0000][69][info ][gc,metaspace] GC(69) Metaspace: 145897K(150784K)->145897K(150784K) NonClass: 126861K(129280K)->126861K(129280K) Class: 19035K(21504K)->19035K(21504K)
[2026-03-27T13:22:59.247+0000][69][info ][gc          ] GC(69) Pause Young (Prepare Mixed) (G1 Evacuation Pause) 405M->109M(512M) 26.538ms
[2026-03-27T13:22:59.248+0000][69][info ][gc,cpu      ] GC(69) User=0.04s Sys=0.00s Real=0.03s
[2026-03-27T13:22:59.248+0000][69][info ][safepoint   ] Safepoint "G1CollectForAllocation", Time since last: 8393152986 ns, Reaching safepoint: 41068 ns, Cleanup: 4442 ns, At safepoint: 28024847 ns, Total: 28070357 ns
[2026-03-27T13:23:00.876+0000][69][info ][safepoint   ] Safepoint "Cleanup", Time since last: 1627572715 ns, Reaching safepoint: 91505 ns, Cleanup: 15359 ns, At safepoint: 8393 ns, Total: 115257 ns
[2026-03-27T13:23:18.947+0000][69][info ][safepoint   ] Safepoint "Cleanup", Time since last: 18074169397 ns, Reaching safepoint: 43883 ns, Cleanup: 15857 ns, At safepoint: 4882 ns, Total: 64622 ns
[2026-03-27T13:23:21.949+0000][69][info ][safepoint   ] Safepoint "Cleanup", Time since last: 3001248889 ns, Reaching safepoint: 28936 ns, Cleanup: 33817 ns, At safepoint: 6807 ns, Total: 69560 ns
[2026-03-27T13:23:38.007+0000][69][info ][safepoint   ] Safepoint "Cleanup", Time since last: 16061888439 ns, Reaching safepoint: 26007 ns, Cleanup: 15240 ns, At safepoint: 6155 ns, Total: 47402 ns
[2026-03-27T13:23:48.068+0000][69][info ][safepoint   ] Safepoint "Cleanup", Time since last: 10061123826 ns, Reaching safepoint: 67734 ns, Cleanup: 33226 ns, At safepoint: 26676 ns, Total: 127636 ns
[2026-03-27T13:23:57.151+0000][69][info ][safepoint   ] Safepoint "Cleanup", Time since last: 9082774988 ns, Reaching safepoint: 13369 ns, Cleanup: 15084 ns, At safepoint: 7200 ns, Total: 35653 ns
[2026-03-27T13:24:05.174+0000][69][info ][safepoint   ] Safepoint "Cleanup", Time since last: 8026717689 ns, Reaching safepoint: 58907 ns, Cleanup: 17322 ns, At safepoint: 7242 ns, Total: 83471 ns
[2026-03-27T13:24:11.591+0000][69][info ][safepoint   ] Safepoint "Cleanup", Time since last: 6416764616 ns, Reaching safepoint: 11674 ns, Cleanup: 9782 ns, At safepoint: 49716 ns, Total: 71172 ns
[2026-03-27T13:24:15.228+0000][69][info ][safepoint   ] Safepoint "Cleanup", Time since last: 3636450184 ns, Reaching safepoint: 29817 ns, Cleanup: 18816 ns, At safepoint: 81490 ns, Total: 130123 ns
[2026-03-27T13:24:18.225+0000][69][info ][safepoint   ] Safepoint "Cleanup", Time since last: 2996881581 ns, Reaching safepoint: 85867 ns, Cleanup: 14824 ns, At safepoint: 56222 ns, Total: 156913 ns
[2026-03-27T13:24:19.279+0000][69][info ][safepoint   ] Safepoint "Cleanup", Time since last: 1054548173 ns, Reaching safepoint: 21841 ns, Cleanup: 21557 ns, At safepoint: 4588 ns, Total: 47986 ns
[2026-03-27T13:24:23.225+0000][69][info ][gc,start    ] GC(70) Pause Young (Mixed) (G1 Evacuation Pause)
[2026-03-27T13:24:23.226+0000][69][info ][gc,task     ] GC(70) Using 10 workers of 10 for evacuation
[2026-03-27T13:24:23.226+0000][69][debug][gc,age      ] GC(70) Desired survivor size 20971520 bytes, new threshold 15 (max threshold 15)
[2026-03-27T13:24:23.255+0000][69][info ][gc,phases   ] GC(70)   Pre Evacuate Collection Set: 0.6ms
[2026-03-27T13:24:23.256+0000][69][info ][gc,phases   ] GC(70)   Merge Heap Roots: 0.9ms
[2026-03-27T13:24:23.256+0000][69][info ][gc,phases   ] GC(70)   Evacuate Collection Set: 24.5ms
[2026-03-27T13:24:23.257+0000][69][info ][gc,phases   ] GC(70)   Post Evacuate Collection Set: 2.0ms
[2026-03-27T13:24:23.257+0000][69][info ][gc,phases   ] GC(70)   Other: 1.4ms
[2026-03-27T13:24:23.258+0000][69][trace][gc,age      ] GC(70) Age table with threshold 15 (max threshold 15)
[2026-03-27T13:24:23.259+0000][69][trace][gc,age      ] GC(70) - age   1:    2298512 bytes,    2298512 total
[2026-03-27T13:24:23.260+0000][69][trace][gc,age      ] GC(70) - age   2:     196216 bytes,    2494728 total
[2026-03-27T13:24:23.260+0000][69][trace][gc,age      ] GC(70) - age   3:      59712 bytes,    2554440 total
[2026-03-27T13:24:23.261+0000][69][trace][gc,age      ] GC(70) - age   4:      30632 bytes,    2585072 total
[2026-03-27T13:24:23.262+0000][69][trace][gc,age      ] GC(70) - age   5:     291032 bytes,    2876104 total
[2026-03-27T13:24:23.262+0000][69][trace][gc,age      ] GC(70) - age   6:      56696 bytes,    2932800 total
[2026-03-27T13:24:23.263+0000][69][trace][gc,age      ] GC(70) - age   7:      12232 bytes,    2945032 total
[2026-03-27T13:24:23.264+0000][69][trace][gc,age      ] GC(70) - age   8:       4144 bytes,    2949176 total
[2026-03-27T13:24:23.264+0000][69][trace][gc,age      ] GC(70) - age   9:       4616 bytes,    2953792 total
[2026-03-27T13:24:23.265+0000][69][trace][gc,age      ] GC(70) - age  10:      97888 bytes,    3051680 total
[2026-03-27T13:24:23.265+0000][69][trace][gc,age      ] GC(70) - age  11:       7624 bytes,    3059304 total
[2026-03-27T13:24:23.267+0000][69][trace][gc,age      ] GC(70) - age  12:      36768 bytes,    3096072 total
[2026-03-27T13:24:23.267+0000][69][trace][gc,age      ] GC(70) - age  13:       6528 bytes,    3102600 total
[2026-03-27T13:24:23.268+0000][69][trace][gc,age      ] GC(70) - age  14:       6416 bytes,    3109016 total
[2026-03-27T13:24:23.269+0000][69][trace][gc,age      ] GC(70) - age  15:       8664 bytes,    3117680 total
[2026-03-27T13:24:23.270+0000][69][info ][gc,heap     ] GC(70) Eden regions: 75->0(75)
[2026-03-27T13:24:23.270+0000][69][info ][gc,heap     ] GC(70) Survivor regions: 1->1(10)
[2026-03-27T13:24:23.271+0000][69][info ][gc,heap     ] GC(70) Old regions: 27->27
[2026-03-27T13:24:23.271+0000][69][info ][gc,heap     ] GC(70) Humongous regions: 0->0
[2026-03-27T13:24:23.272+0000][69][info ][gc,metaspace] GC(70) Metaspace: 145916K(150784K)->145916K(150784K) NonClass: 126881K(129280K)->126881K(129280K) Class: 19035K(21504K)->19035K(21504K)
[2026-03-27T13:24:23.273+0000][69][info ][gc          ] GC(70) Pause Young (Mixed) (G1 Evacuation Pause) 409M->108M(512M) 47.719ms
[2026-03-27T13:24:23.273+0000][69][info ][gc,cpu      ] GC(70) User=0.13s Sys=0.00s Real=0.05s
[2026-03-27T13:24:23.274+0000][69][info ][safepoint   ] Safepoint "G1CollectForAllocation", Time since last: 3945348648 ns, Reaching safepoint: 22283 ns, Cleanup: 5937 ns, At safepoint: 49284034 ns, Total: 49312254 ns
[2026-03-27T13:24:34.316+0000][69][info ][safepoint   ] Safepoint "Cleanup", Time since last: 11045195700 ns, Reaching safepoint: 128322 ns, Cleanup: 10036 ns, At safepoint: 4787 ns, Total: 143145 ns
[2026-03-27T13:24:37.370+0000][69][info ][safepoint   ] Safepoint "Cleanup", Time since last: 3053934662 ns, Reaching safepoint: 24747 ns, Cleanup: 16962 ns, At safepoint: 5383 ns, Total: 47092 ns
[2026-03-27T13:24:39.371+0000][69][info ][safepoint   ] Safepoint "Cleanup", Time since last: 2001075213 ns, Reaching safepoint: 52433 ns, Cleanup: 15730 ns, At safepoint: 7763 ns, Total: 75926 ns
[2026-03-27T13:25:02.465+0000][69][info ][safepoint   ] Safepoint "Cleanup", Time since last: 23093955894 ns, Reaching safepoint: 59569 ns, Cleanup: 16335 ns, At safepoint: 7161 ns, Total: 83065 ns
[2026-03-27T13:25:21.511+0000][69][info ][safepoint   ] Safepoint "Cleanup", Time since last: 19048774931 ns, Reaching safepoint: 22477 ns, Cleanup: 16342 ns, At safepoint: 5845 ns, Total: 44664 ns
[2026-03-27T13:25:47.246+0000][69][info ][safepoint   ] Safepoint "Cleanup", Time since last: 25738691831 ns, Reaching safepoint: 13785 ns, Cleanup: 13692 ns, At safepoint: 8504 ns, Total: 35981 ns
[2026-03-27T13:25:48.627+0000][69][info ][safepoint   ] Safepoint "Cleanup", Time since last: 1380945694 ns, Reaching safepoint: 27803 ns, Cleanup: 16530 ns, At safepoint: 7195 ns, Total: 51528 ns
[2026-03-27T13:25:59.677+0000][69][info ][gc,start    ] GC(71) Pause Young (Concurrent Start) (G1 Evacuation Pause)
[2026-03-27T13:25:59.678+0000][69][info ][gc,task     ] GC(71) Using 10 workers of 10 for evacuation
[2026-03-27T13:25:59.679+0000][69][debug][gc,age      ] GC(71) Desired survivor size 20971520 bytes, new threshold 15 (max threshold 15)
[2026-03-27T13:25:59.694+0000][69][info ][gc,phases   ] GC(71)   Pre Evacuate Collection Set: 1.4ms
[2026-03-27T13:25:59.695+0000][69][info ][gc,phases   ] GC(71)   Merge Heap Roots: 0.6ms
[2026-03-27T13:25:59.695+0000][69][info ][gc,phases   ] GC(71)   Evacuate Collection Set: 8.5ms
[2026-03-27T13:25:59.696+0000][69][info ][gc,phases   ] GC(71)   Post Evacuate Collection Set: 2.8ms
[2026-03-27T13:25:59.697+0000][69][info ][gc,phases   ] GC(71)   Other: 1.8ms
[2026-03-27T13:25:59.698+0000][69][trace][gc,age      ] GC(71) Age table with threshold 15 (max threshold 15)
[2026-03-27T13:25:59.699+0000][69][trace][gc,age      ] GC(71) - age   1:    2018256 bytes,    2018256 total
[2026-03-27T13:25:59.700+0000][69][trace][gc,age      ] GC(71) - age   2:     296800 bytes,    2315056 total
[2026-03-27T13:25:59.701+0000][69][trace][gc,age      ] GC(71) - age   3:      85320 bytes,    2400376 total
[2026-03-27T13:25:59.702+0000][69][trace][gc,age      ] GC(71) - age   4:      58376 bytes,    2458752 total
[2026-03-27T13:25:59.703+0000][69][trace][gc,age      ] GC(71) - age   5:      20232 bytes,    2478984 total
[2026-03-27T13:25:59.704+0000][69][trace][gc,age      ] GC(71) - age   6:     240280 bytes,    2719264 total
[2026-03-27T13:25:59.705+0000][69][trace][gc,age      ] GC(71) - age   7:      22656 bytes,    2741920 total
[2026-03-27T13:25:59.706+0000][69][trace][gc,age      ] GC(71) - age   8:      12040 bytes,    2753960 total
[2026-03-27T13:25:59.706+0000][69][trace][gc,age      ] GC(71) - age   9:       4080 bytes,    2758040 total
[2026-03-27T13:25:59.707+0000][69][trace][gc,age      ] GC(71) - age  10:       4616 bytes,    2762656 total
[2026-03-27T13:25:59.708+0000][69][trace][gc,age      ] GC(71) - age  11:      97888 bytes,    2860544 total
[2026-03-27T13:25:59.709+0000][69][trace][gc,age      ] GC(71) - age  12:       7624 bytes,    2868168 total
[2026-03-27T13:25:59.710+0000][69][trace][gc,age      ] GC(71) - age  13:      36768 bytes,    2904936 total
[2026-03-27T13:25:59.712+0000][69][trace][gc,age      ] GC(71) - age  14:       6504 bytes,    2911440 total
[2026-03-27T13:25:59.713+0000][69][trace][gc,age      ] GC(71) - age  15:       6416 bytes,    2917856 total
[2026-03-27T13:25:59.714+0000][69][info ][gc,heap     ] GC(71) Eden regions: 75->0(75)
[2026-03-27T13:25:59.715+0000][69][info ][gc,heap     ] GC(71) Survivor regions: 1->1(10)
[2026-03-27T13:25:59.716+0000][69][info ][gc,heap     ] GC(71) Old regions: 27->27
[2026-03-27T13:25:59.716+0000][69][info ][gc,heap     ] GC(71) Humongous regions: 0->0
[2026-03-27T13:25:59.717+0000][69][info ][gc,metaspace] GC(71) Metaspace: 145951K(150784K)->145951K(150784K) NonClass: 126916K(129280K)->126916K(129280K) Class: 19035K(21504K)->19035K(21504K)
[2026-03-27T13:25:59.718+0000][69][info ][gc          ] GC(71) Pause Young (Concurrent Start) (G1 Evacuation Pause) 408M->108M(512M) 40.634ms
[2026-03-27T13:25:59.719+0000][69][info ][gc,cpu      ] GC(71) User=0.06s Sys=0.01s Real=0.04s
[2026-03-27T13:25:59.719+0000][69][info ][gc          ] GC(72) Concurrent Mark Cycle
[2026-03-27T13:25:59.721+0000][69][info ][gc,marking  ] GC(72) Concurrent Scan Root Regions
[2026-03-27T13:25:59.720+0000][69][info ][safepoint   ] Safepoint "G1CollectForAllocation", Time since last: 11050202159 ns, Reaching safepoint: 31172 ns, Cleanup: 5964 ns, At safepoint: 42681706 ns, Total: 42718842 ns
[2026-03-27T13:25:59.732+0000][69][info ][gc,marking  ] GC(72) Concurrent Scan Root Regions 11.145ms
[2026-03-27T13:25:59.733+0000][69][info ][gc,marking  ] GC(72) Concurrent Mark
[2026-03-27T13:25:59.734+0000][69][info ][gc,marking  ] GC(72) Concurrent Mark From Roots
[2026-03-27T13:25:59.735+0000][69][info ][gc,task     ] GC(72) Using 3 workers of 3 for marking
[2026-03-27T13:25:59.843+0000][69][info ][gc,marking  ] GC(72) Concurrent Mark From Roots 109.505ms
[2026-03-27T13:25:59.844+0000][69][info ][gc,marking  ] GC(72) Concurrent Preclean
[2026-03-27T13:25:59.845+0000][69][info ][gc,marking  ] GC(72) Concurrent Preclean 1.040ms
[2026-03-27T13:25:59.846+0000][69][info ][gc,start    ] GC(72) Pause Remark
[2026-03-27T13:25:59.867+0000][69][info ][gc          ] GC(72) Pause Remark 110M->110M(512M) 20.980ms
[2026-03-27T13:25:59.868+0000][69][info ][gc,cpu      ] GC(72) User=0.10s Sys=0.00s Real=0.02s
[2026-03-27T13:25:59.869+0000][69][info ][safepoint   ] Safepoint "G1PauseRemark", Time since last: 125983136 ns, Reaching safepoint: 109533 ns, Cleanup: 8591 ns, At safepoint: 22777178 ns, Total: 22895302 ns
[2026-03-27T13:25:59.870+0000][69][info ][gc,marking  ] GC(72) Concurrent Mark 136.958ms
[2026-03-27T13:25:59.871+0000][69][info ][gc,marking  ] GC(72) Concurrent Rebuild Remembered Sets and Scrub Regions
[2026-03-27T13:25:59.908+0000][69][info ][gc,marking  ] GC(72) Concurrent Rebuild Remembered Sets and Scrub Regions 37.478ms
[2026-03-27T13:25:59.909+0000][69][info ][gc,start    ] GC(72) Pause Cleanup
[2026-03-27T13:25:59.910+0000][69][info ][gc          ] GC(72) Pause Cleanup 110M->110M(512M) 1.071ms
[2026-03-27T13:25:59.911+0000][69][info ][gc,cpu      ] GC(72) User=0.00s Sys=0.00s Real=0.00s
[2026-03-27T13:25:59.911+0000][69][info ][safepoint   ] Safepoint "G1PauseCleanup", Time since last: 39971831 ns, Reaching safepoint: 33822 ns, Cleanup: 31305 ns, At safepoint: 2389163 ns, Total: 2454290 ns
[2026-03-27T13:25:59.912+0000][69][info ][gc,marking  ] GC(72) Concurrent Clear Claimed Marks
[2026-03-27T13:25:59.913+0000][69][info ][gc,marking  ] GC(72) Concurrent Clear Claimed Marks 0.998ms
[2026-03-27T13:25:59.914+0000][69][info ][gc,marking  ] GC(72) Concurrent Cleanup for Next Mark
[2026-03-27T13:25:59.932+0000][69][info ][gc,marking  ] GC(72) Concurrent Cleanup for Next Mark 18.822ms
[2026-03-27T13:25:59.933+0000][69][info ][gc          ] GC(72) Concurrent Mark Cycle 213.801ms
[2026-03-27T13:26:00.912+0000][69][info ][safepoint   ] Safepoint "Cleanup", Time since last: 1000716813 ns, Reaching safepoint: 34597 ns, Cleanup: 27815 ns, At safepoint: 7869 ns, Total: 70281 ns
[2026-03-27T13:26:04.411+0000][69][info ][safepoint   ] Safepoint "Cleanup", Time since last: 3506399579 ns, Reaching safepoint: 220823 ns, Cleanup: 58309 ns, At safepoint: 166428 ns, Total: 445560 ns
[2026-03-27T13:26:05.722+0000][69][info ][safepoint   ] Safepoint "Cleanup", Time since last: 1311187943 ns, Reaching safepoint: 10999 ns, Cleanup: 18081 ns, At safepoint: 4403 ns, Total: 33483 ns
[2026-03-27T13:26:37.974+0000][69][info ][safepoint   ] Safepoint "Cleanup", Time since last: 32255859331 ns, Reaching safepoint: 92172 ns, Cleanup: 19672 ns, At safepoint: 9961 ns, Total: 121805 ns
[2026-03-27T13:26:39.348+0000][69][info ][safepoint   ] Safepoint "Cleanup", Time since last: 1373614036 ns, Reaching safepoint: 9769 ns, Cleanup: 10014 ns, At safepoint: 4997 ns, Total: 24780 ns
[2026-03-27T13:26:57.101+0000][69][info ][safepoint   ] Safepoint "Cleanup", Time since last: 17753572958 ns, Reaching safepoint: 67177 ns, Cleanup: 44588 ns, At safepoint: 11987 ns, Total: 123752 ns
[2026-03-27T13:27:05.213+0000][69][info ][safepoint   ] Safepoint "Cleanup", Time since last: 8115697711 ns, Reaching safepoint: 22419 ns, Cleanup: 8741 ns, At safepoint: 5698 ns, Total: 36858 ns
[2026-03-27T13:27:07.157+0000][69][info ][safepoint   ] Safepoint "Cleanup", Time since last: 1944564839 ns, Reaching safepoint: 71697 ns, Cleanup: 26545 ns, At safepoint: 16051 ns, Total: 114293 ns
[2026-03-27T13:27:14.651+0000][69][info ][safepoint   ] Safepoint "Cleanup", Time since last: 7492513112 ns, Reaching safepoint: 339841 ns, Cleanup: 79261 ns, At safepoint: 150901 ns, Total: 570003 ns
[2026-03-27T13:27:15.695+0000][69][info ][safepoint   ] Safepoint "Cleanup", Time since last: 1044412579 ns, Reaching safepoint: 86159 ns, Cleanup: 30876 ns, At safepoint: 16075 ns, Total: 133110 ns
[2026-03-27T13:27:16.697+0000][69][info ][safepoint   ] Safepoint "Cleanup", Time since last: 1001426640 ns, Reaching safepoint: 28974 ns, Cleanup: 15166 ns, At safepoint: 27753 ns, Total: 71893 ns
[2026-03-27T13:27:29.326+0000][69][info ][gc,start    ] GC(73) Pause Young (Normal) (G1 Evacuation Pause)
[2026-03-27T13:27:29.327+0000][69][info ][gc,task     ] GC(73) Using 10 workers of 10 for evacuation
[2026-03-27T13:27:29.327+0000][69][debug][gc,age      ] GC(73) Desired survivor size 20971520 bytes, new threshold 15 (max threshold 15)
[2026-03-27T13:27:29.336+0000][69][info ][gc,phases   ] GC(73)   Pre Evacuate Collection Set: 0.4ms
[2026-03-27T13:27:29.337+0000][69][info ][gc,phases   ] GC(73)   Merge Heap Roots: 0.2ms
[2026-03-27T13:27:29.337+0000][69][info ][gc,phases   ] GC(73)   Evacuate Collection Set: 6.3ms
[2026-03-27T13:27:29.337+0000][69][info ][gc,phases   ] GC(73)   Post Evacuate Collection Set: 1.3ms
[2026-03-27T13:27:29.338+0000][69][info ][gc,phases   ] GC(73)   Other: 0.8ms
[2026-03-27T13:27:29.338+0000][69][trace][gc,age      ] GC(73) Age table with threshold 15 (max threshold 15)
[2026-03-27T13:27:29.338+0000][69][trace][gc,age      ] GC(73) - age   1:    2797344 bytes,    2797344 total
[2026-03-27T13:27:29.339+0000][69][trace][gc,age      ] GC(73) - age   2:     240464 bytes,    3037808 total
[2026-03-27T13:27:29.339+0000][69][trace][gc,age      ] GC(73) - age   3:      56280 bytes,    3094088 total
[2026-03-27T13:27:29.339+0000][69][trace][gc,age      ] GC(73) - age   4:      63688 bytes,    3157776 total
[2026-03-27T13:27:29.340+0000][69][trace][gc,age      ] GC(73) - age   5:      58248 bytes,    3216024 total
[2026-03-27T13:27:29.340+0000][69][trace][gc,age      ] GC(73) - age   6:      19440 bytes,    3235464 total
[2026-03-27T13:27:29.340+0000][69][trace][gc,age      ] GC(73) - age   7:     228704 bytes,    3464168 total
[2026-03-27T13:27:29.341+0000][69][trace][gc,age      ] GC(73) - age   8:      22408 bytes,    3486576 total
[2026-03-27T13:27:29.341+0000][69][trace][gc,age      ] GC(73) - age   9:      12040 bytes,    3498616 total
[2026-03-27T13:27:29.341+0000][69][trace][gc,age      ] GC(73) - age  10:       4016 bytes,    3502632 total
[2026-03-27T13:27:29.341+0000][69][trace][gc,age      ] GC(73) - age  11:       3944 bytes,    3506576 total
[2026-03-27T13:27:29.342+0000][69][trace][gc,age      ] GC(73) - age  12:       6568 bytes,    3513144 total
[2026-03-27T13:27:29.342+0000][69][trace][gc,age      ] GC(73) - age  13:       7624 bytes,    3520768 total
[2026-03-27T13:27:29.343+0000][69][trace][gc,age      ] GC(73) - age  14:      36768 bytes,    3557536 total
[2026-03-27T13:27:29.344+0000][69][trace][gc,age      ] GC(73) - age  15:       6504 bytes,    3564040 total
[2026-03-27T13:27:29.344+0000][69][info ][gc,heap     ] GC(73) Eden regions: 75->0(75)
[2026-03-27T13:27:29.344+0000][69][info ][gc,heap     ] GC(73) Survivor regions: 1->1(10)
[2026-03-27T13:27:29.344+0000][69][info ][gc,heap     ] GC(73) Old regions: 27->27
[2026-03-27T13:27:29.345+0000][69][info ][gc,heap     ] GC(73) Humongous regions: 0->0
[2026-03-27T13:27:29.345+0000][69][info ][gc,metaspace] GC(73) Metaspace: 145997K(150784K)->145997K(150784K) NonClass: 126961K(129280K)->126961K(129280K) Class: 19036K(21504K)->19036K(21504K)
[2026-03-27T13:27:29.345+0000][69][info ][gc          ] GC(73) Pause Young (Normal) (G1 Evacuation Pause) 408M->109M(512M) 18.712ms
[2026-03-27T13:27:29.345+0000][69][info ][gc,cpu      ] GC(73) User=0.04s Sys=0.00s Real=0.02s
[2026-03-27T13:27:29.346+0000][69][info ][safepoint   ] Safepoint "G1CollectForAllocation", Time since last: 12629722315 ns, Reaching safepoint: 45517 ns, Cleanup: 7836 ns, At safepoint: 19365260 ns, Total: 19418613 ns
[2026-03-27T13:27:39.405+0000][69][info ][safepoint   ] Safepoint "Cleanup", Time since last: 10066621632 ns, Reaching safepoint: 27114 ns, Cleanup: 20966 ns, At safepoint: 7047 ns, Total: 55127 ns
[2026-03-27T13:27:48.581+0000][69][info ][safepoint   ] Safepoint "Cleanup", Time since last: 9176303441 ns, Reaching safepoint: 26050 ns, Cleanup: 24670 ns, At safepoint: 12063 ns, Total: 62783 ns
[2026-03-27T13:27:49.641+0000][69][info ][safepoint   ] Safepoint "Cleanup", Time since last: 1059507593 ns, Reaching safepoint: 50684 ns, Cleanup: 30293 ns, At safepoint: 13755 ns, Total: 94732 ns
[2026-03-27T13:27:50.748+0000][69][info ][safepoint   ] Safepoint "Cleanup", Time since last: 1104334956 ns, Reaching safepoint: 2467494 ns, Cleanup: 100507 ns, At safepoint: 482793 ns, Total: 3050794 ns
[2026-03-27T13:27:51.076+0000][69][info ][safepoint   ] Safepoint "ICBufferFull", Time since last: 318686121 ns, Reaching safepoint: 8453250 ns, Cleanup: 264072 ns, At safepoint: 424485 ns, Total: 9141807 ns
[2026-03-27T13:27:52.078+0000][69][info ][safepoint   ] Safepoint "Cleanup", Time since last: 1001593622 ns, Reaching safepoint: 33254 ns, Cleanup: 370013 ns, At safepoint: 106752 ns, Total: 510019 ns
[2026-03-27T13:27:53.097+0000][69][info ][safepoint   ] Safepoint "Cleanup", Time since last: 1018564254 ns, Reaching safepoint: 91294 ns, Cleanup: 244344 ns, At safepoint: 32524 ns, Total: 368162 ns
[2026-03-27T13:27:54.173+0000][69][info ][safepoint   ] Safepoint "Cleanup", Time since last: 1075464279 ns, Reaching safepoint: 60057 ns, Cleanup: 237951 ns, At safepoint: 49922 ns, Total: 347930 ns
[2026-03-27T13:27:55.333+0000][69][info ][safepoint   ] Safepoint "Cleanup", Time since last: 1159707730 ns, Reaching safepoint: 12845 ns, Cleanup: 121648 ns, At safepoint: 36861 ns, Total: 171354 ns
[2026-03-27T13:27:56.393+0000][69][info ][safepoint   ] Safepoint "Cleanup", Time since last: 1060540630 ns, Reaching safepoint: 26213 ns, Cleanup: 26487 ns, At safepoint: 69364 ns, Total: 122064 ns
[2026-03-27T13:27:57.579+0000][69][info ][safepoint   ] Safepoint "Cleanup", Time since last: 1185026947 ns, Reaching safepoint: 35412 ns, Cleanup: 23218 ns, At safepoint: 156743 ns, Total: 215373 ns
[2026-03-27T13:27:59.271+0000][69][info ][safepoint   ] Safepoint "Cleanup", Time since last: 1692234387 ns, Reaching safepoint: 30699 ns, Cleanup: 244013 ns, At safepoint: 93526 ns, Total: 368238 ns
[2026-03-27T13:28:00.395+0000][69][info ][safepoint   ] Safepoint "Cleanup", Time since last: 1123892046 ns, Reaching safepoint: 45521 ns, Cleanup: 53276 ns, At safepoint: 59474 ns, Total: 158271 ns
[2026-03-27T13:28:01.768+0000][69][info ][safepoint   ] Safepoint "Cleanup", Time since last: 1372927074 ns, Reaching safepoint: 35668 ns, Cleanup: 26838 ns, At safepoint: 14819 ns, Total: 77325 ns
[2026-03-27T13:28:02.769+0000][69][info ][safepoint   ] Safepoint "Cleanup", Time since last: 1000121316 ns, Reaching safepoint: 27335 ns, Cleanup: 35648 ns, At safepoint: 8936 ns, Total: 71919 ns
[2026-03-27T13:28:04.870+0000][69][info ][safepoint   ] Safepoint "Cleanup", Time since last: 2108324352 ns, Reaching safepoint: 97547 ns, Cleanup: 45962 ns, At safepoint: 13263 ns, Total: 156772 ns
[2026-03-27T13:28:05.879+0000][69][info ][safepoint   ] Safepoint "Cleanup", Time since last: 1007351950 ns, Reaching safepoint: 379709 ns, Cleanup: 510739 ns, At safepoint: 428873 ns, Total: 1319321 ns
[2026-03-27T13:28:06.985+0000][69][info ][safepoint   ] Safepoint "Cleanup", Time since last: 1105495958 ns, Reaching safepoint: 212160 ns, Cleanup: 51852 ns, At safepoint: 137587 ns, Total: 401599 ns
[2026-03-27T13:28:08.573+0000][69][info ][safepoint   ] Safepoint "Cleanup", Time since last: 1587930744 ns, Reaching safepoint: 160772 ns, Cleanup: 59810 ns, At safepoint: 28976 ns, Total: 249558 ns
[2026-03-27T13:28:09.657+0000][69][info ][safepoint   ] Safepoint "Cleanup", Time since last: 1083893251 ns, Reaching safepoint: 108295 ns, Cleanup: 49460 ns, At safepoint: 21536 ns, Total: 179291 ns
[2026-03-27T13:28:10.739+0000][69][info ][safepoint   ] Safepoint "Cleanup", Time since last: 1082316909 ns, Reaching safepoint: 126418 ns, Cleanup: 46671 ns, At safepoint: 22647 ns, Total: 195736 ns
[2026-03-27T13:28:11.368+0000][69][info ][gc,start    ] GC(74) Pause Young (Concurrent Start) (G1 Evacuation Pause)
[2026-03-27T13:28:11.369+0000][69][info ][gc,task     ] GC(74) Using 10 workers of 10 for evacuation
[2026-03-27T13:28:11.370+0000][69][debug][gc,age      ] GC(74) Desired survivor size 20971520 bytes, new threshold 15 (max threshold 15)
[2026-03-27T13:28:11.408+0000][69][info ][gc,phases   ] GC(74)   Pre Evacuate Collection Set: 1.3ms
[2026-03-27T13:28:11.413+0000][69][info ][gc,phases   ] GC(74)   Merge Heap Roots: 0.7ms
[2026-03-27T13:28:11.414+0000][69][info ][gc,phases   ] GC(74)   Evacuate Collection Set: 29.0ms
[2026-03-27T13:28:11.418+0000][69][info ][gc,phases   ] GC(74)   Post Evacuate Collection Set: 5.1ms
[2026-03-27T13:28:11.419+0000][69][info ][gc,phases   ] GC(74)   Other: 2.6ms
[2026-03-27T13:28:11.420+0000][69][trace][gc,age      ] GC(74) Age table with threshold 15 (max threshold 15)
[2026-03-27T13:28:11.421+0000][69][trace][gc,age      ] GC(74) - age   1:    2794264 bytes,    2794264 total
[2026-03-27T13:28:11.423+0000][69][trace][gc,age      ] GC(74) - age   2:     381088 bytes,    3175352 total
[2026-03-27T13:28:11.426+0000][69][trace][gc,age      ] GC(74) - age   3:      19224 bytes,    3194576 total
[2026-03-27T13:28:11.428+0000][69][trace][gc,age      ] GC(74) - age   4:      51808 bytes,    3246384 total
[2026-03-27T13:28:11.429+0000][69][trace][gc,age      ] GC(74) - age   5:       7816 bytes,    3254200 total
[2026-03-27T13:28:11.430+0000][69][trace][gc,age      ] GC(74) - age   6:       3808 bytes,    3258008 total
[2026-03-27T13:28:11.431+0000][69][trace][gc,age      ] GC(74) - age   7:      15016 bytes,    3273024 total
[2026-03-27T13:28:11.436+0000][69][trace][gc,age      ] GC(74) - age   8:      15632 bytes,    3288656 total
[2026-03-27T13:28:11.443+0000][69][trace][gc,age      ] GC(74) - age   9:      22264 bytes,    3310920 total
[2026-03-27T13:28:11.462+0000][69][trace][gc,age      ] GC(74) - age  10:      12040 bytes,    3322960 total
[2026-03-27T13:28:11.470+0000][69][trace][gc,age      ] GC(74) - age  11:       4016 bytes,    3326976 total
[2026-03-27T13:28:11.472+0000][69][trace][gc,age      ] GC(74) - age  12:       3944 bytes,    3330920 total
[2026-03-27T13:28:11.475+0000][69][trace][gc,age      ] GC(74) - age  13:       6568 bytes,    3337488 total
[2026-03-27T13:28:11.477+0000][69][trace][gc,age      ] GC(74) - age  14:       7624 bytes,    3345112 total
[2026-03-27T13:28:11.478+0000][69][trace][gc,age      ] GC(74) - age  15:      36672 bytes,    3381784 total
[2026-03-27T13:28:11.480+0000][69][info ][gc,heap     ] GC(74) Eden regions: 75->0(75)
[2026-03-27T13:28:11.484+0000][69][info ][gc,heap     ] GC(74) Survivor regions: 1->1(10)
[2026-03-27T13:28:11.487+0000][69][info ][gc,heap     ] GC(74) Old regions: 27->27
[2026-03-27T13:28:11.497+0000][69][info ][gc,heap     ] GC(74) Humongous regions: 0->0
[2026-03-27T13:28:11.502+0000][69][info ][gc,metaspace] GC(74) Metaspace: 146857K(151168K)->146857K(151168K) NonClass: 127663K(129664K)->127663K(129664K) Class: 19194K(21504K)->19194K(21504K)
[2026-03-27T13:28:11.503+0000][69][info ][gc          ] GC(74) Pause Young (Concurrent Start) (G1 Evacuation Pause) 409M->109M(512M) 135.450ms
[2026-03-27T13:28:11.505+0000][69][info ][gc,cpu      ] GC(74) User=0.17s Sys=0.05s Real=0.14s
[2026-03-27T13:28:11.505+0000][69][info ][gc          ] GC(75) Concurrent Mark Cycle
[2026-03-27T13:28:11.508+0000][69][info ][safepoint   ] Safepoint "G1CollectForAllocation", Time since last: 627973678 ns, Reaching safepoint: 135291 ns, Cleanup: 17579 ns, At safepoint: 140260516 ns, Total: 140413386 ns
[2026-03-27T13:28:11.511+0000][69][info ][gc,marking  ] GC(75) Concurrent Scan Root Regions
[2026-03-27T13:28:11.530+0000][69][info ][gc,marking  ] GC(75) Concurrent Scan Root Regions 19.080ms
[2026-03-27T13:28:11.541+0000][69][info ][gc,marking  ] GC(75) Concurrent Mark
[2026-03-27T13:28:11.545+0000][69][info ][gc,marking  ] GC(75) Concurrent Mark From Roots
[2026-03-27T13:28:11.546+0000][69][info ][gc,task     ] GC(75) Using 3 workers of 3 for marking
[2026-03-27T13:28:11.924+0000][69][info ][gc,marking  ] GC(75) Concurrent Mark From Roots 379.085ms
[2026-03-27T13:28:11.926+0000][69][info ][gc,marking  ] GC(75) Concurrent Preclean
[2026-03-27T13:28:11.928+0000][69][info ][gc,marking  ] GC(75) Concurrent Preclean 2.416ms
[2026-03-27T13:28:11.930+0000][69][info ][gc,start    ] GC(75) Pause Remark
[2026-03-27T13:28:12.053+0000][69][info ][gc          ] GC(75) Pause Remark 113M->113M(512M) 122.685ms
[2026-03-27T13:28:12.062+0000][69][info ][gc,cpu      ] GC(75) User=0.20s Sys=0.00s Real=0.13s
[2026-03-27T13:28:12.064+0000][69][info ][safepoint   ] Safepoint "G1PauseRemark", Time since last: 422276109 ns, Reaching safepoint: 124229 ns, Cleanup: 34434 ns, At safepoint: 133866953 ns, Total: 134025616 ns
[2026-03-27T13:28:12.067+0000][69][info ][gc,marking  ] GC(75) Concurrent Mark 526.066ms
[2026-03-27T13:28:12.071+0000][69][info ][gc,marking  ] GC(75) Concurrent Rebuild Remembered Sets and Scrub Regions
[2026-03-27T13:28:12.209+0000][69][info ][gc,marking  ] GC(75) Concurrent Rebuild Remembered Sets and Scrub Regions 137.935ms
[2026-03-27T13:28:12.213+0000][69][info ][gc,start    ] GC(75) Pause Cleanup
[2026-03-27T13:28:12.215+0000][69][info ][gc          ] GC(75) Pause Cleanup 114M->114M(512M) 2.190ms
[2026-03-27T13:28:12.218+0000][69][info ][gc,cpu      ] GC(75) User=0.00s Sys=0.01s Real=0.01s
[2026-03-27T13:28:12.219+0000][69][info ][safepoint   ] Safepoint "G1PauseCleanup", Time since last: 145839497 ns, Reaching safepoint: 2478095 ns, Cleanup: 49864 ns, At safepoint: 6773522 ns, Total: 9301481 ns
[2026-03-27T13:28:12.222+0000][69][info ][gc,marking  ] GC(75) Concurrent Clear Claimed Marks
[2026-03-27T13:28:12.225+0000][69][info ][gc,marking  ] GC(75) Concurrent Clear Claimed Marks 2.950ms
[2026-03-27T13:28:12.227+0000][69][info ][gc,marking  ] GC(75) Concurrent Cleanup for Next Mark
[2026-03-27T13:28:12.229+0000][69][info ][gc,marking  ] GC(75) Concurrent Cleanup for Next Mark 1.990ms
[2026-03-27T13:28:12.230+0000][69][info ][gc          ] GC(75) Concurrent Mark Cycle 724.980ms
[2026-03-27T13:28:13.239+0000][69][info ][safepoint   ] Safepoint "Cleanup", Time since last: 1019534871 ns, Reaching safepoint: 40966 ns, Cleanup: 41255 ns, At safepoint: 13119 ns, Total: 95340 ns
[2026-03-27T13:28:14.827+0000][69][info ][safepoint   ] Safepoint "Cleanup", Time since last: 1587927947 ns, Reaching safepoint: 146791 ns, Cleanup: 58675 ns, At safepoint: 192993 ns, Total: 398459 ns
[2026-03-27T13:28:17.794+0000][69][info ][safepoint   ] Safepoint "Cleanup", Time since last: 2966184549 ns, Reaching safepoint: 34496 ns, Cleanup: 22975 ns, At safepoint: 84882 ns, Total: 142353 ns
[2026-03-27T13:28:21.276+0000][69][info ][safepoint   ] Safepoint "Cleanup", Time since last: 3481829831 ns, Reaching safepoint: 79434 ns, Cleanup: 91638 ns, At safepoint: 13295 ns, Total: 184367 ns
[2026-03-27T13:28:22.289+0000][69][info ][safepoint   ] Safepoint "Cleanup", Time since last: 1013176790 ns, Reaching safepoint: 21124 ns, Cleanup: 33971 ns, At safepoint: 45909 ns, Total: 101004 ns
[2026-03-27T13:28:23.294+0000][69][info ][safepoint   ] Safepoint "Cleanup", Time since last: 1003968759 ns, Reaching safepoint: 694591 ns, Cleanup: 39928 ns, At safepoint: 321375 ns, Total: 1055894 ns
[2026-03-27T13:28:24.433+0000][69][info ][safepoint   ] Safepoint "Cleanup", Time since last: 1139113925 ns, Reaching safepoint: 7910 ns, Cleanup: 33157 ns, At safepoint: 3471 ns, Total: 44538 ns
[2026-03-27T13:28:26.068+0000][69][info ][safepoint   ] Safepoint "Cleanup", Time since last: 1634944463 ns, Reaching safepoint: 14600 ns, Cleanup: 24760 ns, At safepoint: 8498 ns, Total: 47858 ns
[2026-03-27T13:28:27.534+0000][69][info ][safepoint   ] Safepoint "Cleanup", Time since last: 1466020225 ns, Reaching safepoint: 20783 ns, Cleanup: 13775 ns, At safepoint: 4464 ns, Total: 39022 ns
[2026-03-27T13:28:29.238+0000][69][info ][safepoint   ] Safepoint "Cleanup", Time since last: 1704331605 ns, Reaching safepoint: 11802 ns, Cleanup: 16502 ns, At safepoint: 5212 ns, Total: 33516 ns
[2026-03-27T13:28:30.588+0000][69][info ][safepoint   ] Safepoint "Cleanup", Time since last: 1349002972 ns, Reaching safepoint: 80517 ns, Cleanup: 25843 ns, At safepoint: 12094 ns, Total: 118454 ns
[2026-03-27T13:28:35.237+0000][69][info ][safepoint   ] Safepoint "Cleanup", Time since last: 4651925988 ns, Reaching safepoint: 15942 ns, Cleanup: 12280 ns, At safepoint: 6385 ns, Total: 34607 ns
[2026-03-27T13:28:36.735+0000][69][info ][safepoint   ] Safepoint "Cleanup", Time since last: 1498776119 ns, Reaching safepoint: 84584 ns, Cleanup: 39697 ns, At safepoint: 14894 ns, Total: 139175 ns
[2026-03-27T13:28:37.737+0000][69][info ][safepoint   ] Safepoint "Cleanup", Time since last: 1001512236 ns, Reaching safepoint: 64876 ns, Cleanup: 42619 ns, At safepoint: 10893 ns, Total: 118388 ns
[2026-03-27T13:28:39.827+0000][69][info ][safepoint   ] Safepoint "Cleanup", Time since last: 2089956625 ns, Reaching safepoint: 30704 ns, Cleanup: 19388 ns, At safepoint: 7547 ns, Total: 57639 ns
[2026-03-27T13:28:41.234+0000][69][info ][safepoint   ] Safepoint "Cleanup", Time since last: 1406550842 ns, Reaching safepoint: 17277 ns, Cleanup: 13684 ns, At safepoint: 5501 ns, Total: 36462 ns
[2026-03-27T13:28:42.871+0000][69][info ][safepoint   ] Safepoint "Cleanup", Time since last: 1637078975 ns, Reaching safepoint: 63721 ns, Cleanup: 27188 ns, At safepoint: 8694 ns, Total: 99603 ns
[2026-03-27T13:28:44.919+0000][69][info ][safepoint   ] Safepoint "Cleanup", Time since last: 2048060455 ns, Reaching safepoint: 14776 ns, Cleanup: 16893 ns, At safepoint: 7197 ns, Total: 38866 ns
[2026-03-27T13:28:47.236+0000][69][info ][safepoint   ] Safepoint "Cleanup", Time since last: 2316632287 ns, Reaching safepoint: 12913 ns, Cleanup: 42799 ns, At safepoint: 24734 ns, Total: 80446 ns
[2026-03-27T13:28:49.001+0000][69][info ][safepoint   ] Safepoint "Cleanup", Time since last: 1764649977 ns, Reaching safepoint: 184505 ns, Cleanup: 37989 ns, At safepoint: 7651 ns, Total: 230145 ns
[2026-03-27T13:28:51.042+0000][69][info ][safepoint   ] Safepoint "Cleanup", Time since last: 2041034216 ns, Reaching safepoint: 114040 ns, Cleanup: 305239 ns, At safepoint: 63792 ns, Total: 483071 ns
[2026-03-27T13:28:52.719+0000][69][info ][safepoint   ] Safepoint "Cleanup", Time since last: 1676677030 ns, Reaching safepoint: 37333 ns, Cleanup: 47847 ns, At safepoint: 7900 ns, Total: 93080 ns
[2026-03-27T13:28:54.701+0000][69][info ][safepoint   ] Safepoint "Cleanup", Time since last: 1982003309 ns, Reaching safepoint: 122495 ns, Cleanup: 45028 ns, At safepoint: 13383 ns, Total: 180906 ns
[2026-03-27T13:29:01.744+0000][69][info ][safepoint   ] Safepoint "Cleanup", Time since last: 7043083484 ns, Reaching safepoint: 128704 ns, Cleanup: 24674 ns, At safepoint: 15912 ns, Total: 169290 ns
[2026-03-27T13:29:05.756+0000][69][info ][safepoint   ] Safepoint "Cleanup", Time since last: 4017983597 ns, Reaching safepoint: 13930 ns, Cleanup: 16902 ns, At safepoint: 6685 ns, Total: 37517 ns
[2026-03-27T13:29:09.783+0000][69][info ][safepoint   ] Safepoint "Cleanup", Time since last: 4027177997 ns, Reaching safepoint: 53870 ns, Cleanup: 15393 ns, At safepoint: 7692 ns, Total: 76955 ns
[2026-03-27T13:29:11.231+0000][69][info ][safepoint   ] Safepoint "Cleanup", Time since last: 1447812231 ns, Reaching safepoint: 13428 ns, Cleanup: 11699 ns, At safepoint: 5193 ns, Total: 30320 ns
[2026-03-27T13:29:12.831+0000][69][info ][safepoint   ] Safepoint "Cleanup", Time since last: 1600577959 ns, Reaching safepoint: 9142 ns, Cleanup: 9990 ns, At safepoint: 5389 ns, Total: 24521 ns
[2026-03-27T13:29:14.850+0000][69][info ][safepoint   ] Safepoint "Cleanup", Time since last: 2018778680 ns, Reaching safepoint: 33873 ns, Cleanup: 19422 ns, At safepoint: 7387 ns, Total: 60682 ns
[2026-03-27T13:29:17.059+0000][69][info ][safepoint   ] Safepoint "Cleanup", Time since last: 2209143497 ns, Reaching safepoint: 17301 ns, Cleanup: 17638 ns, At safepoint: 6061 ns, Total: 41000 ns
[2026-03-27T13:29:17.063+0000][69][info ][gc,start    ] GC(76) Pause Young (Prepare Mixed) (G1 Evacuation Pause)
[2026-03-27T13:29:17.064+0000][69][info ][gc,task     ] GC(76) Using 10 workers of 10 for evacuation
[2026-03-27T13:29:17.065+0000][69][debug][gc,age      ] GC(76) Desired survivor size 20971520 bytes, new threshold 15 (max threshold 15)
[2026-03-27T13:29:17.082+0000][69][info ][gc,phases   ] GC(76)   Pre Evacuate Collection Set: 1.5ms
[2026-03-27T13:29:17.083+0000][69][info ][gc,phases   ] GC(76)   Merge Heap Roots: 0.4ms
[2026-03-27T13:29:17.085+0000][69][info ][gc,phases   ] GC(76)   Evacuate Collection Set: 10.8ms
[2026-03-27T13:29:17.085+0000][69][info ][gc,phases   ] GC(76)   Post Evacuate Collection Set: 3.6ms
[2026-03-27T13:29:17.086+0000][69][info ][gc,phases   ] GC(76)   Other: 2.0ms
[2026-03-27T13:29:17.086+0000][69][trace][gc,age      ] GC(76) Age table with threshold 15 (max threshold 15)
[2026-03-27T13:29:17.086+0000][69][trace][gc,age      ] GC(76) - age   1:    2672776 bytes,    2672776 total
[2026-03-27T13:29:17.087+0000][69][trace][gc,age      ] GC(76) - age   2:    1342112 bytes,    4014888 total
[2026-03-27T13:29:17.087+0000][69][trace][gc,age      ] GC(76) - age   3:     334568 bytes,    4349456 total
[2026-03-27T13:29:17.089+0000][69][trace][gc,age      ] GC(76) - age   4:      17256 bytes,    4366712 total
[2026-03-27T13:29:17.091+0000][69][trace][gc,age      ] GC(76) - age   5:      51776 bytes,    4418488 total
[2026-03-27T13:29:17.091+0000][69][trace][gc,age      ] GC(76) - age   6:       7552 bytes,    4426040 total
[2026-03-27T13:29:17.092+0000][69][trace][gc,age      ] GC(76) - age   7:       3808 bytes,    4429848 total
[2026-03-27T13:29:17.092+0000][69][trace][gc,age      ] GC(76) - age   8:      13616 bytes,    4443464 total
[2026-03-27T13:29:17.093+0000][69][trace][gc,age      ] GC(76) - age   9:      15344 bytes,    4458808 total
[2026-03-27T13:29:17.094+0000][69][trace][gc,age      ] GC(76) - age  10:      22264 bytes,    4481072 total
[2026-03-27T13:29:17.095+0000][69][trace][gc,age      ] GC(76) - age  11:      12040 bytes,    4493112 total
[2026-03-27T13:29:17.096+0000][69][trace][gc,age      ] GC(76) - age  12:       4016 bytes,    4497128 total
[2026-03-27T13:29:17.097+0000][69][trace][gc,age      ] GC(76) - age  13:       3944 bytes,    4501072 total
[2026-03-27T13:29:17.098+0000][69][trace][gc,age      ] GC(76) - age  14:       6568 bytes,    4507640 total
[2026-03-27T13:29:17.099+0000][69][trace][gc,age      ] GC(76) - age  15:       7624 bytes,    4515264 total
[2026-03-27T13:29:17.100+0000][69][info ][gc,heap     ] GC(76) Eden regions: 75->0(74)
[2026-03-27T13:29:17.101+0000][69][info ][gc,heap     ] GC(76) Survivor regions: 1->2(10)
[2026-03-27T13:29:17.102+0000][69][info ][gc,heap     ] GC(76) Old regions: 27->27
[2026-03-27T13:29:17.103+0000][69][info ][gc,heap     ] GC(76) Humongous regions: 0->0
[2026-03-27T13:29:17.103+0000][69][info ][gc,metaspace] GC(76) Metaspace: 146888K(151168K)->146888K(151168K) NonClass: 127693K(129664K)->127693K(129664K) Class: 19194K(21504K)->19194K(21504K)
[2026-03-27T13:29:17.104+0000][69][info ][gc          ] GC(76) Pause Young (Prepare Mixed) (G1 Evacuation Pause) 409M->110M(512M) 40.816ms
[2026-03-27T13:29:17.106+0000][69][info ][gc,cpu      ] GC(76) User=0.07s Sys=0.00s Real=0.05s
[2026-03-27T13:29:17.107+0000][69][info ][safepoint   ] Safepoint "G1CollectForAllocation", Time since last: 3310293 ns, Reaching safepoint: 66741 ns, Cleanup: 9295 ns, At safepoint: 44177268 ns, Total: 44253304 ns
[2026-03-27T13:29:18.912+0000][69][info ][safepoint   ] Safepoint "Cleanup", Time since last: 1804473978 ns, Reaching safepoint: 253878 ns, Cleanup: 58643 ns, At safepoint: 15317 ns, Total: 327838 ns
[2026-03-27T13:29:21.811+0000][69][info ][safepoint   ] Safepoint "Cleanup", Time since last: 2898208098 ns, Reaching safepoint: 1067369 ns, Cleanup: 50277 ns, At safepoint: 229629 ns, Total: 1347275 ns
[2026-03-27T13:29:23.051+0000][69][info ][safepoint   ] Safepoint "Cleanup", Time since last: 1239207502 ns, Reaching safepoint: 22306 ns, Cleanup: 25886 ns, At safepoint: 5721 ns, Total: 53913 ns
[2026-03-27T13:29:25.017+0000][69][info ][safepoint   ] Safepoint "Cleanup", Time since last: 1966774006 ns, Reaching safepoint: 22296 ns, Cleanup: 19305 ns, At safepoint: 4264 ns, Total: 45865 ns
[2026-03-27T13:29:35.240+0000][69][info ][safepoint   ] Safepoint "Cleanup", Time since last: 10227984539 ns, Reaching safepoint: 24844 ns, Cleanup: 30195 ns, At safepoint: 71895 ns, Total: 126934 ns
[2026-03-27T13:29:37.072+0000][69][info ][safepoint   ] Safepoint "Cleanup", Time since last: 1831926363 ns, Reaching safepoint: 44910 ns, Cleanup: 29912 ns, At safepoint: 11726 ns, Total: 86548 ns
[2026-03-27T13:29:38.074+0000][69][info ][safepoint   ] Safepoint "Cleanup", Time since last: 1001438655 ns, Reaching safepoint: 36862 ns, Cleanup: 38225 ns, At safepoint: 9440 ns, Total: 84527 ns
[2026-03-27T13:29:40.076+0000][69][info ][safepoint   ] Safepoint "Cleanup", Time since last: 2001612630 ns, Reaching safepoint: 96109 ns, Cleanup: 29005 ns, At safepoint: 16569 ns, Total: 141683 ns
[2026-03-27T13:29:41.217+0000][69][info ][safepoint   ] Safepoint "Cleanup", Time since last: 1140582265 ns, Reaching safepoint: 185813 ns, Cleanup: 27788 ns, At safepoint: 140201 ns, Total: 353802 ns
[2026-03-27T13:29:48.102+0000][69][info ][safepoint   ] Safepoint "Cleanup", Time since last: 6885645677 ns, Reaching safepoint: 12348 ns, Cleanup: 18078 ns, At safepoint: 90601 ns, Total: 121027 ns
[2026-03-27T13:29:50.120+0000][69][info ][safepoint   ] Safepoint "Cleanup", Time since last: 2017524073 ns, Reaching safepoint: 29235 ns, Cleanup: 134536 ns, At safepoint: 80420 ns, Total: 244191 ns
[2026-03-27T13:29:52.786+0000][69][info ][safepoint   ] Safepoint "Cleanup", Time since last: 2666271038 ns, Reaching safepoint: 23619 ns, Cleanup: 23669 ns, At safepoint: 8809 ns, Total: 56097 ns
[2026-03-27T13:29:54.132+0000][69][info ][safepoint   ] Safepoint "Cleanup", Time since last: 1345630479 ns, Reaching safepoint: 7538 ns, Cleanup: 13600 ns, At safepoint: 3957 ns, Total: 25095 ns
[2026-03-27T13:29:55.142+0000][69][info ][safepoint   ] Safepoint "Cleanup", Time since last: 1010298215 ns, Reaching safepoint: 29876 ns, Cleanup: 69361 ns, At safepoint: 8275 ns, Total: 107512 ns
[2026-03-27T13:30:00.155+0000][69][info ][safepoint   ] Safepoint "Cleanup", Time since last: 5012218370 ns, Reaching safepoint: 8229 ns, Cleanup: 11277 ns, At safepoint: 8983 ns, Total: 28489 ns
[2026-03-27T13:30:05.176+0000][69][info ][safepoint   ] Safepoint "Cleanup", Time since last: 5025770805 ns, Reaching safepoint: 409153 ns, Cleanup: 28933 ns, At safepoint: 12885 ns, Total: 450971 ns
[2026-03-27T13:30:06.189+0000][69][info ][safepoint   ] Safepoint "Cleanup", Time since last: 1012245538 ns, Reaching safepoint: 24307 ns, Cleanup: 20204 ns, At safepoint: 7332 ns, Total: 51843 ns
[2026-03-27T13:30:20.350+0000][69][info ][safepoint   ] Safepoint "Cleanup", Time since last: 14161412467 ns, Reaching safepoint: 192366 ns, Cleanup: 22163 ns, At safepoint: 9320 ns, Total: 223849 ns
[2026-03-27T13:30:22.352+0000][69][info ][safepoint   ] Safepoint "Cleanup", Time since last: 2001567734 ns, Reaching safepoint: 36344 ns, Cleanup: 21316 ns, At safepoint: 14927 ns, Total: 72587 ns
[2026-03-27T13:30:23.361+0000][69][info ][safepoint   ] Safepoint "Cleanup", Time since last: 1008916723 ns, Reaching safepoint: 8694 ns, Cleanup: 15995 ns, At safepoint: 17325 ns, Total: 42014 ns
[2026-03-27T13:30:35.242+0000][69][info ][safepoint   ] Safepoint "Cleanup", Time since last: 11886636291 ns, Reaching safepoint: 12741 ns, Cleanup: 9577 ns, At safepoint: 57426 ns, Total: 79744 ns
[2026-03-27T13:30:37.434+0000][69][info ][safepoint   ] Safepoint "Cleanup", Time since last: 2191935394 ns, Reaching safepoint: 130357 ns, Cleanup: 56285 ns, At safepoint: 26002 ns, Total: 212644 ns
[2026-03-27T13:30:38.436+0000][69][info ][safepoint   ] Safepoint "Cleanup", Time since last: 1001721778 ns, Reaching safepoint: 26010 ns, Cleanup: 19581 ns, At safepoint: 37341 ns, Total: 82932 ns
[2026-03-27T13:30:39.437+0000][69][info ][safepoint   ] Safepoint "Cleanup", Time since last: 1001019022 ns, Reaching safepoint: 24155 ns, Cleanup: 14730 ns, At safepoint: 5351 ns, Total: 44236 ns
[2026-03-27T13:30:41.442+0000][69][info ][safepoint   ] Safepoint "Cleanup", Time since last: 2005050482 ns, Reaching safepoint: 89285 ns, Cleanup: 20689 ns, At safepoint: 57490 ns, Total: 167464 ns
[2026-03-27T13:30:41.791+0000][69][info ][gc,start    ] GC(77) Pause Young (Mixed) (G1 Evacuation Pause)
[2026-03-27T13:30:41.793+0000][69][info ][gc,task     ] GC(77) Using 10 workers of 10 for evacuation
[2026-03-27T13:30:41.793+0000][69][debug][gc,age      ] GC(77) Desired survivor size 20971520 bytes, new threshold 15 (max threshold 15)
[2026-03-27T13:30:41.838+0000][69][info ][gc,phases   ] GC(77)   Pre Evacuate Collection Set: 1.4ms
[2026-03-27T13:30:41.839+0000][69][info ][gc,phases   ] GC(77)   Merge Heap Roots: 0.9ms
[2026-03-27T13:30:41.841+0000][69][info ][gc,phases   ] GC(77)   Evacuate Collection Set: 37.0ms
[2026-03-27T13:30:41.842+0000][69][info ][gc,phases   ] GC(77)   Post Evacuate Collection Set: 4.1ms
[2026-03-27T13:30:41.843+0000][69][info ][gc,phases   ] GC(77)   Other: 1.8ms
[2026-03-27T13:30:41.844+0000][69][trace][gc,age      ] GC(77) Age table with threshold 15 (max threshold 15)
[2026-03-27T13:30:41.845+0000][69][trace][gc,age      ] GC(77) - age   1:    2802104 bytes,    2802104 total
[2026-03-27T13:30:41.847+0000][69][trace][gc,age      ] GC(77) - age   2:     657808 bytes,    3459912 total
[2026-03-27T13:30:41.848+0000][69][trace][gc,age      ] GC(77) - age   3:    1222032 bytes,    4681944 total
[2026-03-27T13:30:41.849+0000][69][trace][gc,age      ] GC(77) - age   4:     196984 bytes,    4878928 total
[2026-03-27T13:30:41.850+0000][69][trace][gc,age      ] GC(77) - age   5:      12168 bytes,    4891096 total
[2026-03-27T13:30:41.852+0000][69][trace][gc,age      ] GC(77) - age   6:      47832 bytes,    4938928 total
[2026-03-27T13:30:41.854+0000][69][trace][gc,age      ] GC(77) - age   7:       7552 bytes,    4946480 total
[2026-03-27T13:30:41.855+0000][69][trace][gc,age      ] GC(77) - age   8:       3808 bytes,    4950288 total
[2026-03-27T13:30:41.856+0000][69][trace][gc,age      ] GC(77) - age   9:      13616 bytes,    4963904 total
[2026-03-27T13:30:41.858+0000][69][trace][gc,age      ] GC(77) - age  10:      15344 bytes,    4979248 total
[2026-03-27T13:30:41.859+0000][69][trace][gc,age      ] GC(77) - age  11:      22232 bytes,    5001480 total
[2026-03-27T13:30:41.860+0000][69][trace][gc,age      ] GC(77) - age  12:      12040 bytes,    5013520 total
[2026-03-27T13:30:41.862+0000][69][trace][gc,age      ] GC(77) - age  13:       4016 bytes,    5017536 total
[2026-03-27T13:30:41.863+0000][69][trace][gc,age      ] GC(77) - age  14:       3944 bytes,    5021480 total
[2026-03-27T13:30:41.864+0000][69][trace][gc,age      ] GC(77) - age  15:       5168 bytes,    5026648 total
[2026-03-27T13:30:41.865+0000][69][info ][gc,heap     ] GC(77) Eden regions: 74->0(74)
[2026-03-27T13:30:41.866+0000][69][info ][gc,heap     ] GC(77) Survivor regions: 2->2(10)
[2026-03-27T13:30:41.868+0000][69][info ][gc,heap     ] GC(77) Old regions: 27->27
[2026-03-27T13:30:41.869+0000][69][info ][gc,heap     ] GC(77) Humongous regions: 0->0
[2026-03-27T13:30:41.870+0000][69][info ][gc,metaspace] GC(77) Metaspace: 146943K(151168K)->146943K(151168K) NonClass: 127748K(129664K)->127748K(129664K) Class: 19194K(21504K)->19194K(21504K)
[2026-03-27T13:30:41.871+0000][69][info ][gc          ] GC(77) Pause Young (Mixed) (G1 Evacuation Pause) 406M->110M(512M) 79.301ms
[2026-03-27T13:30:41.872+0000][69][info ][gc,cpu      ] GC(77) User=0.21s Sys=0.01s Real=0.08s
[2026-03-27T13:30:41.873+0000][69][info ][safepoint   ] Safepoint "G1CollectForAllocation", Time since last: 348864921 ns, Reaching safepoint: 30184 ns, Cleanup: 6765 ns, At safepoint: 81709381 ns, Total: 81746330 ns
[2026-03-27T13:30:42.924+0000][69][info ][safepoint   ] Safepoint "Cleanup", Time since last: 1050473388 ns, Reaching safepoint: 34370 ns, Cleanup: 16826 ns, At safepoint: 6778 ns, Total: 57974 ns
[2026-03-27T13:30:47.228+0000][69][info ][safepoint   ] Safepoint "Cleanup", Time since last: 4304358351 ns, Reaching safepoint: 78224 ns, Cleanup: 31211 ns, At safepoint: 19744 ns, Total: 129179 ns
[2026-03-27T13:30:54.515+0000][69][info ][safepoint   ] Safepoint "Cleanup", Time since last: 7287046903 ns, Reaching safepoint: 56620 ns, Cleanup: 38568 ns, At safepoint: 16286 ns, Total: 111474 ns
[2026-03-27T13:30:59.529+0000][69][info ][safepoint   ] Safepoint "Cleanup", Time since last: 5014172167 ns, Reaching safepoint: 25625 ns, Cleanup: 25643 ns, At safepoint: 10583 ns, Total: 61851 ns
[2026-03-27T13:31:00.705+0000][69][info ][safepoint   ] Safepoint "Cleanup", Time since last: 1175598479 ns, Reaching safepoint: 38741 ns, Cleanup: 24268 ns, At safepoint: 18619 ns, Total: 81628 ns
[2026-03-27T13:31:16.757+0000][69][info ][safepoint   ] Safepoint "Cleanup", Time since last: 16056727934 ns, Reaching safepoint: 79092 ns, Cleanup: 20911 ns, At safepoint: 7968 ns, Total: 107971 ns
[2026-03-27T13:31:20.805+0000][69][info ][safepoint   ] Safepoint "Cleanup", Time since last: 4047936313 ns, Reaching safepoint: 114784 ns, Cleanup: 43481 ns, At safepoint: 16950 ns, Total: 175215 ns
[2026-03-27T13:31:22.807+0000][69][info ][safepoint   ] Safepoint "Cleanup", Time since last: 2001600951 ns, Reaching safepoint: 75761 ns, Cleanup: 21989 ns, At safepoint: 85333 ns, Total: 183083 ns
[2026-03-27T13:31:23.828+0000][69][info ][safepoint   ] Safepoint "Cleanup", Time since last: 1021352673 ns, Reaching safepoint: 14304 ns, Cleanup: 25550 ns, At safepoint: 6225 ns, Total: 46079 ns
[2026-03-27T13:31:35.273+0000][69][info ][safepoint   ] Safepoint "Cleanup", Time since last: 11450269030 ns, Reaching safepoint: 17217 ns, Cleanup: 14408 ns, At safepoint: 121936 ns, Total: 153561 ns
[2026-03-27T13:31:37.905+0000][69][info ][safepoint   ] Safepoint "Cleanup", Time since last: 2631383886 ns, Reaching safepoint: 53754 ns, Cleanup: 28532 ns, At safepoint: 12640 ns, Total: 94926 ns
[2026-03-27T13:31:38.906+0000][69][info ][safepoint   ] Safepoint "Cleanup", Time since last: 1001499511 ns, Reaching safepoint: 36877 ns, Cleanup: 21013 ns, At safepoint: 9206 ns, Total: 67096 ns
[2026-03-27T13:31:46.261+0000][69][info ][safepoint   ] Safepoint "Cleanup", Time since last: 7354588944 ns, Reaching safepoint: 58980 ns, Cleanup: 24933 ns, At safepoint: 10723 ns, Total: 94636 ns
[2026-03-27T13:31:51.915+0000][69][info ][safepoint   ] Safepoint "Cleanup", Time since last: 5653819310 ns, Reaching safepoint: 13231 ns, Cleanup: 19802 ns, At safepoint: 6149 ns, Total: 39182 ns
[2026-03-27T13:31:52.917+0000][69][info ][safepoint   ] Safepoint "Cleanup", Time since last: 1001594933 ns, Reaching safepoint: 41538 ns, Cleanup: 18945 ns, At safepoint: 7283 ns, Total: 67766 ns
[2026-03-27T13:31:53.972+0000][69][info ][safepoint   ] Safepoint "Cleanup", Time since last: 1055240689 ns, Reaching safepoint: 13964 ns, Cleanup: 15981 ns, At safepoint: 7382 ns, Total: 37327 ns
[2026-03-27T13:32:08.060+0000][69][info ][safepoint   ] Safepoint "Cleanup", Time since last: 14092931465 ns, Reaching safepoint: 85980 ns, Cleanup: 34579 ns, At safepoint: 15892 ns, Total: 136451 ns
[2026-03-27T13:32:09.061+0000][69][info ][safepoint   ] Safepoint "Cleanup", Time since last: 1001208870 ns, Reaching safepoint: 31503 ns, Cleanup: 15286 ns, At safepoint: 6797 ns, Total: 53586 ns
[2026-03-27T13:32:10.063+0000][69][info ][safepoint   ] Safepoint "Cleanup", Time since last: 1001526186 ns, Reaching safepoint: 33947 ns, Cleanup: 22048 ns, At safepoint: 8187 ns, Total: 64182 ns
[2026-03-27T13:32:17.269+0000][69][info ][safepoint   ] Safepoint "Cleanup", Time since last: 7206354033 ns, Reaching safepoint: 70868 ns, Cleanup: 47079 ns, At safepoint: 79602 ns, Total: 197549 ns
[2026-03-27T13:32:19.120+0000][69][info ][safepoint   ] Safepoint "Cleanup", Time since last: 1850223180 ns, Reaching safepoint: 176239 ns, Cleanup: 32851 ns, At safepoint: 18274 ns, Total: 227364 ns
[2026-03-27T13:32:20.122+0000][69][info ][safepoint   ] Safepoint "Cleanup", Time since last: 1002021296 ns, Reaching safepoint: 46576 ns, Cleanup: 24331 ns, At safepoint: 11772 ns, Total: 82679 ns
[2026-03-27T13:32:23.470+0000][69][info ][gc,start    ] GC(78) Pause Young (Concurrent Start) (G1 Evacuation Pause)
[2026-03-27T13:32:23.471+0000][69][info ][gc,task     ] GC(78) Using 10 workers of 10 for evacuation
[2026-03-27T13:32:23.473+0000][69][debug][gc,age      ] GC(78) Desired survivor size 20971520 bytes, new threshold 15 (max threshold 15)
[2026-03-27T13:32:23.562+0000][69][info ][gc,phases   ] GC(78)   Pre Evacuate Collection Set: 21.6ms
[2026-03-27T13:32:23.562+0000][69][info ][gc,phases   ] GC(78)   Merge Heap Roots: 0.7ms
[2026-03-27T13:32:23.565+0000][69][info ][gc,phases   ] GC(78)   Evacuate Collection Set: 61.5ms
[2026-03-27T13:32:23.567+0000][69][info ][gc,phases   ] GC(78)   Post Evacuate Collection Set: 2.7ms
[2026-03-27T13:32:23.568+0000][69][info ][gc,phases   ] GC(78)   Other: 4.3ms
[2026-03-27T13:32:23.569+0000][69][trace][gc,age      ] GC(78) Age table with threshold 15 (max threshold 15)
[2026-03-27T13:32:23.571+0000][69][trace][gc,age      ] GC(78) - age   1:    2790320 bytes,    2790320 total
[2026-03-27T13:32:23.573+0000][69][trace][gc,age      ] GC(78) - age   2:     999752 bytes,    3790072 total
[2026-03-27T13:32:23.577+0000][69][trace][gc,age      ] GC(78) - age   3:     522896 bytes,    4312968 total
[2026-03-27T13:32:23.583+0000][69][trace][gc,age      ] GC(78) - age   4:    1221944 bytes,    5534912 total
[2026-03-27T13:32:23.584+0000][69][trace][gc,age      ] GC(78) - age   5:     196448 bytes,    5731360 total
[2026-03-27T13:32:23.590+0000][69][trace][gc,age      ] GC(78) - age   6:      12168 bytes,    5743528 total
[2026-03-27T13:32:23.593+0000][69][trace][gc,age      ] GC(78) - age   7:      31416 bytes,    5774944 total
[2026-03-27T13:32:23.601+0000][69][trace][gc,age      ] GC(78) - age   8:       7280 bytes,    5782224 total
[2026-03-27T13:32:23.607+0000][69][trace][gc,age      ] GC(78) - age   9:       3808 bytes,    5786032 total
[2026-03-27T13:32:23.610+0000][69][trace][gc,age      ] GC(78) - age  10:      13616 bytes,    5799648 total
[2026-03-27T13:32:23.613+0000][69][trace][gc,age      ] GC(78) - age  11:      15344 bytes,    5814992 total
[2026-03-27T13:32:23.617+0000][69][trace][gc,age      ] GC(78) - age  12:      22232 bytes,    5837224 total
[2026-03-27T13:32:23.618+0000][69][trace][gc,age      ] GC(78) - age  13:      12040 bytes,    5849264 total
[2026-03-27T13:32:23.621+0000][69][trace][gc,age      ] GC(78) - age  14:       4016 bytes,    5853280 total
[2026-03-27T13:32:23.631+0000][69][trace][gc,age      ] GC(78) - age  15:       3944 bytes,    5857224 total
[2026-03-27T13:32:23.646+0000][69][info ][gc,heap     ] GC(78) Eden regions: 74->0(74)
[2026-03-27T13:32:23.648+0000][69][info ][gc,heap     ] GC(78) Survivor regions: 2->2(10)
[2026-03-27T13:32:23.651+0000][69][info ][gc,heap     ] GC(78) Old regions: 27->27
[2026-03-27T13:32:23.652+0000][69][info ][gc,heap     ] GC(78) Humongous regions: 0->0
[2026-03-27T13:32:23.653+0000][69][info ][gc,metaspace] GC(78) Metaspace: 146971K(151232K)->146971K(151232K) NonClass: 127776K(129728K)->127776K(129728K) Class: 19194K(21504K)->19194K(21504K)
[2026-03-27T13:32:23.656+0000][69][info ][gc          ] GC(78) Pause Young (Concurrent Start) (G1 Evacuation Pause) 406M->111M(512M) 185.769ms
[2026-03-27T13:32:23.659+0000][69][info ][gc,cpu      ] GC(78) User=0.53s Sys=0.03s Real=0.19s
[2026-03-27T13:32:23.659+0000][69][info ][gc          ] GC(79) Concurrent Mark Cycle
[2026-03-27T13:32:23.662+0000][69][info ][safepoint   ] Safepoint "G1CollectForAllocation", Time since last: 3347734486 ns, Reaching safepoint: 66448 ns, Cleanup: 13817 ns, At safepoint: 191781256 ns, Total: 191861521 ns
[2026-03-27T13:32:23.663+0000][69][info ][gc,marking  ] GC(79) Concurrent Scan Root Regions
[2026-03-27T13:32:23.689+0000][69][info ][gc,marking  ] GC(79) Concurrent Scan Root Regions 26.354ms
[2026-03-27T13:32:23.699+0000][69][info ][gc,marking  ] GC(79) Concurrent Mark
[2026-03-27T13:32:23.706+0000][69][info ][gc,marking  ] GC(79) Concurrent Mark From Roots
[2026-03-27T13:32:23.708+0000][69][info ][gc,task     ] GC(79) Using 3 workers of 3 for marking
[2026-03-27T13:32:24.064+0000][69][info ][gc,marking  ] GC(79) Concurrent Mark From Roots 357.999ms
[2026-03-27T13:32:24.065+0000][69][info ][gc,marking  ] GC(79) Concurrent Preclean
[2026-03-27T13:32:24.067+0000][69][info ][gc,marking  ] GC(79) Concurrent Preclean 1.785ms
[2026-03-27T13:32:24.070+0000][69][info ][gc,start    ] GC(79) Pause Remark
[2026-03-27T13:32:24.172+0000][69][info ][gc          ] GC(79) Pause Remark 120M->120M(512M) 101.400ms
[2026-03-27T13:32:24.173+0000][69][info ][gc,cpu      ] GC(79) User=0.28s Sys=0.01s Real=0.10s
[2026-03-27T13:32:24.180+0000][69][info ][safepoint   ] Safepoint "G1PauseRemark", Time since last: 408640555 ns, Reaching safepoint: 96368 ns, Cleanup: 29795 ns, At safepoint: 109327298 ns, Total: 109453461 ns
[2026-03-27T13:32:24.181+0000][69][info ][gc,marking  ] GC(79) Concurrent Mark 481.556ms
[2026-03-27T13:32:24.182+0000][69][info ][gc,marking  ] GC(79) Concurrent Rebuild Remembered Sets and Scrub Regions
[2026-03-27T13:32:24.263+0000][69][info ][gc,marking  ] GC(79) Concurrent Rebuild Remembered Sets and Scrub Regions 81.565ms
[2026-03-27T13:32:24.265+0000][69][info ][gc,start    ] GC(79) Pause Cleanup
[2026-03-27T13:32:24.266+0000][69][info ][gc          ] GC(79) Pause Cleanup 125M->125M(512M) 1.567ms
[2026-03-27T13:32:24.267+0000][69][info ][gc,cpu      ] GC(79) User=0.01s Sys=0.00s Real=0.00s
[2026-03-27T13:32:24.268+0000][69][info ][safepoint   ] Safepoint "G1PauseCleanup", Time since last: 84982198 ns, Reaching safepoint: 71066 ns, Cleanup: 39660 ns, At safepoint: 3791085 ns, Total: 3901811 ns
[2026-03-27T13:32:24.269+0000][69][info ][gc,marking  ] GC(79) Concurrent Clear Claimed Marks
[2026-03-27T13:32:24.271+0000][69][info ][gc,marking  ] GC(79) Concurrent Clear Claimed Marks 1.295ms
[2026-03-27T13:32:24.272+0000][69][info ][gc,marking  ] GC(79) Concurrent Cleanup for Next Mark
[2026-03-27T13:32:24.281+0000][69][info ][gc,marking  ] GC(79) Concurrent Cleanup for Next Mark 9.364ms
[2026-03-27T13:32:24.282+0000][69][info ][gc          ] GC(79) Concurrent Mark Cycle 623.253ms
[2026-03-27T13:32:25.292+0000][69][info ][safepoint   ] Safepoint "Cleanup", Time since last: 1023015203 ns, Reaching safepoint: 52681 ns, Cleanup: 28466 ns, At safepoint: 9873 ns, Total: 91020 ns
[2026-03-27T13:32:32.354+0000][69][info ][safepoint   ] Safepoint "Cleanup", Time since last: 7062414948 ns, Reaching safepoint: 48248 ns, Cleanup: 17258 ns, At safepoint: 6296 ns, Total: 71802 ns
[2026-03-27T13:32:34.350+0000][69][info ][safepoint   ] Safepoint "Cleanup", Time since last: 2001350192 ns, Reaching safepoint: 158813 ns, Cleanup: 32633 ns, At safepoint: 24690 ns, Total: 216136 ns
[2026-03-27T13:32:35.364+0000][69][info ][safepoint   ] Safepoint "Cleanup", Time since last: 1013191635 ns, Reaching safepoint: 22268 ns, Cleanup: 29687 ns, At safepoint: 12896 ns, Total: 64851 ns
[2026-03-27T13:32:37.428+0000][69][info ][safepoint   ] Safepoint "Cleanup", Time since last: 2064267091 ns, Reaching safepoint: 60533 ns, Cleanup: 27759 ns, At safepoint: 13288 ns, Total: 101580 ns
[2026-03-27T13:32:47.466+0000][69][info ][safepoint   ] Safepoint "Cleanup", Time since last: 10037507564 ns, Reaching safepoint: 50693 ns, Cleanup: 29279 ns, At safepoint: 24931 ns, Total: 104903 ns
[2026-03-27T13:32:50.832+0000][69][info ][safepoint   ] Safepoint "Cleanup", Time since last: 3366480065 ns, Reaching safepoint: 168018 ns, Cleanup: 74603 ns, At safepoint: 15388 ns, Total: 258009 ns
[2026-03-27T13:32:51.834+0000][69][info ][safepoint   ] Safepoint "Cleanup", Time since last: 1001800281 ns, Reaching safepoint: 182858 ns, Cleanup: 22914 ns, At safepoint: 110150 ns, Total: 315922 ns
[2026-03-27T13:32:54.497+0000][69][info ][safepoint   ] Safepoint "Cleanup", Time since last: 2662918347 ns, Reaching safepoint: 29015 ns, Cleanup: 11783 ns, At safepoint: 64792 ns, Total: 105590 ns
[2026-03-27T13:33:08.240+0000][69][info ][safepoint   ] Safepoint "Cleanup", Time since last: 13749389806 ns, Reaching safepoint: 27657 ns, Cleanup: 12825 ns, At safepoint: 4862 ns, Total: 45344 ns
[2026-03-27T13:33:16.638+0000][69][info ][safepoint   ] Safepoint "Cleanup", Time since last: 8398490572 ns, Reaching safepoint: 137992 ns, Cleanup: 33533 ns, At safepoint: 11230 ns, Total: 182755 ns
[2026-03-27T13:33:22.676+0000][69][info ][safepoint   ] Safepoint "Cleanup", Time since last: 6037477579 ns, Reaching safepoint: 126921 ns, Cleanup: 45215 ns, At safepoint: 16994 ns, Total: 189130 ns
[2026-03-27T13:33:29.709+0000][69][info ][safepoint   ] Safepoint "Cleanup", Time since last: 7033036585 ns, Reaching safepoint: 92033 ns, Cleanup: 28637 ns, At safepoint: 13287 ns, Total: 133957 ns
[2026-03-27T13:33:37.739+0000][69][info ][safepoint   ] Safepoint "Cleanup", Time since last: 8031798895 ns, Reaching safepoint: 81812 ns, Cleanup: 34739 ns, At safepoint: 14034 ns, Total: 130585 ns
[2026-03-27T13:33:56.252+0000][69][info ][gc,start    ] GC(80) Pause Young (Normal) (G1 Evacuation Pause)
[2026-03-27T13:33:56.252+0000][69][info ][gc,task     ] GC(80) Using 10 workers of 10 for evacuation
[2026-03-27T13:33:56.253+0000][69][debug][gc,age      ] GC(80) Desired survivor size 20971520 bytes, new threshold 15 (max threshold 15)
[2026-03-27T13:33:56.271+0000][69][info ][gc,phases   ] GC(80)   Pre Evacuate Collection Set: 0.6ms
[2026-03-27T13:33:56.272+0000][69][info ][gc,phases   ] GC(80)   Merge Heap Roots: 0.3ms
[2026-03-27T13:33:56.273+0000][69][info ][gc,phases   ] GC(80)   Evacuate Collection Set: 14.0ms
[2026-03-27T13:33:56.274+0000][69][info ][gc,phases   ] GC(80)   Post Evacuate Collection Set: 2.4ms
[2026-03-27T13:33:56.275+0000][69][info ][gc,phases   ] GC(80)   Other: 1.3ms
[2026-03-27T13:33:56.276+0000][69][trace][gc,age      ] GC(80) Age table with threshold 15 (max threshold 15)
[2026-03-27T13:33:56.277+0000][69][trace][gc,age      ] GC(80) - age   1:    2778056 bytes,    2778056 total
[2026-03-27T13:33:56.278+0000][69][trace][gc,age      ] GC(80) - age   2:     519864 bytes,    3297920 total
[2026-03-27T13:33:56.280+0000][69][trace][gc,age      ] GC(80) - age   3:     642728 bytes,    3940648 total
[2026-03-27T13:33:56.281+0000][69][trace][gc,age      ] GC(80) - age   4:     520360 bytes,    4461008 total
[2026-03-27T13:33:56.282+0000][69][trace][gc,age      ] GC(80) - age   5:    1213320 bytes,    5674328 total
[2026-03-27T13:33:56.283+0000][69][trace][gc,age      ] GC(80) - age   6:     196304 bytes,    5870632 total
[2026-03-27T13:33:56.284+0000][69][trace][gc,age      ] GC(80) - age   7:      12168 bytes,    5882800 total
[2026-03-27T13:33:56.285+0000][69][trace][gc,age      ] GC(80) - age   8:      26080 bytes,    5908880 total
[2026-03-27T13:33:56.286+0000][69][trace][gc,age      ] GC(80) - age   9:       7280 bytes,    5916160 total
[2026-03-27T13:33:56.287+0000][69][trace][gc,age      ] GC(80) - age  10:       3808 bytes,    5919968 total
[2026-03-27T13:33:56.288+0000][69][trace][gc,age      ] GC(80) - age  11:      13616 bytes,    5933584 total
[2026-03-27T13:33:56.289+0000][69][trace][gc,age      ] GC(80) - age  12:      15344 bytes,    5948928 total
[2026-03-27T13:33:56.290+0000][69][trace][gc,age      ] GC(80) - age  13:      22232 bytes,    5971160 total
[2026-03-27T13:33:56.291+0000][69][trace][gc,age      ] GC(80) - age  14:      12040 bytes,    5983200 total
[2026-03-27T13:33:56.292+0000][69][trace][gc,age      ] GC(80) - age  15:       4016 bytes,    5987216 total
[2026-03-27T13:33:56.293+0000][69][info ][gc,heap     ] GC(80) Eden regions: 74->0(74)
[2026-03-27T13:33:56.294+0000][69][info ][gc,heap     ] GC(80) Survivor regions: 2->2(10)
[2026-03-27T13:33:56.295+0000][69][info ][gc,heap     ] GC(80) Old regions: 27->27
[2026-03-27T13:33:56.296+0000][69][info ][gc,heap     ] GC(80) Humongous regions: 0->0
[2026-03-27T13:33:56.297+0000][69][info ][gc,metaspace] GC(80) Metaspace: 146982K(151232K)->146982K(151232K) NonClass: 127787K(129728K)->127787K(129728K) Class: 19194K(21504K)->19194K(21504K)
[2026-03-27T13:33:56.298+0000][69][info ][gc          ] GC(80) Pause Young (Normal) (G1 Evacuation Pause) 407M->111M(512M) 46.798ms
[2026-03-27T13:33:56.300+0000][69][info ][gc,cpu      ] GC(80) User=0.09s Sys=0.00s Real=0.05s
[2026-03-27T13:33:56.301+0000][69][info ][safepoint   ] Safepoint "G1CollectForAllocation", Time since last: 18512842085 ns, Reaching safepoint: 15683 ns, Cleanup: 3890 ns, At safepoint: 49346849 ns, Total: 49366422 ns
[2026-03-27T13:33:57.856+0000][69][info ][safepoint   ] Safepoint "Cleanup", Time since last: 1554947632 ns, Reaching safepoint: 40420 ns, Cleanup: 32716 ns, At safepoint: 10484 ns, Total: 83620 ns
[2026-03-27T13:34:02.873+0000][69][info ][safepoint   ] Safepoint "Cleanup", Time since last: 5017041926 ns, Reaching safepoint: 71876 ns, Cleanup: 51575 ns, At safepoint: 11059 ns, Total: 134510 ns
[2026-03-27T13:34:03.901+0000][69][info ][safepoint   ] Safepoint "Cleanup", Time since last: 1027773241 ns, Reaching safepoint: 22169 ns, Cleanup: 17470 ns, At safepoint: 9212 ns, Total: 48851 ns
[2026-03-27T13:34:11.940+0000][69][info ][safepoint   ] Safepoint "Cleanup", Time since last: 8044527139 ns, Reaching safepoint: 41128 ns, Cleanup: 24431 ns, At safepoint: 9312 ns, Total: 74871 ns
[2026-03-27T13:34:20.245+0000][69][info ][safepoint   ] Safepoint "Cleanup", Time since last: 8305591816 ns, Reaching safepoint: 28172 ns, Cleanup: 9645 ns, At safepoint: 5009 ns, Total: 42826 ns
[2026-03-27T13:34:22.008+0000][69][info ][safepoint   ] Safepoint "Cleanup", Time since last: 1762534151 ns, Reaching safepoint: 40040 ns, Cleanup: 25014 ns, At safepoint: 10044 ns, Total: 75098 ns
[2026-03-27T13:34:25.043+0000][69][info ][safepoint   ] Safepoint "Cleanup", Time since last: 3035334713 ns, Reaching safepoint: 36355 ns, Cleanup: 24304 ns, At safepoint: 10100 ns, Total: 70759 ns
[2026-03-27T13:34:26.242+0000][69][info ][safepoint   ] Safepoint "Cleanup", Time since last: 1198319699 ns, Reaching safepoint: 15074 ns, Cleanup: 24736 ns, At safepoint: 4490 ns, Total: 44300 ns
[2026-03-27T13:34:32.243+0000][69][info ][safepoint   ] Safepoint "Cleanup", Time since last: 6000969464 ns, Reaching safepoint: 14174 ns, Cleanup: 12656 ns, At safepoint: 3623 ns, Total: 30453 ns
[2026-03-27T13:34:34.096+0000][69][info ][safepoint   ] Safepoint "Cleanup", Time since last: 1853220163 ns, Reaching safepoint: 15092 ns, Cleanup: 16604 ns, At safepoint: 6762 ns, Total: 38458 ns
[2026-03-27T13:34:56.234+0000][69][info ][safepoint   ] Safepoint "Cleanup", Time since last: 22143152772 ns, Reaching safepoint: 9545 ns, Cleanup: 8325 ns, At safepoint: 3996 ns, Total: 21866 ns
[2026-03-27T13:35:03.241+0000][69][info ][safepoint   ] Safepoint "Cleanup", Time since last: 7006673758 ns, Reaching safepoint: 16195 ns, Cleanup: 17616 ns, At safepoint: 9941 ns, Total: 43752 ns
[2026-03-27T13:35:38.422+0000][69][info ][gc,start    ] GC(81) Pause Young (Concurrent Start) (G1 Evacuation Pause)
[2026-03-27T13:35:38.423+0000][69][info ][gc,task     ] GC(81) Using 10 workers of 10 for evacuation
[2026-03-27T13:35:38.424+0000][69][debug][gc,age      ] GC(81) Desired survivor size 20971520 bytes, new threshold 15 (max threshold 15)
[2026-03-27T13:35:38.435+0000][69][info ][gc,phases   ] GC(81)   Pre Evacuate Collection Set: 0.9ms
[2026-03-27T13:35:38.436+0000][69][info ][gc,phases   ] GC(81)   Merge Heap Roots: 0.3ms
[2026-03-27T13:35:38.437+0000][69][info ][gc,phases   ] GC(81)   Evacuate Collection Set: 7.5ms
[2026-03-27T13:35:38.438+0000][69][info ][gc,phases   ] GC(81)   Post Evacuate Collection Set: 1.8ms
[2026-03-27T13:35:38.439+0000][69][info ][gc,phases   ] GC(81)   Other: 1.7ms
[2026-03-27T13:35:38.440+0000][69][trace][gc,age      ] GC(81) Age table with threshold 15 (max threshold 15)
[2026-03-27T13:35:38.440+0000][69][trace][gc,age      ] GC(81) - age   1:    1815800 bytes,    1815800 total
[2026-03-27T13:35:38.441+0000][69][trace][gc,age      ] GC(81) - age   2:     986920 bytes,    2802720 total
[2026-03-27T13:35:38.442+0000][69][trace][gc,age      ] GC(81) - age   3:     271040 bytes,    3073760 total
[2026-03-27T13:35:38.443+0000][69][trace][gc,age      ] GC(81) - age   4:      90792 bytes,    3164552 total
[2026-03-27T13:35:38.443+0000][69][trace][gc,age      ] GC(81) - age   5:     519736 bytes,    3684288 total
[2026-03-27T13:35:38.444+0000][69][trace][gc,age      ] GC(81) - age   6:    1121392 bytes,    4805680 total
[2026-03-27T13:35:38.445+0000][69][trace][gc,age      ] GC(81) - age   7:     131632 bytes,    4937312 total
[2026-03-27T13:35:38.446+0000][69][trace][gc,age      ] GC(81) - age   8:      12168 bytes,    4949480 total
[2026-03-27T13:35:38.447+0000][69][trace][gc,age      ] GC(81) - age   9:      26080 bytes,    4975560 total
[2026-03-27T13:35:38.447+0000][69][trace][gc,age      ] GC(81) - age  10:       7280 bytes,    4982840 total
[2026-03-27T13:35:38.448+0000][69][trace][gc,age      ] GC(81) - age  11:       3808 bytes,    4986648 total
[2026-03-27T13:35:38.449+0000][69][trace][gc,age      ] GC(81) - age  12:      13616 bytes,    5000264 total
[2026-03-27T13:35:38.450+0000][69][trace][gc,age      ] GC(81) - age  13:      15344 bytes,    5015608 total
[2026-03-27T13:35:38.451+0000][69][trace][gc,age      ] GC(81) - age  14:      22232 bytes,    5037840 total
[2026-03-27T13:35:38.452+0000][69][trace][gc,age      ] GC(81) - age  15:      12040 bytes,    5049880 total
[2026-03-27T13:35:38.453+0000][69][info ][gc,heap     ] GC(81) Eden regions: 74->0(74)
[2026-03-27T13:35:38.454+0000][69][info ][gc,heap     ] GC(81) Survivor regions: 2->2(10)
[2026-03-27T13:35:38.455+0000][69][info ][gc,heap     ] GC(81) Old regions: 27->27
[2026-03-27T13:35:38.456+0000][69][info ][gc,heap     ] GC(81) Humongous regions: 0->0
[2026-03-27T13:35:38.457+0000][69][info ][gc,metaspace] GC(81) Metaspace: 146988K(151232K)->146988K(151232K) NonClass: 127794K(129728K)->127794K(129728K) Class: 19194K(21504K)->19194K(21504K)
[2026-03-27T13:35:38.458+0000][69][info ][gc          ] GC(81) Pause Young (Concurrent Start) (G1 Evacuation Pause) 407M->110M(512M) 35.601ms
[2026-03-27T13:35:38.459+0000][69][info ][gc          ] GC(82) Concurrent Mark Cycle
[2026-03-27T13:35:38.460+0000][69][info ][gc,marking  ] GC(82) Concurrent Scan Root Regions
[2026-03-27T13:35:38.459+0000][69][info ][gc,cpu      ] GC(81) User=0.05s Sys=0.00s Real=0.03s
[2026-03-27T13:35:38.462+0000][69][info ][safepoint   ] Safepoint "G1CollectForAllocation", Time since last: 35189899128 ns, Reaching safepoint: 115980 ns, Cleanup: 7681 ns, At safepoint: 39479207 ns, Total: 39602868 ns
[2026-03-27T13:35:38.465+0000][69][info ][gc,marking  ] GC(82) Concurrent Scan Root Regions 4.511ms
[2026-03-27T13:35:38.466+0000][69][info ][gc,marking  ] GC(82) Concurrent Mark
[2026-03-27T13:35:38.466+0000][69][info ][gc,marking  ] GC(82) Concurrent Mark From Roots
[2026-03-27T13:35:38.467+0000][69][info ][gc,task     ] GC(82) Using 3 workers of 3 for marking
[2026-03-27T13:35:38.538+0000][69][info ][gc,marking  ] GC(82) Concurrent Mark From Roots 71.878ms
[2026-03-27T13:35:38.539+0000][69][info ][gc,marking  ] GC(82) Concurrent Preclean
[2026-03-27T13:35:38.540+0000][69][info ][gc,marking  ] GC(82) Concurrent Preclean 1.105ms
[2026-03-27T13:35:38.542+0000][69][info ][gc,start    ] GC(82) Pause Remark
[2026-03-27T13:35:38.559+0000][69][info ][gc          ] GC(82) Pause Remark 112M->112M(512M) 16.941ms
[2026-03-27T13:35:38.560+0000][69][info ][gc,cpu      ] GC(82) User=0.08s Sys=0.00s Real=0.01s
[2026-03-27T13:35:38.560+0000][69][info ][safepoint   ] Safepoint "G1PauseRemark", Time since last: 80155732 ns, Reaching safepoint: 18463 ns, Cleanup: 4536 ns, At safepoint: 18483768 ns, Total: 18506767 ns
[2026-03-27T13:35:38.561+0000][69][info ][gc,marking  ] GC(82) Concurrent Mark 95.415ms
[2026-03-27T13:35:38.562+0000][69][info ][gc,marking  ] GC(82) Concurrent Rebuild Remembered Sets and Scrub Regions
[2026-03-27T13:35:38.590+0000][69][info ][gc,marking  ] GC(82) Concurrent Rebuild Remembered Sets and Scrub Regions 28.583ms
[2026-03-27T13:35:38.591+0000][69][info ][gc,start    ] GC(82) Pause Cleanup
[2026-03-27T13:35:38.592+0000][69][info ][gc          ] GC(82) Pause Cleanup 112M->112M(512M) 1.089ms
[2026-03-27T13:35:38.593+0000][69][info ][gc,cpu      ] GC(82) User=0.00s Sys=0.00s Real=0.00s
[2026-03-27T13:35:38.594+0000][69][info ][safepoint   ] Safepoint "G1PauseCleanup", Time since last: 30875414 ns, Reaching safepoint: 26847 ns, Cleanup: 12699 ns, At safepoint: 2759956 ns, Total: 2799502 ns
[2026-03-27T13:35:38.595+0000][69][info ][gc,marking  ] GC(82) Concurrent Clear Claimed Marks
[2026-03-27T13:35:38.596+0000][69][info ][gc,marking  ] GC(82) Concurrent Clear Claimed Marks 1.015ms
[2026-03-27T13:35:38.597+0000][69][info ][gc,marking  ] GC(82) Concurrent Cleanup for Next Mark
[2026-03-27T13:35:38.599+0000][69][info ][gc,marking  ] GC(82) Concurrent Cleanup for Next Mark 2.079ms
[2026-03-27T13:35:38.601+0000][69][info ][gc          ] GC(82) Concurrent Mark Cycle 141.626ms
[2026-03-27T13:36:18.649+0000][69][info ][safepoint   ] Safepoint "Cleanup", Time since last: 40059901737 ns, Reaching safepoint: 75496 ns, Cleanup: 20219 ns, At safepoint: 10920 ns, Total: 106635 ns
[2026-03-27T13:36:30.722+0000][69][info ][safepoint   ] Safepoint "Cleanup", Time since last: 12073219953 ns, Reaching safepoint: 83444 ns, Cleanup: 36544 ns, At safepoint: 15821 ns, Total: 135809 ns
[2026-03-27T13:36:32.731+0000][69][info ][safepoint   ] Safepoint "Cleanup", Time since last: 2008833479 ns, Reaching safepoint: 79060 ns, Cleanup: 37347 ns, At safepoint: 122453 ns, Total: 238860 ns
[2026-03-27T13:36:37.769+0000][69][info ][safepoint   ] Safepoint "Cleanup", Time since last: 5042196360 ns, Reaching safepoint: 131282 ns, Cleanup: 30398 ns, At safepoint: 15059 ns, Total: 176739 ns
[2026-03-27T13:36:55.313+0000][69][info ][safepoint   ] Safepoint "Cleanup", Time since last: 17544251482 ns, Reaching safepoint: 81465 ns, Cleanup: 47320 ns, At safepoint: 17094 ns, Total: 145879 ns
[2026-03-27T13:36:57.948+0000][69][info ][safepoint   ] Safepoint "Cleanup", Time since last: 2634034593 ns, Reaching safepoint: 248888 ns, Cleanup: 42823 ns, At safepoint: 230899 ns, Total: 522610 ns
[2026-03-27T13:36:59.285+0000][69][info ][safepoint   ] Safepoint "Cleanup", Time since last: 1337374193 ns, Reaching safepoint: 19834 ns, Cleanup: 83151 ns, At safepoint: 72969 ns, Total: 175954 ns
[2026-03-27T13:37:02.393+0000][69][info ][safepoint   ] Safepoint "Cleanup", Time since last: 3107303492 ns, Reaching safepoint: 88963 ns, Cleanup: 20463 ns, At safepoint: 86330 ns, Total: 195756 ns
[2026-03-27T13:37:03.513+0000][69][info ][safepoint   ] Safepoint "Cleanup", Time since last: 1119737615 ns, Reaching safepoint: 553172 ns, Cleanup: 42253 ns, At safepoint: 193786 ns, Total: 789211 ns
[2026-03-27T13:37:04.566+0000][69][info ][safepoint   ] Safepoint "Cleanup", Time since last: 1057296764 ns, Reaching safepoint: 382006 ns, Cleanup: 26737 ns, At safepoint: 124929 ns, Total: 533672 ns
[2026-03-27T13:37:05.223+0000][69][info ][gc,start    ] GC(83) Pause Young (Normal) (G1 Evacuation Pause)
[2026-03-27T13:37:05.224+0000][69][info ][gc,task     ] GC(83) Using 10 workers of 10 for evacuation
[2026-03-27T13:37:05.225+0000][69][debug][gc,age      ] GC(83) Desired survivor size 20971520 bytes, new threshold 15 (max threshold 15)
[2026-03-27T13:37:05.242+0000][69][info ][gc,phases   ] GC(83)   Pre Evacuate Collection Set: 1.8ms
[2026-03-27T13:37:05.244+0000][69][info ][gc,phases   ] GC(83)   Merge Heap Roots: 1.0ms
[2026-03-27T13:37:05.245+0000][69][info ][gc,phases   ] GC(83)   Evacuate Collection Set: 10.6ms
[2026-03-27T13:37:05.246+0000][69][info ][gc,phases   ] GC(83)   Post Evacuate Collection Set: 2.9ms
[2026-03-27T13:37:05.246+0000][69][info ][gc,phases   ] GC(83)   Other: 1.6ms
[2026-03-27T13:37:05.247+0000][69][trace][gc,age      ] GC(83) Age table with threshold 15 (max threshold 15)
[2026-03-27T13:37:05.247+0000][69][trace][gc,age      ] GC(83) - age   1:    1777816 bytes,    1777816 total
[2026-03-27T13:37:05.248+0000][69][trace][gc,age      ] GC(83) - age   2:     220632 bytes,    1998448 total
[2026-03-27T13:37:05.248+0000][69][trace][gc,age      ] GC(83) - age   3:     588144 bytes,    2586592 total
[2026-03-27T13:37:05.250+0000][69][trace][gc,age      ] GC(83) - age   4:     134864 bytes,    2721456 total
[2026-03-27T13:37:05.251+0000][69][trace][gc,age      ] GC(83) - age   5:      85520 bytes,    2806976 total
[2026-03-27T13:37:05.251+0000][69][trace][gc,age      ] GC(83) - age   6:     122744 bytes,    2929720 total
[2026-03-27T13:37:05.253+0000][69][trace][gc,age      ] GC(83) - age   7:    1059280 bytes,    3989000 total
[2026-03-27T13:37:05.253+0000][69][trace][gc,age      ] GC(83) - age   8:      99160 bytes,    4088160 total
[2026-03-27T13:37:05.254+0000][69][trace][gc,age      ] GC(83) - age   9:      12168 bytes,    4100328 total
[2026-03-27T13:37:05.255+0000][69][trace][gc,age      ] GC(83) - age  10:      26080 bytes,    4126408 total
[2026-03-27T13:37:05.255+0000][69][trace][gc,age      ] GC(83) - age  11:       7280 bytes,    4133688 total
[2026-03-27T13:37:05.256+0000][69][trace][gc,age      ] GC(83) - age  12:       3808 bytes,    4137496 total
[2026-03-27T13:37:05.256+0000][69][trace][gc,age      ] GC(83) - age  13:      13616 bytes,    4151112 total
[2026-03-27T13:37:05.257+0000][69][trace][gc,age      ] GC(83) - age  14:      15344 bytes,    4166456 total
[2026-03-27T13:37:05.258+0000][69][trace][gc,age      ] GC(83) - age  15:      22232 bytes,    4188688 total
[2026-03-27T13:37:05.259+0000][69][info ][gc,heap     ] GC(83) Eden regions: 74->0(74)
[2026-03-27T13:37:05.259+0000][69][info ][gc,heap     ] GC(83) Survivor regions: 2->2(10)
[2026-03-27T13:37:05.261+0000][69][info ][gc,heap     ] GC(83) Old regions: 27->27
[2026-03-27T13:37:05.262+0000][69][info ][gc,heap     ] GC(83) Humongous regions: 0->0
[2026-03-27T13:37:05.263+0000][69][info ][gc,metaspace] GC(83) Metaspace: 147066K(151232K)->147066K(151232K) NonClass: 127870K(129728K)->127870K(129728K) Class: 19195K(21504K)->19195K(21504K)
[2026-03-27T13:37:05.264+0000][69][info ][gc          ] GC(83) Pause Young (Normal) (G1 Evacuation Pause) 406M->109M(512M) 40.637ms
[2026-03-27T13:37:05.264+0000][69][info ][gc,cpu      ] GC(83) User=0.05s Sys=0.02s Real=0.04s
[2026-03-27T13:37:05.267+0000][69][info ][safepoint   ] Safepoint "G1CollectForAllocation", Time since last: 656723046 ns, Reaching safepoint: 50235 ns, Cleanup: 35589 ns, At safepoint: 44071566 ns, Total: 44157390 ns
[2026-03-27T13:37:06.656+0000][69][info ][safepoint   ] Safepoint "Cleanup", Time since last: 1389138387 ns, Reaching safepoint: 8250 ns, Cleanup: 8296 ns, At safepoint: 4714 ns, Total: 21260 ns
[2026-03-27T13:37:09.104+0000][69][info ][safepoint   ] Safepoint "Cleanup", Time since last: 2447786537 ns, Reaching safepoint: 9414 ns, Cleanup: 15460 ns, At safepoint: 5628 ns, Total: 30502 ns
[2026-03-27T13:37:10.792+0000][69][info ][safepoint   ] Safepoint "Cleanup", Time since last: 1687385301 ns, Reaching safepoint: 224207 ns, Cleanup: 135381 ns, At safepoint: 56546 ns, Total: 416134 ns
[2026-03-27T13:37:15.868+0000][69][info ][safepoint   ] Safepoint "Cleanup", Time since last: 5075981391 ns, Reaching safepoint: 25661 ns, Cleanup: 18250 ns, At safepoint: 9762 ns, Total: 53673 ns
[2026-03-27T13:37:17.978+0000][69][info ][safepoint   ] Safepoint "Cleanup", Time since last: 2109320499 ns, Reaching safepoint: 251506 ns, Cleanup: 178893 ns, At safepoint: 621827 ns, Total: 1052226 ns
[2026-03-27T13:37:23.283+0000][69][info ][safepoint   ] Safepoint "Cleanup", Time since last: 5304767507 ns, Reaching safepoint: 133350 ns, Cleanup: 38969 ns, At safepoint: 13496 ns, Total: 185815 ns
[2026-03-27T13:37:26.751+0000][69][info ][safepoint   ] Safepoint "Cleanup", Time since last: 3467642129 ns, Reaching safepoint: 16679 ns, Cleanup: 21438 ns, At safepoint: 6534 ns, Total: 44651 ns
[2026-03-27T13:37:37.364+0000][69][info ][safepoint   ] Safepoint "Cleanup", Time since last: 10617916638 ns, Reaching safepoint: 127809 ns, Cleanup: 21713 ns, At safepoint: 11621 ns, Total: 161143 ns
[2026-03-27T13:37:38.371+0000][69][info ][safepoint   ] Safepoint "Cleanup", Time since last: 1006380857 ns, Reaching safepoint: 7928 ns, Cleanup: 9798 ns, At safepoint: 3757 ns, Total: 21483 ns
[2026-03-27T13:37:40.188+0000][69][info ][safepoint   ] Safepoint "Cleanup", Time since last: 1816998605 ns, Reaching safepoint: 95752 ns, Cleanup: 89020 ns, At safepoint: 20322 ns, Total: 205094 ns
[2026-03-27T13:37:41.316+0000][69][info ][safepoint   ] Safepoint "Cleanup", Time since last: 1127669246 ns, Reaching safepoint: 39785 ns, Cleanup: 95625 ns, At safepoint: 133029 ns, Total: 268439 ns
[2026-03-27T13:37:42.415+0000][69][info ][safepoint   ] Safepoint "Cleanup", Time since last: 1098725562 ns, Reaching safepoint: 43258 ns, Cleanup: 128188 ns, At safepoint: 10340 ns, Total: 181786 ns
[2026-03-27T13:37:44.328+0000][69][info ][safepoint   ] Safepoint "Cleanup", Time since last: 1913427943 ns, Reaching safepoint: 24686 ns, Cleanup: 27668 ns, At safepoint: 10432 ns, Total: 62786 ns
[2026-03-27T13:37:45.441+0000][69][info ][safepoint   ] Safepoint "Cleanup", Time since last: 1112720980 ns, Reaching safepoint: 29706 ns, Cleanup: 34568 ns, At safepoint: 10174 ns, Total: 74448 ns
[2026-03-27T13:37:48.034+0000][69][info ][safepoint   ] Safepoint "Cleanup", Time since last: 2593085502 ns, Reaching safepoint: 88633 ns, Cleanup: 66257 ns, At safepoint: 14996 ns, Total: 169886 ns
[2026-03-27T13:37:50.225+0000][69][info ][safepoint   ] Safepoint "Cleanup", Time since last: 2191204564 ns, Reaching safepoint: 32603 ns, Cleanup: 19408 ns, At safepoint: 8477 ns, Total: 60488 ns
[2026-03-27T13:37:51.579+0000][69][info ][safepoint   ] Safepoint "Cleanup", Time since last: 1353797874 ns, Reaching safepoint: 34283 ns, Cleanup: 21288 ns, At safepoint: 8192 ns, Total: 63763 ns
[2026-03-27T13:37:56.321+0000][69][info ][safepoint   ] Safepoint "Cleanup", Time since last: 4741263988 ns, Reaching safepoint: 6568 ns, Cleanup: 7534 ns, At safepoint: 2896 ns, Total: 16998 ns
[2026-03-27T13:37:57.326+0000][69][info ][safepoint   ] Safepoint "Cleanup", Time since last: 1005134932 ns, Reaching safepoint: 23428 ns, Cleanup: 19864 ns, At safepoint: 9323 ns, Total: 52615 ns
[2026-03-27T13:37:57.595+0000][69][info ][gc,start    ] GC(84) Pause Young (Concurrent Start) (G1 Evacuation Pause)
[2026-03-27T13:37:57.596+0000][69][info ][gc,task     ] GC(84) Using 10 workers of 10 for evacuation
[2026-03-27T13:37:57.597+0000][69][debug][gc,age      ] GC(84) Desired survivor size 20971520 bytes, new threshold 15 (max threshold 15)
[2026-03-27T13:37:57.618+0000][69][info ][gc,phases   ] GC(84)   Pre Evacuate Collection Set: 1.1ms
[2026-03-27T13:37:57.618+0000][69][info ][gc,phases   ] GC(84)   Merge Heap Roots: 0.4ms
[2026-03-27T13:37:57.619+0000][69][info ][gc,phases   ] GC(84)   Evacuate Collection Set: 14.2ms
[2026-03-27T13:37:57.620+0000][69][info ][gc,phases   ] GC(84)   Post Evacuate Collection Set: 2.9ms
[2026-03-27T13:37:57.622+0000][69][info ][gc,phases   ] GC(84)   Other: 2.9ms
[2026-03-27T13:37:57.623+0000][69][trace][gc,age      ] GC(84) Age table with threshold 15 (max threshold 15)
[2026-03-27T13:37:57.624+0000][69][trace][gc,age      ] GC(84) - age   1:    2764424 bytes,    2764424 total
[2026-03-27T13:37:57.625+0000][69][trace][gc,age      ] GC(84) - age   2:     682832 bytes,    3447256 total
[2026-03-27T13:37:57.626+0000][69][trace][gc,age      ] GC(84) - age   3:     166488 bytes,    3613744 total
[2026-03-27T13:37:57.627+0000][69][trace][gc,age      ] GC(84) - age   4:     509952 bytes,    4123696 total
[2026-03-27T13:37:57.629+0000][69][trace][gc,age      ] GC(84) - age   5:     134352 bytes,    4258048 total
[2026-03-27T13:37:57.630+0000][69][trace][gc,age      ] GC(84) - age   6:      81448 bytes,    4339496 total
[2026-03-27T13:37:57.631+0000][69][trace][gc,age      ] GC(84) - age   7:     122400 bytes,    4461896 total
[2026-03-27T13:37:57.632+0000][69][trace][gc,age      ] GC(84) - age   8:     771856 bytes,    5233752 total
[2026-03-27T13:37:57.633+0000][69][trace][gc,age      ] GC(84) - age   9:      99040 bytes,    5332792 total
[2026-03-27T13:37:57.635+0000][69][trace][gc,age      ] GC(84) - age  10:      12168 bytes,    5344960 total
[2026-03-27T13:37:57.636+0000][69][trace][gc,age      ] GC(84) - age  11:      26080 bytes,    5371040 total
[2026-03-27T13:37:57.637+0000][69][trace][gc,age      ] GC(84) - age  12:       6728 bytes,    5377768 total
[2026-03-27T13:37:57.639+0000][69][trace][gc,age      ] GC(84) - age  13:       3808 bytes,    5381576 total
[2026-03-27T13:37:57.640+0000][69][trace][gc,age      ] GC(84) - age  14:      13616 bytes,    5395192 total
[2026-03-27T13:37:57.641+0000][69][trace][gc,age      ] GC(84) - age  15:      15344 bytes,    5410536 total
[2026-03-27T13:37:57.642+0000][69][info ][gc,heap     ] GC(84) Eden regions: 74->0(74)
[2026-03-27T13:37:57.643+0000][69][info ][gc,heap     ] GC(84) Survivor regions: 2->2(10)
[2026-03-27T13:37:57.644+0000][69][info ][gc,heap     ] GC(84) Old regions: 27->27
[2026-03-27T13:37:57.646+0000][69][info ][gc,heap     ] GC(84) Humongous regions: 0->0
[2026-03-27T13:37:57.647+0000][69][info ][gc,metaspace] GC(84) Metaspace: 147445K(151360K)->147445K(151360K) NonClass: 128209K(129856K)->128209K(129856K) Class: 19235K(21504K)->19235K(21504K)
[2026-03-27T13:37:57.649+0000][69][info ][gc          ] GC(84) Pause Young (Concurrent Start) (G1 Evacuation Pause) 405M->110M(512M) 54.265ms
[2026-03-27T13:37:57.650+0000][69][info ][gc          ] GC(85) Concurrent Mark Cycle
[2026-03-27T13:37:57.650+0000][69][info ][gc,marking  ] GC(85) Concurrent Scan Root Regions
[2026-03-27T13:37:57.650+0000][69][info ][gc,cpu      ] GC(84) User=0.07s Sys=0.02s Real=0.05s
[2026-03-27T13:37:57.653+0000][69][info ][safepoint   ] Safepoint "G1CollectForAllocation", Time since last: 268714761 ns, Reaching safepoint: 31022 ns, Cleanup: 7235 ns, At safepoint: 58470874 ns, Total: 58509131 ns
[2026-03-27T13:37:57.659+0000][69][info ][gc,marking  ] GC(85) Concurrent Scan Root Regions 8.700ms
[2026-03-27T13:37:57.661+0000][69][info ][gc,marking  ] GC(85) Concurrent Mark
[2026-03-27T13:37:57.662+0000][69][info ][gc,marking  ] GC(85) Concurrent Mark From Roots
[2026-03-27T13:37:57.663+0000][69][info ][gc,task     ] GC(85) Using 3 workers of 3 for marking
[2026-03-27T13:37:57.762+0000][69][info ][gc,marking  ] GC(85) Concurrent Mark From Roots 100.463ms
[2026-03-27T13:37:57.763+0000][69][info ][gc,marking  ] GC(85) Concurrent Preclean
[2026-03-27T13:37:57.765+0000][69][info ][gc,marking  ] GC(85) Concurrent Preclean 1.659ms
[2026-03-27T13:37:57.767+0000][69][info ][gc,start    ] GC(85) Pause Remark
[2026-03-27T13:37:57.788+0000][69][info ][gc          ] GC(85) Pause Remark 111M->111M(512M) 21.613ms
[2026-03-27T13:37:57.789+0000][69][info ][gc,cpu      ] GC(85) User=0.10s Sys=0.01s Real=0.02s
[2026-03-27T13:37:57.790+0000][69][info ][safepoint   ] Safepoint "G1PauseRemark", Time since last: 113280524 ns, Reaching safepoint: 121471 ns, Cleanup: 9260 ns, At safepoint: 23622021 ns, Total: 23752752 ns
[2026-03-27T13:37:57.791+0000][69][info ][gc,marking  ] GC(85) Concurrent Mark 130.658ms
[2026-03-27T13:37:57.792+0000][69][info ][gc,marking  ] GC(85) Concurrent Rebuild Remembered Sets and Scrub Regions
[2026-03-27T13:37:57.833+0000][69][info ][gc,marking  ] GC(85) Concurrent Rebuild Remembered Sets and Scrub Regions 40.488ms
[2026-03-27T13:37:57.834+0000][69][info ][gc,start    ] GC(85) Pause Cleanup
[2026-03-27T13:37:57.835+0000][69][info ][gc          ] GC(85) Pause Cleanup 111M->111M(512M) 1.015ms
[2026-03-27T13:37:57.836+0000][69][info ][gc,cpu      ] GC(85) User=0.00s Sys=0.00s Real=0.00s
[2026-03-27T13:37:57.836+0000][69][info ][safepoint   ] Safepoint "G1PauseCleanup", Time since last: 43696733 ns, Reaching safepoint: 46179 ns, Cleanup: 15978 ns, At safepoint: 2693483 ns, Total: 2755640 ns
[2026-03-27T13:37:57.837+0000][69][info ][gc,marking  ] GC(85) Concurrent Clear Claimed Marks
[2026-03-27T13:37:57.840+0000][69][info ][gc,marking  ] GC(85) Concurrent Clear Claimed Marks 3.167ms
[2026-03-27T13:37:57.842+0000][69][info ][gc,marking  ] GC(85) Concurrent Cleanup for Next Mark
[2026-03-27T13:37:57.846+0000][69][info ][gc,marking  ] GC(85) Concurrent Cleanup for Next Mark 3.988ms
[2026-03-27T13:37:57.847+0000][69][info ][gc          ] GC(85) Concurrent Mark Cycle 197.055ms
[2026-03-27T13:38:04.687+0000][69][info ][safepoint   ] Safepoint "Cleanup", Time since last: 6854128041 ns, Reaching safepoint: 547983 ns, Cleanup: 43000 ns, At safepoint: 25706 ns, Total: 616689 ns
[2026-03-27T13:38:06.649+0000][69][info ][safepoint   ] Safepoint "Cleanup", Time since last: 1961811986 ns, Reaching safepoint: 119957 ns, Cleanup: 19459 ns, At safepoint: 29367 ns, Total: 168783 ns
[2026-03-27T13:38:07.659+0000][69][info ][safepoint   ] Safepoint "Cleanup", Time since last: 1010327393 ns, Reaching safepoint: 20330 ns, Cleanup: 29115 ns, At safepoint: 64476 ns, Total: 113921 ns
[2026-03-27T13:38:08.683+0000][69][info ][safepoint   ] Safepoint "Cleanup", Time since last: 1024085144 ns, Reaching safepoint: 28444 ns, Cleanup: 20212 ns, At safepoint: 11427 ns, Total: 60083 ns
[2026-03-27T13:38:09.714+0000][69][info ][safepoint   ] Safepoint "Cleanup", Time since last: 1030628860 ns, Reaching safepoint: 12963 ns, Cleanup: 11365 ns, At safepoint: 24734 ns, Total: 49062 ns
[2026-03-27T13:38:10.739+0000][69][info ][safepoint   ] Safepoint "Cleanup", Time since last: 1024688585 ns, Reaching safepoint: 17442 ns, Cleanup: 12507 ns, At safepoint: 5864 ns, Total: 35813 ns
[2026-03-27T13:38:11.762+0000][69][info ][safepoint   ] Safepoint "Cleanup", Time since last: 1022779146 ns, Reaching safepoint: 62685 ns, Cleanup: 23350 ns, At safepoint: 9912 ns, Total: 95947 ns
[2026-03-27T13:38:12.795+0000][69][info ][safepoint   ] Safepoint "Cleanup", Time since last: 1033282221 ns, Reaching safepoint: 26312 ns, Cleanup: 24224 ns, At safepoint: 78120 ns, Total: 128656 ns
[2026-03-27T13:38:15.742+0000][69][info ][safepoint   ] Safepoint "Cleanup", Time since last: 2946501340 ns, Reaching safepoint: 131112 ns, Cleanup: 26597 ns, At safepoint: 7230 ns, Total: 164939 ns
[2026-03-27T13:38:20.345+0000][69][info ][safepoint   ] Safepoint "Cleanup", Time since last: 4602990513 ns, Reaching safepoint: 13733 ns, Cleanup: 20489 ns, At safepoint: 47111 ns, Total: 81333 ns
[2026-03-27T13:38:21.770+0000][69][info ][safepoint   ] Safepoint "Cleanup", Time since last: 1424418154 ns, Reaching safepoint: 254125 ns, Cleanup: 39790 ns, At safepoint: 62450 ns, Total: 356365 ns
[2026-03-27T13:38:23.773+0000][69][info ][safepoint   ] Safepoint "Cleanup", Time since last: 2003268004 ns, Reaching safepoint: 51739 ns, Cleanup: 27600 ns, At safepoint: 13340 ns, Total: 92679 ns
[2026-03-27T13:38:24.774+0000][69][info ][safepoint   ] Safepoint "Cleanup", Time since last: 1001183259 ns, Reaching safepoint: 32526 ns, Cleanup: 22267 ns, At safepoint: 15181 ns, Total: 69974 ns
[2026-03-27T13:38:32.344+0000][69][info ][safepoint   ] Safepoint "Cleanup", Time since last: 7569496012 ns, Reaching safepoint: 13548 ns, Cleanup: 9775 ns, At safepoint: 4102 ns, Total: 27425 ns
[2026-03-27T13:38:37.830+0000][69][info ][safepoint   ] Safepoint "Cleanup", Time since last: 5491069588 ns, Reaching safepoint: 55027 ns, Cleanup: 18838 ns, At safepoint: 5103 ns, Total: 78968 ns
[2026-03-27T13:38:38.843+0000][69][info ][safepoint   ] Safepoint "Cleanup", Time since last: 1013112099 ns, Reaching safepoint: 21368 ns, Cleanup: 15117 ns, At safepoint: 70722 ns, Total: 107207 ns
[2026-03-27T13:38:39.861+0000][69][info ][safepoint   ] Safepoint "Cleanup", Time since last: 1017776976 ns, Reaching safepoint: 68987 ns, Cleanup: 16739 ns, At safepoint: 8137 ns, Total: 93863 ns
[2026-03-27T13:38:44.104+0000][69][info ][safepoint   ] Safepoint "Cleanup", Time since last: 4243351170 ns, Reaching safepoint: 23345 ns, Cleanup: 15133 ns, At safepoint: 5651 ns, Total: 44129 ns
[2026-03-27T13:38:45.885+0000][69][info ][safepoint   ] Safepoint "Cleanup", Time since last: 1780108345 ns, Reaching safepoint: 82817 ns, Cleanup: 31076 ns, At safepoint: 9730 ns, Total: 123623 ns
[2026-03-27T13:38:56.928+0000][69][info ][safepoint   ] Safepoint "Cleanup", Time since last: 11042979506 ns, Reaching safepoint: 28066 ns, Cleanup: 36642 ns, At safepoint: 9064 ns, Total: 73772 ns
[2026-03-27T13:39:07.444+0000][69][info ][safepoint   ] Safepoint "Cleanup", Time since last: 10520426244 ns, Reaching safepoint: 16598 ns, Cleanup: 11169 ns, At safepoint: 5392 ns, Total: 33159 ns
[2026-03-27T13:39:08.989+0000][69][info ][safepoint   ] Safepoint "Cleanup", Time since last: 1544098860 ns, Reaching safepoint: 23204 ns, Cleanup: 17750 ns, At safepoint: 7892 ns, Total: 48846 ns
[2026-03-27T13:39:15.486+0000][69][info ][gc,start    ] GC(86) Pause Young (Normal) (G1 Evacuation Pause)
[2026-03-27T13:39:15.486+0000][69][info ][gc,task     ] GC(86) Using 10 workers of 10 for evacuation
[2026-03-27T13:39:15.487+0000][69][debug][gc,age      ] GC(86) Desired survivor size 20971520 bytes, new threshold 15 (max threshold 15)
[2026-03-27T13:39:15.500+0000][69][info ][gc,phases   ] GC(86)   Pre Evacuate Collection Set: 0.6ms
[2026-03-27T13:39:15.501+0000][69][info ][gc,phases   ] GC(86)   Merge Heap Roots: 0.3ms
[2026-03-27T13:39:15.502+0000][69][info ][gc,phases   ] GC(86)   Evacuate Collection Set: 10.1ms
[2026-03-27T13:39:15.503+0000][69][info ][gc,phases   ] GC(86)   Post Evacuate Collection Set: 1.8ms
[2026-03-27T13:39:15.504+0000][69][info ][gc,phases   ] GC(86)   Other: 1.1ms
[2026-03-27T13:39:15.505+0000][69][trace][gc,age      ] GC(86) Age table with threshold 15 (max threshold 15)
[2026-03-27T13:39:15.506+0000][69][trace][gc,age      ] GC(86) - age   1:    2759808 bytes,    2759808 total
[2026-03-27T13:39:15.507+0000][69][trace][gc,age      ] GC(86) - age   2:     664824 bytes,    3424632 total
[2026-03-27T13:39:15.508+0000][69][trace][gc,age      ] GC(86) - age   3:     389248 bytes,    3813880 total
[2026-03-27T13:39:15.509+0000][69][trace][gc,age      ] GC(86) - age   4:     103808 bytes,    3917688 total
[2026-03-27T13:39:15.510+0000][69][trace][gc,age      ] GC(86) - age   5:     479128 bytes,    4396816 total
[2026-03-27T13:39:15.511+0000][69][trace][gc,age      ] GC(86) - age   6:     134288 bytes,    4531104 total
[2026-03-27T13:39:15.512+0000][69][trace][gc,age      ] GC(86) - age   7:      71192 bytes,    4602296 total
[2026-03-27T13:39:15.512+0000][69][trace][gc,age      ] GC(86) - age   8:     121424 bytes,    4723720 total
[2026-03-27T13:39:15.513+0000][69][trace][gc,age      ] GC(86) - age   9:     770328 bytes,    5494048 total
[2026-03-27T13:39:15.514+0000][69][trace][gc,age      ] GC(86) - age  10:      99016 bytes,    5593064 total
[2026-03-27T13:39:15.515+0000][69][trace][gc,age      ] GC(86) - age  11:       4152 bytes,    5597216 total
[2026-03-27T13:39:15.516+0000][69][trace][gc,age      ] GC(86) - age  12:      26080 bytes,    5623296 total
[2026-03-27T13:39:15.516+0000][69][trace][gc,age      ] GC(86) - age  13:       6600 bytes,    5629896 total
[2026-03-27T13:39:15.517+0000][69][trace][gc,age      ] GC(86) - age  14:       3808 bytes,    5633704 total
[2026-03-27T13:39:15.518+0000][69][trace][gc,age      ] GC(86) - age  15:       5600 bytes,    5639304 total
[2026-03-27T13:39:15.519+0000][69][info ][gc,heap     ] GC(86) Eden regions: 74->0(74)
[2026-03-27T13:39:15.520+0000][69][info ][gc,heap     ] GC(86) Survivor regions: 2->2(10)
[2026-03-27T13:39:15.520+0000][69][info ][gc,heap     ] GC(86) Old regions: 27->27
[2026-03-27T13:39:15.521+0000][69][info ][gc,heap     ] GC(86) Humongous regions: 0->0
[2026-03-27T13:39:15.522+0000][69][info ][gc,metaspace] GC(86) Metaspace: 147468K(151424K)->147468K(151424K) NonClass: 128232K(129920K)->128232K(129920K) Class: 19235K(21504K)->19235K(21504K)
[2026-03-27T13:39:15.523+0000][69][info ][gc          ] GC(86) Pause Young (Normal) (G1 Evacuation Pause) 406M->111M(512M) 37.044ms
[2026-03-27T13:39:15.524+0000][69][info ][gc,cpu      ] GC(86) User=0.06s Sys=0.01s Real=0.04s
[2026-03-27T13:39:15.525+0000][69][info ][safepoint   ] Safepoint "G1CollectForAllocation", Time since last: 6497135241 ns, Reaching safepoint: 26410 ns, Cleanup: 6102 ns, At safepoint: 39477131 ns, Total: 39509643 ns
[2026-03-27T13:39:19.527+0000][69][info ][safepoint   ] Safepoint "Cleanup", Time since last: 4001766951 ns, Reaching safepoint: 90243 ns, Cleanup: 22896 ns, At safepoint: 27791 ns, Total: 140930 ns
[2026-03-27T13:39:21.053+0000][69][info ][safepoint   ] Safepoint "Cleanup", Time since last: 1526063197 ns, Reaching safepoint: 10205 ns, Cleanup: 10249 ns, At safepoint: 3422 ns, Total: 23876 ns
[2026-03-27T13:39:23.088+0000][69][info ][safepoint   ] Safepoint "Cleanup", Time since last: 2034212504 ns, Reaching safepoint: 209952 ns, Cleanup: 14909 ns, At safepoint: 10513 ns, Total: 235374 ns
[2026-03-27T13:39:24.600+0000][69][info ][safepoint   ] Safepoint "Cleanup", Time since last: 1511980521 ns, Reaching safepoint: 10898 ns, Cleanup: 10592 ns, At safepoint: 5259 ns, Total: 26749 ns
[2026-03-27T13:39:38.145+0000][69][info ][safepoint   ] Safepoint "Cleanup", Time since last: 13549708277 ns, Reaching safepoint: 59711 ns, Cleanup: 16681 ns, At safepoint: 7413 ns, Total: 83805 ns
[2026-03-27T13:39:40.159+0000][69][info ][safepoint   ] Safepoint "Cleanup", Time since last: 2014114410 ns, Reaching safepoint: 76902 ns, Cleanup: 26478 ns, At safepoint: 10572 ns, Total: 113952 ns
[2026-03-27T13:39:44.317+0000][69][info ][safepoint   ] Safepoint "Cleanup", Time since last: 4157222045 ns, Reaching safepoint: 11759 ns, Cleanup: 13205 ns, At safepoint: 4623 ns, Total: 29587 ns
[2026-03-27T13:39:50.315+0000][69][info ][safepoint   ] Safepoint "Cleanup", Time since last: 5998358936 ns, Reaching safepoint: 11287 ns, Cleanup: 13565 ns, At safepoint: 20149 ns, Total: 45001 ns
[2026-03-27T13:40:02.320+0000][69][info ][safepoint   ] Safepoint "Cleanup", Time since last: 12004995903 ns, Reaching safepoint: 18435 ns, Cleanup: 13023 ns, At safepoint: 32905 ns, Total: 64363 ns
[2026-03-27T13:40:04.248+0000][69][info ][safepoint   ] Safepoint "Cleanup", Time since last: 1927462228 ns, Reaching safepoint: 41385 ns, Cleanup: 20363 ns, At safepoint: 8121 ns, Total: 69869 ns
[2026-03-27T13:40:07.813+0000][69][info ][safepoint   ] Safepoint "Cleanup", Time since last: 3570051458 ns, Reaching safepoint: 9029 ns, Cleanup: 8094 ns, At safepoint: 9422 ns, Total: 26545 ns
[2026-03-27T13:40:09.251+0000][69][info ][safepoint   ] Safepoint "Cleanup", Time since last: 1438183871 ns, Reaching safepoint: 29096 ns, Cleanup: 11805 ns, At safepoint: 40386 ns, Total: 81287 ns
[2026-03-27T13:40:26.303+0000][69][info ][safepoint   ] Safepoint "Cleanup", Time since last: 17051706904 ns, Reaching safepoint: 64412 ns, Cleanup: 27214 ns, At safepoint: 8925 ns, Total: 100551 ns
[2026-03-27T13:40:32.324+0000][69][info ][safepoint   ] Safepoint "Cleanup", Time since last: 6020956223 ns, Reaching safepoint: 18203 ns, Cleanup: 11411 ns, At safepoint: 9619 ns, Total: 39233 ns
[2026-03-27T13:40:37.372+0000][69][info ][safepoint   ] Safepoint "Cleanup", Time since last: 5051580530 ns, Reaching safepoint: 24736 ns, Cleanup: 19133 ns, At safepoint: 5570 ns, Total: 49439 ns
[2026-03-27T13:40:49.645+0000][69][info ][gc,start    ] GC(87) Pause Young (Concurrent Start) (G1 Evacuation Pause)
[2026-03-27T13:40:49.646+0000][69][info ][gc,task     ] GC(87) Using 10 workers of 10 for evacuation
[2026-03-27T13:40:49.647+0000][69][debug][gc,age      ] GC(87) Desired survivor size 20971520 bytes, new threshold 15 (max threshold 15)
[2026-03-27T13:40:49.661+0000][69][info ][gc,phases   ] GC(87)   Pre Evacuate Collection Set: 0.8ms
[2026-03-27T13:40:49.662+0000][69][info ][gc,phases   ] GC(87)   Merge Heap Roots: 0.4ms
[2026-03-27T13:40:49.662+0000][69][info ][gc,phases   ] GC(87)   Evacuate Collection Set: 9.9ms
[2026-03-27T13:40:49.663+0000][69][info ][gc,phases   ] GC(87)   Post Evacuate Collection Set: 1.7ms
[2026-03-27T13:40:49.664+0000][69][info ][gc,phases   ] GC(87)   Other: 1.8ms
[2026-03-27T13:40:49.664+0000][69][trace][gc,age      ] GC(87) Age table with threshold 15 (max threshold 15)
[2026-03-27T13:40:49.665+0000][69][trace][gc,age      ] GC(87) - age   1:    3056536 bytes,    3056536 total
[2026-03-27T13:40:49.666+0000][69][trace][gc,age      ] GC(87) - age   2:     383304 bytes,    3439840 total
[2026-03-27T13:40:49.666+0000][69][trace][gc,age      ] GC(87) - age   3:     658712 bytes,    4098552 total
[2026-03-27T13:40:49.667+0000][69][trace][gc,age      ] GC(87) - age   4:     389096 bytes,    4487648 total
[2026-03-27T13:40:49.668+0000][69][trace][gc,age      ] GC(87) - age   5:      10360 bytes,    4498008 total
[2026-03-27T13:40:49.669+0000][69][trace][gc,age      ] GC(87) - age   6:     479128 bytes,    4977136 total
[2026-03-27T13:40:49.671+0000][69][trace][gc,age      ] GC(87) - age   7:     134288 bytes,    5111424 total
[2026-03-27T13:40:49.672+0000][69][trace][gc,age      ] GC(87) - age   8:      71160 bytes,    5182584 total
[2026-03-27T13:40:49.673+0000][69][trace][gc,age      ] GC(87) - age   9:     121424 bytes,    5304008 total
[2026-03-27T13:40:49.674+0000][69][trace][gc,age      ] GC(87) - age  10:     770328 bytes,    6074336 total
[2026-03-27T13:40:49.675+0000][69][trace][gc,age      ] GC(87) - age  11:      99016 bytes,    6173352 total
[2026-03-27T13:40:49.676+0000][69][trace][gc,age      ] GC(87) - age  12:       4152 bytes,    6177504 total
[2026-03-27T13:40:49.676+0000][69][trace][gc,age      ] GC(87) - age  13:      18064 bytes,    6195568 total
[2026-03-27T13:40:49.677+0000][69][trace][gc,age      ] GC(87) - age  14:       6600 bytes,    6202168 total
[2026-03-27T13:40:49.678+0000][69][trace][gc,age      ] GC(87) - age  15:       3808 bytes,    6205976 total
[2026-03-27T13:40:49.679+0000][69][info ][gc,heap     ] GC(87) Eden regions: 74->0(74)
[2026-03-27T13:40:49.680+0000][69][info ][gc,heap     ] GC(87) Survivor regions: 2->2(10)
[2026-03-27T13:40:49.680+0000][69][info ][gc,heap     ] GC(87) Old regions: 27->27
[2026-03-27T13:40:49.681+0000][69][info ][gc,heap     ] GC(87) Humongous regions: 0->0
[2026-03-27T13:40:49.682+0000][69][info ][gc,metaspace] GC(87) Metaspace: 147486K(151424K)->147486K(151424K) NonClass: 128251K(129920K)->128251K(129920K) Class: 19235K(21504K)->19235K(21504K)
[2026-03-27T13:40:49.683+0000][69][info ][gc          ] GC(87) Pause Young (Concurrent Start) (G1 Evacuation Pause) 407M->111M(512M) 37.219ms
[2026-03-27T13:40:49.684+0000][69][info ][gc,cpu      ] GC(87) User=0.07s Sys=0.00s Real=0.03s
[2026-03-27T13:40:49.684+0000][69][info ][gc          ] GC(88) Concurrent Mark Cycle
[2026-03-27T13:40:49.685+0000][69][info ][gc,marking  ] GC(88) Concurrent Scan Root Regions
[2026-03-27T13:40:49.685+0000][69][info ][safepoint   ] Safepoint "G1CollectForAllocation", Time since last: 12273319862 ns, Reaching safepoint: 17823 ns, Cleanup: 4777 ns, At safepoint: 39595774 ns, Total: 39618374 ns
[2026-03-27T13:40:49.691+0000][69][info ][gc,marking  ] GC(88) Concurrent Scan Root Regions 5.418ms
[2026-03-27T13:40:49.692+0000][69][info ][gc,marking  ] GC(88) Concurrent Mark
[2026-03-27T13:40:49.692+0000][69][info ][gc,marking  ] GC(88) Concurrent Mark From Roots
[2026-03-27T13:40:49.693+0000][69][info ][gc,task     ] GC(88) Using 3 workers of 3 for marking
[2026-03-27T13:40:49.780+0000][69][info ][gc,marking  ] GC(88) Concurrent Mark From Roots 87.478ms
[2026-03-27T13:40:49.781+0000][69][info ][gc,marking  ] GC(88) Concurrent Preclean
[2026-03-27T13:40:49.782+0000][69][info ][gc,marking  ] GC(88) Concurrent Preclean 1.476ms
[2026-03-27T13:40:49.784+0000][69][info ][gc,start    ] GC(88) Pause Remark
[2026-03-27T13:40:50.117+0000][69][info ][gc,mmu      ] GC(88) MMU target violated: 201.0ms (200.0ms/201.0ms)
[2026-03-27T13:40:50.118+0000][69][info ][gc          ] GC(88) Pause Remark 114M->114M(512M) 333.676ms
[2026-03-27T13:40:50.118+0000][69][info ][gc,cpu      ] GC(88) User=3.13s Sys=0.01s Real=0.34s
[2026-03-27T13:40:50.119+0000][69][info ][safepoint   ] Safepoint "G1PauseRemark", Time since last: 98894927 ns, Reaching safepoint: 26105 ns, Cleanup: 3978 ns, At safepoint: 335283924 ns, Total: 335314007 ns
[2026-03-27T13:40:50.120+0000][69][info ][gc,marking  ] GC(88) Concurrent Mark 428.380ms
[2026-03-27T13:40:50.121+0000][69][info ][gc,marking  ] GC(88) Concurrent Rebuild Remembered Sets and Scrub Regions
[2026-03-27T13:40:50.166+0000][69][info ][gc,marking  ] GC(88) Concurrent Rebuild Remembered Sets and Scrub Regions 45.439ms
[2026-03-27T13:40:50.168+0000][69][info ][gc,start    ] GC(88) Pause Cleanup
[2026-03-27T13:40:50.169+0000][69][info ][gc          ] GC(88) Pause Cleanup 114M->114M(512M) 1.170ms
[2026-03-27T13:40:50.170+0000][69][info ][gc,cpu      ] GC(88) User=0.00s Sys=0.00s Real=0.00s
[2026-03-27T13:40:50.171+0000][69][info ][safepoint   ] Safepoint "G1PauseCleanup", Time since last: 48173991 ns, Reaching safepoint: 231945 ns, Cleanup: 24468 ns, At safepoint: 2898831 ns, Total: 3155244 ns
[2026-03-27T13:40:50.172+0000][69][info ][gc,marking  ] GC(88) Concurrent Clear Claimed Marks
[2026-03-27T13:40:50.173+0000][69][info ][gc,marking  ] GC(88) Concurrent Clear Claimed Marks 0.994ms
[2026-03-27T13:40:50.173+0000][69][info ][gc,marking  ] GC(88) Concurrent Cleanup for Next Mark
[2026-03-27T13:40:50.175+0000][69][info ][gc,marking  ] GC(88) Concurrent Cleanup for Next Mark 2.240ms
[2026-03-27T13:40:50.176+0000][69][info ][gc          ] GC(88) Concurrent Mark Cycle 492.212ms
[2026-03-27T13:40:51.445+0000][69][info ][safepoint   ] Safepoint "Cleanup", Time since last: 1274880138 ns, Reaching safepoint: 25448 ns, Cleanup: 15330 ns, At safepoint: 7093 ns, Total: 47871 ns
[2026-03-27T13:41:02.323+0000][69][info ][safepoint   ] Safepoint "Cleanup", Time since last: 10877941505 ns, Reaching safepoint: 14116 ns, Cleanup: 13293 ns, At safepoint: 5583 ns, Total: 32992 ns
[2026-03-27T13:41:03.542+0000][69][info ][safepoint   ] Safepoint "Cleanup", Time since last: 1218838085 ns, Reaching safepoint: 37276 ns, Cleanup: 19052 ns, At safepoint: 8831 ns, Total: 65159 ns
[2026-03-27T13:41:04.539+0000][69][info ][safepoint   ] Safepoint "Cleanup", Time since last: 1001452881 ns, Reaching safepoint: 48085 ns, Cleanup: 21633 ns, At safepoint: 7150 ns, Total: 76868 ns
[2026-03-27T13:41:39.678+0000][69][info ][safepoint   ] Safepoint "Cleanup", Time since last: 35142263619 ns, Reaching safepoint: 44281 ns, Cleanup: 32350 ns, At safepoint: 10051 ns, Total: 86682 ns
[2026-03-27T13:41:43.199+0000][69][info ][safepoint   ] Safepoint "Cleanup", Time since last: 3520392014 ns, Reaching safepoint: 88375 ns, Cleanup: 65986 ns, At safepoint: 66649 ns, Total: 221010 ns
[2026-03-27T13:41:44.223+0000][69][info ][safepoint   ] Safepoint "Cleanup", Time since last: 1023822479 ns, Reaching safepoint: 34603 ns, Cleanup: 25240 ns, At safepoint: 11455 ns, Total: 71298 ns
[2026-03-27T13:42:00.767+0000][69][info ][safepoint   ] Safepoint "Cleanup", Time since last: 16544291303 ns, Reaching safepoint: 60771 ns, Cleanup: 17138 ns, At safepoint: 6495 ns, Total: 84404 ns
[2026-03-27T13:42:08.320+0000][69][info ][safepoint   ] Safepoint "Cleanup", Time since last: 7556404375 ns, Reaching safepoint: 11408 ns, Cleanup: 9144 ns, At safepoint: 5921 ns, Total: 26473 ns
[2026-03-27T13:42:09.840+0000][69][info ][safepoint   ] Safepoint "Cleanup", Time since last: 1519443386 ns, Reaching safepoint: 25989 ns, Cleanup: 18807 ns, At safepoint: 6457 ns, Total: 51253 ns
[2026-03-27T13:42:14.165+0000][69][info ][safepoint   ] Safepoint "Cleanup", Time since last: 4324752435 ns, Reaching safepoint: 38651 ns, Cleanup: 34790 ns, At safepoint: 9641 ns, Total: 83082 ns
[2026-03-27T13:42:17.299+0000][69][info ][gc,start    ] GC(89) Pause Young (Normal) (G1 Evacuation Pause)
[2026-03-27T13:42:17.301+0000][69][info ][gc,task     ] GC(89) Using 10 workers of 10 for evacuation
[2026-03-27T13:42:17.301+0000][69][debug][gc,age      ] GC(89) Desired survivor size 20971520 bytes, new threshold 15 (max threshold 15)
[2026-03-27T13:42:17.315+0000][69][info ][gc,phases   ] GC(89)   Pre Evacuate Collection Set: 0.7ms
[2026-03-27T13:42:17.316+0000][69][info ][gc,phases   ] GC(89)   Merge Heap Roots: 0.4ms
[2026-03-27T13:42:17.317+0000][69][info ][gc,phases   ] GC(89)   Evacuate Collection Set: 9.7ms
[2026-03-27T13:42:17.317+0000][69][info ][gc,phases   ] GC(89)   Post Evacuate Collection Set: 1.9ms
[2026-03-27T13:42:17.318+0000][69][info ][gc,phases   ] GC(89)   Other: 1.6ms
[2026-03-27T13:42:17.319+0000][69][trace][gc,age      ] GC(89) Age table with threshold 15 (max threshold 15)
[2026-03-27T13:42:17.320+0000][69][trace][gc,age      ] GC(89) - age   1:    2752232 bytes,    2752232 total
[2026-03-27T13:42:17.320+0000][69][trace][gc,age      ] GC(89) - age   2:     148992 bytes,    2901224 total
[2026-03-27T13:42:17.321+0000][69][trace][gc,age      ] GC(89) - age   3:     256608 bytes,    3157832 total
[2026-03-27T13:42:17.321+0000][69][trace][gc,age      ] GC(89) - age   4:     658304 bytes,    3816136 total
[2026-03-27T13:42:17.322+0000][69][trace][gc,age      ] GC(89) - age   5:     389032 bytes,    4205168 total
[2026-03-27T13:42:17.323+0000][69][trace][gc,age      ] GC(89) - age   6:       9912 bytes,    4215080 total
[2026-03-27T13:42:17.324+0000][69][trace][gc,age      ] GC(89) - age   7:     479000 bytes,    4694080 total
[2026-03-27T13:42:17.324+0000][69][trace][gc,age      ] GC(89) - age   8:     134208 bytes,    4828288 total
[2026-03-27T13:42:17.325+0000][69][trace][gc,age      ] GC(89) - age   9:      71128 bytes,    4899416 total
[2026-03-27T13:42:17.326+0000][69][trace][gc,age      ] GC(89) - age  10:     121424 bytes,    5020840 total
[2026-03-27T13:42:17.327+0000][69][trace][gc,age      ] GC(89) - age  11:     770328 bytes,    5791168 total
[2026-03-27T13:42:17.328+0000][69][trace][gc,age      ] GC(89) - age  12:      99016 bytes,    5890184 total
[2026-03-27T13:42:17.329+0000][69][trace][gc,age      ] GC(89) - age  13:       4088 bytes,    5894272 total
[2026-03-27T13:42:17.330+0000][69][trace][gc,age      ] GC(89) - age  14:      18064 bytes,    5912336 total
[2026-03-27T13:42:17.331+0000][69][trace][gc,age      ] GC(89) - age  15:       6600 bytes,    5918936 total
[2026-03-27T13:42:17.333+0000][69][info ][gc,heap     ] GC(89) Eden regions: 74->0(74)
[2026-03-27T13:42:17.335+0000][69][info ][gc,heap     ] GC(89) Survivor regions: 2->2(10)
[2026-03-27T13:42:17.336+0000][69][info ][gc,heap     ] GC(89) Old regions: 27->27
[2026-03-27T13:42:17.337+0000][69][info ][gc,heap     ] GC(89) Humongous regions: 0->0
[2026-03-27T13:42:17.338+0000][69][info ][gc,metaspace] GC(89) Metaspace: 147494K(151424K)->147494K(151424K) NonClass: 128260K(129920K)->128260K(129920K) Class: 19234K(21504K)->19234K(21504K)
[2026-03-27T13:42:17.338+0000][69][info ][gc          ] GC(89) Pause Young (Normal) (G1 Evacuation Pause) 407M->111M(512M) 39.000ms
[2026-03-27T13:42:17.339+0000][69][info ][gc,cpu      ] GC(89) User=0.02s Sys=0.03s Real=0.04s
[2026-03-27T13:42:17.340+0000][69][info ][safepoint   ] Safepoint "G1CollectForAllocation", Time since last: 3134662270 ns, Reaching safepoint: 32027 ns, Cleanup: 7303 ns, At safepoint: 40933678 ns, Total: 40973008 ns
[2026-03-27T13:42:26.907+0000][69][info ][safepoint   ] Safepoint "Cleanup", Time since last: 9566403655 ns, Reaching safepoint: 15658 ns, Cleanup: 22088 ns, At safepoint: 7553 ns, Total: 45299 ns
[2026-03-27T13:42:37.945+0000][69][info ][safepoint   ] Safepoint "Cleanup", Time since last: 11043276974 ns, Reaching safepoint: 23060 ns, Cleanup: 14536 ns, At safepoint: 5781 ns, Total: 43377 ns
[2026-03-27T13:42:38.952+0000][69][info ][safepoint   ] Safepoint "Cleanup", Time since last: 1006804214 ns, Reaching safepoint: 29355 ns, Cleanup: 24620 ns, At safepoint: 54778 ns, Total: 108753 ns
[2026-03-27T13:42:48.508+0000][69][info ][safepoint   ] Safepoint "Cleanup", Time since last: 9555562425 ns, Reaching safepoint: 11975 ns, Cleanup: 12675 ns, At safepoint: 5780 ns, Total: 30430 ns
[2026-03-27T13:43:00.043+0000][69][info ][safepoint   ] Safepoint "Cleanup", Time since last: 11535562966 ns, Reaching safepoint: 133630 ns, Cleanup: 23689 ns, At safepoint: 12566 ns, Total: 169885 ns
[2026-03-27T13:43:30.181+0000][69][info ][safepoint   ] Safepoint "Cleanup", Time since last: 30141296795 ns, Reaching safepoint: 43245 ns, Cleanup: 25811 ns, At safepoint: 10310 ns, Total: 79366 ns
[2026-03-27T13:43:32.324+0000][69][info ][safepoint   ] Safepoint "Cleanup", Time since last: 2142527589 ns, Reaching safepoint: 10662 ns, Cleanup: 10892 ns, At safepoint: 27065 ns, Total: 48619 ns
[2026-03-27T13:43:37.212+0000][69][info ][safepoint   ] Safepoint "Cleanup", Time since last: 4896048904 ns, Reaching safepoint: 38849 ns, Cleanup: 18935 ns, At safepoint: 7494 ns, Total: 65278 ns
[2026-03-27T13:43:57.295+0000][69][info ][safepoint   ] Safepoint "Cleanup", Time since last: 20082290264 ns, Reaching safepoint: 20157 ns, Cleanup: 17084 ns, At safepoint: 69635 ns, Total: 106876 ns
[2026-03-27T13:43:58.306+0000][69][info ][safepoint   ] Safepoint "Cleanup", Time since last: 1010884013 ns, Reaching safepoint: 36928 ns, Cleanup: 21024 ns, At safepoint: 9310 ns, Total: 67262 ns
[2026-03-27T13:44:02.299+0000][69][info ][gc,start    ] GC(90) Pause Young (Concurrent Start) (G1 Evacuation Pause)
[2026-03-27T13:44:02.300+0000][69][info ][gc,task     ] GC(90) Using 10 workers of 10 for evacuation
[2026-03-27T13:44:02.301+0000][69][debug][gc,age      ] GC(90) Desired survivor size 20971520 bytes, new threshold 15 (max threshold 15)
[2026-03-27T13:44:02.317+0000][69][info ][gc,phases   ] GC(90)   Pre Evacuate Collection Set: 0.9ms
[2026-03-27T13:44:02.318+0000][69][info ][gc,phases   ] GC(90)   Merge Heap Roots: 0.3ms
[2026-03-27T13:44:02.318+0000][69][info ][gc,phases   ] GC(90)   Evacuate Collection Set: 12.2ms
[2026-03-27T13:44:02.319+0000][69][info ][gc,phases   ] GC(90)   Post Evacuate Collection Set: 1.7ms
[2026-03-27T13:44:02.320+0000][69][info ][gc,phases   ] GC(90)   Other: 2.0ms
[2026-03-27T13:44:02.320+0000][69][trace][gc,age      ] GC(90) Age table with threshold 15 (max threshold 15)
[2026-03-27T13:44:02.321+0000][69][trace][gc,age      ] GC(90) - age   1:    2903832 bytes,    2903832 total
[2026-03-27T13:44:02.322+0000][69][trace][gc,age      ] GC(90) - age   2:     343048 bytes,    3246880 total
[2026-03-27T13:44:02.323+0000][69][trace][gc,age      ] GC(90) - age   3:      36032 bytes,    3282912 total
[2026-03-27T13:44:02.323+0000][69][trace][gc,age      ] GC(90) - age   4:     248528 bytes,    3531440 total
[2026-03-27T13:44:02.324+0000][69][trace][gc,age      ] GC(90) - age   5:     657872 bytes,    4189312 total
[2026-03-27T13:44:02.325+0000][69][trace][gc,age      ] GC(90) - age   6:     377088 bytes,    4566400 total
[2026-03-27T13:44:02.325+0000][69][trace][gc,age      ] GC(90) - age   7:       9912 bytes,    4576312 total
[2026-03-27T13:44:02.325+0000][69][trace][gc,age      ] GC(90) - age   8:     396936 bytes,    4973248 total
[2026-03-27T13:44:02.326+0000][69][trace][gc,age      ] GC(90) - age   9:     134008 bytes,    5107256 total
[2026-03-27T13:44:02.327+0000][69][trace][gc,age      ] GC(90) - age  10:      71064 bytes,    5178320 total
[2026-03-27T13:44:02.327+0000][69][trace][gc,age      ] GC(90) - age  11:     121424 bytes,    5299744 total
[2026-03-27T13:44:02.328+0000][69][trace][gc,age      ] GC(90) - age  12:     770328 bytes,    6070072 total
[2026-03-27T13:44:02.329+0000][69][trace][gc,age      ] GC(90) - age  13:      98568 bytes,    6168640 total
[2026-03-27T13:44:02.330+0000][69][trace][gc,age      ] GC(90) - age  14:       4088 bytes,    6172728 total
[2026-03-27T13:44:02.331+0000][69][trace][gc,age      ] GC(90) - age  15:      18064 bytes,    6190792 total
[2026-03-27T13:44:02.332+0000][69][info ][gc,heap     ] GC(90) Eden regions: 74->0(74)
[2026-03-27T13:44:02.333+0000][69][info ][gc,heap     ] GC(90) Survivor regions: 2->2(10)
[2026-03-27T13:44:02.334+0000][69][info ][gc,heap     ] GC(90) Old regions: 27->27
[2026-03-27T13:44:02.336+0000][69][info ][gc,heap     ] GC(90) Humongous regions: 0->0
[2026-03-27T13:44:02.337+0000][69][info ][gc,metaspace] GC(90) Metaspace: 147500K(151424K)->147500K(151424K) NonClass: 128266K(129920K)->128266K(129920K) Class: 19234K(21504K)->19234K(21504K)
[2026-03-27T13:44:02.338+0000][69][info ][gc          ] GC(90) Pause Young (Concurrent Start) (G1 Evacuation Pause) 407M->111M(512M) 38.637ms
[2026-03-27T13:44:02.339+0000][69][info ][gc,cpu      ] GC(90) User=0.05s Sys=0.01s Real=0.04s
[2026-03-27T13:44:02.339+0000][69][info ][gc          ] GC(91) Concurrent Mark Cycle
[2026-03-27T13:44:02.341+0000][69][info ][gc,marking  ] GC(91) Concurrent Scan Root Regions
[2026-03-27T13:44:02.340+0000][69][info ][safepoint   ] Safepoint "G1CollectForAllocation", Time since last: 3993347311 ns, Reaching safepoint: 39339 ns, Cleanup: 6657 ns, At safepoint: 41268331 ns, Total: 41314327 ns
[2026-03-27T13:44:02.346+0000][69][info ][gc,marking  ] GC(91) Concurrent Scan Root Regions 4.962ms
[2026-03-27T13:44:02.347+0000][69][info ][gc,marking  ] GC(91) Concurrent Mark
[2026-03-27T13:44:02.348+0000][69][info ][gc,marking  ] GC(91) Concurrent Mark From Roots
[2026-03-27T13:44:02.349+0000][69][info ][gc,task     ] GC(91) Using 3 workers of 3 for marking
[2026-03-27T13:44:02.434+0000][69][info ][gc,marking  ] GC(91) Concurrent Mark From Roots 85.823ms
[2026-03-27T13:44:02.435+0000][69][info ][gc,marking  ] GC(91) Concurrent Preclean
[2026-03-27T13:44:02.436+0000][69][info ][gc,marking  ] GC(91) Concurrent Preclean 1.199ms
[2026-03-27T13:44:02.437+0000][69][info ][gc,start    ] GC(91) Pause Remark
[2026-03-27T13:44:02.474+0000][69][info ][gc          ] GC(91) Pause Remark 120M->120M(512M) 37.623ms
[2026-03-27T13:44:02.476+0000][69][info ][gc,cpu      ] GC(91) User=0.30s Sys=0.00s Real=0.04s
[2026-03-27T13:44:02.477+0000][69][info ][safepoint   ] Safepoint "G1PauseRemark", Time since last: 96393186 ns, Reaching safepoint: 18239 ns, Cleanup: 3309 ns, At safepoint: 40200404 ns, Total: 40221952 ns
[2026-03-27T13:44:02.478+0000][69][info ][gc,marking  ] GC(91) Concurrent Mark 131.047ms
[2026-03-27T13:44:02.479+0000][69][info ][gc,marking  ] GC(91) Concurrent Rebuild Remembered Sets and Scrub Regions
[2026-03-27T13:44:02.514+0000][69][info ][gc,marking  ] GC(91) Concurrent Rebuild Remembered Sets and Scrub Regions 35.122ms
[2026-03-27T13:44:02.519+0000][69][info ][gc,start    ] GC(91) Pause Cleanup
[2026-03-27T13:44:02.520+0000][69][info ][gc          ] GC(91) Pause Cleanup 121M->121M(512M) 1.216ms
[2026-03-27T13:44:02.521+0000][69][info ][gc,cpu      ] GC(91) User=0.00s Sys=0.00s Real=0.00s
[2026-03-27T13:44:02.522+0000][69][info ][safepoint   ] Safepoint "G1PauseCleanup", Time since last: 38243996 ns, Reaching safepoint: 3552012 ns, Cleanup: 16592 ns, At safepoint: 3349227 ns, Total: 6917831 ns
[2026-03-27T13:44:02.523+0000][69][info ][gc,marking  ] GC(91) Concurrent Clear Claimed Marks
[2026-03-27T13:44:02.524+0000][69][info ][gc,marking  ] GC(91) Concurrent Clear Claimed Marks 1.051ms
[2026-03-27T13:44:02.525+0000][69][info ][gc,marking  ] GC(91) Concurrent Cleanup for Next Mark
[2026-03-27T13:44:02.527+0000][69][info ][gc,marking  ] GC(91) Concurrent Cleanup for Next Mark 1.875ms
[2026-03-27T13:44:02.528+0000][69][info ][gc          ] GC(91) Concurrent Mark Cycle 189.102ms
[2026-03-27T13:44:03.571+0000][69][info ][safepoint   ] Safepoint "Cleanup", Time since last: 1048598171 ns, Reaching safepoint: 32907 ns, Cleanup: 15823 ns, At safepoint: 51528 ns, Total: 100258 ns
[2026-03-27T13:44:08.378+0000][69][info ][safepoint   ] Safepoint "Cleanup", Time since last: 4810520744 ns, Reaching safepoint: 12669 ns, Cleanup: 11430 ns, At safepoint: 7150 ns, Total: 31249 ns
[2026-03-27T13:44:14.325+0000][69][info ][safepoint   ] Safepoint "Cleanup", Time since last: 5947199653 ns, Reaching safepoint: 11071 ns, Cleanup: 10923 ns, At safepoint: 5539 ns, Total: 27533 ns
[2026-03-27T13:44:15.427+0000][69][info ][safepoint   ] Safepoint "Cleanup", Time since last: 1101910133 ns, Reaching safepoint: 74099 ns, Cleanup: 25725 ns, At safepoint: 12230 ns, Total: 112054 ns
[2026-03-27T13:44:19.965+0000][69][info ][safepoint   ] Safepoint "Cleanup", Time since last: 4537698903 ns, Reaching safepoint: 22079 ns, Cleanup: 18594 ns, At safepoint: 5675 ns, Total: 46348 ns
[2026-03-27T13:44:27.586+0000][69][info ][safepoint   ] Safepoint "Cleanup", Time since last: 7621175505 ns, Reaching safepoint: 72137 ns, Cleanup: 25353 ns, At safepoint: 10958 ns, Total: 108448 ns
[2026-03-27T13:44:38.577+0000][69][info ][safepoint   ] Safepoint "Cleanup", Time since last: 10995644729 ns, Reaching safepoint: 15679 ns, Cleanup: 17466 ns, At safepoint: 126058 ns, Total: 159203 ns
[2026-03-27T13:44:52.682+0000][69][info ][safepoint   ] Safepoint "Cleanup", Time since last: 14104859385 ns, Reaching safepoint: 64627 ns, Cleanup: 17336 ns, At safepoint: 8302 ns, Total: 90265 ns
[2026-03-27T13:45:13.790+0000][69][info ][safepoint   ] Safepoint "Cleanup", Time since last: 21112153281 ns, Reaching safepoint: 193094 ns, Cleanup: 67381 ns, At safepoint: 17074 ns, Total: 277549 ns
[2026-03-27T13:45:20.616+0000][69][info ][safepoint   ] Safepoint "Cleanup", Time since last: 6825988184 ns, Reaching safepoint: 58040 ns, Cleanup: 24523 ns, At safepoint: 104732 ns, Total: 187295 ns
[2026-03-27T13:45:29.317+0000][69][info ][gc,start    ] GC(92) Pause Young (Normal) (G1 Evacuation Pause)
[2026-03-27T13:45:29.317+0000][69][info ][gc,task     ] GC(92) Using 10 workers of 10 for evacuation
[2026-03-27T13:45:29.318+0000][69][debug][gc,age      ] GC(92) Desired survivor size 20971520 bytes, new threshold 15 (max threshold 15)
[2026-03-27T13:45:29.338+0000][69][info ][gc,phases   ] GC(92)   Pre Evacuate Collection Set: 0.7ms
[2026-03-27T13:45:29.339+0000][69][info ][gc,phases   ] GC(92)   Merge Heap Roots: 0.4ms
[2026-03-27T13:45:29.339+0000][69][info ][gc,phases   ] GC(92)   Evacuate Collection Set: 15.8ms
[2026-03-27T13:45:29.340+0000][69][info ][gc,phases   ] GC(92)   Post Evacuate Collection Set: 2.8ms
[2026-03-27T13:45:29.341+0000][69][info ][gc,phases   ] GC(92)   Other: 0.7ms
[2026-03-27T13:45:29.343+0000][69][trace][gc,age      ] GC(92) Age table with threshold 15 (max threshold 15)
[2026-03-27T13:45:29.343+0000][69][trace][gc,age      ] GC(92) - age   1:    2166688 bytes,    2166688 total
[2026-03-27T13:45:29.344+0000][69][trace][gc,age      ] GC(92) - age   2:     919536 bytes,    3086224 total
[2026-03-27T13:45:29.345+0000][69][trace][gc,age      ] GC(92) - age   3:     177488 bytes,    3263712 total
[2026-03-27T13:45:29.346+0000][69][trace][gc,age      ] GC(92) - age   4:      31384 bytes,    3295096 total
[2026-03-27T13:45:29.346+0000][69][trace][gc,age      ] GC(92) - age   5:     247896 bytes,    3542992 total
[2026-03-27T13:45:29.347+0000][69][trace][gc,age      ] GC(92) - age   6:     605720 bytes,    4148712 total
[2026-03-27T13:45:29.348+0000][69][trace][gc,age      ] GC(92) - age   7:     351664 bytes,    4500376 total
[2026-03-27T13:45:29.349+0000][69][trace][gc,age      ] GC(92) - age   8:       9912 bytes,    4510288 total
[2026-03-27T13:45:29.350+0000][69][trace][gc,age      ] GC(92) - age   9:     396936 bytes,    4907224 total
[2026-03-27T13:45:29.351+0000][69][trace][gc,age      ] GC(92) - age  10:     134008 bytes,    5041232 total
[2026-03-27T13:45:29.353+0000][69][trace][gc,age      ] GC(92) - age  11:      13416 bytes,    5054648 total
[2026-03-27T13:45:29.354+0000][69][trace][gc,age      ] GC(92) - age  12:     121424 bytes,    5176072 total
[2026-03-27T13:45:29.355+0000][69][trace][gc,age      ] GC(92) - age  13:     721640 bytes,    5897712 total
[2026-03-27T13:45:29.356+0000][69][trace][gc,age      ] GC(92) - age  14:      98504 bytes,    5996216 total
[2026-03-27T13:45:29.356+0000][69][trace][gc,age      ] GC(92) - age  15:       4088 bytes,    6000304 total
[2026-03-27T13:45:29.357+0000][69][info ][gc,heap     ] GC(92) Eden regions: 74->0(74)
[2026-03-27T13:45:29.359+0000][69][info ][gc,heap     ] GC(92) Survivor regions: 2->2(10)
[2026-03-27T13:45:29.359+0000][69][info ][gc,heap     ] GC(92) Old regions: 27->27
[2026-03-27T13:45:29.361+0000][69][info ][gc,heap     ] GC(92) Humongous regions: 0->0
[2026-03-27T13:45:29.361+0000][69][info ][gc,metaspace] GC(92) Metaspace: 147509K(151424K)->147509K(151424K) NonClass: 128275K(129920K)->128275K(129920K) Class: 19234K(21504K)->19234K(21504K)
[2026-03-27T13:45:29.362+0000][69][info ][gc          ] GC(92) Pause Young (Normal) (G1 Evacuation Pause) 407M->111M(512M) 45.386ms
[2026-03-27T13:45:29.363+0000][69][info ][gc,cpu      ] GC(92) User=0.11s Sys=0.00s Real=0.04s
[2026-03-27T13:45:29.364+0000][69][info ][safepoint   ] Safepoint "G1CollectForAllocation", Time since last: 8700555618 ns, Reaching safepoint: 47682 ns, Cleanup: 10410 ns, At safepoint: 47078113 ns, Total: 47136205 ns
[2026-03-27T13:45:31.365+0000][69][info ][safepoint   ] Safepoint "Cleanup", Time since last: 2001201026 ns, Reaching safepoint: 136797 ns, Cleanup: 85401 ns, At safepoint: 24708 ns, Total: 246906 ns
[2026-03-27T13:45:32.974+0000][69][info ][safepoint   ] Safepoint "Cleanup", Time since last: 1608633619 ns, Reaching safepoint: 10111 ns, Cleanup: 54457 ns, At safepoint: 24925 ns, Total: 89493 ns
[2026-03-27T13:45:37.966+0000][69][info ][safepoint   ] Safepoint "Cleanup", Time since last: 4996561529 ns, Reaching safepoint: 58730 ns, Cleanup: 23321 ns, At safepoint: 77080 ns, Total: 159131 ns
[2026-03-27T13:45:38.974+0000][69][info ][safepoint   ] Safepoint "Cleanup", Time since last: 1008070027 ns, Reaching safepoint: 12460 ns, Cleanup: 31971 ns, At safepoint: 5358 ns, Total: 49789 ns
[2026-03-27T13:45:41.980+0000][69][info ][safepoint   ] Safepoint "Cleanup", Time since last: 3006064132 ns, Reaching safepoint: 41531 ns, Cleanup: 23622 ns, At safepoint: 13168 ns, Total: 78321 ns
[2026-03-27T13:45:46.011+0000][69][info ][safepoint   ] Safepoint "Cleanup", Time since last: 4030707576 ns, Reaching safepoint: 63022 ns, Cleanup: 17957 ns, At safepoint: 8772 ns, Total: 89751 ns
[2026-03-27T13:45:49.013+0000][69][info ][safepoint   ] Safepoint "Cleanup", Time since last: 3001583815 ns, Reaching safepoint: 107290 ns, Cleanup: 29757 ns, At safepoint: 13867 ns, Total: 150914 ns
[2026-03-27T13:45:50.328+0000][69][info ][safepoint   ] Safepoint "Cleanup", Time since last: 1315730982 ns, Reaching safepoint: 8779 ns, Cleanup: 10027 ns, At safepoint: 4789 ns, Total: 23595 ns
[2026-03-27T13:45:54.947+0000][69][info ][safepoint   ] Safepoint "Cleanup", Time since last: 4618145433 ns, Reaching safepoint: 32099 ns, Cleanup: 15366 ns, At safepoint: 6590 ns, Total: 54055 ns
[2026-03-27T13:46:17.171+0000][69][info ][safepoint   ] Safepoint "Cleanup", Time since last: 22227923166 ns, Reaching safepoint: 38435 ns, Cleanup: 20907 ns, At safepoint: 8171 ns, Total: 67513 ns
[2026-03-27T13:46:39.254+0000][69][info ][safepoint   ] Safepoint "Cleanup", Time since last: 22087177277 ns, Reaching safepoint: 14438 ns, Cleanup: 14503 ns, At safepoint: 5290 ns, Total: 34231 ns
[2026-03-27T13:46:40.267+0000][69][info ][safepoint   ] Safepoint "Cleanup", Time since last: 1013218258 ns, Reaching safepoint: 359051 ns, Cleanup: 66026 ns, At safepoint: 215407 ns, Total: 640484 ns
[2026-03-27T13:46:42.096+0000][69][info ][safepoint   ] Safepoint "Cleanup", Time since last: 1828086999 ns, Reaching safepoint: 45207 ns, Cleanup: 40681 ns, At safepoint: 12597 ns, Total: 98485 ns
[2026-03-27T13:46:45.285+0000][69][info ][safepoint   ] Safepoint "Cleanup", Time since last: 3189227505 ns, Reaching safepoint: 20481 ns, Cleanup: 22095 ns, At safepoint: 10846 ns, Total: 53422 ns
