[2025-06-04T08:01:07.640+0000][75][info][gc,init] CardTable entry size: 512
[2025-06-04T08:01:07.643+0000][75][info][gc     ] Using G1
[2025-06-04T08:01:10.009+0000][75][info][gc,init] Version: 21.0.1+12-29 (release)
[2025-06-04T08:01:10.012+0000][75][info][gc,init] CPUs: 12 total, 12 available
[2025-06-04T08:01:10.017+0000][75][info][gc,init] Memory: 7789M
[2025-06-04T08:01:10.018+0000][75][info][gc,init] Large Page Support: Disabled
[2025-06-04T08:01:10.019+0000][75][info][gc,init] NUMA Support: Disabled
[2025-06-04T08:01:10.020+0000][75][info][gc,init] Compressed Oops: Enabled (32-bit)
[2025-06-04T08:01:10.021+0000][75][info][gc,init] Heap Region Size: 4M
[2025-06-04T08:01:10.022+0000][75][info][gc,init] Heap Min Capacity: 512M
[2025-06-04T08:01:10.026+0000][75][info][gc,init] Heap Initial Capacity: 512M
[2025-06-04T08:01:10.027+0000][75][info][gc,init] Heap Max Capacity: 512M
[2025-06-04T08:01:10.029+0000][75][info][gc,init] Pre-touch: Enabled
[2025-06-04T08:01:10.033+0000][75][info][gc,init] Parallel Workers: 10
[2025-06-04T08:01:10.034+0000][75][info][gc,init] Concurrent Workers: 3
[2025-06-04T08:01:10.035+0000][75][info][gc,init] Concurrent Refinement Workers: 10
[2025-06-04T08:01:10.036+0000][75][info][gc,init] Periodic GC: Disabled
[2025-06-04T08:01:10.709+0000][75][info][gc,metaspace] CDS archive(s) mapped at: [0x00007f7687000000-0x00007f7687ca5000-0x00007f7687ca5000), size 13258752, SharedBaseAddress: 0x00007f7687000000, ArchiveRelocationMode: 1.
[2025-06-04T08:01:10.713+0000][75][info][gc,metaspace] Compressed class space mapped at: 0x00007f7688000000-0x00007f76c8000000, reserved size: 1073741824
[2025-06-04T08:01:10.716+0000][75][info][gc,metaspace] Narrow klass base: 0x00007f7687000000, Narrow klass shift: 0, Narrow klass range: 0x100000000
[2025-06-04T08:01:12.845+0000][75][info][safepoint   ] Safepoint "Cleanup", Time since last: 2001246782 ns, Reaching safepoint: 995040 ns, Cleanup: 389323 ns, At safepoint: 581090 ns, Total: 1965453 ns
[2025-06-04T08:01:13.910+0000][75][info][safepoint   ] Safepoint "Cleanup", Time since last: 1065335831 ns, Reaching safepoint: 5925 ns, Cleanup: 212833 ns, At safepoint: 8697 ns, Total: 227455 ns
[2025-06-04T08:01:14.641+0000][75][info][gc,start    ] GC(0) Pause Young (Normal) (G1 Evacuation Pause)
[2025-06-04T08:01:14.645+0000][75][info][gc,task     ] GC(0) Using 10 workers of 10 for evacuation
[2025-06-04T08:01:14.647+0000][75][debug][gc,age      ] GC(0) Desired survivor size 2097152 bytes, new threshold 15 (max threshold 15)
[2025-06-04T08:01:14.703+0000][75][info ][gc,phases   ] GC(0)   Pre Evacuate Collection Set: 3.5ms
[2025-06-04T08:01:14.713+0000][75][info ][gc,phases   ] GC(0)   Merge Heap Roots: 2.2ms
[2025-06-04T08:01:14.731+0000][75][info ][gc,phases   ] GC(0)   Evacuate Collection Set: 11.9ms
[2025-06-04T08:01:14.749+0000][75][info ][gc,phases   ] GC(0)   Post Evacuate Collection Set: 33.5ms
[2025-06-04T08:01:14.751+0000][75][info ][gc,phases   ] GC(0)   Other: 5.6ms
[2025-06-04T08:01:14.752+0000][75][trace][gc,age      ] GC(0) Age table with threshold 15 (max threshold 15)
[2025-06-04T08:01:14.753+0000][75][trace][gc,age      ] GC(0) - age   1:    2610488 bytes,    2610488 total
[2025-06-04T08:01:14.755+0000][75][info ][gc,heap     ] GC(0) Eden regions: 6->0(15)
[2025-06-04T08:01:14.756+0000][75][info ][gc,heap     ] GC(0) Survivor regions: 0->1(1)
[2025-06-04T08:01:14.757+0000][75][info ][gc,heap     ] GC(0) Old regions: 1->1
[2025-06-04T08:01:14.759+0000][75][info ][gc,heap     ] GC(0) Humongous regions: 0->0
[2025-06-04T08:01:14.760+0000][75][info ][gc,metaspace] GC(0) Metaspace: 1152K(1344K)->1152K(1344K) NonClass: 1069K(1152K)->1069K(1152K) Class: 82K(192K)->82K(192K)
[2025-06-04T08:01:14.763+0000][75][info ][gc          ] GC(0) Pause Young (Normal) (G1 Evacuation Pause) 24M->3M(512M) 121.902ms
[2025-06-04T08:01:14.765+0000][75][info ][gc,cpu      ] GC(0) User=0.10s Sys=0.27s Real=0.13s
[2025-06-04T08:01:14.767+0000][75][info ][safepoint   ] Safepoint "G1CollectForAllocation", Time since last: 729383767 ns, Reaching safepoint: 8228 ns, Cleanup: 50607 ns, At safepoint: 127716599 ns, Total: 127775434 ns
[2025-06-04T08:01:16.669+0000][75][info ][safepoint   ] Safepoint "Cleanup", Time since last: 1892747843 ns, Reaching safepoint: 8836412 ns, Cleanup: 173206 ns, At safepoint: 132910 ns, Total: 9142528 ns
[2025-06-04T08:01:17.671+0000][75][info ][safepoint   ] Safepoint "Cleanup", Time since last: 1001999412 ns, Reaching safepoint: 219022 ns, Cleanup: 109444 ns, At safepoint: 99701 ns, Total: 428167 ns
[2025-06-04T08:01:19.406+0000][75][info ][safepoint   ] Safepoint "Cleanup", Time since last: 1749772042 ns, Reaching safepoint: 9225574 ns, Cleanup: 238395 ns, At safepoint: 224979 ns, Total: 9688948 ns
[2025-06-04T08:01:21.281+0000][75][info ][safepoint   ] Safepoint "Cleanup", Time since last: 1875371137 ns, Reaching safepoint: 6769 ns, Cleanup: 169751 ns, At safepoint: 20235 ns, Total: 196755 ns
[2025-06-04T08:01:22.290+0000][75][info ][safepoint   ] Safepoint "Cleanup", Time since last: 1008551825 ns, Reaching safepoint: 10742 ns, Cleanup: 81382 ns, At safepoint: 6949 ns, Total: 99073 ns
[2025-06-04T08:01:23.729+0000][75][info ][safepoint   ] Safepoint "Cleanup", Time since last: 1438878596 ns, Reaching safepoint: 7449 ns, Cleanup: 130912 ns, At safepoint: 8880 ns, Total: 147241 ns
[2025-06-04T08:01:25.577+0000][75][info ][safepoint   ] Safepoint "Cleanup", Time since last: 1847744889 ns, Reaching safepoint: 21749 ns, Cleanup: 93867 ns, At safepoint: 11823 ns, Total: 127439 ns
[2025-06-04T08:01:28.603+0000][75][info ][safepoint   ] Safepoint "Cleanup", Time since last: 3013834632 ns, Reaching safepoint: 12772943 ns, Cleanup: 54927 ns, At safepoint: 192397 ns, Total: 13020267 ns
[2025-06-04T08:01:29.608+0000][75][info ][safepoint   ] Safepoint "Cleanup", Time since last: 1003624371 ns, Reaching safepoint: 836308 ns, Cleanup: 113697 ns, At safepoint: 106745 ns, Total: 1056750 ns
[2025-06-04T08:01:30.765+0000][75][info ][safepoint   ] Safepoint "Cleanup", Time since last: 1098206498 ns, Reaching safepoint: 58136511 ns, Cleanup: 80269 ns, At safepoint: 210593 ns, Total: 58427373 ns
[2025-06-04T08:01:31.815+0000][75][info ][safepoint   ] Safepoint "Cleanup", Time since last: 1039932407 ns, Reaching safepoint: 10151839 ns, Cleanup: 139452 ns, At safepoint: 174290 ns, Total: 10465581 ns
[2025-06-04T08:01:32.828+0000][75][info ][safepoint   ] Safepoint "Cleanup", Time since last: 1002381778 ns, Reaching safepoint: 10302199 ns, Cleanup: 38670 ns, At safepoint: 82119 ns, Total: 10422988 ns
[2025-06-04T08:01:33.486+0000][75][info ][gc,start    ] GC(1) Pause Young (Normal) (G1 Evacuation Pause)
[2025-06-04T08:01:33.508+0000][75][info ][gc,task     ] GC(1) Using 10 workers of 10 for evacuation
[2025-06-04T08:01:33.516+0000][75][debug][gc,age      ] GC(1) Desired survivor size 4194304 bytes, new threshold 15 (max threshold 15)
[2025-06-04T08:01:33.768+0000][75][info ][gc,mmu      ] GC(1) MMU target violated: 201.0ms (200.0ms/201.0ms)
[2025-06-04T08:01:33.773+0000][75][info ][gc,phases   ] GC(1)   Pre Evacuate Collection Set: 1.6ms
[2025-06-04T08:01:33.783+0000][75][info ][gc,phases   ] GC(1)   Merge Heap Roots: 0.9ms
[2025-06-04T08:01:33.853+0000][75][info ][gc,phases   ] GC(1)   Evacuate Collection Set: 178.8ms
[2025-06-04T08:01:33.855+0000][75][info ][gc,phases   ] GC(1)   Post Evacuate Collection Set: 36.7ms
[2025-06-04T08:01:33.856+0000][75][info ][gc,phases   ] GC(1)   Other: 47.0ms
[2025-06-04T08:01:33.858+0000][75][trace][gc,age      ] GC(1) Age table with threshold 15 (max threshold 15)
[2025-06-04T08:01:33.859+0000][75][trace][gc,age      ] GC(1) - age   1:    5284560 bytes,    5284560 total
[2025-06-04T08:01:33.861+0000][75][trace][gc,age      ] GC(1) - age   2:    2586496 bytes,    7871056 total
[2025-06-04T08:01:33.863+0000][75][info ][gc,heap     ] GC(1) Eden regions: 15->0(13)
[2025-06-04T08:01:33.872+0000][75][info ][gc,heap     ] GC(1) Survivor regions: 1->2(2)
[2025-06-04T08:01:33.894+0000][75][info ][gc,heap     ] GC(1) Old regions: 1->1
[2025-06-04T08:01:33.896+0000][75][info ][gc,heap     ] GC(1) Humongous regions: 0->0
[2025-06-04T08:01:33.897+0000][75][info ][gc,metaspace] GC(1) Metaspace: 14053K(14464K)->14053K(14464K) NonClass: 12417K(12608K)->12417K(12608K) Class: 1636K(1856K)->1636K(1856K)
[2025-06-04T08:01:33.904+0000][75][info ][gc          ] GC(1) Pause Young (Normal) (G1 Evacuation Pause) 63M->8M(512M) 417.962ms
[2025-06-04T08:01:33.914+0000][75][info ][gc,cpu      ] GC(1) User=0.91s Sys=0.33s Real=0.43s
[2025-06-04T08:01:33.917+0000][75][info ][safepoint   ] Safepoint "G1CollectForAllocation", Time since last: 657949257 ns, Reaching safepoint: 15180 ns, Cleanup: 40143 ns, At safepoint: 430778381 ns, Total: 430833704 ns
[2025-06-04T08:01:35.899+0000][75][info ][safepoint   ] Safepoint "Cleanup", Time since last: 1969934017 ns, Reaching safepoint: 11638574 ns, Cleanup: 232780 ns, At safepoint: 155378 ns, Total: 12026732 ns
[2025-06-04T08:01:36.905+0000][75][info ][safepoint   ] Safepoint "Cleanup", Time since last: 1002677221 ns, Reaching safepoint: 2946966 ns, Cleanup: 71985 ns, At safepoint: 491867 ns, Total: 3510818 ns
[2025-06-04T08:01:37.916+0000][75][info ][safepoint   ] Safepoint "Cleanup", Time since last: 1007518387 ns, Reaching safepoint: 3478919 ns, Cleanup: 47981 ns, At safepoint: 207491 ns, Total: 3734391 ns
[2025-06-04T08:01:38.941+0000][75][info ][safepoint   ] Safepoint "Cleanup", Time since last: 1003441598 ns, Reaching safepoint: 21063830 ns, Cleanup: 243969 ns, At safepoint: 84783 ns, Total: 21392582 ns
[2025-06-04T08:01:39.943+0000][75][info ][safepoint   ] Safepoint "Cleanup", Time since last: 1001745085 ns, Reaching safepoint: 22143 ns, Cleanup: 75445 ns, At safepoint: 201139 ns, Total: 298727 ns
[2025-06-04T08:01:40.947+0000][75][info ][safepoint   ] Safepoint "Cleanup", Time since last: 1002996230 ns, Reaching safepoint: 705442 ns, Cleanup: 30647 ns, At safepoint: 115160 ns, Total: 851249 ns
[2025-06-04T08:01:41.975+0000][75][info ][safepoint   ] Safepoint "Cleanup", Time since last: 1022022418 ns, Reaching safepoint: 6164417 ns, Cleanup: 55051 ns, At safepoint: 188232 ns, Total: 6407700 ns
[2025-06-04T08:01:42.990+0000][75][info ][safepoint   ] Safepoint "Cleanup", Time since last: 1003714658 ns, Reaching safepoint: 10674476 ns, Cleanup: 34289 ns, At safepoint: 62795 ns, Total: 10771560 ns
[2025-06-04T08:01:44.090+0000][75][info ][safepoint   ] Safepoint "Cleanup", Time since last: 1024404008 ns, Reaching safepoint: 75235704 ns, Cleanup: 106053 ns, At safepoint: 68451 ns, Total: 75410208 ns
[2025-06-04T08:01:45.165+0000][75][info ][safepoint   ] Safepoint "Cleanup", Time since last: 1029535047 ns, Reaching safepoint: 45174711 ns, Cleanup: 182648 ns, At safepoint: 301206 ns, Total: 45658565 ns
[2025-06-04T08:01:46.188+0000][75][info ][safepoint   ] Safepoint "Cleanup", Time since last: 1002743706 ns, Reaching safepoint: 20429072 ns, Cleanup: 76295 ns, At safepoint: 63635 ns, Total: 20569002 ns
[2025-06-04T08:01:47.239+0000][75][info ][safepoint   ] Safepoint "Cleanup", Time since last: 1028218363 ns, Reaching safepoint: 22433760 ns, Cleanup: 30683 ns, At safepoint: 65494 ns, Total: 22529937 ns
[2025-06-04T08:01:49.537+0000][75][info ][safepoint   ] Safepoint "Cleanup", Time since last: 2130571803 ns, Reaching safepoint: 166117718 ns, Cleanup: 217154 ns, At safepoint: 54211 ns, Total: 166389083 ns
[2025-06-04T08:01:50.661+0000][75][info ][safepoint   ] Safepoint "Cleanup", Time since last: 1123923603 ns, Reaching safepoint: 13678 ns, Cleanup: 40302 ns, At safepoint: 7619 ns, Total: 61599 ns
[2025-06-04T08:01:51.143+0000][75][info ][gc,start    ] GC(2) Pause Young (Normal) (G1 Evacuation Pause)
[2025-06-04T08:01:51.156+0000][75][info ][gc,task     ] GC(2) Using 10 workers of 10 for evacuation
[2025-06-04T08:01:51.157+0000][75][debug][gc,age      ] GC(2) Desired survivor size 4194304 bytes, new threshold 1 (max threshold 15)
[2025-06-04T08:01:52.725+0000][75][info ][gc,mmu      ] GC(2) MMU target violated: 201.0ms (200.0ms/201.0ms)
[2025-06-04T08:01:52.768+0000][75][info ][gc,phases   ] GC(2)   Pre Evacuate Collection Set: 0.5ms
[2025-06-04T08:01:52.789+0000][75][info ][gc,phases   ] GC(2)   Merge Heap Roots: 0.2ms
[2025-06-04T08:01:52.804+0000][75][info ][gc,phases   ] GC(2)   Evacuate Collection Set: 1552.6ms
[2025-06-04T08:01:52.821+0000][75][info ][gc,phases   ] GC(2)   Post Evacuate Collection Set: 13.7ms
[2025-06-04T08:01:52.823+0000][75][info ][gc,phases   ] GC(2)   Other: 45.7ms
[2025-06-04T08:01:52.831+0000][75][trace][gc,age      ] GC(2) Age table with threshold 1 (max threshold 15)
[2025-06-04T08:01:52.846+0000][75][trace][gc,age      ] GC(2) - age   1:    1407680 bytes,    1407680 total
[2025-06-04T08:01:52.861+0000][75][info ][gc,heap     ] GC(2) Eden regions: 13->0(5)
[2025-06-04T08:01:52.869+0000][75][info ][gc,heap     ] GC(2) Survivor regions: 2->1(2)
[2025-06-04T08:01:52.881+0000][75][info ][gc,heap     ] GC(2) Old regions: 1->3
[2025-06-04T08:01:52.885+0000][75][info ][gc,heap     ] GC(2) Humongous regions: 0->0
[2025-06-04T08:01:52.906+0000][75][info ][gc,metaspace] GC(2) Metaspace: 18517K(19008K)->18517K(19008K) NonClass: 16525K(16768K)->16525K(16768K) Class: 1992K(2240K)->1992K(2240K)
[2025-06-04T08:01:52.916+0000][75][info ][gc          ] GC(2) Pause Young (Normal) (G1 Evacuation Pause) 60M->9M(512M) 1773.169ms
[2025-06-04T08:01:52.920+0000][75][info ][gc,cpu      ] GC(2) User=2.00s Sys=1.88s Real=1.78s
[2025-06-04T08:01:52.965+0000][75][info ][safepoint   ] Safepoint "G1CollectForAllocation", Time since last: 481873718 ns, Reaching safepoint: 10904 ns, Cleanup: 55246 ns, At safepoint: 1822050758 ns, Total: 1822116908 ns
[2025-06-04T08:01:54.084+0000][75][info ][safepoint   ] Safepoint "Cleanup", Time since last: 1113785846 ns, Reaching safepoint: 5566252 ns, Cleanup: 76744 ns, At safepoint: 9132 ns, Total: 5652128 ns
[2025-06-04T08:01:55.128+0000][75][info ][safepoint   ] Safepoint "Cleanup", Time since last: 1031184116 ns, Reaching safepoint: 12053993 ns, Cleanup: 84806 ns, At safepoint: 244074 ns, Total: 12382873 ns
[2025-06-04T08:01:55.746+0000][75][info ][gc,start    ] GC(3) Pause Young (Normal) (G1 Evacuation Pause)
[2025-06-04T08:01:55.779+0000][75][info ][gc,task     ] GC(3) Using 10 workers of 10 for evacuation
[2025-06-04T08:01:55.780+0000][75][debug][gc,age      ] GC(3) Desired survivor size 2097152 bytes, new threshold 15 (max threshold 15)
[2025-06-04T08:01:55.951+0000][75][info ][gc,phases   ] GC(3)   Pre Evacuate Collection Set: 0.5ms
[2025-06-04T08:01:55.952+0000][75][info ][gc,phases   ] GC(3)   Merge Heap Roots: 0.3ms
[2025-06-04T08:01:55.954+0000][75][info ][gc,phases   ] GC(3)   Evacuate Collection Set: 167.0ms
[2025-06-04T08:01:55.955+0000][75][info ][gc,phases   ] GC(3)   Post Evacuate Collection Set: 1.2ms
[2025-06-04T08:01:55.969+0000][75][info ][gc,phases   ] GC(3)   Other: 2.4ms
[2025-06-04T08:01:55.980+0000][75][trace][gc,age      ] GC(3) Age table with threshold 15 (max threshold 15)
[2025-06-04T08:01:56.021+0000][75][trace][gc,age      ] GC(3) - age   1:    2389544 bytes,    2389544 total
[2025-06-04T08:01:56.035+0000][75][trace][gc,age      ] GC(3) - age   2:    1367648 bytes,    3757192 total
[2025-06-04T08:01:56.039+0000][75][info ][gc,heap     ] GC(3) Eden regions: 5->0(5)
[2025-06-04T08:01:56.052+0000][75][info ][gc,heap     ] GC(3) Survivor regions: 1->1(1)
[2025-06-04T08:01:56.054+0000][75][info ][gc,heap     ] GC(3) Old regions: 3->3
[2025-06-04T08:01:56.054+0000][75][info ][gc,heap     ] GC(3) Humongous regions: 0->0
[2025-06-04T08:01:56.056+0000][75][info ][gc,metaspace] GC(3) Metaspace: 18731K(19200K)->18731K(19200K) NonClass: 16717K(16960K)->16717K(16960K) Class: 2013K(2240K)->2013K(2240K)
[2025-06-04T08:01:56.057+0000][75][info ][gc          ] GC(3) Pause Young (Normal) (G1 Evacuation Pause) 29M->11M(512M) 311.119ms
[2025-06-04T08:01:56.058+0000][75][info ][gc,cpu      ] GC(3) User=0.12s Sys=0.06s Real=0.32s
[2025-06-04T08:01:56.060+0000][75][info ][safepoint   ] Safepoint "G1CollectForAllocation", Time since last: 617926277 ns, Reaching safepoint: 39526 ns, Cleanup: 70473 ns, At safepoint: 314559376 ns, Total: 314669375 ns
[2025-06-04T08:01:57.860+0000][75][info ][safepoint   ] Safepoint "Cleanup", Time since last: 1799703646 ns, Reaching safepoint: 13322 ns, Cleanup: 91917 ns, At safepoint: 6595 ns, Total: 111834 ns
[2025-06-04T08:01:58.938+0000][75][info ][safepoint   ] Safepoint "Cleanup", Time since last: 1077670115 ns, Reaching safepoint: 18140 ns, Cleanup: 40583 ns, At safepoint: 7844 ns, Total: 66567 ns
[2025-06-04T08:01:59.408+0000][75][info ][gc,start    ] GC(4) Pause Young (Normal) (G1 Evacuation Pause)
[2025-06-04T08:01:59.418+0000][75][info ][gc,task     ] GC(4) Using 10 workers of 10 for evacuation
[2025-06-04T08:01:59.426+0000][75][debug][gc,age      ] GC(4) Desired survivor size 2097152 bytes, new threshold 1 (max threshold 15)
[2025-06-04T08:01:59.533+0000][75][info ][gc,phases   ] GC(4)   Pre Evacuate Collection Set: 0.5ms
[2025-06-04T08:01:59.534+0000][75][info ][gc,phases   ] GC(4)   Merge Heap Roots: 0.2ms
[2025-06-04T08:01:59.535+0000][75][info ][gc,phases   ] GC(4)   Evacuate Collection Set: 101.6ms
[2025-06-04T08:01:59.553+0000][75][info ][gc,phases   ] GC(4)   Post Evacuate Collection Set: 3.5ms
[2025-06-04T08:01:59.555+0000][75][info ][gc,phases   ] GC(4)   Other: 8.3ms
[2025-06-04T08:01:59.557+0000][75][trace][gc,age      ] GC(4) Age table with threshold 1 (max threshold 15)
[2025-06-04T08:01:59.559+0000][75][trace][gc,age      ] GC(4) - age   1:    2308536 bytes,    2308536 total
[2025-06-04T08:01:59.560+0000][75][info ][gc,heap     ] GC(4) Eden regions: 5->0(5)
[2025-06-04T08:01:59.572+0000][75][info ][gc,heap     ] GC(4) Survivor regions: 1->1(1)
[2025-06-04T08:01:59.585+0000][75][info ][gc,heap     ] GC(4) Old regions: 3->4
[2025-06-04T08:01:59.587+0000][75][info ][gc,heap     ] GC(4) Humongous regions: 0->0
[2025-06-04T08:01:59.588+0000][75][info ][gc,metaspace] GC(4) Metaspace: 19956K(20416K)->19956K(20416K) NonClass: 17786K(18048K)->17786K(18048K) Class: 2169K(2368K)->2169K(2368K)
[2025-06-04T08:01:59.590+0000][75][info ][gc          ] GC(4) Pause Young (Normal) (G1 Evacuation Pause) 31M->12M(512M) 181.407ms
[2025-06-04T08:01:59.591+0000][75][info ][gc,cpu      ] GC(4) User=0.45s Sys=0.03s Real=0.19s
[2025-06-04T08:01:59.594+0000][75][info ][safepoint   ] Safepoint "G1CollectForAllocation", Time since last: 470387391 ns, Reaching safepoint: 13368 ns, Cleanup: 7550 ns, At safepoint: 185253212 ns, Total: 185274130 ns
[2025-06-04T08:02:00.008+0000][75][info ][gc,start    ] GC(5) Pause Young (Normal) (G1 Evacuation Pause)
[2025-06-04T08:02:00.016+0000][75][info ][gc,task     ] GC(5) Using 10 workers of 10 for evacuation
[2025-06-04T08:02:00.017+0000][75][debug][gc,age      ] GC(5) Desired survivor size 2097152 bytes, new threshold 1 (max threshold 15)
[2025-06-04T08:02:00.175+0000][75][info ][gc,phases   ] GC(5)   Pre Evacuate Collection Set: 1.1ms
[2025-06-04T08:02:00.177+0000][75][info ][gc,phases   ] GC(5)   Merge Heap Roots: 1.1ms
[2025-06-04T08:02:00.178+0000][75][info ][gc,phases   ] GC(5)   Evacuate Collection Set: 150.3ms
[2025-06-04T08:02:00.180+0000][75][info ][gc,phases   ] GC(5)   Post Evacuate Collection Set: 4.4ms
[2025-06-04T08:02:00.181+0000][75][info ][gc,phases   ] GC(5)   Other: 2.5ms
[2025-06-04T08:02:00.184+0000][75][trace][gc,age      ] GC(5) Age table with threshold 1 (max threshold 15)
[2025-06-04T08:02:00.187+0000][75][trace][gc,age      ] GC(5) - age   1:     188976 bytes,     188976 total
[2025-06-04T08:02:00.189+0000][75][info ][gc,heap     ] GC(5) Eden regions: 5->0(9)
[2025-06-04T08:02:00.191+0000][75][info ][gc,heap     ] GC(5) Survivor regions: 1->1(1)
[2025-06-04T08:02:00.192+0000][75][info ][gc,heap     ] GC(5) Old regions: 4->4
[2025-06-04T08:02:00.193+0000][75][info ][gc,heap     ] GC(5) Humongous regions: 0->0
[2025-06-04T08:02:00.195+0000][75][info ][gc,metaspace] GC(5) Metaspace: 19998K(20480K)->19998K(20480K) NonClass: 17826K(18112K)->17826K(18112K) Class: 2172K(2368K)->2172K(2368K)
[2025-06-04T08:02:00.197+0000][75][info ][gc          ] GC(5) Pause Young (Normal) (G1 Evacuation Pause) 32M->10M(512M) 189.171ms
[2025-06-04T08:02:00.199+0000][75][info ][gc,cpu      ] GC(5) User=0.39s Sys=0.15s Real=0.19s
[2025-06-04T08:02:00.202+0000][75][info ][safepoint   ] Safepoint "G1CollectForAllocation", Time since last: 414438994 ns, Reaching safepoint: 13194 ns, Cleanup: 80233 ns, At safepoint: 193995079 ns, Total: 194088506 ns
[2025-06-04T08:02:01.327+0000][75][info ][gc,start    ] GC(6) Pause Young (Normal) (G1 Evacuation Pause)
[2025-06-04T08:02:01.328+0000][75][info ][gc,task     ] GC(6) Using 10 workers of 10 for evacuation
[2025-06-04T08:02:01.329+0000][75][debug][gc,age      ] GC(6) Desired survivor size 4194304 bytes, new threshold 15 (max threshold 15)
[2025-06-04T08:02:01.366+0000][75][info ][gc,phases   ] GC(6)   Pre Evacuate Collection Set: 1.3ms
[2025-06-04T08:02:01.368+0000][75][info ][gc,phases   ] GC(6)   Merge Heap Roots: 1.0ms
[2025-06-04T08:02:01.385+0000][75][info ][gc,phases   ] GC(6)   Evacuate Collection Set: 15.2ms
[2025-06-04T08:02:01.387+0000][75][info ][gc,phases   ] GC(6)   Post Evacuate Collection Set: 9.7ms
[2025-06-04T08:02:01.395+0000][75][info ][gc,phases   ] GC(6)   Other: 11.2ms
[2025-06-04T08:02:01.396+0000][75][trace][gc,age      ] GC(6) Age table with threshold 15 (max threshold 15)
[2025-06-04T08:02:01.398+0000][75][trace][gc,age      ] GC(6) - age   1:    1556352 bytes,    1556352 total
[2025-06-04T08:02:01.399+0000][75][trace][gc,age      ] GC(6) - age   2:      76704 bytes,    1633056 total
[2025-06-04T08:02:01.400+0000][75][info ][gc,heap     ] GC(6) Eden regions: 9->0(12)
[2025-06-04T08:02:01.402+0000][75][info ][gc,heap     ] GC(6) Survivor regions: 1->1(2)
[2025-06-04T08:02:01.403+0000][75][info ][gc,heap     ] GC(6) Old regions: 4->4
[2025-06-04T08:02:01.404+0000][75][info ][gc,heap     ] GC(6) Humongous regions: 0->0
[2025-06-04T08:02:01.406+0000][75][info ][gc,metaspace] GC(6) Metaspace: 20482K(20992K)->20482K(20992K) NonClass: 18267K(18560K)->18267K(18560K) Class: 2214K(2432K)->2214K(2432K)
[2025-06-04T08:02:01.407+0000][75][info ][gc          ] GC(6) Pause Young (Normal) (G1 Evacuation Pause) 46M->11M(512M) 80.707ms
[2025-06-04T08:02:01.409+0000][75][info ][gc,cpu      ] GC(6) User=0.16s Sys=0.00s Real=0.08s
[2025-06-04T08:02:01.411+0000][75][info ][safepoint   ] Safepoint "G1CollectForAllocation", Time since last: 1124131925 ns, Reaching safepoint: 50017 ns, Cleanup: 274901 ns, At safepoint: 84342533 ns, Total: 84667451 ns
[2025-06-04T08:02:02.441+0000][75][info ][safepoint   ] Safepoint "Cleanup", Time since last: 1029589245 ns, Reaching safepoint: 13756 ns, Cleanup: 53687 ns, At safepoint: 8031 ns, Total: 75474 ns
[2025-06-04T08:02:02.991+0000][75][info ][gc,start    ] GC(7) Pause Young (Normal) (G1 Evacuation Pause)
[2025-06-04T08:02:02.994+0000][75][info ][gc,task     ] GC(7) Using 10 workers of 10 for evacuation
[2025-06-04T08:02:02.996+0000][75][debug][gc,age      ] GC(7) Desired survivor size 4194304 bytes, new threshold 15 (max threshold 15)
[2025-06-04T08:02:03.033+0000][75][info ][gc,phases   ] GC(7)   Pre Evacuate Collection Set: 1.2ms
[2025-06-04T08:02:03.035+0000][75][info ][gc,phases   ] GC(7)   Merge Heap Roots: 0.1ms
[2025-06-04T08:02:03.043+0000][75][info ][gc,phases   ] GC(7)   Evacuate Collection Set: 30.3ms
[2025-06-04T08:02:03.045+0000][75][info ][gc,phases   ] GC(7)   Post Evacuate Collection Set: 3.6ms
[2025-06-04T08:02:03.046+0000][75][info ][gc,phases   ] GC(7)   Other: 3.3ms
[2025-06-04T08:02:03.047+0000][75][trace][gc,age      ] GC(7) Age table with threshold 15 (max threshold 15)
[2025-06-04T08:02:03.048+0000][75][trace][gc,age      ] GC(7) - age   1:     790648 bytes,     790648 total
[2025-06-04T08:02:03.075+0000][75][trace][gc,age      ] GC(7) - age   2:    1111936 bytes,    1902584 total
[2025-06-04T08:02:03.077+0000][75][trace][gc,age      ] GC(7) - age   3:      76704 bytes,    1979288 total
[2025-06-04T08:02:03.078+0000][75][info ][gc,heap     ] GC(7) Eden regions: 12->0(18)
[2025-06-04T08:02:03.079+0000][75][info ][gc,heap     ] GC(7) Survivor regions: 1->1(2)
[2025-06-04T08:02:03.080+0000][75][info ][gc,heap     ] GC(7) Old regions: 4->4
[2025-06-04T08:02:03.081+0000][75][info ][gc,heap     ] GC(7) Humongous regions: 0->0
[2025-06-04T08:02:03.091+0000][75][info ][gc,metaspace] GC(7) Metaspace: 20619K(21120K)->20619K(21120K) NonClass: 18394K(18688K)->18394K(18688K) Class: 2224K(2432K)->2224K(2432K)
[2025-06-04T08:02:03.093+0000][75][info ][gc          ] GC(7) Pause Young (Normal) (G1 Evacuation Pause) 59M->12M(512M) 102.276ms
[2025-06-04T08:02:03.094+0000][75][info ][gc,cpu      ] GC(7) User=0.21s Sys=0.04s Real=0.11s
[2025-06-04T08:02:03.095+0000][75][info ][safepoint   ] Safepoint "G1CollectForAllocation", Time since last: 550186686 ns, Reaching safepoint: 13025 ns, Cleanup: 32494 ns, At safepoint: 104615065 ns, Total: 104660584 ns
[2025-06-04T08:02:03.626+0000][75][info ][gc,start    ] GC(8) Pause Young (Concurrent Start) (Metadata GC Threshold)
[2025-06-04T08:02:03.628+0000][75][info ][gc,task     ] GC(8) Using 10 workers of 10 for evacuation
[2025-06-04T08:02:03.629+0000][75][debug][gc,age      ] GC(8) Desired survivor size 6291456 bytes, new threshold 15 (max threshold 15)
[2025-06-04T08:02:03.697+0000][75][info ][gc,phases   ] GC(8)   Pre Evacuate Collection Set: 2.1ms
[2025-06-04T08:02:03.699+0000][75][info ][gc,phases   ] GC(8)   Merge Heap Roots: 0.9ms
[2025-06-04T08:02:03.701+0000][75][info ][gc,phases   ] GC(8)   Evacuate Collection Set: 56.7ms
[2025-06-04T08:02:03.704+0000][75][info ][gc,phases   ] GC(8)   Post Evacuate Collection Set: 6.0ms
[2025-06-04T08:02:03.706+0000][75][info ][gc,phases   ] GC(8)   Other: 3.1ms
[2025-06-04T08:02:03.707+0000][75][trace][gc,age      ] GC(8) Age table with threshold 15 (max threshold 15)
[2025-06-04T08:02:03.708+0000][75][trace][gc,age      ] GC(8) - age   1:     237104 bytes,     237104 total
[2025-06-04T08:02:03.709+0000][75][trace][gc,age      ] GC(8) - age   2:     776264 bytes,    1013368 total
[2025-06-04T08:02:03.710+0000][75][trace][gc,age      ] GC(8) - age   3:    1111936 bytes,    2125304 total
[2025-06-04T08:02:03.711+0000][75][trace][gc,age      ] GC(8) - age   4:      76704 bytes,    2202008 total
[2025-06-04T08:02:03.712+0000][75][info ][gc,heap     ] GC(8) Eden regions: 1->0(22)
[2025-06-04T08:02:03.714+0000][75][info ][gc,heap     ] GC(8) Survivor regions: 1->1(3)
[2025-06-04T08:02:03.715+0000][75][info ][gc,heap     ] GC(8) Old regions: 4->4
[2025-06-04T08:02:03.716+0000][75][info ][gc,heap     ] GC(8) Humongous regions: 0->0
[2025-06-04T08:02:03.718+0000][75][info ][gc,metaspace] GC(8) Metaspace: 20947K(21504K)->20947K(21504K) NonClass: 18700K(19008K)->18700K(19008K) Class: 2246K(2496K)->2246K(2496K)
[2025-06-04T08:02:03.719+0000][75][info ][gc          ] GC(8) Pause Young (Concurrent Start) (Metadata GC Threshold) 14M->12M(512M) 93.316ms
[2025-06-04T08:02:03.720+0000][75][info ][gc,cpu      ] GC(8) User=0.07s Sys=0.08s Real=0.10s
[2025-06-04T08:02:03.727+0000][75][info ][gc          ] GC(9) Concurrent Mark Cycle
[2025-06-04T08:02:03.729+0000][75][info ][gc,marking  ] GC(9) Concurrent Scan Root Regions
[2025-06-04T08:02:03.728+0000][75][info ][safepoint   ] Safepoint "CollectForMetadataAllocation", Time since last: 529851449 ns, Reaching safepoint: 21569 ns, Cleanup: 138076 ns, At safepoint: 102427162 ns, Total: 102586807 ns
[2025-06-04T08:02:03.734+0000][75][info ][gc,marking  ] GC(9) Concurrent Scan Root Regions 4.934ms
[2025-06-04T08:02:03.736+0000][75][info ][gc,marking  ] GC(9) Concurrent Mark
[2025-06-04T08:02:03.737+0000][75][info ][gc,marking  ] GC(9) Concurrent Mark From Roots
[2025-06-04T08:02:03.741+0000][75][info ][gc,task     ] GC(9) Using 3 workers of 3 for marking
[2025-06-04T08:02:03.847+0000][75][info ][gc,marking  ] GC(9) Concurrent Mark From Roots 109.707ms
[2025-06-04T08:02:03.860+0000][75][info ][gc,marking  ] GC(9) Concurrent Preclean
[2025-06-04T08:02:03.864+0000][75][info ][gc,marking  ] GC(9) Concurrent Preclean 3.846ms
[2025-06-04T08:02:03.871+0000][75][info ][gc,start    ] GC(9) Pause Remark
[2025-06-04T08:02:03.904+0000][75][info ][gc          ] GC(9) Pause Remark 13M->13M(512M) 32.682ms
[2025-06-04T08:02:03.905+0000][75][info ][gc,cpu      ] GC(9) User=0.09s Sys=0.00s Real=0.04s
[2025-06-04T08:02:03.908+0000][75][info ][safepoint   ] Safepoint "G1PauseRemark", Time since last: 143518178 ns, Reaching safepoint: 12803 ns, Cleanup: 10721 ns, At safepoint: 36705686 ns, Total: 36729210 ns
[2025-06-04T08:02:03.911+0000][75][info ][gc,marking  ] GC(9) Concurrent Mark 174.871ms
[2025-06-04T08:02:03.914+0000][75][info ][gc,marking  ] GC(9) Concurrent Rebuild Remembered Sets and Scrub Regions
[2025-06-04T08:02:03.940+0000][75][info ][gc,marking  ] GC(9) Concurrent Rebuild Remembered Sets and Scrub Regions 26.664ms
[2025-06-04T08:02:03.954+0000][75][info ][gc,start    ] GC(9) Pause Cleanup
[2025-06-04T08:02:03.971+0000][75][info ][gc          ] GC(9) Pause Cleanup 13M->13M(512M) 17.153ms
[2025-06-04T08:02:04.021+0000][75][info ][gc,cpu      ] GC(9) User=0.00s Sys=0.00s Real=0.07s
[2025-06-04T08:02:04.022+0000][75][info ][safepoint   ] Safepoint "G1PauseCleanup", Time since last: 37092283 ns, Reaching safepoint: 9042552 ns, Cleanup: 27766 ns, At safepoint: 68163777 ns, Total: 77234095 ns
[2025-06-04T08:02:04.043+0000][75][info ][gc,marking  ] GC(9) Concurrent Clear Claimed Marks
[2025-06-04T08:02:04.074+0000][75][info ][gc,marking  ] GC(9) Concurrent Clear Claimed Marks 31.303ms
[2025-06-04T08:02:04.075+0000][75][info ][gc,marking  ] GC(9) Concurrent Cleanup for Next Mark
[2025-06-04T08:02:04.193+0000][75][info ][gc,marking  ] GC(9) Concurrent Cleanup for Next Mark 118.064ms
[2025-06-04T08:02:04.195+0000][75][info ][gc          ] GC(9) Concurrent Mark Cycle 467.511ms
[2025-06-04T08:02:05.043+0000][75][info ][safepoint   ] Safepoint "Cleanup", Time since last: 1020515672 ns, Reaching safepoint: 98179 ns, Cleanup: 38801 ns, At safepoint: 45077 ns, Total: 182057 ns
[2025-06-04T08:02:06.151+0000][75][info ][safepoint   ] Safepoint "Cleanup", Time since last: 1004793902 ns, Reaching safepoint: 102836953 ns, Cleanup: 94360 ns, At safepoint: 514312 ns, Total: 103445625 ns
[2025-06-04T08:02:07.168+0000][75][info ][safepoint   ] Safepoint "Cleanup", Time since last: 1016010887 ns, Reaching safepoint: 218113 ns, Cleanup: 112012 ns, At safepoint: 390327 ns, Total: 720452 ns
[2025-06-04T08:02:08.195+0000][75][info ][safepoint   ] Safepoint "Cleanup", Time since last: 1011528286 ns, Reaching safepoint: 14154938 ns, Cleanup: 39728 ns, At safepoint: 1492026 ns, Total: 15686692 ns
[2025-06-04T08:02:09.351+0000][75][info ][safepoint   ] Safepoint "Cleanup", Time since last: 1062731552 ns, Reaching safepoint: 92385204 ns, Cleanup: 57148 ns, At safepoint: 114450 ns, Total: 92556802 ns
[2025-06-04T08:02:10.371+0000][75][info ][safepoint   ] Safepoint "Cleanup", Time since last: 1020536460 ns, Reaching safepoint: 11257 ns, Cleanup: 70574 ns, At safepoint: 6012 ns, Total: 87843 ns
[2025-06-04T08:02:11.614+0000][75][info ][safepoint   ] Safepoint "Cleanup", Time since last: 1240447290 ns, Reaching safepoint: 2317681 ns, Cleanup: 90649 ns, At safepoint: 100476 ns, Total: 2508806 ns
[2025-06-04T08:02:13.755+0000][75][info ][safepoint   ] Safepoint "Cleanup", Time since last: 2138644689 ns, Reaching safepoint: 1350916 ns, Cleanup: 490459 ns, At safepoint: 126614 ns, Total: 1967989 ns
[2025-06-04T08:02:13.769+0000][75][info ][gc,start    ] GC(10) Pause Young (Prepare Mixed) (G1 Evacuation Pause)
[2025-06-04T08:02:13.770+0000][75][info ][gc,task     ] GC(10) Using 10 workers of 10 for evacuation
[2025-06-04T08:02:13.791+0000][75][debug][gc,age      ] GC(10) Desired survivor size 6291456 bytes, new threshold 15 (max threshold 15)
[2025-06-04T08:02:14.053+0000][75][info ][gc,mmu      ] GC(10) MMU target violated: 201.0ms (200.0ms/201.0ms)
[2025-06-04T08:02:14.117+0000][75][info ][gc,phases   ] GC(10)   Pre Evacuate Collection Set: 0.5ms
[2025-06-04T08:02:14.118+0000][75][info ][gc,phases   ] GC(10)   Merge Heap Roots: 0.9ms
[2025-06-04T08:02:14.121+0000][75][info ][gc,phases   ] GC(10)   Evacuate Collection Set: 247.0ms
[2025-06-04T08:02:14.138+0000][75][info ][gc,phases   ] GC(10)   Post Evacuate Collection Set: 4.4ms
[2025-06-04T08:02:14.141+0000][75][info ][gc,phases   ] GC(10)   Other: 94.1ms
[2025-06-04T08:02:14.144+0000][75][trace][gc,age      ] GC(10) Age table with threshold 15 (max threshold 15)
[2025-06-04T08:02:14.145+0000][75][trace][gc,age      ] GC(10) - age   1:    4383080 bytes,    4383080 total
[2025-06-04T08:02:14.154+0000][75][trace][gc,age      ] GC(10) - age   2:      52216 bytes,    4435296 total
[2025-06-04T08:02:14.170+0000][75][trace][gc,age      ] GC(10) - age   3:     771880 bytes,    5207176 total
[2025-06-04T08:02:14.173+0000][75][trace][gc,age      ] GC(10) - age   4:    1109744 bytes,    6316920 total
[2025-06-04T08:02:14.175+0000][75][trace][gc,age      ] GC(10) - age   5:      76672 bytes,    6393592 total
[2025-06-04T08:02:14.176+0000][75][info ][gc,heap     ] GC(10) Eden regions: 22->0(6)
[2025-06-04T08:02:14.177+0000][75][info ][gc,heap     ] GC(10) Survivor regions: 1->2(3)
[2025-06-04T08:02:14.186+0000][75][info ][gc,heap     ] GC(10) Old regions: 4->4
[2025-06-04T08:02:14.187+0000][75][info ][gc,heap     ] GC(10) Humongous regions: 0->0
[2025-06-04T08:02:14.419+0000][75][info ][gc,metaspace] GC(10) Metaspace: 26640K(27200K)->26640K(27200K) NonClass: 23724K(24064K)->23724K(24064K) Class: 2915K(3136K)->2915K(3136K)
[2025-06-04T08:02:14.421+0000][75][info ][gc          ] GC(10) Pause Young (Prepare Mixed) (G1 Evacuation Pause) 100M->16M(512M) 652.637ms
[2025-06-04T08:02:14.423+0000][75][info ][gc,cpu      ] GC(10) User=0.53s Sys=0.05s Real=0.66s
[2025-06-04T08:02:14.425+0000][75][info ][safepoint   ] Safepoint "G1CollectForAllocation", Time since last: 13766052 ns, Reaching safepoint: 12404 ns, Cleanup: 9394 ns, At safepoint: 656216127 ns, Total: 656237925 ns
[2025-06-04T08:02:16.212+0000][75][info ][safepoint   ] Safepoint "Cleanup", Time since last: 1783439400 ns, Reaching safepoint: 3277338 ns, Cleanup: 93286 ns, At safepoint: 153584 ns, Total: 3524208 ns
[2025-06-04T08:02:17.261+0000][75][info ][safepoint   ] Safepoint "Cleanup", Time since last: 1048905515 ns, Reaching safepoint: 15144 ns, Cleanup: 32005 ns, At safepoint: 7248 ns, Total: 54397 ns
[2025-06-04T08:02:17.368+0000][75][info ][gc,start    ] GC(11) Pause Young (Mixed) (G1 Evacuation Pause)
[2025-06-04T08:02:17.557+0000][75][info ][gc,task     ] GC(11) Using 10 workers of 10 for evacuation
[2025-06-04T08:02:17.558+0000][75][debug][gc,age      ] GC(11) Desired survivor size 2097152 bytes, new threshold 1 (max threshold 15)
[2025-06-04T08:02:17.769+0000][75][info ][gc,mmu      ] GC(11) MMU target violated: 201.0ms (200.0ms/201.0ms)
[2025-06-04T08:02:17.791+0000][75][info ][gc,phases   ] GC(11)   Pre Evacuate Collection Set: 0.8ms
[2025-06-04T08:02:17.793+0000][75][info ][gc,phases   ] GC(11)   Merge Heap Roots: 0.6ms
[2025-06-04T08:02:17.795+0000][75][info ][gc,phases   ] GC(11)   Evacuate Collection Set: 200.6ms
[2025-06-04T08:02:17.796+0000][75][info ][gc,phases   ] GC(11)   Post Evacuate Collection Set: 8.1ms
[2025-06-04T08:02:17.798+0000][75][info ][gc,phases   ] GC(11)   Other: 23.6ms
[2025-06-04T08:02:17.801+0000][75][trace][gc,age      ] GC(11) Age table with threshold 1 (max threshold 15)
[2025-06-04T08:02:17.803+0000][75][trace][gc,age      ] GC(11) - age   1:    2437528 bytes,    2437528 total
[2025-06-04T08:02:17.804+0000][75][info ][gc,heap     ] GC(11) Eden regions: 6->0(24)
[2025-06-04T08:02:17.811+0000][75][info ][gc,heap     ] GC(11) Survivor regions: 2->1(1)
[2025-06-04T08:02:17.812+0000][75][info ][gc,heap     ] GC(11) Old regions: 4->4
[2025-06-04T08:02:17.814+0000][75][info ][gc,heap     ] GC(11) Humongous regions: 0->0
[2025-06-04T08:02:17.817+0000][75][info ][gc,metaspace] GC(11) Metaspace: 27134K(27712K)->27134K(27712K) NonClass: 24112K(24448K)->24112K(24448K) Class: 3021K(3264K)->3021K(3264K)
[2025-06-04T08:02:17.818+0000][75][info ][gc          ] GC(11) Pause Young (Mixed) (G1 Evacuation Pause) 40M->16M(512M) 450.642ms
[2025-06-04T08:02:17.820+0000][75][info ][gc,cpu      ] GC(11) User=0.91s Sys=0.25s Real=0.45s
[2025-06-04T08:02:17.825+0000][75][info ][safepoint   ] Safepoint "G1CollectForAllocation", Time since last: 106738969 ns, Reaching safepoint: 71124 ns, Cleanup: 22433 ns, At safepoint: 457292698 ns, Total: 457386255 ns
[2025-06-04T08:02:18.832+0000][75][info ][safepoint   ] Safepoint "Cleanup", Time since last: 1006032781 ns, Reaching safepoint: 758798 ns, Cleanup: 89622 ns, At safepoint: 83975 ns, Total: 932395 ns
[2025-06-04T08:02:19.832+0000][75][info ][safepoint   ] Safepoint "Cleanup", Time since last: 1002527327 ns, Reaching safepoint: 198584 ns, Cleanup: 46122 ns, At safepoint: 21592 ns, Total: 266298 ns
[2025-06-04T08:02:20.834+0000][75][info ][safepoint   ] Safepoint "Cleanup", Time since last: 1001749387 ns, Reaching safepoint: 13958 ns, Cleanup: 148112 ns, At safepoint: 6597 ns, Total: 168667 ns
[2025-06-04T08:02:21.488+0000][75][info ][gc,start    ] GC(12) Pause Young (Normal) (G1 Evacuation Pause)
[2025-06-04T08:02:21.500+0000][75][info ][gc,task     ] GC(12) Using 10 workers of 10 for evacuation
[2025-06-04T08:02:21.527+0000][75][debug][gc,age      ] GC(12) Desired survivor size 8388608 bytes, new threshold 15 (max threshold 15)
[2025-06-04T08:02:21.909+0000][75][info ][gc,mmu      ] GC(12) MMU target violated: 201.0ms (200.0ms/201.0ms)
[2025-06-04T08:02:21.971+0000][75][info ][gc,phases   ] GC(12)   Pre Evacuate Collection Set: 0.9ms
[2025-06-04T08:02:21.974+0000][75][info ][gc,phases   ] GC(12)   Merge Heap Roots: 0.3ms
[2025-06-04T08:02:21.975+0000][75][info ][gc,phases   ] GC(12)   Evacuate Collection Set: 374.2ms
[2025-06-04T08:02:21.978+0000][75][info ][gc,phases   ] GC(12)   Post Evacuate Collection Set: 4.1ms
[2025-06-04T08:02:21.980+0000][75][info ][gc,phases   ] GC(12)   Other: 92.3ms
[2025-06-04T08:02:21.981+0000][75][trace][gc,age      ] GC(12) Age table with threshold 15 (max threshold 15)
[2025-06-04T08:02:21.982+0000][75][trace][gc,age      ] GC(12) - age   1:    3578440 bytes,    3578440 total
[2025-06-04T08:02:21.984+0000][75][trace][gc,age      ] GC(12) - age   2:    1751416 bytes,    5329856 total
[2025-06-04T08:02:22.018+0000][75][info ][gc,heap     ] GC(12) Eden regions: 24->0(4)
[2025-06-04T08:02:22.033+0000][75][info ][gc,heap     ] GC(12) Survivor regions: 1->2(4)
[2025-06-04T08:02:22.058+0000][75][info ][gc,heap     ] GC(12) Old regions: 4->4
[2025-06-04T08:02:22.061+0000][75][info ][gc,heap     ] GC(12) Humongous regions: 0->0
[2025-06-04T08:02:22.064+0000][75][info ][gc,metaspace] GC(12) Metaspace: 27805K(28352K)->27805K(28352K) NonClass: 24675K(24960K)->24675K(24960K) Class: 3130K(3392K)->3130K(3392K)
[2025-06-04T08:02:22.066+0000][75][info ][gc          ] GC(12) Pause Young (Normal) (G1 Evacuation Pause) 112M->19M(512M) 577.219ms
[2025-06-04T08:02:22.069+0000][75][info ][gc,cpu      ] GC(12) User=1.49s Sys=0.74s Real=0.59s
[2025-06-04T08:02:22.071+0000][75][info ][safepoint   ] Safepoint "G1CollectForAllocation", Time since last: 653904750 ns, Reaching safepoint: 20877 ns, Cleanup: 42341 ns, At safepoint: 583023808 ns, Total: 583087026 ns
[2025-06-04T08:02:22.931+0000][75][info ][gc,start    ] GC(13) Pause Young (Normal) (G1 Evacuation Pause)
[2025-06-04T08:02:22.938+0000][75][info ][gc,task     ] GC(13) Using 10 workers of 10 for evacuation
[2025-06-04T08:02:22.954+0000][75][debug][gc,age      ] GC(13) Desired survivor size 2097152 bytes, new threshold 1 (max threshold 15)
[2025-06-04T08:02:23.587+0000][75][info ][gc,mmu      ] GC(13) MMU target violated: 201.0ms (200.0ms/201.0ms)
[2025-06-04T08:02:23.597+0000][75][info ][gc,phases   ] GC(13)   Pre Evacuate Collection Set: 2.6ms
[2025-06-04T08:02:23.598+0000][75][info ][gc,phases   ] GC(13)   Merge Heap Roots: 0.2ms
[2025-06-04T08:02:23.600+0000][75][info ][gc,phases   ] GC(13)   Evacuate Collection Set: 578.2ms
[2025-06-04T08:02:23.606+0000][75][info ][gc,phases   ] GC(13)   Post Evacuate Collection Set: 1.6ms
[2025-06-04T08:02:23.607+0000][75][info ][gc,phases   ] GC(13)   Other: 76.4ms
[2025-06-04T08:02:23.609+0000][75][trace][gc,age      ] GC(13) Age table with threshold 1 (max threshold 15)
[2025-06-04T08:02:23.611+0000][75][trace][gc,age      ] GC(13) - age   1:     123384 bytes,     123384 total
[2025-06-04T08:02:23.616+0000][75][info ][gc,heap     ] GC(13) Eden regions: 4->0(5)
[2025-06-04T08:02:23.619+0000][75][info ][gc,heap     ] GC(13) Survivor regions: 2->1(1)
[2025-06-04T08:02:23.632+0000][75][info ][gc,heap     ] GC(13) Old regions: 4->5
[2025-06-04T08:02:23.635+0000][75][info ][gc,heap     ] GC(13) Humongous regions: 0->0
[2025-06-04T08:02:23.654+0000][75][info ][gc,metaspace] GC(13) Metaspace: 27972K(28608K)->27972K(28608K) NonClass: 24825K(25216K)->24825K(25216K) Class: 3146K(3392K)->3146K(3392K)
[2025-06-04T08:02:23.656+0000][75][info ][gc          ] GC(13) Pause Young (Normal) (G1 Evacuation Pause) 35M->18M(512M) 725.717ms
[2025-06-04T08:02:23.658+0000][75][info ][gc,cpu      ] GC(13) User=2.27s Sys=1.10s Real=0.72s
[2025-06-04T08:02:23.661+0000][75][info ][safepoint   ] Safepoint "G1CollectForAllocation", Time since last: 859017856 ns, Reaching safepoint: 14557 ns, Cleanup: 53298 ns, At safepoint: 730169982 ns, Total: 730237837 ns
[2025-06-04T08:02:24.720+0000][75][info ][safepoint   ] Safepoint "Cleanup", Time since last: 1032286370 ns, Reaching safepoint: 27081499 ns, Cleanup: 67490 ns, At safepoint: 50974 ns, Total: 27199963 ns
[2025-06-04T08:02:25.157+0000][75][info ][gc,start    ] GC(14) Pause Young (Normal) (G1 Evacuation Pause)
[2025-06-04T08:02:25.189+0000][75][info ][gc,task     ] GC(14) Using 10 workers of 10 for evacuation
[2025-06-04T08:02:25.222+0000][75][debug][gc,age      ] GC(14) Desired survivor size 2097152 bytes, new threshold 15 (max threshold 15)
[2025-06-04T08:02:25.340+0000][75][info ][gc,phases   ] GC(14)   Pre Evacuate Collection Set: 63.2ms
[2025-06-04T08:02:25.352+0000][75][info ][gc,phases   ] GC(14)   Merge Heap Roots: 0.2ms
[2025-06-04T08:02:25.386+0000][75][info ][gc,phases   ] GC(14)   Evacuate Collection Set: 21.3ms
[2025-06-04T08:02:25.389+0000][75][info ][gc,phases   ] GC(14)   Post Evacuate Collection Set: 1.2ms
[2025-06-04T08:02:25.413+0000][75][info ][gc,phases   ] GC(14)   Other: 65.2ms
[2025-06-04T08:02:25.416+0000][75][trace][gc,age      ] GC(14) Age table with threshold 15 (max threshold 15)
[2025-06-04T08:02:25.720+0000][75][trace][gc,age      ] GC(14) - age   1:    1430024 bytes,    1430024 total
[2025-06-04T08:02:25.727+0000][75][trace][gc,age      ] GC(14) - age   2:     113840 bytes,    1543864 total
[2025-06-04T08:02:25.840+0000][75][info ][gc,heap     ] GC(14) Eden regions: 5->0(5)
[2025-06-04T08:02:25.844+0000][75][info ][gc,heap     ] GC(14) Survivor regions: 1->1(1)
[2025-06-04T08:02:25.849+0000][75][info ][gc,heap     ] GC(14) Old regions: 5->5
[2025-06-04T08:02:25.850+0000][75][info ][gc,heap     ] GC(14) Humongous regions: 0->0
[2025-06-04T08:02:25.854+0000][75][info ][gc,metaspace] GC(14) Metaspace: 28039K(28672K)->28039K(28672K) NonClass: 24885K(25280K)->24885K(25280K) Class: 3154K(3392K)->3154K(3392K)
[2025-06-04T08:02:25.855+0000][75][info ][gc          ] GC(14) Pause Young (Normal) (G1 Evacuation Pause) 38M->19M(512M) 698.186ms
[2025-06-04T08:02:25.857+0000][75][info ][gc,cpu      ] GC(14) User=0.04s Sys=0.00s Real=0.70s
[2025-06-04T08:02:25.865+0000][75][info ][safepoint   ] Safepoint "G1CollectForAllocation", Time since last: 436810155 ns, Reaching safepoint: 13262 ns, Cleanup: 34833 ns, At safepoint: 708365224 ns, Total: 708413319 ns
[2025-06-04T08:02:26.599+0000][75][info ][gc,start    ] GC(15) Pause Young (Normal) (G1 Evacuation Pause)
[2025-06-04T08:02:26.601+0000][75][info ][gc,task     ] GC(15) Using 10 workers of 10 for evacuation
[2025-06-04T08:02:26.604+0000][75][debug][gc,age      ] GC(15) Desired survivor size 2097152 bytes, new threshold 15 (max threshold 15)
[2025-06-04T08:02:26.621+0000][75][info ][gc,phases   ] GC(15)   Pre Evacuate Collection Set: 1.5ms
[2025-06-04T08:02:26.624+0000][75][info ][gc,phases   ] GC(15)   Merge Heap Roots: 1.1ms
[2025-06-04T08:02:26.625+0000][75][info ][gc,phases   ] GC(15)   Evacuate Collection Set: 10.3ms
[2025-06-04T08:02:26.626+0000][75][info ][gc,phases   ] GC(15)   Post Evacuate Collection Set: 2.3ms
[2025-06-04T08:02:26.627+0000][75][info ][gc,phases   ] GC(15)   Other: 4.8ms
[2025-06-04T08:02:26.640+0000][75][trace][gc,age      ] GC(15) Age table with threshold 15 (max threshold 15)
[2025-06-04T08:02:26.641+0000][75][trace][gc,age      ] GC(15) - age   1:     144960 bytes,     144960 total
[2025-06-04T08:02:26.642+0000][75][trace][gc,age      ] GC(15) - age   2:     455832 bytes,     600792 total
[2025-06-04T08:02:26.643+0000][75][trace][gc,age      ] GC(15) - age   3:     113840 bytes,     714632 total
[2025-06-04T08:02:26.644+0000][75][info ][gc,heap     ] GC(15) Eden regions: 5->0(19)
[2025-06-04T08:02:26.656+0000][75][info ][gc,heap     ] GC(15) Survivor regions: 1->1(1)
[2025-06-04T08:02:26.657+0000][75][info ][gc,heap     ] GC(15) Old regions: 5->5
[2025-06-04T08:02:26.658+0000][75][info ][gc,heap     ] GC(15) Humongous regions: 0->0
[2025-06-04T08:02:26.659+0000][75][info ][gc,metaspace] GC(15) Metaspace: 28052K(28672K)->28052K(28672K) NonClass: 24896K(25280K)->24896K(25280K) Class: 3155K(3392K)->3155K(3392K)
[2025-06-04T08:02:26.672+0000][75][info ][gc          ] GC(15) Pause Young (Normal) (G1 Evacuation Pause) 39M->18M(512M) 72.810ms
[2025-06-04T08:02:26.688+0000][75][info ][gc,cpu      ] GC(15) User=0.01s Sys=0.04s Real=0.08s
[2025-06-04T08:02:26.690+0000][75][info ][safepoint   ] Safepoint "G1CollectForAllocation", Time since last: 732745457 ns, Reaching safepoint: 884786 ns, Cleanup: 52359 ns, At safepoint: 90724783 ns, Total: 91661928 ns
[2025-06-04T08:02:27.694+0000][75][info ][safepoint   ] Safepoint "Cleanup", Time since last: 1001461449 ns, Reaching safepoint: 1033926 ns, Cleanup: 75768 ns, At safepoint: 2136396 ns, Total: 3246090 ns
[2025-06-04T08:02:28.686+0000][75][info ][gc,start    ] GC(16) Pause Young (Normal) (G1 Evacuation Pause)
[2025-06-04T08:02:28.789+0000][75][info ][gc,task     ] GC(16) Using 10 workers of 10 for evacuation
[2025-06-04T08:02:28.839+0000][75][debug][gc,age      ] GC(16) Desired survivor size 6291456 bytes, new threshold 15 (max threshold 15)
[2025-06-04T08:02:28.875+0000][75][info ][gc,phases   ] GC(16)   Pre Evacuate Collection Set: 1.2ms
[2025-06-04T08:02:28.933+0000][75][info ][gc,phases   ] GC(16)   Merge Heap Roots: 0.9ms
[2025-06-04T08:02:28.939+0000][75][info ][gc,phases   ] GC(16)   Evacuate Collection Set: 23.8ms
[2025-06-04T08:02:28.950+0000][75][info ][gc,phases   ] GC(16)   Post Evacuate Collection Set: 2.4ms
[2025-06-04T08:02:28.952+0000][75][info ][gc,phases   ] GC(16)   Other: 57.4ms
[2025-06-04T08:02:28.954+0000][75][trace][gc,age      ] GC(16) Age table with threshold 15 (max threshold 15)
[2025-06-04T08:02:28.956+0000][75][trace][gc,age      ] GC(16) - age   1:    2459248 bytes,    2459248 total
[2025-06-04T08:02:28.965+0000][75][trace][gc,age      ] GC(16) - age   2:     141592 bytes,    2600840 total
[2025-06-04T08:02:28.968+0000][75][trace][gc,age      ] GC(16) - age   3:     455832 bytes,    3056672 total
[2025-06-04T08:02:29.027+0000][75][trace][gc,age      ] GC(16) - age   4:     113840 bytes,    3170512 total
[2025-06-04T08:02:29.028+0000][75][info ][gc,heap     ] GC(16) Eden regions: 19->0(25)
[2025-06-04T08:02:29.033+0000][75][info ][gc,heap     ] GC(16) Survivor regions: 1->1(3)
[2025-06-04T08:02:29.034+0000][75][info ][gc,heap     ] GC(16) Old regions: 5->5
[2025-06-04T08:02:29.036+0000][75][info ][gc,heap     ] GC(16) Humongous regions: 0->0
[2025-06-04T08:02:29.038+0000][75][info ][gc,metaspace] GC(16) Metaspace: 28189K(28864K)->28189K(28864K) NonClass: 25021K(25408K)->25021K(25408K) Class: 3167K(3456K)->3167K(3456K)
[2025-06-04T08:02:29.050+0000][75][info ][gc          ] GC(16) Pause Young (Normal) (G1 Evacuation Pause) 94M->20M(512M) 363.090ms
[2025-06-04T08:02:29.055+0000][75][info ][gc,cpu      ] GC(16) User=0.12s Sys=0.11s Real=0.37s
[2025-06-04T08:02:29.066+0000][75][info ][safepoint   ] Safepoint "G1CollectForAllocation", Time since last: 991901248 ns, Reaching safepoint: 11071 ns, Cleanup: 26696 ns, At safepoint: 379090791 ns, Total: 379128558 ns
[2025-06-04T08:02:30.080+0000][75][info ][safepoint   ] Safepoint "Cleanup", Time since last: 1002211148 ns, Reaching safepoint: 11668234 ns, Cleanup: 39155 ns, At safepoint: 170908 ns, Total: 11878297 ns
[2025-06-04T08:02:30.974+0000][75][info ][gc,start    ] GC(17) Pause Young (Normal) (G1 Evacuation Pause)
[2025-06-04T08:02:30.984+0000][75][info ][gc,task     ] GC(17) Using 10 workers of 10 for evacuation
[2025-06-04T08:02:30.986+0000][75][debug][gc,age      ] GC(17) Desired survivor size 8388608 bytes, new threshold 15 (max threshold 15)
[2025-06-04T08:02:31.029+0000][75][info ][gc,phases   ] GC(17)   Pre Evacuate Collection Set: 1.1ms
[2025-06-04T08:02:31.030+0000][75][info ][gc,phases   ] GC(17)   Merge Heap Roots: 0.6ms
[2025-06-04T08:02:31.030+0000][75][info ][gc,phases   ] GC(17)   Evacuate Collection Set: 37.2ms
[2025-06-04T08:02:31.031+0000][75][info ][gc,phases   ] GC(17)   Post Evacuate Collection Set: 2.8ms
[2025-06-04T08:02:31.032+0000][75][info ][gc,phases   ] GC(17)   Other: 2.7ms
[2025-06-04T08:02:31.033+0000][75][trace][gc,age      ] GC(17) Age table with threshold 15 (max threshold 15)
[2025-06-04T08:02:31.043+0000][75][trace][gc,age      ] GC(17) - age   1:    1281536 bytes,    1281536 total
[2025-06-04T08:02:31.061+0000][75][trace][gc,age      ] GC(17) - age   2:    1102776 bytes,    2384312 total
[2025-06-04T08:02:31.064+0000][75][trace][gc,age      ] GC(17) - age   3:     141592 bytes,    2525904 total
[2025-06-04T08:02:31.065+0000][75][trace][gc,age      ] GC(17) - age   4:     455736 bytes,    2981640 total
[2025-06-04T08:02:31.066+0000][75][trace][gc,age      ] GC(17) - age   5:     113840 bytes,    3095480 total
[2025-06-04T08:02:31.067+0000][75][info ][gc,heap     ] GC(17) Eden regions: 25->0(75)
[2025-06-04T08:02:31.068+0000][75][info ][gc,heap     ] GC(17) Survivor regions: 1->1(4)
[2025-06-04T08:02:31.069+0000][75][info ][gc,heap     ] GC(17) Old regions: 5->5
[2025-06-04T08:02:31.070+0000][75][info ][gc,heap     ] GC(17) Humongous regions: 0->0
[2025-06-04T08:02:31.076+0000][75][info ][gc,metaspace] GC(17) Metaspace: 28468K(29056K)->28468K(29056K) NonClass: 25265K(25600K)->25265K(25600K) Class: 3203K(3456K)->3203K(3456K)
[2025-06-04T08:02:31.077+0000][75][info ][gc          ] GC(17) Pause Young (Normal) (G1 Evacuation Pause) 120M->20M(512M) 102.965ms
[2025-06-04T08:02:31.078+0000][75][info ][gc,cpu      ] GC(17) User=0.09s Sys=0.02s Real=0.10s
[2025-06-04T08:02:31.078+0000][75][info ][safepoint   ] Safepoint "G1CollectForAllocation", Time since last: 894026214 ns, Reaching safepoint: 12106 ns, Cleanup: 110345 ns, At safepoint: 104642136 ns, Total: 104764587 ns
[2025-06-04T08:02:32.095+0000][75][info ][safepoint   ] Safepoint "Cleanup", Time since last: 1007137211 ns, Reaching safepoint: 8883302 ns, Cleanup: 314852 ns, At safepoint: 126741 ns, Total: 9324895 ns
[2025-06-04T08:02:33.114+0000][75][info ][safepoint   ] Safepoint "Cleanup", Time since last: 1002833601 ns, Reaching safepoint: 16439616 ns, Cleanup: 55409 ns, At safepoint: 136636 ns, Total: 16631661 ns
[2025-06-04T08:02:37.126+0000][75][info ][safepoint   ] Safepoint "Cleanup", Time since last: 4003152681 ns, Reaching safepoint: 6378689 ns, Cleanup: 789525 ns, At safepoint: 1095898 ns, Total: 8264112 ns
[2025-06-04T08:02:38.129+0000][75][info ][safepoint   ] Safepoint "Cleanup", Time since last: 1002670093 ns, Reaching safepoint: 307154 ns, Cleanup: 47267 ns, At safepoint: 155509 ns, Total: 509930 ns
[2025-06-04T08:02:40.653+0000][75][info ][safepoint   ] Safepoint "Cleanup", Time since last: 2523639754 ns, Reaching safepoint: 10303 ns, Cleanup: 52791 ns, At safepoint: 7820 ns, Total: 70914 ns
[2025-06-04T08:02:41.701+0000][75][info ][safepoint   ] Safepoint "Cleanup", Time since last: 1043318925 ns, Reaching safepoint: 5210027 ns, Cleanup: 98354 ns, At safepoint: 106243 ns, Total: 5414624 ns
[2025-06-04T08:02:42.707+0000][75][info ][safepoint   ] Safepoint "Cleanup", Time since last: 1001849450 ns, Reaching safepoint: 3540859 ns, Cleanup: 43810 ns, At safepoint: 97104 ns, Total: 3681773 ns
[2025-06-04T08:02:43.714+0000][75][info ][safepoint   ] Safepoint "Cleanup", Time since last: 1006481550 ns, Reaching safepoint: 260786 ns, Cleanup: 98980 ns, At safepoint: 169862 ns, Total: 529628 ns
[2025-06-04T08:02:45.517+0000][75][info ][safepoint   ] Safepoint "Cleanup", Time since last: 1790011358 ns, Reaching safepoint: 13091558 ns, Cleanup: 52856 ns, At safepoint: 134252 ns, Total: 13278666 ns
[2025-06-04T08:02:46.519+0000][75][info ][safepoint   ] Safepoint "Cleanup", Time since last: 1001393782 ns, Reaching safepoint: 137251 ns, Cleanup: 34518 ns, At safepoint: 49406 ns, Total: 221175 ns
[2025-06-04T08:02:47.549+0000][75][info ][safepoint   ] Safepoint "Cleanup", Time since last: 1030539536 ns, Reaching safepoint: 17440 ns, Cleanup: 42869 ns, At safepoint: 9376 ns, Total: 69685 ns
[2025-06-04T08:02:48.700+0000][75][info ][safepoint   ] Safepoint "Cleanup", Time since last: 1132037321 ns, Reaching safepoint: 18185363 ns, Cleanup: 43077 ns, At safepoint: 117150 ns, Total: 18345590 ns
[2025-06-04T08:02:52.710+0000][75][info ][safepoint   ] Safepoint "Cleanup", Time since last: 4009947824 ns, Reaching safepoint: 1938160 ns, Cleanup: 344661 ns, At safepoint: 255099 ns, Total: 2537920 ns
[2025-06-04T08:02:54.778+0000][75][info ][safepoint   ] Safepoint "Cleanup", Time since last: 2042608770 ns, Reaching safepoint: 25351483 ns, Cleanup: 67764 ns, At safepoint: 138211 ns, Total: 25557458 ns
[2025-06-04T08:03:01.813+0000][75][info ][safepoint   ] Safepoint "Cleanup", Time since last: 7032091199 ns, Reaching safepoint: 2411784 ns, Cleanup: 37185 ns, At safepoint: 129053 ns, Total: 2578022 ns
[2025-06-04T08:03:02.843+0000][75][info ][safepoint   ] Safepoint "Cleanup", Time since last: 1003230804 ns, Reaching safepoint: 27101735 ns, Cleanup: 59667 ns, At safepoint: 163561 ns, Total: 27324963 ns
[2025-06-04T08:03:03.903+0000][75][info ][safepoint   ] Safepoint "Cleanup", Time since last: 1001663080 ns, Reaching safepoint: 58112059 ns, Cleanup: 25140 ns, At safepoint: 95440 ns, Total: 58232639 ns
[2025-06-04T08:03:04.965+0000][75][info ][safepoint   ] Safepoint "Cleanup", Time since last: 1001504431 ns, Reaching safepoint: 59786046 ns, Cleanup: 33419 ns, At safepoint: 94817 ns, Total: 59914282 ns
[2025-06-04T08:03:09.701+0000][75][info ][safepoint   ] Safepoint "Cleanup", Time since last: 4700405266 ns, Reaching safepoint: 36106357 ns, Cleanup: 44616 ns, At safepoint: 127255 ns, Total: 36278228 ns
[2025-06-04T08:03:10.708+0000][75][info ][safepoint   ] Safepoint "Cleanup", Time since last: 1002061787 ns, Reaching safepoint: 4847558 ns, Cleanup: 34886 ns, At safepoint: 123257 ns, Total: 5005701 ns
[2025-06-04T08:03:11.814+0000][75][info ][safepoint   ] Safepoint "Cleanup", Time since last: 1009277205 ns, Reaching safepoint: 95433105 ns, Cleanup: 96895 ns, At safepoint: 311381 ns, Total: 95841381 ns
[2025-06-04T08:03:12.815+0000][75][info ][safepoint   ] Safepoint "Cleanup", Time since last: 1001336190 ns, Reaching safepoint: 199421 ns, Cleanup: 35023 ns, At safepoint: 122009 ns, Total: 356453 ns
[2025-06-04T08:03:14.244+0000][75][info ][gc,start    ] GC(18) Pause Young (Normal) (G1 Evacuation Pause)
[2025-06-04T08:03:14.246+0000][75][info ][gc,task     ] GC(18) Using 10 workers of 10 for evacuation
[2025-06-04T08:03:14.247+0000][75][debug][gc,age      ] GC(18) Desired survivor size 20971520 bytes, new threshold 15 (max threshold 15)
[2025-06-04T08:03:14.302+0000][75][info ][gc,phases   ] GC(18)   Pre Evacuate Collection Set: 1.1ms
[2025-06-04T08:03:14.303+0000][75][info ][gc,phases   ] GC(18)   Merge Heap Roots: 1.0ms
[2025-06-04T08:03:14.304+0000][75][info ][gc,phases   ] GC(18)   Evacuate Collection Set: 48.4ms
[2025-06-04T08:03:14.305+0000][75][info ][gc,phases   ] GC(18)   Post Evacuate Collection Set: 3.2ms
[2025-06-04T08:03:14.306+0000][75][info ][gc,phases   ] GC(18)   Other: 2.3ms
[2025-06-04T08:03:14.307+0000][75][trace][gc,age      ] GC(18) Age table with threshold 15 (max threshold 15)
[2025-06-04T08:03:14.308+0000][75][trace][gc,age      ] GC(18) - age   1:    7032320 bytes,    7032320 total
[2025-06-04T08:03:14.309+0000][75][trace][gc,age      ] GC(18) - age   2:     725432 bytes,    7757752 total
[2025-06-04T08:03:14.311+0000][75][trace][gc,age      ] GC(18) - age   3:    1102776 bytes,    8860528 total
[2025-06-04T08:03:14.312+0000][75][trace][gc,age      ] GC(18) - age   4:     141592 bytes,    9002120 total
[2025-06-04T08:03:14.313+0000][75][trace][gc,age      ] GC(18) - age   5:     455736 bytes,    9457856 total
[2025-06-04T08:03:14.315+0000][75][trace][gc,age      ] GC(18) - age   6:     113840 bytes,    9571696 total
[2025-06-04T08:03:14.316+0000][75][info ][gc,heap     ] GC(18) Eden regions: 75->0(26)
[2025-06-04T08:03:14.317+0000][75][info ][gc,heap     ] GC(18) Survivor regions: 1->3(10)
[2025-06-04T08:03:14.319+0000][75][info ][gc,heap     ] GC(18) Old regions: 5->5
[2025-06-04T08:03:14.322+0000][75][info ][gc,heap     ] GC(18) Humongous regions: 0->0
[2025-06-04T08:03:14.323+0000][75][info ][gc,metaspace] GC(18) Metaspace: 34170K(34944K)->34170K(34944K) NonClass: 30327K(30784K)->30327K(30784K) Class: 3842K(4160K)->3842K(4160K)
[2025-06-04T08:03:14.324+0000][75][info ][gc          ] GC(18) Pause Young (Normal) (G1 Evacuation Pause) 320M->27M(512M) 80.162ms
[2025-06-04T08:03:14.325+0000][75][info ][gc,cpu      ] GC(18) User=0.39s Sys=0.00s Real=0.08s
[2025-06-04T08:03:14.326+0000][75][info ][safepoint   ] Safepoint "G1CollectForAllocation", Time since last: 1428212483 ns, Reaching safepoint: 16675 ns, Cleanup: 15245 ns, At safepoint: 82651516 ns, Total: 82683436 ns
[2025-06-04T08:03:15.328+0000][75][info ][safepoint   ] Safepoint "Cleanup", Time since last: 1001224202 ns, Reaching safepoint: 253133 ns, Cleanup: 60312 ns, At safepoint: 84253 ns, Total: 397698 ns
[2025-06-04T08:03:15.636+0000][75][info ][gc,start    ] GC(19) Pause Young (Normal) (G1 Evacuation Pause)
[2025-06-04T08:03:15.638+0000][75][info ][gc,task     ] GC(19) Using 10 workers of 10 for evacuation
[2025-06-04T08:03:15.639+0000][75][debug][gc,age      ] GC(19) Desired survivor size 8388608 bytes, new threshold 3 (max threshold 15)
[2025-06-04T08:03:15.662+0000][75][info ][gc,phases   ] GC(19)   Pre Evacuate Collection Set: 1.1ms
[2025-06-04T08:03:15.663+0000][75][info ][gc,phases   ] GC(19)   Merge Heap Roots: 0.9ms
[2025-06-04T08:03:15.665+0000][75][info ][gc,phases   ] GC(19)   Evacuate Collection Set: 15.6ms
[2025-06-04T08:03:15.666+0000][75][info ][gc,phases   ] GC(19)   Post Evacuate Collection Set: 4.2ms
[2025-06-04T08:03:15.668+0000][75][info ][gc,phases   ] GC(19)   Other: 2.5ms
[2025-06-04T08:03:15.669+0000][75][trace][gc,age      ] GC(19) Age table with threshold 3 (max threshold 15)
[2025-06-04T08:03:15.670+0000][75][trace][gc,age      ] GC(19) - age   1:     758024 bytes,     758024 total
[2025-06-04T08:03:15.671+0000][75][trace][gc,age      ] GC(19) - age   2:    5499688 bytes,    6257712 total
[2025-06-04T08:03:15.672+0000][75][trace][gc,age      ] GC(19) - age   3:     725160 bytes,    6982872 total
[2025-06-04T08:03:15.673+0000][75][info ][gc,heap     ] GC(19) Eden regions: 26->0(36)
[2025-06-04T08:03:15.674+0000][75][info ][gc,heap     ] GC(19) Survivor regions: 3->2(4)
[2025-06-04T08:03:15.675+0000][75][info ][gc,heap     ] GC(19) Old regions: 5->5
[2025-06-04T08:03:15.676+0000][75][info ][gc,heap     ] GC(19) Humongous regions: 0->0
[2025-06-04T08:03:15.677+0000][75][info ][gc,metaspace] GC(19) Metaspace: 34257K(35008K)->34257K(35008K) NonClass: 30402K(30848K)->30402K(30848K) Class: 3855K(4160K)->3855K(4160K)
[2025-06-04T08:03:15.679+0000][75][info ][gc          ] GC(19) Pause Young (Normal) (G1 Evacuation Pause) 131M->26M(512M) 42.873ms
[2025-06-04T08:03:15.680+0000][75][info ][gc,cpu      ] GC(19) User=0.13s Sys=0.02s Real=0.04s
[2025-06-04T08:03:15.681+0000][75][info ][safepoint   ] Safepoint "G1CollectForAllocation", Time since last: 307958827 ns, Reaching safepoint: 15823 ns, Cleanup: 54470 ns, At safepoint: 45324975 ns, Total: 45395268 ns
[2025-06-04T08:03:16.674+0000][75][info ][gc,start    ] GC(20) Pause Young (Concurrent Start) (Metadata GC Threshold)
[2025-06-04T08:03:16.675+0000][75][info ][gc,task     ] GC(20) Using 10 workers of 10 for evacuation
[2025-06-04T08:03:16.677+0000][75][debug][gc,age      ] GC(20) Desired survivor size 10485760 bytes, new threshold 15 (max threshold 15)
[2025-06-04T08:03:16.695+0000][75][info ][gc,phases   ] GC(20)   Pre Evacuate Collection Set: 1.3ms
[2025-06-04T08:03:16.696+0000][75][info ][gc,phases   ] GC(20)   Merge Heap Roots: 1.0ms
[2025-06-04T08:03:16.697+0000][75][info ][gc,phases   ] GC(20)   Evacuate Collection Set: 9.1ms
[2025-06-04T08:03:16.699+0000][75][info ][gc,phases   ] GC(20)   Post Evacuate Collection Set: 4.4ms
[2025-06-04T08:03:16.700+0000][75][info ][gc,phases   ] GC(20)   Other: 4.1ms
[2025-06-04T08:03:16.702+0000][75][trace][gc,age      ] GC(20) Age table with threshold 15 (max threshold 15)
[2025-06-04T08:03:16.704+0000][75][trace][gc,age      ] GC(20) - age   1:    2283992 bytes,    2283992 total
[2025-06-04T08:03:16.705+0000][75][trace][gc,age      ] GC(20) - age   2:     718032 bytes,    3002024 total
[2025-06-04T08:03:16.707+0000][75][trace][gc,age      ] GC(20) - age   3:    5499472 bytes,    8501496 total
[2025-06-04T08:03:16.708+0000][75][trace][gc,age      ] GC(20) - age   4:     724976 bytes,    9226472 total
[2025-06-04T08:03:16.710+0000][75][info ][gc,heap     ] GC(20) Eden regions: 4->0(12)
[2025-06-04T08:03:16.711+0000][75][info ][gc,heap     ] GC(20) Survivor regions: 2->3(5)
[2025-06-04T08:03:16.712+0000][75][info ][gc,heap     ] GC(20) Old regions: 5->5
[2025-06-04T08:03:16.714+0000][75][info ][gc,heap     ] GC(20) Humongous regions: 0->0
[2025-06-04T08:03:16.715+0000][75][info ][gc,metaspace] GC(20) Metaspace: 35363K(36096K)->35363K(36096K) NonClass: 31364K(31808K)->31364K(31808K) Class: 3998K(4288K)->3998K(4288K)
[2025-06-04T08:03:16.716+0000][75][info ][gc          ] GC(20) Pause Young (Concurrent Start) (Metadata GC Threshold) 42M->29M(512M) 41.642ms
[2025-06-04T08:03:16.718+0000][75][info ][gc,cpu      ] GC(20) User=0.11s Sys=0.00s Real=0.05s
[2025-06-04T08:03:16.718+0000][75][info ][gc          ] GC(21) Concurrent Mark Cycle
[2025-06-04T08:03:16.720+0000][75][info ][gc,marking  ] GC(21) Concurrent Scan Root Regions
[2025-06-04T08:03:16.719+0000][75][info ][safepoint   ] Safepoint "CollectForMetadataAllocation", Time since last: 992686524 ns, Reaching safepoint: 14738 ns, Cleanup: 95501 ns, At safepoint: 45104455 ns, Total: 45214694 ns
[2025-06-04T08:03:16.731+0000][75][info ][gc,marking  ] GC(21) Concurrent Scan Root Regions 10.447ms
[2025-06-04T08:03:16.732+0000][75][info ][gc,marking  ] GC(21) Concurrent Mark
[2025-06-04T08:03:16.733+0000][75][info ][gc,marking  ] GC(21) Concurrent Mark From Roots
[2025-06-04T08:03:16.735+0000][75][info ][gc,task     ] GC(21) Using 3 workers of 3 for marking
[2025-06-04T08:03:16.796+0000][75][info ][gc,marking  ] GC(21) Concurrent Mark From Roots 62.600ms
[2025-06-04T08:03:16.800+0000][75][info ][gc,marking  ] GC(21) Concurrent Preclean
[2025-06-04T08:03:16.802+0000][75][info ][gc,marking  ] GC(21) Concurrent Preclean 1.854ms
[2025-06-04T08:03:16.810+0000][75][info ][gc,start    ] GC(21) Pause Remark
[2025-06-04T08:03:16.824+0000][75][info ][gc          ] GC(21) Pause Remark 31M->31M(512M) 14.303ms
[2025-06-04T08:03:16.825+0000][75][info ][gc,cpu      ] GC(21) User=0.06s Sys=0.00s Real=0.01s
[2025-06-04T08:03:16.827+0000][75][info ][safepoint   ] Safepoint "G1PauseRemark", Time since last: 88253816 ns, Reaching safepoint: 2318338 ns, Cleanup: 47813 ns, At safepoint: 17214226 ns, Total: 19580377 ns
[2025-06-04T08:03:16.830+0000][75][info ][gc,marking  ] GC(21) Concurrent Mark 98.014ms
[2025-06-04T08:03:16.832+0000][75][info ][gc,marking  ] GC(21) Concurrent Rebuild Remembered Sets and Scrub Regions
[2025-06-04T08:03:16.858+0000][75][info ][gc,marking  ] GC(21) Concurrent Rebuild Remembered Sets and Scrub Regions 26.247ms
[2025-06-04T08:03:16.859+0000][75][info ][gc,start    ] GC(21) Pause Cleanup
[2025-06-04T08:03:16.861+0000][75][info ][gc          ] GC(21) Pause Cleanup 31M->31M(512M) 1.880ms
[2025-06-04T08:03:16.863+0000][75][info ][gc,cpu      ] GC(21) User=0.01s Sys=0.00s Real=0.00s
[2025-06-04T08:03:16.864+0000][75][info ][safepoint   ] Safepoint "G1PauseCleanup", Time since last: 32245714 ns, Reaching safepoint: 255430 ns, Cleanup: 47154 ns, At safepoint: 4332290 ns, Total: 4634874 ns
[2025-06-04T08:03:16.866+0000][75][info ][gc,marking  ] GC(21) Concurrent Clear Claimed Marks
[2025-06-04T08:03:16.868+0000][75][info ][gc,marking  ] GC(21) Concurrent Clear Claimed Marks 1.984ms
[2025-06-04T08:03:16.869+0000][75][info ][gc,marking  ] GC(21) Concurrent Cleanup for Next Mark
[2025-06-04T08:03:16.874+0000][75][info ][gc,marking  ] GC(21) Concurrent Cleanup for Next Mark 4.864ms
[2025-06-04T08:03:16.876+0000][75][info ][gc          ] GC(21) Concurrent Mark Cycle 158.682ms
[2025-06-04T08:03:17.340+0000][75][info ][gc,start    ] GC(22) Pause Young (Normal) (G1 Evacuation Pause)
[2025-06-04T08:03:17.342+0000][75][info ][gc,task     ] GC(22) Using 10 workers of 10 for evacuation
[2025-06-04T08:03:17.343+0000][75][debug][gc,age      ] GC(22) Desired survivor size 4194304 bytes, new threshold 3 (max threshold 15)
[2025-06-04T08:03:17.384+0000][75][info ][gc,phases   ] GC(22)   Pre Evacuate Collection Set: 2.0ms
[2025-06-04T08:03:17.385+0000][75][info ][gc,phases   ] GC(22)   Merge Heap Roots: 1.3ms
[2025-06-04T08:03:17.386+0000][75][info ][gc,phases   ] GC(22)   Evacuate Collection Set: 32.0ms
[2025-06-04T08:03:17.387+0000][75][info ][gc,phases   ] GC(22)   Post Evacuate Collection Set: 3.7ms
[2025-06-04T08:03:17.388+0000][75][info ][gc,phases   ] GC(22)   Other: 2.7ms
[2025-06-04T08:03:17.389+0000][75][trace][gc,age      ] GC(22) Age table with threshold 3 (max threshold 15)
[2025-06-04T08:03:17.390+0000][75][trace][gc,age      ] GC(22) - age   1:    1914064 bytes,    1914064 total
[2025-06-04T08:03:17.391+0000][75][trace][gc,age      ] GC(22) - age   2:    2270704 bytes,    4184768 total
[2025-06-04T08:03:17.392+0000][75][trace][gc,age      ] GC(22) - age   3:     717920 bytes,    4902688 total
[2025-06-04T08:03:17.393+0000][75][info ][gc,heap     ] GC(22) Eden regions: 12->0(48)
[2025-06-04T08:03:17.395+0000][75][info ][gc,heap     ] GC(22) Survivor regions: 3->2(2)
[2025-06-04T08:03:17.396+0000][75][info ][gc,heap     ] GC(22) Old regions: 5->7
[2025-06-04T08:03:17.397+0000][75][info ][gc,heap     ] GC(22) Humongous regions: 0->0
[2025-06-04T08:03:17.398+0000][75][info ][gc,metaspace] GC(22) Metaspace: 35615K(36416K)->35615K(36416K) NonClass: 31592K(32064K)->31592K(32064K) Class: 4023K(4352K)->4023K(4352K)
[2025-06-04T08:03:17.398+0000][75][info ][gc          ] GC(22) Pause Young (Normal) (G1 Evacuation Pause) 77M->31M(512M) 58.006ms
[2025-06-04T08:03:17.400+0000][75][info ][gc,cpu      ] GC(22) User=0.36s Sys=0.00s Real=0.06s
[2025-06-04T08:03:17.402+0000][75][info ][safepoint   ] Safepoint "G1CollectForAllocation", Time since last: 476568937 ns, Reaching safepoint: 9778 ns, Cleanup: 71444 ns, At safepoint: 61427681 ns, Total: 61508903 ns
[2025-06-04T08:03:18.405+0000][75][info ][safepoint   ] Safepoint "Cleanup", Time since last: 1001867183 ns, Reaching safepoint: 987005 ns, Cleanup: 55847 ns, At safepoint: 134312 ns, Total: 1177164 ns
[2025-06-04T08:03:19.247+0000][75][info ][gc,start    ] GC(23) Pause Young (Normal) (G1 Evacuation Pause)
[2025-06-04T08:03:19.249+0000][75][info ][gc,task     ] GC(23) Using 10 workers of 10 for evacuation
[2025-06-04T08:03:19.252+0000][75][debug][gc,age      ] GC(23) Desired survivor size 14680064 bytes, new threshold 15 (max threshold 15)
[2025-06-04T08:03:19.275+0000][75][info ][gc,phases   ] GC(23)   Pre Evacuate Collection Set: 1.0ms
[2025-06-04T08:03:19.279+0000][75][info ][gc,phases   ] GC(23)   Merge Heap Roots: 0.8ms
[2025-06-04T08:03:19.280+0000][75][info ][gc,phases   ] GC(23)   Evacuate Collection Set: 11.6ms
[2025-06-04T08:03:19.281+0000][75][info ][gc,phases   ] GC(23)   Post Evacuate Collection Set: 6.4ms
[2025-06-04T08:03:19.282+0000][75][info ][gc,phases   ] GC(23)   Other: 6.3ms
[2025-06-04T08:03:19.283+0000][75][trace][gc,age      ] GC(23) Age table with threshold 15 (max threshold 15)
[2025-06-04T08:03:19.285+0000][75][trace][gc,age      ] GC(23) - age   1:    2561440 bytes,    2561440 total
[2025-06-04T08:03:19.286+0000][75][trace][gc,age      ] GC(23) - age   2:     188072 bytes,    2749512 total
[2025-06-04T08:03:19.288+0000][75][trace][gc,age      ] GC(23) - age   3:    2270672 bytes,    5020184 total
[2025-06-04T08:03:19.294+0000][75][trace][gc,age      ] GC(23) - age   4:     717920 bytes,    5738104 total
[2025-06-04T08:03:19.300+0000][75][info ][gc,heap     ] GC(23) Eden regions: 48->0(74)
[2025-06-04T08:03:19.302+0000][75][info ][gc,heap     ] GC(23) Survivor regions: 2->2(7)
[2025-06-04T08:03:19.304+0000][75][info ][gc,heap     ] GC(23) Old regions: 7->7
[2025-06-04T08:03:19.305+0000][75][info ][gc,heap     ] GC(23) Humongous regions: 0->0
[2025-06-04T08:03:19.313+0000][75][info ][gc,metaspace] GC(23) Metaspace: 36267K(37120K)->36267K(37120K) NonClass: 32150K(32640K)->32150K(32640K) Class: 4117K(4480K)->4117K(4480K)
[2025-06-04T08:03:19.314+0000][75][info ][gc          ] GC(23) Pause Young (Normal) (G1 Evacuation Pause) 223M->31M(512M) 66.941ms
[2025-06-04T08:03:19.315+0000][75][info ][gc,cpu      ] GC(23) User=0.12s Sys=0.00s Real=0.06s
[2025-06-04T08:03:19.317+0000][75][info ][safepoint   ] Safepoint "G1CollectForAllocation", Time since last: 842388075 ns, Reaching safepoint: 14747 ns, Cleanup: 70402 ns, At safepoint: 69972975 ns, Total: 70058124 ns
[2025-06-04T08:03:20.319+0000][75][info ][safepoint   ] Safepoint "Cleanup", Time since last: 1001646811 ns, Reaching safepoint: 10466 ns, Cleanup: 47620 ns, At safepoint: 12187 ns, Total: 70273 ns
[2025-06-04T08:03:21.322+0000][75][info ][safepoint   ] Safepoint "Cleanup", Time since last: 1002621453 ns, Reaching safepoint: 218984 ns, Cleanup: 24803 ns, At safepoint: 109449 ns, Total: 353236 ns
[2025-06-04T08:03:22.320+0000][75][info ][safepoint   ] Safepoint "Cleanup", Time since last: 1001158452 ns, Reaching safepoint: 349549 ns, Cleanup: 51110 ns, At safepoint: 130482 ns, Total: 531141 ns
[2025-06-04T08:03:23.325+0000][75][info ][safepoint   ] Safepoint "Cleanup", Time since last: 1003277939 ns, Reaching safepoint: 12787 ns, Cleanup: 92654 ns, At safepoint: 1868571 ns, Total: 1974012 ns
[2025-06-04T08:03:24.338+0000][75][info ][safepoint   ] Safepoint "Cleanup", Time since last: 1008374068 ns, Reaching safepoint: 3722753 ns, Cleanup: 314299 ns, At safepoint: 137215 ns, Total: 4174267 ns
[2025-06-04T08:03:25.339+0000][75][info ][safepoint   ] Safepoint "Cleanup", Time since last: 1001692477 ns, Reaching safepoint: 16078 ns, Cleanup: 84440 ns, At safepoint: 7597 ns, Total: 108115 ns
[2025-06-04T08:03:26.343+0000][75][info ][safepoint   ] Safepoint "Cleanup", Time since last: 1003394968 ns, Reaching safepoint: 18468 ns, Cleanup: 65151 ns, At safepoint: 8437 ns, Total: 92056 ns
[2025-06-04T08:03:27.325+0000][75][info ][gc,start    ] GC(24) Pause Young (Normal) (G1 Evacuation Pause)
[2025-06-04T08:03:27.327+0000][75][info ][gc,task     ] GC(24) Using 10 workers of 10 for evacuation
[2025-06-04T08:03:27.328+0000][75][debug][gc,age      ] GC(24) Desired survivor size 20971520 bytes, new threshold 15 (max threshold 15)
[2025-06-04T08:03:27.353+0000][75][info ][gc,phases   ] GC(24)   Pre Evacuate Collection Set: 1.0ms
[2025-06-04T08:03:27.355+0000][75][info ][gc,phases   ] GC(24)   Merge Heap Roots: 0.5ms
[2025-06-04T08:03:27.356+0000][75][info ][gc,phases   ] GC(24)   Evacuate Collection Set: 19.7ms
[2025-06-04T08:03:27.358+0000][75][info ][gc,phases   ] GC(24)   Post Evacuate Collection Set: 2.9ms
[2025-06-04T08:03:27.360+0000][75][info ][gc,phases   ] GC(24)   Other: 2.2ms
[2025-06-04T08:03:27.362+0000][75][trace][gc,age      ] GC(24) Age table with threshold 15 (max threshold 15)
[2025-06-04T08:03:27.367+0000][75][trace][gc,age      ] GC(24) - age   1:    6024792 bytes,    6024792 total
[2025-06-04T08:03:27.369+0000][75][trace][gc,age      ] GC(24) - age   2:     809472 bytes,    6834264 total
[2025-06-04T08:03:27.370+0000][75][trace][gc,age      ] GC(24) - age   3:     182144 bytes,    7016408 total
[2025-06-04T08:03:27.371+0000][75][trace][gc,age      ] GC(24) - age   4:    2263400 bytes,    9279808 total
[2025-06-04T08:03:27.373+0000][75][trace][gc,age      ] GC(24) - age   5:     716160 bytes,    9995968 total
[2025-06-04T08:03:27.375+0000][75][info ][gc,heap     ] GC(24) Eden regions: 74->0(73)
[2025-06-04T08:03:27.377+0000][75][info ][gc,heap     ] GC(24) Survivor regions: 2->3(10)
[2025-06-04T08:03:27.378+0000][75][info ][gc,heap     ] GC(24) Old regions: 7->7
[2025-06-04T08:03:27.380+0000][75][info ][gc,heap     ] GC(24) Humongous regions: 0->0
[2025-06-04T08:03:27.381+0000][75][info ][gc,metaspace] GC(24) Metaspace: 43114K(44096K)->43114K(44096K) NonClass: 38100K(38720K)->38100K(38720K) Class: 5014K(5376K)->5014K(5376K)
[2025-06-04T08:03:27.383+0000][75][info ][gc          ] GC(24) Pause Young (Normal) (G1 Evacuation Pause) 327M->35M(512M) 58.728ms
[2025-06-04T08:03:27.385+0000][75][info ][gc,cpu      ] GC(24) User=0.09s Sys=0.03s Real=0.06s
[2025-06-04T08:03:27.387+0000][75][info ][safepoint   ] Safepoint "G1CollectForAllocation", Time since last: 981601528 ns, Reaching safepoint: 15721 ns, Cleanup: 96045 ns, At safepoint: 62287345 ns, Total: 62399111 ns
[2025-06-04T08:03:28.390+0000][75][info ][safepoint   ] Safepoint "Cleanup", Time since last: 1002279073 ns, Reaching safepoint: 263262 ns, Cleanup: 75674 ns, At safepoint: 151552 ns, Total: 490488 ns
[2025-06-04T08:03:29.558+0000][75][info ][safepoint   ] Safepoint "Cleanup", Time since last: 1167130893 ns, Reaching safepoint: 460731 ns, Cleanup: 126594 ns, At safepoint: 357289 ns, Total: 944614 ns
[2025-06-04T08:03:30.560+0000][75][info ][safepoint   ] Safepoint "Cleanup", Time since last: 1001814651 ns, Reaching safepoint: 235683 ns, Cleanup: 119162 ns, At safepoint: 103870 ns, Total: 458715 ns
[2025-06-04T08:03:31.568+0000][75][info ][safepoint   ] Safepoint "Cleanup", Time since last: 1001670932 ns, Reaching safepoint: 5790698 ns, Cleanup: 80700 ns, At safepoint: 207212 ns, Total: 6078610 ns
[2025-06-04T08:03:32.570+0000][75][info ][safepoint   ] Safepoint "Cleanup", Time since last: 1001726028 ns, Reaching safepoint: 28403 ns, Cleanup: 152134 ns, At safepoint: 152674 ns, Total: 333211 ns
[2025-06-04T08:03:33.572+0000][75][info ][safepoint   ] Safepoint "Cleanup", Time since last: 1001900303 ns, Reaching safepoint: 208792 ns, Cleanup: 239797 ns, At safepoint: 215956 ns, Total: 664545 ns
[2025-06-04T08:03:34.574+0000][75][info ][safepoint   ] Safepoint "Cleanup", Time since last: 1001207443 ns, Reaching safepoint: 374925 ns, Cleanup: 47234 ns, At safepoint: 147271 ns, Total: 569430 ns
[2025-06-04T08:03:35.577+0000][75][info ][safepoint   ] Safepoint "Cleanup", Time since last: 1002015994 ns, Reaching safepoint: 582760 ns, Cleanup: 40955 ns, At safepoint: 107040 ns, Total: 730755 ns
[2025-06-04T08:03:36.579+0000][75][info ][safepoint   ] Safepoint "Cleanup", Time since last: 1001484456 ns, Reaching safepoint: 32079 ns, Cleanup: 58812 ns, At safepoint: 127706 ns, Total: 218597 ns
[2025-06-04T08:03:37.581+0000][75][info ][safepoint   ] Safepoint "Cleanup", Time since last: 1001450037 ns, Reaching safepoint: 240319 ns, Cleanup: 48809 ns, At safepoint: 148018 ns, Total: 437146 ns
[2025-06-04T08:03:38.583+0000][75][info ][safepoint   ] Safepoint "Cleanup", Time since last: 1001672079 ns, Reaching safepoint: 196919 ns, Cleanup: 102756 ns, At safepoint: 112485 ns, Total: 412160 ns
[2025-06-04T08:03:39.585+0000][75][info ][safepoint   ] Safepoint "Cleanup", Time since last: 1001348980 ns, Reaching safepoint: 483962 ns, Cleanup: 170192 ns, At safepoint: 138155 ns, Total: 792309 ns
[2025-06-04T08:03:40.587+0000][75][info ][safepoint   ] Safepoint "Cleanup", Time since last: 1002091875 ns, Reaching safepoint: 184857 ns, Cleanup: 44380 ns, At safepoint: 155757 ns, Total: 384994 ns
[2025-06-04T08:03:41.493+0000][75][info ][gc,start    ] GC(25) Pause Young (Normal) (G1 Evacuation Pause)
[2025-06-04T08:03:41.494+0000][75][info ][gc,task     ] GC(25) Using 10 workers of 10 for evacuation
[2025-06-04T08:03:41.495+0000][75][debug][gc,age      ] GC(25) Desired survivor size 20971520 bytes, new threshold 15 (max threshold 15)
[2025-06-04T08:03:41.656+0000][75][info ][gc,phases   ] GC(25)   Pre Evacuate Collection Set: 1.4ms
[2025-06-04T08:03:41.658+0000][75][info ][gc,phases   ] GC(25)   Merge Heap Roots: 1.0ms
[2025-06-04T08:03:41.665+0000][75][info ][gc,phases   ] GC(25)   Evacuate Collection Set: 149.2ms
[2025-06-04T08:03:41.667+0000][75][info ][gc,phases   ] GC(25)   Post Evacuate Collection Set: 8.1ms
[2025-06-04T08:03:41.669+0000][75][info ][gc,phases   ] GC(25)   Other: 2.1ms
[2025-06-04T08:03:41.671+0000][75][trace][gc,age      ] GC(25) Age table with threshold 15 (max threshold 15)
[2025-06-04T08:03:41.673+0000][75][trace][gc,age      ] GC(25) - age   1:   19403424 bytes,   19403424 total
[2025-06-04T08:03:41.675+0000][75][trace][gc,age      ] GC(25) - age   2:    5925296 bytes,   25328720 total
[2025-06-04T08:03:41.676+0000][75][trace][gc,age      ] GC(25) - age   3:     805112 bytes,   26133832 total
[2025-06-04T08:03:41.678+0000][75][trace][gc,age      ] GC(25) - age   4:     180448 bytes,   26314280 total
[2025-06-04T08:03:41.679+0000][75][trace][gc,age      ] GC(25) - age   5:    2256576 bytes,   28570856 total
[2025-06-04T08:03:41.681+0000][75][trace][gc,age      ] GC(25) - age   6:     716128 bytes,   29286984 total
[2025-06-04T08:03:41.682+0000][75][info ][gc,heap     ] GC(25) Eden regions: 73->0(66)
[2025-06-04T08:03:41.683+0000][75][info ][gc,heap     ] GC(25) Survivor regions: 3->8(10)
[2025-06-04T08:03:41.684+0000][75][info ][gc,heap     ] GC(25) Old regions: 7->7
[2025-06-04T08:03:41.685+0000][75][info ][gc,heap     ] GC(25) Humongous regions: 0->0
[2025-06-04T08:03:41.687+0000][75][info ][gc,metaspace] GC(25) Metaspace: 52265K(53632K)->52265K(53632K) NonClass: 45891K(46720K)->45891K(46720K) Class: 6374K(6912K)->6374K(6912K)
[2025-06-04T08:03:41.688+0000][75][info ][gc          ] GC(25) Pause Young (Normal) (G1 Evacuation Pause) 327M->55M(512M) 195.502ms
[2025-06-04T08:03:41.691+0000][75][info ][gc,cpu      ] GC(25) User=1.72s Sys=0.00s Real=0.19s
[2025-06-04T08:03:41.692+0000][75][info ][safepoint   ] Safepoint "G1CollectForAllocation", Time since last: 905518026 ns, Reaching safepoint: 21951 ns, Cleanup: 73505 ns, At safepoint: 199545789 ns, Total: 199641245 ns
[2025-06-04T08:03:42.825+0000][75][info ][safepoint   ] Safepoint "Cleanup", Time since last: 1132306900 ns, Reaching safepoint: 6869 ns, Cleanup: 164568 ns, At safepoint: 82910 ns, Total: 254347 ns
[2025-06-04T08:03:43.834+0000][75][info ][safepoint   ] Safepoint "Cleanup", Time since last: 1009029932 ns, Reaching safepoint: 10276 ns, Cleanup: 114756 ns, At safepoint: 6589 ns, Total: 131621 ns
[2025-06-04T08:03:44.836+0000][75][info ][safepoint   ] Safepoint "Cleanup", Time since last: 1001891127 ns, Reaching safepoint: 21414 ns, Cleanup: 76059 ns, At safepoint: 9553 ns, Total: 107026 ns
[2025-06-04T08:03:45.299+0000][75][info ][gc,start    ] GC(26) Pause Young (Concurrent Start) (Metadata GC Threshold)
[2025-06-04T08:03:45.300+0000][75][info ][gc,task     ] GC(26) Using 10 workers of 10 for evacuation
[2025-06-04T08:03:45.301+0000][75][debug][gc,age      ] GC(26) Desired survivor size 20971520 bytes, new threshold 2 (max threshold 15)
[2025-06-04T08:03:45.414+0000][75][info ][gc,phases   ] GC(26)   Pre Evacuate Collection Set: 1.7ms
[2025-06-04T08:03:45.416+0000][75][info ][gc,phases   ] GC(26)   Merge Heap Roots: 1.5ms
[2025-06-04T08:03:45.418+0000][75][info ][gc,phases   ] GC(26)   Evacuate Collection Set: 101.3ms
[2025-06-04T08:03:45.419+0000][75][info ][gc,phases   ] GC(26)   Post Evacuate Collection Set: 6.5ms
[2025-06-04T08:03:45.420+0000][75][info ][gc,phases   ] GC(26)   Other: 3.2ms
[2025-06-04T08:03:45.423+0000][75][trace][gc,age      ] GC(26) Age table with threshold 2 (max threshold 15)
[2025-06-04T08:03:45.425+0000][75][trace][gc,age      ] GC(26) - age   1:    3052840 bytes,    3052840 total
[2025-06-04T08:03:45.431+0000][75][trace][gc,age      ] GC(26) - age   2:   19273072 bytes,   22325912 total
[2025-06-04T08:03:45.432+0000][75][info ][gc,heap     ] GC(26) Eden regions: 31->0(16)
[2025-06-04T08:03:45.433+0000][75][info ][gc,heap     ] GC(26) Survivor regions: 8->6(10)
[2025-06-04T08:03:45.434+0000][75][info ][gc,heap     ] GC(26) Old regions: 7->9
[2025-06-04T08:03:45.435+0000][75][info ][gc,heap     ] GC(26) Humongous regions: 0->0
[2025-06-04T08:03:45.437+0000][75][info ][gc,metaspace] GC(26) Metaspace: 58994K(60416K)->58994K(60416K) NonClass: 51789K(52608K)->51789K(52608K) Class: 7205K(7808K)->7205K(7808K)
[2025-06-04T08:03:45.438+0000][75][info ][gc          ] GC(26) Pause Young (Concurrent Start) (Metadata GC Threshold) 179M->59M(512M) 139.407ms
[2025-06-04T08:03:45.439+0000][75][info ][gc,cpu      ] GC(26) User=0.87s Sys=0.07s Real=0.14s
[2025-06-04T08:03:45.439+0000][75][info ][gc          ] GC(27) Concurrent Mark Cycle
[2025-06-04T08:03:45.443+0000][75][info ][gc,marking  ] GC(27) Concurrent Scan Root Regions
[2025-06-04T08:03:45.441+0000][75][info ][safepoint   ] Safepoint "CollectForMetadataAllocation", Time since last: 462353690 ns, Reaching safepoint: 14996 ns, Cleanup: 36514 ns, At safepoint: 142701519 ns, Total: 142753029 ns
[2025-06-04T08:03:45.474+0000][75][info ][gc,marking  ] GC(27) Concurrent Scan Root Regions 30.763ms
[2025-06-04T08:03:45.476+0000][75][info ][gc,marking  ] GC(27) Concurrent Mark
[2025-06-04T08:03:45.480+0000][75][info ][gc,marking  ] GC(27) Concurrent Mark From Roots
[2025-06-04T08:03:45.485+0000][75][info ][gc,task     ] GC(27) Using 3 workers of 3 for marking
[2025-06-04T08:03:45.535+0000][75][info ][gc,marking  ] GC(27) Concurrent Mark From Roots 54.588ms
[2025-06-04T08:03:45.538+0000][75][info ][gc,marking  ] GC(27) Concurrent Preclean
[2025-06-04T08:03:45.541+0000][75][info ][gc,marking  ] GC(27) Concurrent Preclean 2.780ms
[2025-06-04T08:03:45.544+0000][75][info ][gc,start    ] GC(27) Pause Remark
[2025-06-04T08:03:45.568+0000][75][info ][gc          ] GC(27) Pause Remark 61M->61M(512M) 24.085ms
[2025-06-04T08:03:45.570+0000][75][info ][gc,cpu      ] GC(27) User=0.08s Sys=0.00s Real=0.02s
[2025-06-04T08:03:45.573+0000][75][info ][safepoint   ] Safepoint "G1PauseRemark", Time since last: 102635819 ns, Reaching safepoint: 394938 ns, Cleanup: 56416 ns, At safepoint: 28214593 ns, Total: 28665947 ns
[2025-06-04T08:03:45.574+0000][75][info ][gc,marking  ] GC(27) Concurrent Mark 98.107ms
[2025-06-04T08:03:45.583+0000][75][info ][gc,marking  ] GC(27) Concurrent Rebuild Remembered Sets and Scrub Regions
[2025-06-04T08:03:45.592+0000][75][info ][gc,marking  ] GC(27) Concurrent Rebuild Remembered Sets and Scrub Regions 9.414ms
[2025-06-04T08:03:45.598+0000][75][info ][gc,start    ] GC(27) Pause Cleanup
[2025-06-04T08:03:45.599+0000][75][info ][gc          ] GC(27) Pause Cleanup 61M->61M(512M) 1.641ms
[2025-06-04T08:03:45.601+0000][75][info ][gc,cpu      ] GC(27) User=0.01s Sys=0.00s Real=0.00s
[2025-06-04T08:03:45.602+0000][75][info ][safepoint   ] Safepoint "G1PauseCleanup", Time since last: 22139719 ns, Reaching safepoint: 2688609 ns, Cleanup: 98746 ns, At safepoint: 4898325 ns, Total: 7685680 ns
[2025-06-04T08:03:45.605+0000][75][info ][gc,marking  ] GC(27) Concurrent Clear Claimed Marks
[2025-06-04T08:03:45.608+0000][75][info ][gc,marking  ] GC(27) Concurrent Clear Claimed Marks 2.523ms
[2025-06-04T08:03:45.610+0000][75][info ][gc,marking  ] GC(27) Concurrent Cleanup for Next Mark
[2025-06-04T08:03:45.615+0000][75][info ][gc,marking  ] GC(27) Concurrent Cleanup for Next Mark 5.426ms
[2025-06-04T08:03:45.617+0000][75][info ][gc          ] GC(27) Concurrent Mark Cycle 177.835ms
[2025-06-04T08:03:46.606+0000][75][info ][safepoint   ] Safepoint "Cleanup", Time since last: 1003050823 ns, Reaching safepoint: 144652 ns, Cleanup: 74873 ns, At safepoint: 155383 ns, Total: 374908 ns
[2025-06-04T08:03:47.608+0000][75][info ][safepoint   ] Safepoint "Cleanup", Time since last: 1002248255 ns, Reaching safepoint: 191613 ns, Cleanup: 26028 ns, At safepoint: 86430 ns, Total: 304071 ns
[2025-06-04T08:03:48.610+0000][75][info ][safepoint   ] Safepoint "Cleanup", Time since last: 1001415716 ns, Reaching safepoint: 124245 ns, Cleanup: 30879 ns, At safepoint: 116112 ns, Total: 271236 ns
[2025-06-04T08:03:49.422+0000][75][info ][gc,start    ] GC(28) Pause Young (Normal) (G1 Evacuation Pause)
[2025-06-04T08:03:49.423+0000][75][info ][gc,task     ] GC(28) Using 10 workers of 10 for evacuation
[2025-06-04T08:03:49.426+0000][75][debug][gc,age      ] GC(28) Desired survivor size 6291456 bytes, new threshold 2 (max threshold 15)
[2025-06-04T08:03:49.616+0000][75][info ][gc,phases   ] GC(28)   Pre Evacuate Collection Set: 1.5ms
[2025-06-04T08:03:49.617+0000][75][info ][gc,phases   ] GC(28)   Merge Heap Roots: 1.1ms
[2025-06-04T08:03:49.649+0000][75][info ][gc,phases   ] GC(28)   Evacuate Collection Set: 165.2ms
[2025-06-04T08:03:49.651+0000][75][info ][gc,phases   ] GC(28)   Post Evacuate Collection Set: 13.0ms
[2025-06-04T08:03:49.652+0000][75][info ][gc,phases   ] GC(28)   Other: 11.8ms
[2025-06-04T08:03:49.653+0000][75][trace][gc,age      ] GC(28) Age table with threshold 2 (max threshold 15)
[2025-06-04T08:03:49.654+0000][75][trace][gc,age      ] GC(28) - age   1:    2155776 bytes,    2155776 total
[2025-06-04T08:03:49.656+0000][75][trace][gc,age      ] GC(28) - age   2:    2987024 bytes,    5142800 total
[2025-06-04T08:03:49.657+0000][75][info ][gc,heap     ] GC(28) Eden regions: 12->0(74)
[2025-06-04T08:03:49.658+0000][75][info ][gc,heap     ] GC(28) Survivor regions: 6->2(3)
[2025-06-04T08:03:49.664+0000][75][info ][gc,heap     ] GC(28) Old regions: 9->14
[2025-06-04T08:03:49.666+0000][75][info ][gc,heap     ] GC(28) Humongous regions: 0->0
[2025-06-04T08:03:49.667+0000][75][info ][gc,metaspace] GC(28) Metaspace: 67775K(69248K)->67775K(69248K) NonClass: 59124K(59968K)->59124K(59968K) Class: 8651K(9280K)->8651K(9280K)
[2025-06-04T08:03:49.668+0000][75][info ][gc          ] GC(28) Pause Young (Normal) (G1 Evacuation Pause) 107M->62M(512M) 245.968ms
[2025-06-04T08:03:49.669+0000][75][info ][gc,cpu      ] GC(28) User=1.33s Sys=0.11s Real=0.25s
[2025-06-04T08:03:49.670+0000][75][info ][safepoint   ] Safepoint "G1CollectForAllocation", Time since last: 811615116 ns, Reaching safepoint: 12955 ns, Cleanup: 37316 ns, At safepoint: 248514992 ns, Total: 248565263 ns
[2025-06-04T08:03:50.689+0000][75][info ][safepoint   ] Safepoint "Cleanup", Time since last: 1014446349 ns, Reaching safepoint: 3493281 ns, Cleanup: 73190 ns, At safepoint: 285057 ns, Total: 3851528 ns
[2025-06-04T08:03:51.694+0000][75][info ][safepoint   ] Safepoint "Cleanup", Time since last: 1004729400 ns, Reaching safepoint: 262962 ns, Cleanup: 296769 ns, At safepoint: 101001 ns, Total: 660732 ns
[2025-06-04T08:03:52.733+0000][75][info ][safepoint   ] Safepoint "Cleanup", Time since last: 1036293890 ns, Reaching safepoint: 5715869 ns, Cleanup: 32076 ns, At safepoint: 109339 ns, Total: 5857284 ns
[2025-06-04T08:03:53.736+0000][75][info ][safepoint   ] Safepoint "Cleanup", Time since last: 1001391630 ns, Reaching safepoint: 1166389 ns, Cleanup: 47346 ns, At safepoint: 117563 ns, Total: 1331298 ns
[2025-06-04T08:03:54.743+0000][75][info ][safepoint   ] Safepoint "Cleanup", Time since last: 1003818907 ns, Reaching safepoint: 2532220 ns, Cleanup: 44880 ns, At safepoint: 509004 ns, Total: 3086104 ns
[2025-06-04T08:03:55.754+0000][75][info ][safepoint   ] Safepoint "Cleanup", Time since last: 1002262907 ns, Reaching safepoint: 8660813 ns, Cleanup: 67830 ns, At safepoint: 149456 ns, Total: 8878099 ns
[2025-06-04T08:03:57.470+0000][75][info ][gc,start    ] GC(29) Pause Young (Normal) (G1 Evacuation Pause)
[2025-06-04T08:03:57.471+0000][75][info ][gc,task     ] GC(29) Using 10 workers of 10 for evacuation
[2025-06-04T08:03:57.472+0000][75][debug][gc,age      ] GC(29) Desired survivor size 20971520 bytes, new threshold 15 (max threshold 15)
[2025-06-04T08:03:57.493+0000][75][info ][gc,phases   ] GC(29)   Pre Evacuate Collection Set: 1.6ms
[2025-06-04T08:03:57.494+0000][75][info ][gc,phases   ] GC(29)   Merge Heap Roots: 1.0ms
[2025-06-04T08:03:57.495+0000][75][info ][gc,phases   ] GC(29)   Evacuate Collection Set: 10.9ms
[2025-06-04T08:03:57.496+0000][75][info ][gc,phases   ] GC(29)   Post Evacuate Collection Set: 5.4ms
[2025-06-04T08:03:57.497+0000][75][info ][gc,phases   ] GC(29)   Other: 2.9ms
[2025-06-04T08:03:57.498+0000][75][trace][gc,age      ] GC(29) Age table with threshold 15 (max threshold 15)
[2025-06-04T08:03:57.499+0000][75][trace][gc,age      ] GC(29) - age   1:     980616 bytes,     980616 total
[2025-06-04T08:03:57.501+0000][75][trace][gc,age      ] GC(29) - age   2:    1980496 bytes,    2961112 total
[2025-06-04T08:03:57.503+0000][75][trace][gc,age      ] GC(29) - age   3:    2979176 bytes,    5940288 total
[2025-06-04T08:03:57.504+0000][75][info ][gc,heap     ] GC(29) Eden regions: 74->0(74)
[2025-06-04T08:03:57.505+0000][75][info ][gc,heap     ] GC(29) Survivor regions: 2->2(10)
[2025-06-04T08:03:57.506+0000][75][info ][gc,heap     ] GC(29) Old regions: 14->14
[2025-06-04T08:03:57.507+0000][75][info ][gc,heap     ] GC(29) Humongous regions: 0->0
[2025-06-04T08:03:57.508+0000][75][info ][gc,metaspace] GC(29) Metaspace: 69871K(71488K)->69871K(71488K) NonClass: 60909K(61888K)->60909K(61888K) Class: 8961K(9600K)->8961K(9600K)
[2025-06-04T08:03:57.509+0000][75][info ][gc          ] GC(29) Pause Young (Normal) (G1 Evacuation Pause) 358M->61M(512M) 39.452ms
[2025-06-04T08:03:57.510+0000][75][info ][gc,cpu      ] GC(29) User=0.13s Sys=0.01s Real=0.04s
[2025-06-04T08:03:57.512+0000][75][info ][safepoint   ] Safepoint "G1CollectForAllocation", Time since last: 1716087902 ns, Reaching safepoint: 16004 ns, Cleanup: 40574 ns, At safepoint: 41952295 ns, Total: 42008873 ns
[2025-06-04T08:03:58.514+0000][75][info ][safepoint   ] Safepoint "Cleanup", Time since last: 1001528959 ns, Reaching safepoint: 362406 ns, Cleanup: 110142 ns, At safepoint: 93825 ns, Total: 566373 ns
[2025-06-04T08:04:00.298+0000][75][info ][safepoint   ] Safepoint "Cleanup", Time since last: 1777354791 ns, Reaching safepoint: 6321948 ns, Cleanup: 224894 ns, At safepoint: 99879 ns, Total: 6646721 ns
[2025-06-04T08:04:01.318+0000][75][info ][safepoint   ] Safepoint "Cleanup", Time since last: 1009678943 ns, Reaching safepoint: 10622859 ns, Cleanup: 61578 ns, At safepoint: 184957 ns, Total: 10869394 ns
[2025-06-04T08:04:03.328+0000][75][info ][safepoint   ] Safepoint "Cleanup", Time since last: 2008586389 ns, Reaching safepoint: 189204 ns, Cleanup: 250536 ns, At safepoint: 131237 ns, Total: 570977 ns
[2025-06-04T08:04:04.345+0000][75][info ][safepoint   ] Safepoint "Cleanup", Time since last: 1016933626 ns, Reaching safepoint: 7622 ns, Cleanup: 66943 ns, At safepoint: 7776 ns, Total: 82341 ns
[2025-06-04T08:04:05.349+0000][75][info ][safepoint   ] Safepoint "Cleanup", Time since last: 1003031681 ns, Reaching safepoint: 896321 ns, Cleanup: 32596 ns, At safepoint: 88000 ns, Total: 1016917 ns
[2025-06-04T08:04:06.352+0000][75][info ][safepoint   ] Safepoint "Cleanup", Time since last: 1003282075 ns, Reaching safepoint: 257967 ns, Cleanup: 49224 ns, At safepoint: 114115 ns, Total: 421306 ns
[2025-06-04T08:04:07.355+0000][75][info ][safepoint   ] Safepoint "Cleanup", Time since last: 1001413192 ns, Reaching safepoint: 623284 ns, Cleanup: 103644 ns, At safepoint: 145660 ns, Total: 872588 ns
[2025-06-04T08:04:08.684+0000][75][info ][safepoint   ] Safepoint "Cleanup", Time since last: 1326827104 ns, Reaching safepoint: 2252412 ns, Cleanup: 51594 ns, At safepoint: 164356 ns, Total: 2468362 ns
[2025-06-04T08:04:10.589+0000][75][info ][safepoint   ] Safepoint "Cleanup", Time since last: 1904013960 ns, Reaching safepoint: 417802 ns, Cleanup: 305462 ns, At safepoint: 33384 ns, Total: 756648 ns
[2025-06-04T08:04:11.976+0000][75][info ][safepoint   ] Safepoint "Cleanup", Time since last: 1386439362 ns, Reaching safepoint: 241099 ns, Cleanup: 163973 ns, At safepoint: 102650 ns, Total: 507722 ns
[2025-06-04T08:04:12.030+0000][75][info ][gc,start    ] GC(30) Pause Young (Concurrent Start) (Metadata GC Threshold)
[2025-06-04T08:04:12.032+0000][75][info ][gc,task     ] GC(30) Using 10 workers of 10 for evacuation
[2025-06-04T08:04:12.033+0000][75][debug][gc,age      ] GC(30) Desired survivor size 20971520 bytes, new threshold 15 (max threshold 15)
[2025-06-04T08:04:12.077+0000][75][info ][gc,phases   ] GC(30)   Pre Evacuate Collection Set: 1.2ms
[2025-06-04T08:04:12.078+0000][75][info ][gc,phases   ] GC(30)   Merge Heap Roots: 0.8ms
[2025-06-04T08:04:12.079+0000][75][info ][gc,phases   ] GC(30)   Evacuate Collection Set: 30.1ms
[2025-06-04T08:04:12.081+0000][75][info ][gc,phases   ] GC(30)   Post Evacuate Collection Set: 9.0ms
[2025-06-04T08:04:12.082+0000][75][info ][gc,phases   ] GC(30)   Other: 3.4ms
[2025-06-04T08:04:12.083+0000][75][trace][gc,age      ] GC(30) Age table with threshold 15 (max threshold 15)
[2025-06-04T08:04:12.085+0000][75][trace][gc,age      ] GC(30) - age   1:   10980640 bytes,   10980640 total
[2025-06-04T08:04:12.086+0000][75][trace][gc,age      ] GC(30) - age   2:     858032 bytes,   11838672 total
[2025-06-04T08:04:12.087+0000][75][trace][gc,age      ] GC(30) - age   3:    1969912 bytes,   13808584 total
[2025-06-04T08:04:12.088+0000][75][trace][gc,age      ] GC(30) - age   4:    2962080 bytes,   16770664 total
[2025-06-04T08:04:12.089+0000][75][info ][gc,heap     ] GC(30) Eden regions: 47->0(71)
[2025-06-04T08:04:12.091+0000][75][info ][gc,heap     ] GC(30) Survivor regions: 2->5(10)
[2025-06-04T08:04:12.092+0000][75][info ][gc,heap     ] GC(30) Old regions: 14->14
[2025-06-04T08:04:12.092+0000][75][info ][gc,heap     ] GC(30) Humongous regions: 0->0
[2025-06-04T08:04:12.094+0000][75][info ][gc,metaspace] GC(30) Metaspace: 99351K(101120K)->99351K(101120K) NonClass: 86359K(87424K)->86359K(87424K) Class: 12991K(13696K)->12991K(13696K)
[2025-06-04T08:04:12.096+0000][75][info ][gc          ] GC(30) Pause Young (Concurrent Start) (Metadata GC Threshold) 247M->72M(512M) 65.510ms
[2025-06-04T08:04:12.098+0000][75][info ][gc,cpu      ] GC(30) User=0.25s Sys=0.03s Real=0.06s
[2025-06-04T08:04:12.098+0000][75][info ][gc          ] GC(31) Concurrent Mark Cycle
[2025-06-04T08:04:12.100+0000][75][info ][safepoint   ] Safepoint "CollectForMetadataAllocation", Time since last: 54550454 ns, Reaching safepoint: 13810 ns, Cleanup: 7419 ns, At safepoint: 69671347 ns, Total: 69692576 ns
[2025-06-04T08:04:12.101+0000][75][info ][gc,marking  ] GC(31) Concurrent Scan Root Regions
[2025-06-04T08:04:12.126+0000][75][info ][gc,marking  ] GC(31) Concurrent Scan Root Regions 24.845ms
[2025-06-04T08:04:12.127+0000][75][info ][gc,marking  ] GC(31) Concurrent Mark
[2025-06-04T08:04:12.129+0000][75][info ][gc,marking  ] GC(31) Concurrent Mark From Roots
[2025-06-04T08:04:12.131+0000][75][info ][gc,task     ] GC(31) Using 3 workers of 3 for marking
[2025-06-04T08:04:12.235+0000][75][info ][gc,marking  ] GC(31) Concurrent Mark From Roots 106.157ms
[2025-06-04T08:04:12.239+0000][75][info ][gc,marking  ] GC(31) Concurrent Preclean
[2025-06-04T08:04:12.241+0000][75][info ][gc,marking  ] GC(31) Concurrent Preclean 2.747ms
[2025-06-04T08:04:12.244+0000][75][info ][gc,start    ] GC(31) Pause Remark
[2025-06-04T08:04:12.274+0000][75][info ][gc          ] GC(31) Pause Remark 75M->75M(512M) 29.722ms
[2025-06-04T08:04:12.275+0000][75][info ][gc,cpu      ] GC(31) User=0.07s Sys=0.05s Real=0.03s
[2025-06-04T08:04:12.276+0000][75][info ][safepoint   ] Safepoint "G1PauseRemark", Time since last: 143559478 ns, Reaching safepoint: 234806 ns, Cleanup: 48309 ns, At safepoint: 32425654 ns, Total: 32708769 ns
[2025-06-04T08:04:12.280+0000][75][info ][gc,marking  ] GC(31) Concurrent Mark 153.317ms
[2025-06-04T08:04:12.282+0000][75][info ][gc,marking  ] GC(31) Concurrent Rebuild Remembered Sets and Scrub Regions
[2025-06-04T08:04:12.322+0000][75][info ][gc,marking  ] GC(31) Concurrent Rebuild Remembered Sets and Scrub Regions 39.895ms
[2025-06-04T08:04:12.323+0000][75][info ][gc,start    ] GC(31) Pause Cleanup
[2025-06-04T08:04:12.325+0000][75][info ][gc          ] GC(31) Pause Cleanup 75M->75M(512M) 1.929ms
[2025-06-04T08:04:12.326+0000][75][info ][gc,cpu      ] GC(31) User=0.00s Sys=0.00s Real=0.00s
[2025-06-04T08:04:12.327+0000][75][info ][safepoint   ] Safepoint "G1PauseCleanup", Time since last: 46559110 ns, Reaching safepoint: 217191 ns, Cleanup: 58925 ns, At safepoint: 3924020 ns, Total: 4200136 ns
[2025-06-04T08:04:12.328+0000][75][info ][gc,marking  ] GC(31) Concurrent Clear Claimed Marks
[2025-06-04T08:04:12.330+0000][75][info ][gc,marking  ] GC(31) Concurrent Clear Claimed Marks 1.532ms
[2025-06-04T08:04:12.331+0000][75][info ][gc,marking  ] GC(31) Concurrent Cleanup for Next Mark
[2025-06-04T08:04:12.334+0000][75][info ][gc,marking  ] GC(31) Concurrent Cleanup for Next Mark 3.088ms
[2025-06-04T08:04:12.335+0000][75][info ][gc          ] GC(31) Concurrent Mark Cycle 237.157ms
[2025-06-04T08:04:13.748+0000][75][info ][safepoint   ] Safepoint "Cleanup", Time since last: 1420588757 ns, Reaching safepoint: 684636 ns, Cleanup: 134307 ns, At safepoint: 112502 ns, Total: 931445 ns
[2025-06-04T08:04:14.768+0000][75][info ][safepoint   ] Safepoint "Cleanup", Time since last: 1018835999 ns, Reaching safepoint: 1012375 ns, Cleanup: 33478 ns, At safepoint: 93514 ns, Total: 1139367 ns
[2025-06-04T08:04:15.779+0000][75][info ][safepoint   ] Safepoint "Cleanup", Time since last: 1009663931 ns, Reaching safepoint: 523374 ns, Cleanup: 183576 ns, At safepoint: 307446 ns, Total: 1014396 ns
[2025-06-04T08:04:16.786+0000][75][info ][safepoint   ] Safepoint "Cleanup", Time since last: 1005944929 ns, Reaching safepoint: 777525 ns, Cleanup: 105527 ns, At safepoint: 142624 ns, Total: 1025676 ns
[2025-06-04T08:04:17.790+0000][75][info ][safepoint   ] Safepoint "Cleanup", Time since last: 1003558020 ns, Reaching safepoint: 469319 ns, Cleanup: 39645 ns, At safepoint: 217971 ns, Total: 726935 ns
[2025-06-04T08:04:18.795+0000][75][info ][safepoint   ] Safepoint "Cleanup", Time since last: 1001995596 ns, Reaching safepoint: 2743726 ns, Cleanup: 43588 ns, At safepoint: 315361 ns, Total: 3102675 ns
[2025-06-04T08:04:19.798+0000][75][info ][safepoint   ] Safepoint "Cleanup", Time since last: 1002325638 ns, Reaching safepoint: 192105 ns, Cleanup: 97993 ns, At safepoint: 105363 ns, Total: 395461 ns
[2025-06-04T08:04:20.799+0000][75][info ][safepoint   ] Safepoint "Cleanup", Time since last: 1000950773 ns, Reaching safepoint: 7099 ns, Cleanup: 66925 ns, At safepoint: 5817 ns, Total: 79841 ns
[2025-06-04T08:04:22.280+0000][75][info ][safepoint   ] Safepoint "Cleanup", Time since last: 1484564552 ns, Reaching safepoint: 448264 ns, Cleanup: 663052 ns, At safepoint: 297458 ns, Total: 1408774 ns
[2025-06-04T08:04:23.282+0000][75][info ][safepoint   ] Safepoint "Cleanup", Time since last: 1001739412 ns, Reaching safepoint: 23355 ns, Cleanup: 103229 ns, At safepoint: 108790 ns, Total: 235374 ns
[2025-06-04T08:04:25.036+0000][75][info ][safepoint   ] Safepoint "Cleanup", Time since last: 1752571773 ns, Reaching safepoint: 760178 ns, Cleanup: 518580 ns, At safepoint: 272524 ns, Total: 1551282 ns
[2025-06-04T08:04:26.038+0000][75][info ][safepoint   ] Safepoint "Cleanup", Time since last: 1001710791 ns, Reaching safepoint: 72335 ns, Cleanup: 209862 ns, At safepoint: 11984 ns, Total: 294181 ns
[2025-06-04T08:04:29.047+0000][75][info ][safepoint   ] Safepoint "Cleanup", Time since last: 3008251050 ns, Reaching safepoint: 32831 ns, Cleanup: 55503 ns, At safepoint: 10580 ns, Total: 98914 ns
[2025-06-04T08:04:31.050+0000][75][info ][safepoint   ] Safepoint "Cleanup", Time since last: 2003415145 ns, Reaching safepoint: 32982 ns, Cleanup: 39385 ns, At safepoint: 7787 ns, Total: 80154 ns
[2025-06-04T08:04:33.054+0000][75][info ][safepoint   ] Safepoint "Cleanup", Time since last: 2003681422 ns, Reaching safepoint: 29240 ns, Cleanup: 586477 ns, At safepoint: 147175 ns, Total: 762892 ns
[2025-06-04T08:04:34.539+0000][75][info ][safepoint   ] Safepoint "Cleanup", Time since last: 1484762569 ns, Reaching safepoint: 30670 ns, Cleanup: 52088 ns, At safepoint: 9031 ns, Total: 91789 ns
[2025-06-04T08:04:52.544+0000][75][info ][safepoint   ] Safepoint "Cleanup", Time since last: 18008408687 ns, Reaching safepoint: 41165 ns, Cleanup: 50759 ns, At safepoint: 9683 ns, Total: 101607 ns
[2025-06-04T08:04:53.553+0000][75][info ][safepoint   ] Safepoint "Cleanup", Time since last: 1008097280 ns, Reaching safepoint: 40079 ns, Cleanup: 30733 ns, At safepoint: 7784 ns, Total: 78596 ns
[2025-06-04T08:04:54.559+0000][75][info ][safepoint   ] Safepoint "Cleanup", Time since last: 1006830117 ns, Reaching safepoint: 27128 ns, Cleanup: 24587 ns, At safepoint: 7870 ns, Total: 59585 ns
[2025-06-04T08:04:59.562+0000][75][info ][safepoint   ] Safepoint "Cleanup", Time since last: 5002384036 ns, Reaching safepoint: 28817 ns, Cleanup: 27514 ns, At safepoint: 8728 ns, Total: 65059 ns
[2025-06-04T08:05:00.565+0000][75][info ][safepoint   ] Safepoint "Cleanup", Time since last: 1002598996 ns, Reaching safepoint: 46187 ns, Cleanup: 40351 ns, At safepoint: 10347 ns, Total: 96885 ns
[2025-06-04T08:05:02.566+0000][75][info ][safepoint   ] Safepoint "Cleanup", Time since last: 2001851909 ns, Reaching safepoint: 37088 ns, Cleanup: 31630 ns, At safepoint: 9158 ns, Total: 77876 ns
[2025-06-04T08:05:03.568+0000][75][info ][safepoint   ] Safepoint "Cleanup", Time since last: 1001760057 ns, Reaching safepoint: 36952 ns, Cleanup: 37863 ns, At safepoint: 9734 ns, Total: 84549 ns
[2025-06-04T08:05:04.574+0000][75][info ][safepoint   ] Safepoint "Cleanup", Time since last: 1005126745 ns, Reaching safepoint: 30832 ns, Cleanup: 26576 ns, At safepoint: 8598 ns, Total: 66006 ns
[2025-06-04T08:05:10.712+0000][75][info ][safepoint   ] Safepoint "Cleanup", Time since last: 6138450998 ns, Reaching safepoint: 46904 ns, Cleanup: 40447 ns, At safepoint: 11783 ns, Total: 99134 ns
[2025-06-04T08:05:21.716+0000][75][info ][safepoint   ] Safepoint "Cleanup", Time since last: 11004340496 ns, Reaching safepoint: 41928 ns, Cleanup: 28039 ns, At safepoint: 8575 ns, Total: 78542 ns
[2025-06-04T08:05:22.714+0000][75][info ][safepoint   ] Safepoint "Cleanup", Time since last: 1001293397 ns, Reaching safepoint: 98541 ns, Cleanup: 35991 ns, At safepoint: 9662 ns, Total: 144194 ns
[2025-06-04T08:05:26.716+0000][75][info ][safepoint   ] Safepoint "Cleanup", Time since last: 4001929281 ns, Reaching safepoint: 20661 ns, Cleanup: 31723 ns, At safepoint: 6589 ns, Total: 58973 ns
[2025-06-04T08:05:35.722+0000][75][info ][safepoint   ] Safepoint "Cleanup", Time since last: 9005871176 ns, Reaching safepoint: 36407 ns, Cleanup: 32406 ns, At safepoint: 18010 ns, Total: 86823 ns
[2025-06-04T08:05:39.726+0000][75][info ][safepoint   ] Safepoint "Cleanup", Time since last: 4003151214 ns, Reaching safepoint: 67547 ns, Cleanup: 24564 ns, At safepoint: 6007 ns, Total: 98118 ns
[2025-06-04T08:05:42.728+0000][75][info ][safepoint   ] Safepoint "Cleanup", Time since last: 3002005085 ns, Reaching safepoint: 26526 ns, Cleanup: 132945 ns, At safepoint: 11417 ns, Total: 170888 ns
[2025-06-04T08:05:44.732+0000][75][info ][safepoint   ] Safepoint "Cleanup", Time since last: 2001290744 ns, Reaching safepoint: 3069567 ns, Cleanup: 36199 ns, At safepoint: 13876 ns, Total: 3119642 ns
[2025-06-04T08:05:52.729+0000][75][info ][safepoint   ] Safepoint "Cleanup", Time since last: 8004488497 ns, Reaching safepoint: 572377 ns, Cleanup: 45284 ns, At safepoint: 72712 ns, Total: 690373 ns
[2025-06-04T08:06:00.734+0000][75][info ][safepoint   ] Safepoint "Cleanup", Time since last: 8004596271 ns, Reaching safepoint: 29227 ns, Cleanup: 37649 ns, At safepoint: 7828 ns, Total: 74704 ns
[2025-06-04T08:06:06.738+0000][75][info ][safepoint   ] Safepoint "Cleanup", Time since last: 6003528372 ns, Reaching safepoint: 146050 ns, Cleanup: 48140 ns, At safepoint: 14870 ns, Total: 209060 ns
[2025-06-04T08:06:09.741+0000][75][info ][safepoint   ] Safepoint "Cleanup", Time since last: 3002613834 ns, Reaching safepoint: 265149 ns, Cleanup: 33178 ns, At safepoint: 18284 ns, Total: 316611 ns
[2025-06-04T08:06:10.743+0000][75][info ][safepoint   ] Safepoint "Cleanup", Time since last: 1001998976 ns, Reaching safepoint: 30995 ns, Cleanup: 25373 ns, At safepoint: 84704 ns, Total: 141072 ns
[2025-06-04T08:06:19.747+0000][75][info ][safepoint   ] Safepoint "Cleanup", Time since last: 9003634119 ns, Reaching safepoint: 28481 ns, Cleanup: 44707 ns, At safepoint: 10815 ns, Total: 84003 ns
[2025-06-04T08:06:23.730+0000][75][info ][safepoint   ] Safepoint "Cleanup", Time since last: 4002981977 ns, Reaching safepoint: 32155 ns, Cleanup: 27531 ns, At safepoint: 7964 ns, Total: 67650 ns
[2025-06-04T08:06:26.733+0000][75][info ][safepoint   ] Safepoint "Cleanup", Time since last: 3003158606 ns, Reaching safepoint: 101343 ns, Cleanup: 39936 ns, At safepoint: 9886 ns, Total: 151165 ns
[2025-06-04T08:06:31.745+0000][75][info ][safepoint   ] Safepoint "Cleanup", Time since last: 5011613103 ns, Reaching safepoint: 22586 ns, Cleanup: 31933 ns, At safepoint: 8720 ns, Total: 63239 ns
[2025-06-04T08:06:35.751+0000][75][info ][safepoint   ] Safepoint "Cleanup", Time since last: 4006205045 ns, Reaching safepoint: 38171 ns, Cleanup: 49359 ns, At safepoint: 11582 ns, Total: 99112 ns
[2025-06-04T08:06:45.778+0000][75][info ][safepoint   ] Safepoint "Cleanup", Time since last: 10026792943 ns, Reaching safepoint: 86233 ns, Cleanup: 41743 ns, At safepoint: 9135 ns, Total: 137111 ns
[2025-06-04T08:06:52.798+0000][75][info ][safepoint   ] Safepoint "Cleanup", Time since last: 7014565179 ns, Reaching safepoint: 38896 ns, Cleanup: 36960 ns, At safepoint: 10236 ns, Total: 86092 ns
[2025-06-04T08:06:54.810+0000][75][info ][safepoint   ] Safepoint "Cleanup", Time since last: 2011089668 ns, Reaching safepoint: 109292 ns, Cleanup: 52291 ns, At safepoint: 8580 ns, Total: 170163 ns
[2025-06-04T08:07:05.853+0000][75][info ][safepoint   ] Safepoint "Cleanup", Time since last: 11043073883 ns, Reaching safepoint: 34750 ns, Cleanup: 37507 ns, At safepoint: 7305 ns, Total: 79562 ns
[2025-06-04T08:07:19.868+0000][75][info ][safepoint   ] Safepoint "Cleanup", Time since last: 14015043221 ns, Reaching safepoint: 35238 ns, Cleanup: 27786 ns, At safepoint: 9319 ns, Total: 72343 ns
[2025-06-04T08:07:20.870+0000][75][info ][safepoint   ] Safepoint "Cleanup", Time since last: 1002012819 ns, Reaching safepoint: 35126 ns, Cleanup: 30229 ns, At safepoint: 9065 ns, Total: 74420 ns
[2025-06-04T08:07:28.843+0000][75][info ][safepoint   ] Safepoint "Cleanup", Time since last: 8011161216 ns, Reaching safepoint: 24889 ns, Cleanup: 27076 ns, At safepoint: 8186 ns, Total: 60151 ns
[2025-06-04T08:07:49.873+0000][75][info ][safepoint   ] Safepoint "Cleanup", Time since last: 21029589814 ns, Reaching safepoint: 593833 ns, Cleanup: 32846 ns, At safepoint: 12293 ns, Total: 638972 ns
[2025-06-04T08:07:52.869+0000][75][info ][safepoint   ] Safepoint "Cleanup", Time since last: 3004990162 ns, Reaching safepoint: 32926 ns, Cleanup: 26668 ns, At safepoint: 7514 ns, Total: 67108 ns
[2025-06-04T08:08:10.880+0000][75][info ][safepoint   ] Safepoint "Cleanup", Time since last: 18010361077 ns, Reaching safepoint: 42509 ns, Cleanup: 39519 ns, At safepoint: 10492 ns, Total: 92520 ns
[2025-06-04T08:08:52.918+0000][75][info ][safepoint   ] Safepoint "Cleanup", Time since last: 42048466229 ns, Reaching safepoint: 69569 ns, Cleanup: 27295 ns, At safepoint: 8851 ns, Total: 105715 ns
[2025-06-04T08:08:56.920+0000][75][info ][safepoint   ] Safepoint "Cleanup", Time since last: 4002323152 ns, Reaching safepoint: 103905 ns, Cleanup: 34088 ns, At safepoint: 31576 ns, Total: 169569 ns
[2025-06-04T08:09:22.937+0000][75][info ][safepoint   ] Safepoint "Cleanup", Time since last: 26018057563 ns, Reaching safepoint: 118395 ns, Cleanup: 34248 ns, At safepoint: 13386 ns, Total: 166029 ns
[2025-06-04T08:10:06.945+0000][75][info ][safepoint   ] Safepoint "Cleanup", Time since last: 44010562601 ns, Reaching safepoint: 39409 ns, Cleanup: 14826 ns, At safepoint: 3607 ns, Total: 57842 ns
[2025-06-04T08:10:22.946+0000][75][info ][safepoint   ] Safepoint "Cleanup", Time since last: 16004036077 ns, Reaching safepoint: 11856 ns, Cleanup: 18355 ns, At safepoint: 3401 ns, Total: 33612 ns
[2025-06-04T08:10:37.951+0000][75][info ][safepoint   ] Safepoint "Cleanup", Time since last: 15004305758 ns, Reaching safepoint: 22718 ns, Cleanup: 34131 ns, At safepoint: 9827 ns, Total: 66676 ns
[2025-06-04T08:10:52.953+0000][75][info ][safepoint   ] Safepoint "Cleanup", Time since last: 15006057597 ns, Reaching safepoint: 30850 ns, Cleanup: 25872 ns, At safepoint: 7370 ns, Total: 64092 ns
[2025-06-04T08:11:07.960+0000][75][info ][safepoint   ] Safepoint "Cleanup", Time since last: 15006990903 ns, Reaching safepoint: 25019 ns, Cleanup: 27909 ns, At safepoint: 8863 ns, Total: 61791 ns
[2025-06-04T08:11:34.969+0000][75][info ][safepoint   ] Safepoint "Cleanup", Time since last: 27011254845 ns, Reaching safepoint: 25767 ns, Cleanup: 117338 ns, At safepoint: 11097 ns, Total: 154202 ns
[2025-06-04T08:11:39.973+0000][75][info ][safepoint   ] Safepoint "Cleanup", Time since last: 5003713322 ns, Reaching safepoint: 27132 ns, Cleanup: 19609 ns, At safepoint: 5760 ns, Total: 52501 ns
[2025-06-04T08:11:40.974+0000][75][info ][safepoint   ] Safepoint "Cleanup", Time since last: 1000864197 ns, Reaching safepoint: 19892 ns, Cleanup: 25874 ns, At safepoint: 7338 ns, Total: 53104 ns
[2025-06-04T08:11:55.980+0000][75][info ][safepoint   ] Safepoint "Cleanup", Time since last: 15005256926 ns, Reaching safepoint: 231799 ns, Cleanup: 26166 ns, At safepoint: 9892 ns, Total: 267857 ns
[2025-06-04T08:12:37.988+0000][75][info ][safepoint   ] Safepoint "Cleanup", Time since last: 42008214952 ns, Reaching safepoint: 18584 ns, Cleanup: 21926 ns, At safepoint: 6220 ns, Total: 46730 ns
[2025-06-04T08:13:07.994+0000][75][info ][safepoint   ] Safepoint "Cleanup", Time since last: 30006166863 ns, Reaching safepoint: 34178 ns, Cleanup: 27856 ns, At safepoint: 6763 ns, Total: 68797 ns
[2025-06-04T08:13:22.998+0000][75][info ][safepoint   ] Safepoint "Cleanup", Time since last: 15004063871 ns, Reaching safepoint: 22528 ns, Cleanup: 14997 ns, At safepoint: 4125 ns, Total: 41650 ns
[2025-06-04T08:13:30.000+0000][75][info ][safepoint   ] Safepoint "Cleanup", Time since last: 7001780802 ns, Reaching safepoint: 12083 ns, Cleanup: 15330 ns, At safepoint: 2964 ns, Total: 30377 ns
[2025-06-04T08:13:38.002+0000][75][info ][safepoint   ] Safepoint "Cleanup", Time since last: 8001735129 ns, Reaching safepoint: 14353 ns, Cleanup: 15635 ns, At safepoint: 3698 ns, Total: 33686 ns
[2025-06-04T08:14:08.008+0000][75][info ][safepoint   ] Safepoint "Cleanup", Time since last: 30005886958 ns, Reaching safepoint: 33923 ns, Cleanup: 22050 ns, At safepoint: 6663 ns, Total: 62636 ns
[2025-06-04T08:14:17.010+0000][75][info ][safepoint   ] Safepoint "Cleanup", Time since last: 9002430773 ns, Reaching safepoint: 11252 ns, Cleanup: 10128 ns, At safepoint: 2904 ns, Total: 24284 ns
[2025-06-04T08:14:20.011+0000][75][info ][safepoint   ] Safepoint "Cleanup", Time since last: 3001140461 ns, Reaching safepoint: 27419 ns, Cleanup: 14520 ns, At safepoint: 4136 ns, Total: 46075 ns
[2025-06-04T08:14:38.016+0000][75][info ][safepoint   ] Safepoint "Cleanup", Time since last: 18004445692 ns, Reaching safepoint: 11280 ns, Cleanup: 16706 ns, At safepoint: 3374 ns, Total: 31360 ns
[2025-06-04T08:14:53.019+0000][75][info ][safepoint   ] Safepoint "Cleanup", Time since last: 15002933395 ns, Reaching safepoint: 16220 ns, Cleanup: 18750 ns, At safepoint: 5327 ns, Total: 40297 ns
[2025-06-04T08:16:09.037+0000][75][info ][safepoint   ] Safepoint "Cleanup", Time since last: 76018029433 ns, Reaching safepoint: 49914 ns, Cleanup: 42058 ns, At safepoint: 10161 ns, Total: 102133 ns
[2025-06-04T08:17:23.056+0000][75][info ][safepoint   ] Safepoint "Cleanup", Time since last: 74018823157 ns, Reaching safepoint: 33348 ns, Cleanup: 22444 ns, At safepoint: 7064 ns, Total: 62856 ns
[2025-06-04T08:17:26.057+0000][75][info ][safepoint   ] Safepoint "Cleanup", Time since last: 3001436651 ns, Reaching safepoint: 24733 ns, Cleanup: 28530 ns, At safepoint: 9003 ns, Total: 62266 ns
[2025-06-04T08:18:09.067+0000][75][info ][safepoint   ] Safepoint "Cleanup", Time since last: 43009527255 ns, Reaching safepoint: 28118 ns, Cleanup: 65302 ns, At safepoint: 8539 ns, Total: 101959 ns
[2025-06-04T08:18:39.073+0000][75][info ][safepoint   ] Safepoint "Cleanup", Time since last: 30006213183 ns, Reaching safepoint: 39211 ns, Cleanup: 29845 ns, At safepoint: 7251 ns, Total: 76307 ns
[2025-06-04T08:19:24.082+0000][75][info ][safepoint   ] Safepoint "Cleanup", Time since last: 45008662578 ns, Reaching safepoint: 42406 ns, Cleanup: 17745 ns, At safepoint: 5448 ns, Total: 65599 ns
[2025-06-04T08:19:30.083+0000][75][info ][safepoint   ] Safepoint "Cleanup", Time since last: 6001296585 ns, Reaching safepoint: 29231 ns, Cleanup: 17738 ns, At safepoint: 5316 ns, Total: 52285 ns
[2025-06-04T08:19:39.085+0000][75][info ][safepoint   ] Safepoint "Cleanup", Time since last: 9001926931 ns, Reaching safepoint: 17731 ns, Cleanup: 19393 ns, At safepoint: 5569 ns, Total: 42693 ns
[2025-06-04T08:19:54.088+0000][75][info ][safepoint   ] Safepoint "Cleanup", Time since last: 15003078537 ns, Reaching safepoint: 14972 ns, Cleanup: 36704 ns, At safepoint: 5145 ns, Total: 56821 ns
[2025-06-04T08:20:09.091+0000][75][info ][safepoint   ] Safepoint "Cleanup", Time since last: 15002923669 ns, Reaching safepoint: 27538 ns, Cleanup: 94355 ns, At safepoint: 9016 ns, Total: 130909 ns
[2025-06-04T08:20:39.097+0000][75][info ][safepoint   ] Safepoint "Cleanup", Time since last: 30005567836 ns, Reaching safepoint: 17407 ns, Cleanup: 20464 ns, At safepoint: 5047 ns, Total: 42918 ns
[2025-06-04T08:21:30.105+0000][75][info ][safepoint   ] Safepoint "Cleanup", Time since last: 51008355223 ns, Reaching safepoint: 16498 ns, Cleanup: 17009 ns, At safepoint: 4379 ns, Total: 37886 ns
[2025-06-04T08:21:39.109+0000][75][info ][safepoint   ] Safepoint "Cleanup", Time since last: 9003784610 ns, Reaching safepoint: 15554 ns, Cleanup: 18345 ns, At safepoint: 4206 ns, Total: 38105 ns
[2025-06-04T08:22:00.113+0000][75][info ][safepoint   ] Safepoint "Cleanup", Time since last: 21003902288 ns, Reaching safepoint: 39515 ns, Cleanup: 18480 ns, At safepoint: 5908 ns, Total: 63903 ns
[2025-06-04T08:22:04.114+0000][75][info ][safepoint   ] Safepoint "Cleanup", Time since last: 4001134755 ns, Reaching safepoint: 13653 ns, Cleanup: 13878 ns, At safepoint: 3922 ns, Total: 31453 ns
[2025-06-04T08:22:10.116+0000][75][info ][safepoint   ] Safepoint "Cleanup", Time since last: 6001813601 ns, Reaching safepoint: 19182 ns, Cleanup: 19787 ns, At safepoint: 5556 ns, Total: 44525 ns
[2025-06-04T08:22:20.118+0000][75][info ][safepoint   ] Safepoint "Cleanup", Time since last: 10002170297 ns, Reaching safepoint: 16065 ns, Cleanup: 19373 ns, At safepoint: 4836 ns, Total: 40274 ns
[2025-06-04T08:22:23.119+0000][75][info ][safepoint   ] Safepoint "Cleanup", Time since last: 3000992300 ns, Reaching safepoint: 13410 ns, Cleanup: 15868 ns, At safepoint: 4445 ns, Total: 33723 ns
[2025-06-04T08:22:34.122+0000][75][info ][safepoint   ] Safepoint "Cleanup", Time since last: 11002425676 ns, Reaching safepoint: 24017 ns, Cleanup: 16003 ns, At safepoint: 4855 ns, Total: 44875 ns
[2025-06-04T08:22:40.124+0000][75][info ][safepoint   ] Safepoint "Cleanup", Time since last: 6002032115 ns, Reaching safepoint: 25020 ns, Cleanup: 26201 ns, At safepoint: 5107 ns, Total: 56328 ns
[2025-06-04T08:23:10.129+0000][75][info ][safepoint   ] Safepoint "Cleanup", Time since last: 30004982364 ns, Reaching safepoint: 15119 ns, Cleanup: 17255 ns, At safepoint: 4560 ns, Total: 36934 ns
[2025-06-04T08:23:24.133+0000][75][info ][safepoint   ] Safepoint "Cleanup", Time since last: 14003778735 ns, Reaching safepoint: 30082 ns, Cleanup: 19809 ns, At safepoint: 6205 ns, Total: 56096 ns
[2025-06-04T08:24:25.144+0000][75][info ][safepoint   ] Safepoint "Cleanup", Time since last: 61010903382 ns, Reaching safepoint: 26450 ns, Cleanup: 15941 ns, At safepoint: 4381 ns, Total: 46772 ns
[2025-06-04T08:24:34.146+0000][75][info ][safepoint   ] Safepoint "Cleanup", Time since last: 9002238480 ns, Reaching safepoint: 12799 ns, Cleanup: 15434 ns, At safepoint: 3649 ns, Total: 31882 ns
[2025-06-04T08:24:38.147+0000][75][info ][safepoint   ] Safepoint "Cleanup", Time since last: 4001314947 ns, Reaching safepoint: 32986 ns, Cleanup: 22757 ns, At safepoint: 6555 ns, Total: 62298 ns
[2025-06-04T08:24:40.149+0000][75][info ][safepoint   ] Safepoint "Cleanup", Time since last: 2001035868 ns, Reaching safepoint: 30040 ns, Cleanup: 19026 ns, At safepoint: 6183 ns, Total: 55249 ns
[2025-06-04T08:24:53.151+0000][75][info ][safepoint   ] Safepoint "Cleanup", Time since last: 13002773499 ns, Reaching safepoint: 28986 ns, Cleanup: 20448 ns, At safepoint: 6597 ns, Total: 56031 ns
[2025-06-04T08:25:10.155+0000][75][info ][safepoint   ] Safepoint "Cleanup", Time since last: 17003524719 ns, Reaching safepoint: 35279 ns, Cleanup: 25150 ns, At safepoint: 7859 ns, Total: 68288 ns
[2025-06-04T08:25:24.159+0000][75][info ][safepoint   ] Safepoint "Cleanup", Time since last: 14004223784 ns, Reaching safepoint: 22939 ns, Cleanup: 15559 ns, At safepoint: 5117 ns, Total: 43615 ns
[2025-06-04T08:25:40.162+0000][75][info ][safepoint   ] Safepoint "Cleanup", Time since last: 16003103800 ns, Reaching safepoint: 29754 ns, Cleanup: 20903 ns, At safepoint: 5764 ns, Total: 56421 ns
[2025-06-04T08:26:53.175+0000][75][info ][safepoint   ] Safepoint "Cleanup", Time since last: 73012202726 ns, Reaching safepoint: 32047 ns, Cleanup: 18596 ns, At safepoint: 5589 ns, Total: 56232 ns
[2025-06-04T08:27:10.179+0000][75][info ][safepoint   ] Safepoint "Cleanup", Time since last: 17003821341 ns, Reaching safepoint: 28905 ns, Cleanup: 28419 ns, At safepoint: 7516 ns, Total: 64840 ns
[2025-06-04T08:27:52.186+0000][75][info ][safepoint   ] Safepoint "Cleanup", Time since last: 42006911648 ns, Reaching safepoint: 19008 ns, Cleanup: 40400 ns, At safepoint: 4953 ns, Total: 64361 ns
[2025-06-04T08:27:54.187+0000][75][info ][safepoint   ] Safepoint "Cleanup", Time since last: 2000962604 ns, Reaching safepoint: 27741 ns, Cleanup: 17868 ns, At safepoint: 5407 ns, Total: 51016 ns
[2025-06-04T08:28:10.190+0000][75][info ][safepoint   ] Safepoint "Cleanup", Time since last: 16002975078 ns, Reaching safepoint: 13580 ns, Cleanup: 29309 ns, At safepoint: 5583 ns, Total: 48472 ns
[2025-06-04T08:28:41.195+0000][75][info ][safepoint   ] Safepoint "Cleanup", Time since last: 31005526787 ns, Reaching safepoint: 17991 ns, Cleanup: 21400 ns, At safepoint: 5669 ns, Total: 45060 ns
[2025-06-04T08:29:11.200+0000][75][info ][safepoint   ] Safepoint "Cleanup", Time since last: 30004806892 ns, Reaching safepoint: 22633 ns, Cleanup: 16130 ns, At safepoint: 4406 ns, Total: 43169 ns
[2025-06-04T08:29:41.206+0000][75][info ][safepoint   ] Safepoint "Cleanup", Time since last: 30005970660 ns, Reaching safepoint: 22226 ns, Cleanup: 20586 ns, At safepoint: 4474 ns, Total: 47286 ns
[2025-06-04T08:30:11.211+0000][75][info ][safepoint   ] Safepoint "Cleanup", Time since last: 30005343589 ns, Reaching safepoint: 74868 ns, Cleanup: 21024 ns, At safepoint: 7358 ns, Total: 103250 ns
[2025-06-04T08:31:30.224+0000][75][info ][safepoint   ] Safepoint "Cleanup", Time since last: 79012892409 ns, Reaching safepoint: 16387 ns, Cleanup: 18474 ns, At safepoint: 5381 ns, Total: 40242 ns
[2025-06-04T08:31:41.227+0000][75][info ][safepoint   ] Safepoint "Cleanup", Time since last: 11002825484 ns, Reaching safepoint: 15656 ns, Cleanup: 19385 ns, At safepoint: 4257 ns, Total: 39298 ns
[2025-06-04T08:31:53.230+0000][75][info ][safepoint   ] Safepoint "Cleanup", Time since last: 12002899664 ns, Reaching safepoint: 29511 ns, Cleanup: 18604 ns, At safepoint: 5517 ns, Total: 53632 ns
[2025-06-04T08:32:11.234+0000][75][info ][safepoint   ] Safepoint "Cleanup", Time since last: 18003874435 ns, Reaching safepoint: 31364 ns, Cleanup: 18385 ns, At safepoint: 6439 ns, Total: 56188 ns
[2025-06-04T08:32:41.240+0000][75][info ][safepoint   ] Safepoint "Cleanup", Time since last: 30005673348 ns, Reaching safepoint: 18055 ns, Cleanup: 46980 ns, At safepoint: 6085 ns, Total: 71120 ns
[2025-06-04T08:33:42.094+0000][75][info ][safepoint   ] Safepoint "Cleanup", Time since last: 60854158643 ns, Reaching safepoint: 62484 ns, Cleanup: 23317 ns, At safepoint: 5623 ns, Total: 91424 ns
[2025-06-04T08:33:53.097+0000][75][info ][safepoint   ] Safepoint "Cleanup", Time since last: 11002519548 ns, Reaching safepoint: 17727 ns, Cleanup: 21390 ns, At safepoint: 5417 ns, Total: 44534 ns
[2025-06-04T08:34:11.101+0000][75][info ][safepoint   ] Safepoint "Cleanup", Time since last: 18003984007 ns, Reaching safepoint: 36439 ns, Cleanup: 24343 ns, At safepoint: 6478 ns, Total: 67260 ns
[2025-06-04T08:34:12.102+0000][75][info ][safepoint   ] Safepoint "Cleanup", Time since last: 1000742516 ns, Reaching safepoint: 16960 ns, Cleanup: 20344 ns, At safepoint: 5363 ns, Total: 42667 ns
[2025-06-04T08:35:14.112+0000][75][info ][safepoint   ] Safepoint "Cleanup", Time since last: 62010559963 ns, Reaching safepoint: 56122 ns, Cleanup: 15155 ns, At safepoint: 4926 ns, Total: 76203 ns
[2025-06-04T08:36:04.121+0000][75][info ][safepoint   ] Safepoint "Cleanup", Time since last: 50008613140 ns, Reaching safepoint: 16678 ns, Cleanup: 18174 ns, At safepoint: 6059 ns, Total: 40911 ns
[2025-06-04T08:36:12.123+0000][75][info ][safepoint   ] Safepoint "Cleanup", Time since last: 8002083418 ns, Reaching safepoint: 14799 ns, Cleanup: 16335 ns, At safepoint: 3947 ns, Total: 35081 ns
[2025-06-04T08:36:23.125+0000][75][info ][safepoint   ] Safepoint "Cleanup", Time since last: 11002383200 ns, Reaching safepoint: 26348 ns, Cleanup: 24616 ns, At safepoint: 5516 ns, Total: 56480 ns
[2025-06-04T08:36:42.129+0000][75][info ][safepoint   ] Safepoint "Cleanup", Time since last: 19003546120 ns, Reaching safepoint: 14362 ns, Cleanup: 15585 ns, At safepoint: 4469 ns, Total: 34416 ns
[2025-06-04T08:37:42.140+0000][75][info ][safepoint   ] Safepoint "Cleanup", Time since last: 60011330759 ns, Reaching safepoint: 26858 ns, Cleanup: 16246 ns, At safepoint: 4505 ns, Total: 47609 ns
[2025-06-04T08:38:23.148+0000][75][info ][safepoint   ] Safepoint "Cleanup", Time since last: 41007798677 ns, Reaching safepoint: 23572 ns, Cleanup: 47298 ns, At safepoint: 6656 ns, Total: 77526 ns
[2025-06-04T08:40:12.167+0000][75][info ][safepoint   ] Safepoint "Cleanup", Time since last: 109019196746 ns, Reaching safepoint: 28744 ns, Cleanup: 20822 ns, At safepoint: 6255 ns, Total: 55821 ns
[2025-06-04T08:40:36.172+0000][75][info ][safepoint   ] Safepoint "Cleanup", Time since last: 24004977025 ns, Reaching safepoint: 25731 ns, Cleanup: 16597 ns, At safepoint: 4744 ns, Total: 47072 ns
[2025-06-04T08:40:55.176+0000][75][info ][safepoint   ] Safepoint "Cleanup", Time since last: 19003695389 ns, Reaching safepoint: 25858 ns, Cleanup: 18144 ns, At safepoint: 4812 ns, Total: 48814 ns
[2025-06-04T08:41:12.179+0000][75][info ][safepoint   ] Safepoint "Cleanup", Time since last: 17002967211 ns, Reaching safepoint: 30312 ns, Cleanup: 20694 ns, At safepoint: 6047 ns, Total: 57053 ns
[2025-06-04T08:42:13.189+0000][75][info ][safepoint   ] Safepoint "Cleanup", Time since last: 61009951184 ns, Reaching safepoint: 19805 ns, Cleanup: 23031 ns, At safepoint: 5831 ns, Total: 48667 ns
[2025-06-04T08:42:43.195+0000][75][info ][safepoint   ] Safepoint "Cleanup", Time since last: 30005183962 ns, Reaching safepoint: 31689 ns, Cleanup: 25176 ns, At safepoint: 5976 ns, Total: 62841 ns
[2025-06-04T08:43:06.199+0000][75][info ][safepoint   ] Safepoint "Cleanup", Time since last: 23004415777 ns, Reaching safepoint: 29866 ns, Cleanup: 40715 ns, At safepoint: 7476 ns, Total: 78057 ns
[2025-06-04T08:43:07.200+0000][75][info ][safepoint   ] Safepoint "Cleanup", Time since last: 1000778325 ns, Reaching safepoint: 13446 ns, Cleanup: 14274 ns, At safepoint: 3651 ns, Total: 31371 ns
[2025-06-04T08:43:13.201+0000][75][info ][safepoint   ] Safepoint "Cleanup", Time since last: 6001363129 ns, Reaching safepoint: 109670 ns, Cleanup: 29045 ns, At safepoint: 20287 ns, Total: 159002 ns
[2025-06-04T08:43:53.210+0000][75][info ][safepoint   ] Safepoint "Cleanup", Time since last: 40008227468 ns, Reaching safepoint: 401630 ns, Cleanup: 45772 ns, At safepoint: 12167 ns, Total: 459569 ns
[2025-06-04T08:44:04.213+0000][75][info ][safepoint   ] Safepoint "Cleanup", Time since last: 11003256077 ns, Reaching safepoint: 30989 ns, Cleanup: 22534 ns, At safepoint: 7427 ns, Total: 60950 ns
[2025-06-04T08:44:23.218+0000][75][info ][safepoint   ] Safepoint "Cleanup", Time since last: 19004457917 ns, Reaching safepoint: 30567 ns, Cleanup: 18074 ns, At safepoint: 5971 ns, Total: 54612 ns
[2025-06-04T08:44:26.219+0000][75][info ][safepoint   ] Safepoint "Cleanup", Time since last: 3001317124 ns, Reaching safepoint: 36550 ns, Cleanup: 22524 ns, At safepoint: 7086 ns, Total: 66160 ns
[2025-06-04T08:44:49.165+0000][75][info ][gc,start    ] GC(32) Pause Young (Normal) (G1 Evacuation Pause)
[2025-06-04T08:44:49.174+0000][75][info ][gc,task     ] GC(32) Using 10 workers of 10 for evacuation
[2025-06-04T08:44:49.176+0000][75][debug][gc,age      ] GC(32) Desired survivor size 20971520 bytes, new threshold 15 (max threshold 15)
[2025-06-04T08:44:49.875+0000][75][info ][gc,mmu      ] GC(32) MMU target violated: 201.0ms (200.0ms/201.0ms)
[2025-06-04T08:44:49.878+0000][75][info ][gc,phases   ] GC(32)   Pre Evacuate Collection Set: 12.0ms
[2025-06-04T08:44:49.879+0000][75][info ][gc,phases   ] GC(32)   Merge Heap Roots: 3.5ms
[2025-06-04T08:44:49.879+0000][75][info ][gc,phases   ] GC(32)   Evacuate Collection Set: 661.4ms
[2025-06-04T08:44:49.880+0000][75][info ][gc,phases   ] GC(32)   Post Evacuate Collection Set: 16.7ms
[2025-06-04T08:44:49.881+0000][75][info ][gc,phases   ] GC(32)   Other: 13.1ms
[2025-06-04T08:44:49.882+0000][75][trace][gc,age      ] GC(32) Age table with threshold 15 (max threshold 15)
[2025-06-04T08:44:49.883+0000][75][trace][gc,age      ] GC(32) - age   1:   11445008 bytes,   11445008 total
[2025-06-04T08:44:49.884+0000][75][trace][gc,age      ] GC(32) - age   2:   10230952 bytes,   21675960 total
[2025-06-04T08:44:49.884+0000][75][trace][gc,age      ] GC(32) - age   3:     827264 bytes,   22503224 total
[2025-06-04T08:44:49.885+0000][75][trace][gc,age      ] GC(32) - age   4:    1916048 bytes,   24419272 total
[2025-06-04T08:44:49.886+0000][75][trace][gc,age      ] GC(32) - age   5:    2949736 bytes,   27369008 total
[2025-06-04T08:44:49.887+0000][75][info ][gc,heap     ] GC(32) Eden regions: 71->0(1)
[2025-06-04T08:44:49.888+0000][75][info ][gc,heap     ] GC(32) Survivor regions: 5->8(10)
[2025-06-04T08:44:49.889+0000][75][info ][gc,heap     ] GC(32) Old regions: 14->14
[2025-06-04T08:44:49.890+0000][75][info ][gc,heap     ] GC(32) Humongous regions: 0->0
[2025-06-04T08:44:49.891+0000][75][info ][gc,metaspace] GC(32) Metaspace: 121662K(125120K)->121662K(125120K) NonClass: 105028K(106880K)->105028K(106880K) Class: 16634K(18240K)->16634K(18240K)
[2025-06-04T08:44:49.893+0000][75][info ][gc          ] GC(32) Pause Young (Normal) (G1 Evacuation Pause) 356M->84M(512M) 728.911ms
[2025-06-04T08:44:49.895+0000][75][info ][gc,cpu      ] GC(32) User=5.45s Sys=0.22s Real=0.73s
[2025-06-04T08:44:49.896+0000][75][info ][safepoint   ] Safepoint "G1CollectForAllocation", Time since last: 22943536917 ns, Reaching safepoint: 23402 ns, Cleanup: 8635 ns, At safepoint: 733243144 ns, Total: 733275181 ns
[2025-06-04T08:44:50.898+0000][75][info ][safepoint   ] Safepoint "Cleanup", Time since last: 1001515954 ns, Reaching safepoint: 40341 ns, Cleanup: 39177 ns, At safepoint: 8612 ns, Total: 88130 ns
[2025-06-04T08:44:52.852+0000][75][info ][gc,start    ] GC(33) Pause Young (Normal) (G1 Evacuation Pause)
[2025-06-04T08:44:52.852+0000][75][info ][gc,task     ] GC(33) Using 10 workers of 10 for evacuation
[2025-06-04T08:44:52.853+0000][75][debug][gc,age      ] GC(33) Desired survivor size 4194304 bytes, new threshold 1 (max threshold 15)
[2025-06-04T08:44:52.947+0000][75][info ][gc,phases   ] GC(33)   Pre Evacuate Collection Set: 1.0ms
[2025-06-04T08:44:52.947+0000][75][info ][gc,phases   ] GC(33)   Merge Heap Roots: 0.4ms
[2025-06-04T08:44:52.948+0000][75][info ][gc,phases   ] GC(33)   Evacuate Collection Set: 88.3ms
[2025-06-04T08:44:52.948+0000][75][info ][gc,phases   ] GC(33)   Post Evacuate Collection Set: 3.3ms
[2025-06-04T08:44:52.949+0000][75][info ][gc,phases   ] GC(33)   Other: 1.3ms
[2025-06-04T08:44:52.950+0000][75][trace][gc,age      ] GC(33) Age table with threshold 1 (max threshold 15)
[2025-06-04T08:44:52.950+0000][75][trace][gc,age      ] GC(33) - age   1:      26032 bytes,      26032 total
[2025-06-04T08:44:52.952+0000][75][info ][gc,heap     ] GC(33) Eden regions: 1->0(75)
[2025-06-04T08:44:52.953+0000][75][info ][gc,heap     ] GC(33) Survivor regions: 8->1(2)
[2025-06-04T08:44:52.953+0000][75][info ][gc,heap     ] GC(33) Old regions: 14->21
[2025-06-04T08:44:52.954+0000][75][info ][gc,heap     ] GC(33) Humongous regions: 0->0
[2025-06-04T08:44:52.955+0000][75][info ][gc,metaspace] GC(33) Metaspace: 121672K(125120K)->121672K(125120K) NonClass: 105034K(106880K)->105034K(106880K) Class: 16637K(18240K)->16637K(18240K)
[2025-06-04T08:44:52.956+0000][75][info ][gc          ] GC(33) Pause Young (Normal) (G1 Evacuation Pause) 88M->86M(512M) 104.071ms
[2025-06-04T08:44:52.956+0000][75][info ][gc,cpu      ] GC(33) User=0.73s Sys=0.03s Real=0.11s
[2025-06-04T08:44:52.957+0000][75][info ][safepoint   ] Safepoint "G1CollectForAllocation", Time since last: 1953792694 ns, Reaching safepoint: 22267 ns, Cleanup: 7511 ns, At safepoint: 105860294 ns, Total: 105890072 ns
[2025-06-04T08:45:24.964+0000][75][info ][safepoint   ] Safepoint "Cleanup", Time since last: 32006849801 ns, Reaching safepoint: 33430 ns, Cleanup: 21252 ns, At safepoint: 6166 ns, Total: 60848 ns
[2025-06-04T08:45:43.968+0000][75][info ][safepoint   ] Safepoint "Cleanup", Time since last: 19003905183 ns, Reaching safepoint: 13442 ns, Cleanup: 15103 ns, At safepoint: 4223 ns, Total: 32768 ns
[2025-06-04T08:45:52.970+0000][75][info ][safepoint   ] Safepoint "Cleanup", Time since last: 9001727467 ns, Reaching safepoint: 11811 ns, Cleanup: 10987 ns, At safepoint: 3441 ns, Total: 26239 ns
[2025-06-04T08:46:13.974+0000][75][info ][safepoint   ] Safepoint "Cleanup", Time since last: 21003639165 ns, Reaching safepoint: 28384 ns, Cleanup: 18928 ns, At safepoint: 6020 ns, Total: 53332 ns
[2025-06-04T08:46:22.976+0000][75][info ][safepoint   ] Safepoint "Cleanup", Time since last: 9002321125 ns, Reaching safepoint: 32117 ns, Cleanup: 17564 ns, At safepoint: 5832 ns, Total: 55513 ns
[2025-06-04T08:46:43.980+0000][75][info ][safepoint   ] Safepoint "Cleanup", Time since last: 21004141558 ns, Reaching safepoint: 29946 ns, Cleanup: 17474 ns, At safepoint: 5349 ns, Total: 52769 ns
[2025-06-04T08:47:13.985+0000][75][info ][safepoint   ] Safepoint "Cleanup", Time since last: 30005105621 ns, Reaching safepoint: 25730 ns, Cleanup: 29048 ns, At safepoint: 4826 ns, Total: 59604 ns
[2025-06-04T08:48:37.999+0000][75][info ][safepoint   ] Safepoint "Cleanup", Time since last: 84013519660 ns, Reaching safepoint: 56312 ns, Cleanup: 33368 ns, At safepoint: 11400 ns, Total: 101080 ns
[2025-06-04T08:49:14.019+0000][75][info ][safepoint   ] Safepoint "Cleanup", Time since last: 36020369122 ns, Reaching safepoint: 97460 ns, Cleanup: 25315 ns, At safepoint: 7529 ns, Total: 130304 ns
[2025-06-04T08:49:44.026+0000][75][info ][safepoint   ] Safepoint "Cleanup", Time since last: 30005993380 ns, Reaching safepoint: 25437 ns, Cleanup: 21410 ns, At safepoint: 6340 ns, Total: 53187 ns
[2025-06-04T08:49:53.028+0000][75][info ][safepoint   ] Safepoint "Cleanup", Time since last: 9002305552 ns, Reaching safepoint: 12108 ns, Cleanup: 17672 ns, At safepoint: 3945 ns, Total: 33725 ns
[2025-06-04T08:50:14.033+0000][75][info ][safepoint   ] Safepoint "Cleanup", Time since last: 21004758095 ns, Reaching safepoint: 11769 ns, Cleanup: 14571 ns, At safepoint: 3073 ns, Total: 29413 ns
[2025-06-04T08:51:45.051+0000][75][info ][safepoint   ] Safepoint "Cleanup", Time since last: 91018462943 ns, Reaching safepoint: 44801 ns, Cleanup: 25806 ns, At safepoint: 9589 ns, Total: 80196 ns
[2025-06-04T08:52:15.095+0000][75][info ][safepoint   ] Safepoint "Cleanup", Time since last: 30042483524 ns, Reaching safepoint: 717372 ns, Cleanup: 107005 ns, At safepoint: 155876 ns, Total: 980253 ns
[2025-06-04T08:54:48.120+0000][75][info ][safepoint   ] Safepoint "Cleanup", Time since last: 153025462412 ns, Reaching safepoint: 71162 ns, Cleanup: 33040 ns, At safepoint: 11157 ns, Total: 115359 ns
[2025-06-04T08:55:18.134+0000][75][info ][safepoint   ] Safepoint "Cleanup", Time since last: 30013156112 ns, Reaching safepoint: 228585 ns, Cleanup: 29399 ns, At safepoint: 8888 ns, Total: 266872 ns
[2025-06-04T08:55:25.137+0000][75][info ][safepoint   ] Safepoint "Cleanup", Time since last: 7003072053 ns, Reaching safepoint: 62956 ns, Cleanup: 128586 ns, At safepoint: 17347 ns, Total: 208889 ns
[2025-06-04T08:55:48.151+0000][75][info ][safepoint   ] Safepoint "Cleanup", Time since last: 23014315569 ns, Reaching safepoint: 49393 ns, Cleanup: 41579 ns, At safepoint: 9180 ns, Total: 100152 ns
[2025-06-04T08:56:52.172+0000][75][info ][safepoint   ] Safepoint "Cleanup", Time since last: 64020328814 ns, Reaching safepoint: 77483 ns, Cleanup: 42513 ns, At safepoint: 13268 ns, Total: 133264 ns
[2025-06-04T08:57:19.182+0000][75][info ][safepoint   ] Safepoint "Cleanup", Time since last: 27010052474 ns, Reaching safepoint: 28073 ns, Cleanup: 29053 ns, At safepoint: 8294 ns, Total: 65420 ns
[2025-06-04T08:57:49.190+0000][75][info ][safepoint   ] Safepoint "Cleanup", Time since last: 30007981851 ns, Reaching safepoint: 153945 ns, Cleanup: 27699 ns, At safepoint: 10939 ns, Total: 192583 ns
[2025-06-04T09:01:51.376+0000][75][info ][safepoint   ] Safepoint "Cleanup", Time since last: 242185773831 ns, Reaching safepoint: 149343 ns, Cleanup: 30011 ns, At safepoint: 10868 ns, Total: 190222 ns
[2025-06-04T09:01:55.379+0000][75][info ][safepoint   ] Safepoint "Cleanup", Time since last: 4003030977 ns, Reaching safepoint: 55010 ns, Cleanup: 37019 ns, At safepoint: 10096 ns, Total: 102125 ns
[2025-06-04T09:02:22.387+0000][75][info ][safepoint   ] Safepoint "Cleanup", Time since last: 27007860397 ns, Reaching safepoint: 25485 ns, Cleanup: 31776 ns, At safepoint: 8348 ns, Total: 65609 ns
[2025-06-04T09:02:52.395+0000][75][info ][safepoint   ] Safepoint "Cleanup", Time since last: 30007395886 ns, Reaching safepoint: 47302 ns, Cleanup: 28721 ns, At safepoint: 9123 ns, Total: 85146 ns
[2025-06-04T09:04:53.442+0000][75][info ][safepoint   ] Safepoint "Cleanup", Time since last: 121047107306 ns, Reaching safepoint: 36585 ns, Cleanup: 19451 ns, At safepoint: 8127 ns, Total: 64163 ns
[2025-06-04T09:05:23.449+0000][75][info ][safepoint   ] Safepoint "Cleanup", Time since last: 30007586809 ns, Reaching safepoint: 22728 ns, Cleanup: 34024 ns, At safepoint: 7341 ns, Total: 64093 ns
[2025-06-04T09:05:53.472+0000][75][info ][safepoint   ] Safepoint "Cleanup", Time since last: 30022420818 ns, Reaching safepoint: 253895 ns, Cleanup: 180678 ns, At safepoint: 18930 ns, Total: 453503 ns
[2025-06-04T09:06:54.512+0000][75][info ][safepoint   ] Safepoint "Cleanup", Time since last: 61038968454 ns, Reaching safepoint: 104271 ns, Cleanup: 97442 ns, At safepoint: 17235 ns, Total: 218948 ns
[2025-06-04T09:07:27.021+0000][75][info ][safepoint   ] Safepoint "Cleanup", Time since last: 32509122489 ns, Reaching safepoint: 100345 ns, Cleanup: 66913 ns, At safepoint: 15178 ns, Total: 182436 ns
[2025-06-04T09:07:51.036+0000][75][info ][safepoint   ] Safepoint "Cleanup", Time since last: 24014882843 ns, Reaching safepoint: 524319 ns, Cleanup: 181038 ns, At safepoint: 49902 ns, Total: 755259 ns
[2025-06-04T09:07:56.047+0000][75][info ][safepoint   ] Safepoint "Cleanup", Time since last: 5010529220 ns, Reaching safepoint: 265762 ns, Cleanup: 157595 ns, At safepoint: 25933 ns, Total: 449290 ns
[2025-06-04T09:08:01.064+0000][75][info ][safepoint   ] Safepoint "Cleanup", Time since last: 5015068127 ns, Reaching safepoint: 1005956 ns, Cleanup: 165243 ns, At safepoint: 96904 ns, Total: 1268103 ns
[2025-06-04T09:08:26.082+0000][75][info ][safepoint   ] Safepoint "Cleanup", Time since last: 25018032146 ns, Reaching safepoint: 56468 ns, Cleanup: 62045 ns, At safepoint: 12756 ns, Total: 131269 ns
[2025-06-04T09:08:57.112+0000][75][info ][safepoint   ] Safepoint "Cleanup", Time since last: 31029573555 ns, Reaching safepoint: 197607 ns, Cleanup: 123260 ns, At safepoint: 180574 ns, Total: 501441 ns
[2025-06-04T09:09:27.154+0000][75][info ][safepoint   ] Safepoint "Cleanup", Time since last: 30042322054 ns, Reaching safepoint: 55318 ns, Cleanup: 38164 ns, At safepoint: 13941 ns, Total: 107423 ns
[2025-06-04T09:09:33.161+0000][75][info ][safepoint   ] Safepoint "Cleanup", Time since last: 6006400251 ns, Reaching safepoint: 82473 ns, Cleanup: 66976 ns, At safepoint: 18455 ns, Total: 167904 ns
[2025-06-04T09:10:07.201+0000][75][info ][safepoint   ] Safepoint "Cleanup", Time since last: 34038141775 ns, Reaching safepoint: 1232394 ns, Cleanup: 62891 ns, At safepoint: 264263 ns, Total: 1559548 ns
[2025-06-04T09:11:29.303+0000][75][info ][safepoint   ] Safepoint "Cleanup", Time since last: 82102231245 ns, Reaching safepoint: 84186 ns, Cleanup: 63697 ns, At safepoint: 15466 ns, Total: 163349 ns
[2025-06-04T09:13:31.392+0000][75][info ][safepoint   ] Safepoint "Cleanup", Time since last: 122088475909 ns, Reaching safepoint: 279198 ns, Cleanup: 300070 ns, At safepoint: 217541 ns, Total: 796809 ns
[2025-06-04T09:15:33.639+0000][75][info ][safepoint   ] Safepoint "Cleanup", Time since last: 122246343480 ns, Reaching safepoint: 47724 ns, Cleanup: 38544 ns, At safepoint: 12674 ns, Total: 98942 ns
[2025-06-04T09:16:03.663+0000][75][info ][safepoint   ] Safepoint "Cleanup", Time since last: 30023654942 ns, Reaching safepoint: 155608 ns, Cleanup: 32280 ns, At safepoint: 11677 ns, Total: 199565 ns
[2025-06-04T09:16:19.679+0000][75][info ][safepoint   ] Safepoint "Cleanup", Time since last: 16015888932 ns, Reaching safepoint: 143652 ns, Cleanup: 93709 ns, At safepoint: 20947 ns, Total: 258308 ns
[2025-06-04T09:16:20.688+0000][75][info ][safepoint   ] Safepoint "Cleanup", Time since last: 1008893774 ns, Reaching safepoint: 137392 ns, Cleanup: 68104 ns, At safepoint: 21432 ns, Total: 226928 ns
[2025-06-04T09:16:25.693+0000][75][info ][safepoint   ] Safepoint "Cleanup", Time since last: 5004785359 ns, Reaching safepoint: 188769 ns, Cleanup: 100484 ns, At safepoint: 25665 ns, Total: 314918 ns
[2025-06-04T09:17:05.734+0000][75][info ][safepoint   ] Safepoint "Cleanup", Time since last: 40040333196 ns, Reaching safepoint: 143498 ns, Cleanup: 432992 ns, At safepoint: 43910 ns, Total: 620400 ns
[2025-06-04T09:18:06.072+0000][75][info ][safepoint   ] Safepoint "Cleanup", Time since last: 60337430734 ns, Reaching safepoint: 36979 ns, Cleanup: 39470 ns, At safepoint: 11098 ns, Total: 87547 ns
[2025-06-04T09:19:22.354+0000][75][info ][safepoint   ] Safepoint "Cleanup", Time since last: 76281685340 ns, Reaching safepoint: 298366 ns, Cleanup: 56187 ns, At safepoint: 24718 ns, Total: 379271 ns
[2025-06-04T09:24:26.052+0000][75][info ][safepoint   ] Safepoint "Cleanup", Time since last: 303698611321 ns, Reaching safepoint: 101140 ns, Cleanup: 81773 ns, At safepoint: 19426 ns, Total: 202339 ns
[2025-06-04T09:24:41.063+0000][75][info ][safepoint   ] Safepoint "Cleanup", Time since last: 15010391387 ns, Reaching safepoint: 200010 ns, Cleanup: 193152 ns, At safepoint: 11588 ns, Total: 404750 ns
[2025-06-04T09:25:46.115+0000][75][info ][safepoint   ] Safepoint "Cleanup", Time since last: 65051280211 ns, Reaching safepoint: 141805 ns, Cleanup: 68509 ns, At safepoint: 19087 ns, Total: 229401 ns
[2025-06-04T09:27:46.199+0000][75][info ][safepoint   ] Safepoint "Cleanup", Time since last: 120083753576 ns, Reaching safepoint: 24019 ns, Cleanup: 36180 ns, At safepoint: 5047 ns, Total: 65246 ns
[2025-06-04T09:28:44.208+0000][75][info ][safepoint   ] Safepoint "Cleanup", Time since last: 58009909372 ns, Reaching safepoint: 12906 ns, Cleanup: 13870 ns, At safepoint: 3196 ns, Total: 29972 ns
[2025-06-04T09:28:56.210+0000][75][info ][safepoint   ] Safepoint "Cleanup", Time since last: 12001875711 ns, Reaching safepoint: 12882 ns, Cleanup: 13752 ns, At safepoint: 3615 ns, Total: 30249 ns
[2025-06-04T09:29:14.213+0000][75][info ][safepoint   ] Safepoint "Cleanup", Time since last: 18002491742 ns, Reaching safepoint: 12146 ns, Cleanup: 13631 ns, At safepoint: 3247 ns, Total: 29024 ns
[2025-06-04T09:29:23.214+0000][75][info ][safepoint   ] Safepoint "Cleanup", Time since last: 9001587500 ns, Reaching safepoint: 11859 ns, Cleanup: 23911 ns, At safepoint: 3096 ns, Total: 38866 ns
[2025-06-04T09:30:14.222+0000][75][info ][safepoint   ] Safepoint "Cleanup", Time since last: 51007205253 ns, Reaching safepoint: 36469 ns, Cleanup: 19887 ns, At safepoint: 3879 ns, Total: 60235 ns
[2025-06-04T09:30:50.227+0000][75][info ][safepoint   ] Safepoint "Cleanup", Time since last: 36004708615 ns, Reaching safepoint: 31176 ns, Cleanup: 14203 ns, At safepoint: 3610 ns, Total: 48989 ns
[2025-06-04T09:36:23.279+0000][75][info ][safepoint   ] Safepoint "Cleanup", Time since last: 333052538169 ns, Reaching safepoint: 150436 ns, Cleanup: 19827 ns, At safepoint: 18930 ns, Total: 189193 ns
[2025-06-04T09:37:45.289+0000][75][info ][safepoint   ] Safepoint "Cleanup", Time since last: 82009696408 ns, Reaching safepoint: 11798 ns, Cleanup: 11725 ns, At safepoint: 2847 ns, Total: 26370 ns
[2025-06-04T09:39:15.299+0000][75][info ][safepoint   ] Safepoint "Cleanup", Time since last: 90009727406 ns, Reaching safepoint: 12993 ns, Cleanup: 13233 ns, At safepoint: 3641 ns, Total: 29867 ns
[2025-06-04T09:39:26.300+0000][75][info ][safepoint   ] Safepoint "Cleanup", Time since last: 11001716969 ns, Reaching safepoint: 11285 ns, Cleanup: 9913 ns, At safepoint: 2968 ns, Total: 24166 ns
[2025-06-04T09:39:27.301+0000][75][info ][safepoint   ] Safepoint "Cleanup", Time since last: 1000619064 ns, Reaching safepoint: 13131 ns, Cleanup: 13047 ns, At safepoint: 3403 ns, Total: 29581 ns
[2025-06-04T09:39:45.304+0000][75][info ][safepoint   ] Safepoint "Cleanup", Time since last: 18002701958 ns, Reaching safepoint: 12559 ns, Cleanup: 18053 ns, At safepoint: 3389 ns, Total: 34001 ns
[2025-06-04T09:39:56.310+0000][75][info ][safepoint   ] Safepoint "Cleanup", Time since last: 11005702435 ns, Reaching safepoint: 18902 ns, Cleanup: 23861 ns, At safepoint: 5019 ns, Total: 47782 ns
[2025-06-04T09:40:26.317+0000][75][info ][safepoint   ] Safepoint "Cleanup", Time since last: 30007030029 ns, Reaching safepoint: 461111 ns, Cleanup: 40669 ns, At safepoint: 17229 ns, Total: 519009 ns
[2025-06-04T09:40:46.328+0000][75][info ][safepoint   ] Safepoint "Cleanup", Time since last: 20010513721 ns, Reaching safepoint: 236717 ns, Cleanup: 58337 ns, At safepoint: 12045 ns, Total: 307099 ns
[2025-06-04T09:40:56.335+0000][75][info ][safepoint   ] Safepoint "Cleanup", Time since last: 10005211732 ns, Reaching safepoint: 1175129 ns, Cleanup: 80964 ns, At safepoint: 139614 ns, Total: 1395707 ns
[2025-06-04T09:44:17.385+0000][75][info ][safepoint   ] Safepoint "Cleanup", Time since last: 201050650382 ns, Reaching safepoint: 81714 ns, Cleanup: 14718 ns, At safepoint: 4511 ns, Total: 100943 ns
[2025-06-04T09:44:47.390+0000][75][info ][safepoint   ] Safepoint "Cleanup", Time since last: 30004866185 ns, Reaching safepoint: 12962 ns, Cleanup: 14738 ns, At safepoint: 3396 ns, Total: 31096 ns
[2025-06-04T09:45:17.394+0000][75][info ][safepoint   ] Safepoint "Cleanup", Time since last: 30003940657 ns, Reaching safepoint: 16893 ns, Cleanup: 16618 ns, At safepoint: 3307 ns, Total: 36818 ns
[2025-06-04T09:47:02.409+0000][75][info ][safepoint   ] Safepoint "Cleanup", Time since last: 105014987072 ns, Reaching safepoint: 123672 ns, Cleanup: 17713 ns, At safepoint: 5385 ns, Total: 146770 ns
[2025-06-04T09:48:17.421+0000][75][info ][safepoint   ] Safepoint "Cleanup", Time since last: 75011182484 ns, Reaching safepoint: 27345 ns, Cleanup: 17242 ns, At safepoint: 3483 ns, Total: 48070 ns
[2025-06-04T09:48:23.422+0000][75][info ][safepoint   ] Safepoint "Cleanup", Time since last: 6001196140 ns, Reaching safepoint: 15076 ns, Cleanup: 16252 ns, At safepoint: 3420 ns, Total: 34748 ns
[2025-06-04T09:48:47.425+0000][75][info ][safepoint   ] Safepoint "Cleanup", Time since last: 24003584225 ns, Reaching safepoint: 30706 ns, Cleanup: 28916 ns, At safepoint: 4156 ns, Total: 63778 ns
[2025-06-04T09:49:17.429+0000][75][info ][safepoint   ] Safepoint "Cleanup", Time since last: 30003934510 ns, Reaching safepoint: 26322 ns, Cleanup: 15498 ns, At safepoint: 4958 ns, Total: 46778 ns
[2025-06-04T09:51:17.444+0000][75][info ][safepoint   ] Safepoint "Cleanup", Time since last: 120014482649 ns, Reaching safepoint: 32406 ns, Cleanup: 15698 ns, At safepoint: 5238 ns, Total: 53342 ns
[2025-06-04T09:51:48.448+0000][75][info ][safepoint   ] Safepoint "Cleanup", Time since last: 31004170452 ns, Reaching safepoint: 27299 ns, Cleanup: 20649 ns, At safepoint: 4235 ns, Total: 52183 ns
[2025-06-04T09:52:10.453+0000][75][info ][safepoint   ] Safepoint "Cleanup", Time since last: 22004694624 ns, Reaching safepoint: 12242 ns, Cleanup: 14310 ns, At safepoint: 3640 ns, Total: 30192 ns
[2025-06-04T09:54:22.752+0000][75][info ][safepoint   ] Safepoint "Cleanup", Time since last: 132298556186 ns, Reaching safepoint: 31277 ns, Cleanup: 18807 ns, At safepoint: 6146 ns, Total: 56230 ns
[2025-06-04T09:54:24.754+0000][75][info ][safepoint   ] Safepoint "Cleanup", Time since last: 2001955446 ns, Reaching safepoint: 80195 ns, Cleanup: 37735 ns, At safepoint: 12670 ns, Total: 130600 ns
[2025-06-04T09:54:48.763+0000][75][info ][safepoint   ] Safepoint "Cleanup", Time since last: 24009403087 ns, Reaching safepoint: 14993 ns, Cleanup: 18591 ns, At safepoint: 3931 ns, Total: 37515 ns
[2025-06-04T09:57:09.786+0000][75][info ][safepoint   ] Safepoint "Cleanup", Time since last: 141022368728 ns, Reaching safepoint: 56037 ns, Cleanup: 38921 ns, At safepoint: 4495 ns, Total: 99453 ns
[2025-06-04T09:59:49.807+0000][75][info ][safepoint   ] Safepoint "Cleanup", Time since last: 160021094833 ns, Reaching safepoint: 22021 ns, Cleanup: 17456 ns, At safepoint: 5090 ns, Total: 44567 ns
[2025-06-04T10:00:04.810+0000][75][info ][safepoint   ] Safepoint "Cleanup", Time since last: 15003046346 ns, Reaching safepoint: 17198 ns, Cleanup: 14001 ns, At safepoint: 4308 ns, Total: 35507 ns
[2025-06-04T10:00:19.813+0000][75][info ][safepoint   ] Safepoint "Cleanup", Time since last: 15003180020 ns, Reaching safepoint: 23169 ns, Cleanup: 23376 ns, At safepoint: 5890 ns, Total: 52435 ns
[2025-06-04T10:01:19.823+0000][75][info ][safepoint   ] Safepoint "Cleanup", Time since last: 60009891038 ns, Reaching safepoint: 16189 ns, Cleanup: 16331 ns, At safepoint: 4941 ns, Total: 37461 ns
[2025-06-04T10:02:04.831+0000][75][info ][safepoint   ] Safepoint "Cleanup", Time since last: 45008459362 ns, Reaching safepoint: 81066 ns, Cleanup: 30152 ns, At safepoint: 8305 ns, Total: 119523 ns
[2025-06-04T10:06:26.888+0000][75][info ][safepoint   ] Safepoint "Cleanup", Time since last: 262056235906 ns, Reaching safepoint: 55517 ns, Cleanup: 32843 ns, At safepoint: 12436 ns, Total: 100796 ns
[2025-06-04T10:06:50.902+0000][75][info ][safepoint   ] Safepoint "Cleanup", Time since last: 24013926780 ns, Reaching safepoint: 133891 ns, Cleanup: 25178 ns, At safepoint: 9015 ns, Total: 168084 ns
[2025-06-04T10:07:56.914+0000][75][info ][safepoint   ] Safepoint "Cleanup", Time since last: 66012404954 ns, Reaching safepoint: 45510 ns, Cleanup: 23703 ns, At safepoint: 8245 ns, Total: 77458 ns
[2025-06-04T10:09:20.931+0000][75][info ][safepoint   ] Safepoint "Cleanup", Time since last: 84016845932 ns, Reaching safepoint: 41062 ns, Cleanup: 24327 ns, At safepoint: 8345 ns, Total: 73734 ns
[2025-06-04T10:09:24.933+0000][75][info ][safepoint   ] Safepoint "Cleanup", Time since last: 4001886944 ns, Reaching safepoint: 16765 ns, Cleanup: 14735 ns, At safepoint: 4166 ns, Total: 35666 ns
[2025-06-04T10:09:56.941+0000][75][info ][safepoint   ] Safepoint "Cleanup", Time since last: 32007417339 ns, Reaching safepoint: 71808 ns, Cleanup: 16730 ns, At safepoint: 5352 ns, Total: 93890 ns
[2025-06-04T10:10:51.951+0000][75][info ][safepoint   ] Safepoint "Cleanup", Time since last: 55010466692 ns, Reaching safepoint: 35056 ns, Cleanup: 22787 ns, At safepoint: 7054 ns, Total: 64897 ns
[2025-06-04T10:11:21.961+0000][75][info ][safepoint   ] Safepoint "Cleanup", Time since last: 30009762789 ns, Reaching safepoint: 35555 ns, Cleanup: 20898 ns, At safepoint: 8216 ns, Total: 64669 ns
[2025-06-04T10:11:51.968+0000][75][info ][safepoint   ] Safepoint "Cleanup", Time since last: 30006146068 ns, Reaching safepoint: 33184 ns, Cleanup: 228194 ns, At safepoint: 26010 ns, Total: 287388 ns
[2025-06-04T10:11:56.969+0000][75][info ][safepoint   ] Safepoint "Cleanup", Time since last: 5001681120 ns, Reaching safepoint: 24820 ns, Cleanup: 49524 ns, At safepoint: 7550 ns, Total: 81894 ns
[2025-06-04T10:12:21.977+0000][75][info ][safepoint   ] Safepoint "Cleanup", Time since last: 25007741748 ns, Reaching safepoint: 32383 ns, Cleanup: 82469 ns, At safepoint: 8229 ns, Total: 123081 ns
[2025-06-04T10:12:26.979+0000][75][info ][safepoint   ] Safepoint "Cleanup", Time since last: 5001306951 ns, Reaching safepoint: 31589 ns, Cleanup: 27352 ns, At safepoint: 6534 ns, Total: 65475 ns
[2025-06-04T10:12:51.983+0000][75][info ][safepoint   ] Safepoint "Cleanup", Time since last: 25004570909 ns, Reaching safepoint: 34034 ns, Cleanup: 23920 ns, At safepoint: 5599 ns, Total: 63553 ns
[2025-06-04T10:12:56.985+0000][75][info ][safepoint   ] Safepoint "Cleanup", Time since last: 5001487820 ns, Reaching safepoint: 79005 ns, Cleanup: 26571 ns, At safepoint: 7155 ns, Total: 112731 ns
[2025-06-04T10:13:26.990+0000][75][info ][safepoint   ] Safepoint "Cleanup", Time since last: 30005419410 ns, Reaching safepoint: 30582 ns, Cleanup: 19372 ns, At safepoint: 5434 ns, Total: 55388 ns
[2025-06-04T10:14:52.004+0000][75][info ][safepoint   ] Safepoint "Cleanup", Time since last: 85013488192 ns, Reaching safepoint: 33354 ns, Cleanup: 18930 ns, At safepoint: 6378 ns, Total: 58662 ns
[2025-06-04T10:18:57.040+0000][75][info ][safepoint   ] Safepoint "Cleanup", Time since last: 245035798473 ns, Reaching safepoint: 35010 ns, Cleanup: 17968 ns, At safepoint: 5913 ns, Total: 58891 ns
[2025-06-04T10:19:23.044+0000][75][info ][safepoint   ] Safepoint "Cleanup", Time since last: 26004420818 ns, Reaching safepoint: 19491 ns, Cleanup: 19762 ns, At safepoint: 7036 ns, Total: 46289 ns
[2025-06-04T10:20:53.060+0000][75][info ][safepoint   ] Safepoint "Cleanup", Time since last: 90015407596 ns, Reaching safepoint: 19160 ns, Cleanup: 16780 ns, At safepoint: 3724 ns, Total: 39664 ns
[2025-06-04T10:23:24.082+0000][75][info ][safepoint   ] Safepoint "Cleanup", Time since last: 151022676326 ns, Reaching safepoint: 29412 ns, Cleanup: 16222 ns, At safepoint: 4410 ns, Total: 50044 ns
