[2025-06-04T14:46:34.830+0000][38][info][gc,init] CardTable entry size: 512
[2025-06-04T14:46:34.839+0000][38][info][gc     ] Using G1
[2025-06-04T14:46:34.881+0000][38][info][gc,init] Version: 21.0.1+12-29 (release)
[2025-06-04T14:46:34.894+0000][38][info][gc,init] CPUs: 12 total, 12 available
[2025-06-04T14:46:34.898+0000][38][info][gc,init] Memory: 7789M
[2025-06-04T14:46:34.901+0000][38][info][gc,init] Large Page Support: Disabled
[2025-06-04T14:46:34.903+0000][38][info][gc,init] NUMA Support: Disabled
[2025-06-04T14:46:34.905+0000][38][info][gc,init] Compressed Oops: Enabled (32-bit)
[2025-06-04T14:46:34.906+0000][38][info][gc,init] Heap Region Size: 1M
[2025-06-04T14:46:34.917+0000][38][info][gc,init] Heap Min Capacity: 512M
[2025-06-04T14:46:34.919+0000][38][info][gc,init] Heap Initial Capacity: 512M
[2025-06-04T14:46:34.920+0000][38][info][gc,init] Heap Max Capacity: 512M
[2025-06-04T14:46:34.927+0000][38][info][gc,init] Pre-touch: Disabled
[2025-06-04T14:46:34.936+0000][38][info][gc,init] Parallel Workers: 10
[2025-06-04T14:46:34.939+0000][38][info][gc,init] Concurrent Workers: 3
[2025-06-04T14:46:34.942+0000][38][info][gc,init] Concurrent Refinement Workers: 10
[2025-06-04T14:46:34.946+0000][38][info][gc,init] Periodic GC: Disabled
[2025-06-04T14:46:34.990+0000][38][info][gc,metaspace] CDS archive(s) mapped at: [0x00007ff793000000-0x00007ff793ca5000-0x00007ff793ca5000), size 13258752, SharedBaseAddress: 0x00007ff793000000, ArchiveRelocationMode: 1.
[2025-06-04T14:46:34.996+0000][38][info][gc,metaspace] Compressed class space mapped at: 0x00007ff794000000-0x00007ff7d4000000, reserved size: 1073741824
[2025-06-04T14:46:34.998+0000][38][info][gc,metaspace] Narrow klass base: 0x00007ff793000000, Narrow klass shift: 0, Narrow klass range: 0x100000000
[2025-06-04T14:46:35.722+0000][38][info][gc,heap,exit] Heap
[2025-06-04T14:46:35.784+0000][38][info][gc,heap,exit]  garbage-first heap   total 524288K, used 3103K [0x00000000e0000000, 0x0000000100000000)
[2025-06-04T14:46:35.806+0000][38][info][gc,heap,exit]   region size 1024K, 3 young (3072K), 0 survivors (0K)
[2025-06-04T14:46:35.869+0000][38][info][gc,heap,exit]  Metaspace       used 204K, committed 448K, reserved 1114112K
[2025-06-04T14:46:35.880+0000][38][info][gc,heap,exit]   class space    used 5K, committed 128K, reserved 1048576K
