[2025-06-03T10:27:11.377+0000][58][info][gc,init] CardTable entry size: 512
[2025-06-03T10:27:11.391+0000][58][info][gc     ] Using G1
[2025-06-03T10:27:11.500+0000][58][info][gc,init] Version: 21.0.1+12-29 (release)
[2025-06-03T10:27:11.512+0000][58][info][gc,init] CPUs: 12 total, 12 available
[2025-06-03T10:27:11.517+0000][58][info][gc,init] Memory: 7789M
[2025-06-03T10:27:11.536+0000][58][info][gc,init] Large Page Support: Disabled
[2025-06-03T10:27:11.540+0000][58][info][gc,init] NUMA Support: Disabled
[2025-06-03T10:27:11.547+0000][58][info][gc,init] Compressed Oops: Enabled (32-bit)
[2025-06-03T10:27:11.552+0000][58][info][gc,init] Heap Region Size: 1M
[2025-06-03T10:27:11.555+0000][58][info][gc,init] Heap Min Capacity: 512M
[2025-06-03T10:27:11.556+0000][58][info][gc,init] Heap Initial Capacity: 512M
[2025-06-03T10:27:11.557+0000][58][info][gc,init] Heap Max Capacity: 512M
[2025-06-03T10:27:11.558+0000][58][info][gc,init] Pre-touch: Disabled
[2025-06-03T10:27:11.558+0000][58][info][gc,init] Parallel Workers: 10
[2025-06-03T10:27:11.559+0000][58][info][gc,init] Concurrent Workers: 3
[2025-06-03T10:27:11.561+0000][58][info][gc,init] Concurrent Refinement Workers: 10
[2025-06-03T10:27:11.571+0000][58][info][gc,init] Periodic GC: Disabled
[2025-06-03T10:27:11.648+0000][58][info][gc,metaspace] CDS archive(s) mapped at: [0x00007f883f000000-0x00007f883fca5000-0x00007f883fca5000), size 13258752, SharedBaseAddress: 0x00007f883f000000, ArchiveRelocationMode: 1.
[2025-06-03T10:27:11.680+0000][58][info][gc,metaspace] Compressed class space mapped at: 0x00007f8840000000-0x00007f8880000000, reserved size: 1073741824
[2025-06-03T10:27:11.707+0000][58][info][gc,metaspace] Narrow klass base: 0x00007f883f000000, Narrow klass shift: 0, Narrow klass range: 0x100000000
[2025-06-03T10:27:12.580+0000][58][info][gc,heap,exit] Heap
[2025-06-03T10:27:12.586+0000][58][info][gc,heap,exit]  garbage-first heap   total 524288K, used 3103K [0x00000000e0000000, 0x0000000100000000)
[2025-06-03T10:27:12.598+0000][58][info][gc,heap,exit]   region size 1024K, 3 young (3072K), 0 survivors (0K)
[2025-06-03T10:27:12.615+0000][58][info][gc,heap,exit]  Metaspace       used 209K, committed 448K, reserved 1114112K
[2025-06-03T10:27:12.617+0000][58][info][gc,heap,exit]   class space    used 5K, committed 128K, reserved 1048576K
