[2025-06-03T10:27:10.375+0000][39][info][gc,init] CardTable entry size: 512
[2025-06-03T10:27:10.380+0000][39][info][gc     ] Using G1
[2025-06-03T10:27:10.435+0000][39][info][gc,init] Version: 21.0.1+12-29 (release)
[2025-06-03T10:27:10.441+0000][39][info][gc,init] CPUs: 12 total, 12 available
[2025-06-03T10:27:10.445+0000][39][info][gc,init] Memory: 7789M
[2025-06-03T10:27:10.446+0000][39][info][gc,init] Large Page Support: Disabled
[2025-06-03T10:27:10.447+0000][39][info][gc,init] NUMA Support: Disabled
[2025-06-03T10:27:10.448+0000][39][info][gc,init] Compressed Oops: Enabled (32-bit)
[2025-06-03T10:27:10.449+0000][39][info][gc,init] Heap Region Size: 1M
[2025-06-03T10:27:10.452+0000][39][info][gc,init] Heap Min Capacity: 512M
[2025-06-03T10:27:10.453+0000][39][info][gc,init] Heap Initial Capacity: 512M
[2025-06-03T10:27:10.453+0000][39][info][gc,init] Heap Max Capacity: 512M
[2025-06-03T10:27:10.454+0000][39][info][gc,init] Pre-touch: Disabled
[2025-06-03T10:27:10.455+0000][39][info][gc,init] Parallel Workers: 10
[2025-06-03T10:27:10.456+0000][39][info][gc,init] Concurrent Workers: 3
[2025-06-03T10:27:10.456+0000][39][info][gc,init] Concurrent Refinement Workers: 10
[2025-06-03T10:27:10.457+0000][39][info][gc,init] Periodic GC: Disabled
[2025-06-03T10:27:10.478+0000][39][info][gc,metaspace] CDS archive(s) mapped at: [0x00007f35e3000000-0x00007f35e3ca5000-0x00007f35e3ca5000), size 13258752, SharedBaseAddress: 0x00007f35e3000000, ArchiveRelocationMode: 1.
[2025-06-03T10:27:10.479+0000][39][info][gc,metaspace] Compressed class space mapped at: 0x00007f35e4000000-0x00007f3624000000, reserved size: 1073741824
[2025-06-03T10:27:10.480+0000][39][info][gc,metaspace] Narrow klass base: 0x00007f35e3000000, Narrow klass shift: 0, Narrow klass range: 0x100000000
[2025-06-03T10:27:11.026+0000][39][info][gc,heap,exit] Heap
[2025-06-03T10:27:11.031+0000][39][info][gc,heap,exit]  garbage-first heap   total 524288K, used 3103K [0x00000000e0000000, 0x0000000100000000)
[2025-06-03T10:27:11.032+0000][39][info][gc,heap,exit]   region size 1024K, 3 young (3072K), 0 survivors (0K)
[2025-06-03T10:27:11.036+0000][39][info][gc,heap,exit]  Metaspace       used 200K, committed 448K, reserved 1114112K
[2025-06-03T10:27:11.040+0000][39][info][gc,heap,exit]   class space    used 5K, committed 128K, reserved 1048576K
