[2026-03-28T12:18:43.816+0000][67][info][gc,init] CardTable entry size: 512
[2026-03-28T12:18:43.819+0000][67][info][gc     ] Using G1
[2026-03-28T12:18:43.980+0000][67][info][gc,init] Version: 21.0.1+12-29 (release)
[2026-03-28T12:18:43.981+0000][67][info][gc,init] CPUs: 12 total, 12 available
[2026-03-28T12:18:43.981+0000][67][info][gc,init] Memory: 7789M
[2026-03-28T12:18:43.982+0000][67][info][gc,init] Large Page Support: Disabled
[2026-03-28T12:18:43.983+0000][67][info][gc,init] NUMA Support: Disabled
[2026-03-28T12:18:43.983+0000][67][info][gc,init] Compressed Oops: Enabled (32-bit)
[2026-03-28T12:18:43.984+0000][67][info][gc,init] Heap Region Size: 4M
[2026-03-28T12:18:43.985+0000][67][info][gc,init] Heap Min Capacity: 512M
[2026-03-28T12:18:43.986+0000][67][info][gc,init] Heap Initial Capacity: 512M
[2026-03-28T12:18:43.986+0000][67][info][gc,init] Heap Max Capacity: 512M
[2026-03-28T12:18:43.987+0000][67][info][gc,init] Pre-touch: Enabled
[2026-03-28T12:18:43.987+0000][67][info][gc,init] Parallel Workers: 10
[2026-03-28T12:18:43.988+0000][67][info][gc,init] Concurrent Workers: 3
[2026-03-28T12:18:43.989+0000][67][info][gc,init] Concurrent Refinement Workers: 10
[2026-03-28T12:18:43.989+0000][67][info][gc,init] Periodic GC: Disabled
[2026-03-28T12:18:43.999+0000][67][info][gc,metaspace] CDS archive(s) mapped at: [0x00007f5ee7000000-0x00007f5ee7ca5000-0x00007f5ee7ca5000), size 13258752, SharedBaseAddress: 0x00007f5ee7000000, ArchiveRelocationMode: 1.
[2026-03-28T12:18:43.999+0000][67][info][gc,metaspace] Compressed class space mapped at: 0x00007f5ee8000000-0x00007f5f28000000, reserved size: 1073741824
[2026-03-28T12:18:44.000+0000][67][info][gc,metaspace] Narrow klass base: 0x00007f5ee7000000, Narrow klass shift: 0, Narrow klass range: 0x100000000
[2026-03-28T12:18:44.353+0000][67][info][gc,start    ] GC(0) Pause Young (Normal) (G1 Evacuation Pause)
[2026-03-28T12:18:44.354+0000][67][info][gc,task     ] GC(0) Using 10 workers of 10 for evacuation
[2026-03-28T12:18:44.355+0000][67][debug][gc,age      ] GC(0) Desired survivor size 2097152 bytes, new threshold 15 (max threshold 15)
[2026-03-28T12:18:44.363+0000][67][info ][gc,phases   ] GC(0)   Pre Evacuate Collection Set: 0.8ms
[2026-03-28T12:18:44.364+0000][67][info ][gc,phases   ] GC(0)   Merge Heap Roots: 0.8ms
[2026-03-28T12:18:44.364+0000][67][info ][gc,phases   ] GC(0)   Evacuate Collection Set: 2.9ms
[2026-03-28T12:18:44.365+0000][67][info ][gc,phases   ] GC(0)   Post Evacuate Collection Set: 2.7ms
[2026-03-28T12:18:44.366+0000][67][info ][gc,phases   ] GC(0)   Other: 1.7ms
[2026-03-28T12:18:44.366+0000][67][trace][gc,age      ] GC(0) Age table with threshold 15 (max threshold 15)
[2026-03-28T12:18:44.367+0000][67][trace][gc,age      ] GC(0) - age   1:    2610520 bytes,    2610520 total
[2026-03-28T12:18:44.368+0000][67][info ][gc,heap     ] GC(0) Eden regions: 6->0(20)
[2026-03-28T12:18:44.368+0000][67][info ][gc,heap     ] GC(0) Survivor regions: 0->1(1)
[2026-03-28T12:18:44.369+0000][67][info ][gc,heap     ] GC(0) Old regions: 1->1
[2026-03-28T12:18:44.369+0000][67][info ][gc,heap     ] GC(0) Humongous regions: 0->0
[2026-03-28T12:18:44.369+0000][67][info ][gc,metaspace] GC(0) Metaspace: 1143K(1344K)->1143K(1344K) NonClass: 1061K(1152K)->1061K(1152K) Class: 82K(192K)->82K(192K)
[2026-03-28T12:18:44.370+0000][67][info ][gc          ] GC(0) Pause Young (Normal) (G1 Evacuation Pause) 25M->3M(512M) 17.090ms
[2026-03-28T12:18:44.371+0000][67][info ][gc,cpu      ] GC(0) User=0.01s Sys=0.02s Real=0.02s
[2026-03-28T12:18:44.371+0000][67][info ][safepoint   ] Safepoint "G1CollectForAllocation", Time since last: 346106280 ns, Reaching safepoint: 8632 ns, Cleanup: 154609 ns, At safepoint: 18585205 ns, Total: 18748446 ns
[2026-03-28T12:18:45.482+0000][67][info ][safepoint   ] Safepoint "Cleanup", Time since last: 1109952052 ns, Reaching safepoint: 4592 ns, Cleanup: 188477 ns, At safepoint: 41224 ns, Total: 234293 ns
[2026-03-28T12:18:46.483+0000][67][info ][safepoint   ] Safepoint "ICBufferFull", Time since last: 1001051002 ns, Reaching safepoint: 16157 ns, Cleanup: 452794 ns, At safepoint: 174162 ns, Total: 643113 ns
[2026-03-28T12:18:48.119+0000][67][info ][safepoint   ] Safepoint "Cleanup", Time since last: 1635499846 ns, Reaching safepoint: 7998 ns, Cleanup: 194987 ns, At safepoint: 111671 ns, Total: 314656 ns
[2026-03-28T12:18:49.636+0000][67][info ][safepoint   ] Safepoint "ICBufferFull", Time since last: 1516122914 ns, Reaching safepoint: 225791 ns, Cleanup: 318139 ns, At safepoint: 131902 ns, Total: 675832 ns
[2026-03-28T12:18:50.113+0000][67][info ][gc,start    ] GC(1) Pause Young (Normal) (G1 Evacuation Pause)
[2026-03-28T12:18:50.114+0000][67][info ][gc,task     ] GC(1) Using 10 workers of 10 for evacuation
[2026-03-28T12:18:50.115+0000][67][debug][gc,age      ] GC(1) Desired survivor size 6291456 bytes, new threshold 15 (max threshold 15)
[2026-03-28T12:18:50.133+0000][67][info ][gc,phases   ] GC(1)   Pre Evacuate Collection Set: 1.2ms
[2026-03-28T12:18:50.135+0000][67][info ][gc,phases   ] GC(1)   Merge Heap Roots: 0.9ms
[2026-03-28T12:18:50.136+0000][67][info ][gc,phases   ] GC(1)   Evacuate Collection Set: 9.0ms
[2026-03-28T12:18:50.136+0000][67][info ][gc,phases   ] GC(1)   Post Evacuate Collection Set: 6.1ms
[2026-03-28T12:18:50.138+0000][67][info ][gc,phases   ] GC(1)   Other: 2.2ms
[2026-03-28T12:18:50.139+0000][67][trace][gc,age      ] GC(1) Age table with threshold 15 (max threshold 15)
[2026-03-28T12:18:50.140+0000][67][trace][gc,age      ] GC(1) - age   1:    6125048 bytes,    6125048 total
[2026-03-28T12:18:50.141+0000][67][trace][gc,age      ] GC(1) - age   2:    2586656 bytes,    8711704 total
[2026-03-28T12:18:50.141+0000][67][info ][gc,heap     ] GC(1) Eden regions: 20->0(27)
[2026-03-28T12:18:50.142+0000][67][info ][gc,heap     ] GC(1) Survivor regions: 1->3(3)
[2026-03-28T12:18:50.143+0000][67][info ][gc,heap     ] GC(1) Old regions: 1->1
[2026-03-28T12:18:50.144+0000][67][info ][gc,heap     ] GC(1) Humongous regions: 0->0
[2026-03-28T12:18:50.145+0000][67][info ][gc,metaspace] GC(1) Metaspace: 18211K(18752K)->18211K(18752K) NonClass: 16236K(16512K)->16236K(16512K) Class: 1975K(2240K)->1975K(2240K)
[2026-03-28T12:18:50.145+0000][67][info ][gc          ] GC(1) Pause Young (Normal) (G1 Evacuation Pause) 83M->9M(512M) 32.802ms
[2026-03-28T12:18:50.146+0000][67][info ][gc,cpu      ] GC(1) User=0.07s Sys=0.00s Real=0.03s
[2026-03-28T12:18:50.147+0000][67][info ][safepoint   ] Safepoint "G1CollectForAllocation", Time since last: 476606211 ns, Reaching safepoint: 17330 ns, Cleanup: 84746 ns, At safepoint: 34767526 ns, Total: 34869602 ns
[2026-03-28T12:18:51.149+0000][67][info ][safepoint   ] Safepoint "Cleanup", Time since last: 1001355885 ns, Reaching safepoint: 242424 ns, Cleanup: 125539 ns, At safepoint: 92644 ns, Total: 460607 ns
[2026-03-28T12:18:52.190+0000][67][info ][safepoint   ] Safepoint "ICBufferFull", Time since last: 1040204428 ns, Reaching safepoint: 14706 ns, Cleanup: 347118 ns, At safepoint: 128131 ns, Total: 489955 ns
[2026-03-28T12:18:52.595+0000][67][info ][gc,start    ] GC(2) Pause Young (Normal) (G1 Evacuation Pause)
[2026-03-28T12:18:52.596+0000][67][info ][gc,task     ] GC(2) Using 10 workers of 10 for evacuation
[2026-03-28T12:18:52.597+0000][67][debug][gc,age      ] GC(2) Desired survivor size 8388608 bytes, new threshold 2 (max threshold 15)
[2026-03-28T12:18:52.612+0000][67][info ][gc,phases   ] GC(2)   Pre Evacuate Collection Set: 1.0ms
[2026-03-28T12:18:52.613+0000][67][info ][gc,phases   ] GC(2)   Merge Heap Roots: 0.4ms
[2026-03-28T12:18:52.614+0000][67][info ][gc,phases   ] GC(2)   Evacuate Collection Set: 9.2ms
[2026-03-28T12:18:52.614+0000][67][info ][gc,phases   ] GC(2)   Post Evacuate Collection Set: 3.2ms
[2026-03-28T12:18:52.615+0000][67][info ][gc,phases   ] GC(2)   Other: 2.4ms
[2026-03-28T12:18:52.616+0000][67][trace][gc,age      ] GC(2) Age table with threshold 2 (max threshold 15)
[2026-03-28T12:18:52.616+0000][67][trace][gc,age      ] GC(2) - age   1:    2992208 bytes,    2992208 total
[2026-03-28T12:18:52.617+0000][67][trace][gc,age      ] GC(2) - age   2:    5171960 bytes,    8164168 total
[2026-03-28T12:18:52.617+0000][67][info ][gc,heap     ] GC(2) Eden regions: 27->0(73)
[2026-03-28T12:18:52.618+0000][67][info ][gc,heap     ] GC(2) Survivor regions: 3->3(4)
[2026-03-28T12:18:52.618+0000][67][info ][gc,heap     ] GC(2) Old regions: 1->2
[2026-03-28T12:18:52.619+0000][67][info ][gc,heap     ] GC(2) Humongous regions: 0->0
[2026-03-28T12:18:52.619+0000][67][info ][gc,metaspace] GC(2) Metaspace: 20452K(20992K)->20452K(20992K) NonClass: 18243K(18560K)->18243K(18560K) Class: 2209K(2432K)->2209K(2432K)
[2026-03-28T12:18:52.620+0000][67][info ][gc          ] GC(2) Pause Young (Normal) (G1 Evacuation Pause) 117M->11M(512M) 25.154ms
[2026-03-28T12:18:52.620+0000][67][info ][gc,cpu      ] GC(2) User=0.08s Sys=0.01s Real=0.03s
[2026-03-28T12:18:52.621+0000][67][info ][safepoint   ] Safepoint "G1CollectForAllocation", Time since last: 404621989 ns, Reaching safepoint: 17108 ns, Cleanup: 128995 ns, At safepoint: 26380329 ns, Total: 26526432 ns
[2026-03-28T12:18:53.174+0000][67][info ][gc,start    ] GC(3) Pause Young (Concurrent Start) (Metadata GC Threshold)
[2026-03-28T12:18:53.175+0000][67][info ][gc,task     ] GC(3) Using 10 workers of 10 for evacuation
[2026-03-28T12:18:53.176+0000][67][debug][gc,age      ] GC(3) Desired survivor size 20971520 bytes, new threshold 15 (max threshold 15)
[2026-03-28T12:18:53.190+0000][67][info ][gc,phases   ] GC(3)   Pre Evacuate Collection Set: 1.2ms
[2026-03-28T12:18:53.191+0000][67][info ][gc,phases   ] GC(3)   Merge Heap Roots: 0.7ms
[2026-03-28T12:18:53.192+0000][67][info ][gc,phases   ] GC(3)   Evacuate Collection Set: 7.1ms
[2026-03-28T12:18:53.193+0000][67][info ][gc,phases   ] GC(3)   Post Evacuate Collection Set: 4.5ms
[2026-03-28T12:18:53.194+0000][67][info ][gc,phases   ] GC(3)   Other: 1.7ms
[2026-03-28T12:18:53.194+0000][67][trace][gc,age      ] GC(3) Age table with threshold 15 (max threshold 15)
[2026-03-28T12:18:53.195+0000][67][trace][gc,age      ] GC(3) - age   1:    1067336 bytes,    1067336 total
[2026-03-28T12:18:53.196+0000][67][trace][gc,age      ] GC(3) - age   2:    2519712 bytes,    3587048 total
[2026-03-28T12:18:53.196+0000][67][trace][gc,age      ] GC(3) - age   3:    5169640 bytes,    8756688 total
[2026-03-28T12:18:53.197+0000][67][info ][gc,heap     ] GC(3) Eden regions: 18->0(73)
[2026-03-28T12:18:53.198+0000][67][info ][gc,heap     ] GC(3) Survivor regions: 3->3(10)
[2026-03-28T12:18:53.199+0000][67][info ][gc,heap     ] GC(3) Old regions: 2->2
[2026-03-28T12:18:53.199+0000][67][info ][gc,heap     ] GC(3) Humongous regions: 0->0
[2026-03-28T12:18:53.200+0000][67][info ][gc,metaspace] GC(3) Metaspace: 20956K(21504K)->20956K(21504K) NonClass: 18709K(19008K)->18709K(19008K) Class: 2246K(2496K)->2246K(2496K)
[2026-03-28T12:18:53.201+0000][67][info ][gc          ] GC(3) Pause Young (Concurrent Start) (Metadata GC Threshold) 83M->12M(512M) 26.295ms
[2026-03-28T12:18:53.201+0000][67][info ][gc,cpu      ] GC(3) User=0.09s Sys=0.00s Real=0.03s
[2026-03-28T12:18:53.201+0000][67][info ][gc          ] GC(4) Concurrent Mark Cycle
[2026-03-28T12:18:53.203+0000][67][info ][gc,marking  ] GC(4) Concurrent Scan Root Regions
[2026-03-28T12:18:53.203+0000][67][info ][safepoint   ] Safepoint "CollectForMetadataAllocation", Time since last: 553028620 ns, Reaching safepoint: 11969 ns, Cleanup: 184520 ns, At safepoint: 28291966 ns, Total: 28488455 ns
[2026-03-28T12:18:53.211+0000][67][info ][gc,marking  ] GC(4) Concurrent Scan Root Regions 8.485ms
[2026-03-28T12:18:53.212+0000][67][info ][gc,marking  ] GC(4) Concurrent Mark
[2026-03-28T12:18:53.213+0000][67][info ][gc,marking  ] GC(4) Concurrent Mark From Roots
[2026-03-28T12:18:53.214+0000][67][info ][gc,task     ] GC(4) Using 3 workers of 3 for marking
[2026-03-28T12:18:53.219+0000][67][info ][gc,marking  ] GC(4) Concurrent Mark From Roots 6.120ms
[2026-03-28T12:18:53.220+0000][67][info ][gc,marking  ] GC(4) Concurrent Preclean
[2026-03-28T12:18:53.222+0000][67][info ][gc,marking  ] GC(4) Concurrent Preclean 1.482ms
[2026-03-28T12:18:53.224+0000][67][info ][gc,start    ] GC(4) Pause Remark
[2026-03-28T12:18:53.231+0000][67][info ][gc          ] GC(4) Pause Remark 15M->15M(512M) 6.829ms
[2026-03-28T12:18:53.232+0000][67][info ][gc,cpu      ] GC(4) User=0.01s Sys=0.01s Real=0.01s
[2026-03-28T12:18:53.233+0000][67][info ][safepoint   ] Safepoint "G1PauseRemark", Time since last: 20411429 ns, Reaching safepoint: 1191906 ns, Cleanup: 33426 ns, At safepoint: 8463613 ns, Total: 9688945 ns
[2026-03-28T12:18:53.233+0000][67][info ][gc,marking  ] GC(4) Concurrent Mark 21.003ms
[2026-03-28T12:18:53.234+0000][67][info ][gc,marking  ] GC(4) Concurrent Rebuild Remembered Sets and Scrub Regions
[2026-03-28T12:18:53.238+0000][67][info ][gc,marking  ] GC(4) Concurrent Rebuild Remembered Sets and Scrub Regions 3.529ms
[2026-03-28T12:18:53.239+0000][67][info ][gc,start    ] GC(4) Pause Cleanup
[2026-03-28T12:18:53.240+0000][67][info ][gc          ] GC(4) Pause Cleanup 15M->15M(512M) 1.594ms
[2026-03-28T12:18:53.241+0000][67][info ][gc,cpu      ] GC(4) User=0.00s Sys=0.01s Real=0.01s
[2026-03-28T12:18:53.242+0000][67][info ][safepoint   ] Safepoint "G1PauseCleanup", Time since last: 6138049 ns, Reaching safepoint: 13265 ns, Cleanup: 7511 ns, At safepoint: 3370841 ns, Total: 3391617 ns
[2026-03-28T12:18:53.243+0000][67][info ][gc,marking  ] GC(4) Concurrent Clear Claimed Marks
[2026-03-28T12:18:53.244+0000][67][info ][gc,marking  ] GC(4) Concurrent Clear Claimed Marks 1.012ms
[2026-03-28T12:18:53.245+0000][67][info ][gc,marking  ] GC(4) Concurrent Cleanup for Next Mark
[2026-03-28T12:18:53.247+0000][67][info ][gc,marking  ] GC(4) Concurrent Cleanup for Next Mark 2.304ms
[2026-03-28T12:18:53.249+0000][67][info ][gc          ] GC(4) Concurrent Mark Cycle 47.072ms
[2026-03-28T12:18:54.241+0000][67][info ][safepoint   ] Safepoint "Cleanup", Time since last: 1001242396 ns, Reaching safepoint: 10480 ns, Cleanup: 208481 ns, At safepoint: 69172 ns, Total: 288133 ns
[2026-03-28T12:18:55.861+0000][67][info ][safepoint   ] Safepoint "Cleanup", Time since last: 1620238764 ns, Reaching safepoint: 206699 ns, Cleanup: 258217 ns, At safepoint: 239560 ns, Total: 704476 ns
[2026-03-28T12:18:56.644+0000][67][info ][gc,start    ] GC(5) Pause Young (Prepare Mixed) (G1 Evacuation Pause)
[2026-03-28T12:18:56.645+0000][67][info ][gc,task     ] GC(5) Using 10 workers of 10 for evacuation
[2026-03-28T12:18:56.646+0000][67][debug][gc,age      ] GC(5) Desired survivor size 20971520 bytes, new threshold 15 (max threshold 15)
[2026-03-28T12:18:56.660+0000][67][info ][gc,phases   ] GC(5)   Pre Evacuate Collection Set: 0.6ms
[2026-03-28T12:18:56.661+0000][67][info ][gc,phases   ] GC(5)   Merge Heap Roots: 0.4ms
[2026-03-28T12:18:56.661+0000][67][info ][gc,phases   ] GC(5)   Evacuate Collection Set: 9.0ms
[2026-03-28T12:18:56.662+0000][67][info ][gc,phases   ] GC(5)   Post Evacuate Collection Set: 2.8ms
[2026-03-28T12:18:56.662+0000][67][info ][gc,phases   ] GC(5)   Other: 2.5ms
[2026-03-28T12:18:56.663+0000][67][trace][gc,age      ] GC(5) Age table with threshold 15 (max threshold 15)
[2026-03-28T12:18:56.664+0000][67][trace][gc,age      ] GC(5) - age   1:    6422752 bytes,    6422752 total
[2026-03-28T12:18:56.664+0000][67][trace][gc,age      ] GC(5) - age   2:     877232 bytes,    7299984 total
[2026-03-28T12:18:56.665+0000][67][trace][gc,age      ] GC(5) - age   3:    2516144 bytes,    9816128 total
[2026-03-28T12:18:56.666+0000][67][trace][gc,age      ] GC(5) - age   4:    5164184 bytes,   14980312 total
[2026-03-28T12:18:56.666+0000][67][info ][gc,heap     ] GC(5) Eden regions: 73->0(72)
[2026-03-28T12:18:56.667+0000][67][info ][gc,heap     ] GC(5) Survivor regions: 3->4(10)
[2026-03-28T12:18:56.668+0000][67][info ][gc,heap     ] GC(5) Old regions: 2->2
[2026-03-28T12:18:56.669+0000][67][info ][gc,heap     ] GC(5) Humongous regions: 0->0
[2026-03-28T12:18:56.669+0000][67][info ][gc,metaspace] GC(5) Metaspace: 28203K(28864K)->28203K(28864K) NonClass: 25033K(25408K)->25033K(25408K) Class: 3169K(3456K)->3169K(3456K)
[2026-03-28T12:18:56.670+0000][67][info ][gc          ] GC(5) Pause Young (Prepare Mixed) (G1 Evacuation Pause) 304M->18M(512M) 26.185ms
[2026-03-28T12:18:56.671+0000][67][info ][gc,cpu      ] GC(5) User=0.07s Sys=0.03s Real=0.03s
[2026-03-28T12:18:56.672+0000][67][info ][safepoint   ] Safepoint "G1CollectForAllocation", Time since last: 782044348 ns, Reaching safepoint: 7932 ns, Cleanup: 113017 ns, At safepoint: 28519780 ns, Total: 28640729 ns
[2026-03-28T12:18:58.059+0000][67][info ][safepoint   ] Safepoint "Cleanup", Time since last: 1386400606 ns, Reaching safepoint: 291674 ns, Cleanup: 179023 ns, At safepoint: 167509 ns, Total: 638206 ns
[2026-03-28T12:18:58.606+0000][67][info ][gc,start    ] GC(6) Pause Young (Mixed) (G1 Evacuation Pause)
[2026-03-28T12:18:58.607+0000][67][info ][gc,task     ] GC(6) Using 10 workers of 10 for evacuation
[2026-03-28T12:18:58.608+0000][67][debug][gc,age      ] GC(6) Desired survivor size 20971520 bytes, new threshold 15 (max threshold 15)
[2026-03-28T12:18:58.637+0000][67][info ][gc,phases   ] GC(6)   Pre Evacuate Collection Set: 1.1ms
[2026-03-28T12:18:58.638+0000][67][info ][gc,phases   ] GC(6)   Merge Heap Roots: 0.6ms
[2026-03-28T12:18:58.639+0000][67][info ][gc,phases   ] GC(6)   Evacuate Collection Set: 22.5ms
[2026-03-28T12:18:58.639+0000][67][info ][gc,phases   ] GC(6)   Post Evacuate Collection Set: 3.5ms
[2026-03-28T12:18:58.640+0000][67][info ][gc,phases   ] GC(6)   Other: 2.1ms
[2026-03-28T12:18:58.641+0000][67][trace][gc,age      ] GC(6) Age table with threshold 15 (max threshold 15)
[2026-03-28T12:18:58.642+0000][67][trace][gc,age      ] GC(6) - age   1:    2849176 bytes,    2849176 total
[2026-03-28T12:18:58.642+0000][67][trace][gc,age      ] GC(6) - age   2:    6391808 bytes,    9240984 total
[2026-03-28T12:18:58.643+0000][67][trace][gc,age      ] GC(6) - age   3:     877040 bytes,   10118024 total
[2026-03-28T12:18:58.644+0000][67][trace][gc,age      ] GC(6) - age   4:    2514896 bytes,   12632920 total
[2026-03-28T12:18:58.645+0000][67][trace][gc,age      ] GC(6) - age   5:    5164184 bytes,   17797104 total
[2026-03-28T12:18:58.646+0000][67][info ][gc,heap     ] GC(6) Eden regions: 72->0(71)
[2026-03-28T12:18:58.646+0000][67][info ][gc,heap     ] GC(6) Survivor regions: 4->5(10)
[2026-03-28T12:18:58.647+0000][67][info ][gc,heap     ] GC(6) Old regions: 2->1
[2026-03-28T12:18:58.648+0000][67][info ][gc,heap     ] GC(6) Humongous regions: 0->0
[2026-03-28T12:18:58.649+0000][67][info ][gc,metaspace] GC(6) Metaspace: 29939K(30592K)->29939K(30592K) NonClass: 26579K(26944K)->26579K(26944K) Class: 3359K(3648K)->3359K(3648K)
[2026-03-28T12:18:58.650+0000][67][info ][gc          ] GC(6) Pause Young (Mixed) (G1 Evacuation Pause) 306M->21M(512M) 44.478ms
[2026-03-28T12:18:58.651+0000][67][info ][gc,cpu      ] GC(6) User=0.16s Sys=0.01s Real=0.05s
[2026-03-28T12:18:58.652+0000][67][info ][safepoint   ] Safepoint "G1CollectForAllocation", Time since last: 546476409 ns, Reaching safepoint: 8373 ns, Cleanup: 79962 ns, At safepoint: 46385450 ns, Total: 46473785 ns
[2026-03-28T12:18:59.971+0000][67][info ][safepoint   ] Safepoint "Cleanup", Time since last: 1317955454 ns, Reaching safepoint: 247591 ns, Cleanup: 214515 ns, At safepoint: 82378 ns, Total: 544484 ns
[2026-03-28T12:19:00.972+0000][67][info ][safepoint   ] Safepoint "Cleanup", Time since last: 1001419743 ns, Reaching safepoint: 181460 ns, Cleanup: 90276 ns, At safepoint: 80380 ns, Total: 352116 ns
[2026-03-28T12:19:01.480+0000][67][info ][gc,start    ] GC(7) Pause Young (Concurrent Start) (Metadata GC Threshold)
[2026-03-28T12:19:01.481+0000][67][info ][gc,task     ] GC(7) Using 10 workers of 10 for evacuation
[2026-03-28T12:19:01.481+0000][67][debug][gc,age      ] GC(7) Desired survivor size 20971520 bytes, new threshold 15 (max threshold 15)
[2026-03-28T12:19:01.504+0000][67][info ][gc,phases   ] GC(7)   Pre Evacuate Collection Set: 0.8ms
[2026-03-28T12:19:01.505+0000][67][info ][gc,phases   ] GC(7)   Merge Heap Roots: 0.6ms
[2026-03-28T12:19:01.506+0000][67][info ][gc,phases   ] GC(7)   Evacuate Collection Set: 14.3ms
[2026-03-28T12:19:01.506+0000][67][info ][gc,phases   ] GC(7)   Post Evacuate Collection Set: 5.5ms
[2026-03-28T12:19:01.507+0000][67][info ][gc,phases   ] GC(7)   Other: 1.8ms
[2026-03-28T12:19:01.508+0000][67][trace][gc,age      ] GC(7) Age table with threshold 15 (max threshold 15)
[2026-03-28T12:19:01.508+0000][67][trace][gc,age      ] GC(7) - age   1:    7643048 bytes,    7643048 total
[2026-03-28T12:19:01.509+0000][67][trace][gc,age      ] GC(7) - age   2:    2558344 bytes,   10201392 total
[2026-03-28T12:19:01.510+0000][67][trace][gc,age      ] GC(7) - age   3:    6388472 bytes,   16589864 total
[2026-03-28T12:19:01.510+0000][67][trace][gc,age      ] GC(7) - age   4:     877040 bytes,   17466904 total
[2026-03-28T12:19:01.511+0000][67][trace][gc,age      ] GC(7) - age   5:    2513872 bytes,   19980776 total
[2026-03-28T12:19:01.512+0000][67][trace][gc,age      ] GC(7) - age   6:    5158328 bytes,   25139104 total
[2026-03-28T12:19:01.512+0000][67][info ][gc,heap     ] GC(7) Eden regions: 71->0(69)
[2026-03-28T12:19:01.513+0000][67][info ][gc,heap     ] GC(7) Survivor regions: 5->7(10)
[2026-03-28T12:19:01.514+0000][67][info ][gc,heap     ] GC(7) Old regions: 1->1
[2026-03-28T12:19:01.515+0000][67][info ][gc,heap     ] GC(7) Humongous regions: 0->0
[2026-03-28T12:19:01.515+0000][67][info ][gc,metaspace] GC(7) Metaspace: 35330K(36096K)->35330K(36096K) NonClass: 31341K(31744K)->31341K(31744K) Class: 3988K(4352K)->3988K(4352K)
[2026-03-28T12:19:01.516+0000][67][info ][gc          ] GC(7) Pause Young (Concurrent Start) (Metadata GC Threshold) 303M->29M(512M) 35.720ms
[2026-03-28T12:19:01.516+0000][67][info ][gc,cpu      ] GC(7) User=0.15s Sys=0.01s Real=0.03s
[2026-03-28T12:19:01.516+0000][67][info ][gc          ] GC(8) Concurrent Mark Cycle
[2026-03-28T12:19:01.517+0000][67][info ][gc,marking  ] GC(8) Concurrent Scan Root Regions
[2026-03-28T12:19:01.517+0000][67][info ][safepoint   ] Safepoint "CollectForMetadataAllocation", Time since last: 507301258 ns, Reaching safepoint: 14068 ns, Cleanup: 57991 ns, At safepoint: 37390969 ns, Total: 37463028 ns
[2026-03-28T12:19:01.527+0000][67][info ][gc,marking  ] GC(8) Concurrent Scan Root Regions 9.138ms
[2026-03-28T12:19:01.528+0000][67][info ][gc,marking  ] GC(8) Concurrent Mark
[2026-03-28T12:19:01.529+0000][67][info ][gc,marking  ] GC(8) Concurrent Mark From Roots
[2026-03-28T12:19:01.530+0000][67][info ][gc,task     ] GC(8) Using 3 workers of 3 for marking
[2026-03-28T12:19:01.538+0000][67][info ][gc,marking  ] GC(8) Concurrent Mark From Roots 8.872ms
[2026-03-28T12:19:01.538+0000][67][info ][gc,marking  ] GC(8) Concurrent Preclean
[2026-03-28T12:19:01.539+0000][67][info ][gc,marking  ] GC(8) Concurrent Preclean 0.919ms
[2026-03-28T12:19:01.540+0000][67][info ][gc,start    ] GC(8) Pause Remark
[2026-03-28T12:19:01.550+0000][67][info ][gc          ] GC(8) Pause Remark 31M->31M(512M) 9.347ms
[2026-03-28T12:19:01.551+0000][67][info ][gc,cpu      ] GC(8) User=0.04s Sys=0.00s Real=0.01s
[2026-03-28T12:19:01.552+0000][67][info ][safepoint   ] Safepoint "G1PauseRemark", Time since last: 23141181 ns, Reaching safepoint: 15007 ns, Cleanup: 7306 ns, At safepoint: 11254291 ns, Total: 11276604 ns
[2026-03-28T12:19:01.553+0000][67][info ][gc,marking  ] GC(8) Concurrent Mark 25.305ms
[2026-03-28T12:19:01.554+0000][67][info ][gc,marking  ] GC(8) Concurrent Rebuild Remembered Sets and Scrub Regions
[2026-03-28T12:19:01.558+0000][67][info ][gc,marking  ] GC(8) Concurrent Rebuild Remembered Sets and Scrub Regions 4.154ms
[2026-03-28T12:19:01.560+0000][67][info ][gc,start    ] GC(8) Pause Cleanup
[2026-03-28T12:19:01.561+0000][67][info ][gc          ] GC(8) Pause Cleanup 31M->31M(512M) 1.755ms
[2026-03-28T12:19:01.562+0000][67][info ][gc,cpu      ] GC(8) User=0.00s Sys=0.00s Real=0.00s
[2026-03-28T12:19:01.563+0000][67][info ][safepoint   ] Safepoint "G1PauseCleanup", Time since last: 7595974 ns, Reaching safepoint: 385260 ns, Cleanup: 39709 ns, At safepoint: 3627956 ns, Total: 4052925 ns
[2026-03-28T12:19:01.564+0000][67][info ][gc,marking  ] GC(8) Concurrent Clear Claimed Marks
[2026-03-28T12:19:01.565+0000][67][info ][gc,marking  ] GC(8) Concurrent Clear Claimed Marks 0.757ms
[2026-03-28T12:19:01.566+0000][67][info ][gc,marking  ] GC(8) Concurrent Cleanup for Next Mark
[2026-03-28T12:19:01.568+0000][67][info ][gc,marking  ] GC(8) Concurrent Cleanup for Next Mark 2.184ms
[2026-03-28T12:19:01.569+0000][67][info ][gc          ] GC(8) Concurrent Mark Cycle 52.934ms
[2026-03-28T12:19:02.565+0000][67][info ][safepoint   ] Safepoint "Cleanup", Time since last: 1001131156 ns, Reaching safepoint: 236416 ns, Cleanup: 91465 ns, At safepoint: 105332 ns, Total: 433213 ns
[2026-03-28T12:19:02.777+0000][67][info ][gc,start    ] GC(9) Pause Young (Normal) (G1 Evacuation Pause)
[2026-03-28T12:19:02.778+0000][67][info ][gc,task     ] GC(9) Using 10 workers of 10 for evacuation
[2026-03-28T12:19:02.779+0000][67][debug][gc,age      ] GC(9) Desired survivor size 20971520 bytes, new threshold 6 (max threshold 15)
[2026-03-28T12:19:02.795+0000][67][info ][gc,phases   ] GC(9)   Pre Evacuate Collection Set: 0.9ms
[2026-03-28T12:19:02.796+0000][67][info ][gc,phases   ] GC(9)   Merge Heap Roots: 0.5ms
[2026-03-28T12:19:02.797+0000][67][info ][gc,phases   ] GC(9)   Evacuate Collection Set: 11.0ms
[2026-03-28T12:19:02.798+0000][67][info ][gc,phases   ] GC(9)   Post Evacuate Collection Set: 2.9ms
[2026-03-28T12:19:02.799+0000][67][info ][gc,phases   ] GC(9)   Other: 1.8ms
[2026-03-28T12:19:02.800+0000][67][trace][gc,age      ] GC(9) Age table with threshold 6 (max threshold 15)
[2026-03-28T12:19:02.801+0000][67][trace][gc,age      ] GC(9) - age   1:    2696280 bytes,    2696280 total
[2026-03-28T12:19:02.802+0000][67][trace][gc,age      ] GC(9) - age   2:    7616792 bytes,   10313072 total
[2026-03-28T12:19:02.802+0000][67][trace][gc,age      ] GC(9) - age   3:    2558128 bytes,   12871200 total
[2026-03-28T12:19:02.803+0000][67][trace][gc,age      ] GC(9) - age   4:    6385560 bytes,   19256760 total
[2026-03-28T12:19:02.804+0000][67][trace][gc,age      ] GC(9) - age   5:     877040 bytes,   20133800 total
[2026-03-28T12:19:02.805+0000][67][trace][gc,age      ] GC(9) - age   6:    2513840 bytes,   22647640 total
[2026-03-28T12:19:02.805+0000][67][info ][gc,heap     ] GC(9) Eden regions: 69->0(70)
[2026-03-28T12:19:02.806+0000][67][info ][gc,heap     ] GC(9) Survivor regions: 7->6(10)
[2026-03-28T12:19:02.807+0000][67][info ][gc,heap     ] GC(9) Old regions: 1->3
[2026-03-28T12:19:02.807+0000][67][info ][gc,heap     ] GC(9) Humongous regions: 0->0
[2026-03-28T12:19:02.808+0000][67][info ][gc,metaspace] GC(9) Metaspace: 36423K(37312K)->36423K(37312K) NonClass: 32288K(32832K)->32288K(32832K) Class: 4134K(4480K)->4134K(4480K)
[2026-03-28T12:19:02.809+0000][67][info ][gc          ] GC(9) Pause Young (Normal) (G1 Evacuation Pause) 305M->32M(512M) 31.549ms
[2026-03-28T12:19:02.809+0000][67][info ][gc,cpu      ] GC(9) User=0.10s Sys=0.00s Real=0.03s
[2026-03-28T12:19:02.810+0000][67][info ][safepoint   ] Safepoint "G1CollectForAllocation", Time since last: 212114033 ns, Reaching safepoint: 11546 ns, Cleanup: 124284 ns, At safepoint: 33090529 ns, Total: 33226359 ns
[2026-03-28T12:19:03.812+0000][67][info ][safepoint   ] Safepoint "Cleanup", Time since last: 1001144729 ns, Reaching safepoint: 208959 ns, Cleanup: 140741 ns, At safepoint: 58489 ns, Total: 408189 ns
[2026-03-28T12:19:04.813+0000][67][info ][safepoint   ] Safepoint "Cleanup", Time since last: 1001369606 ns, Reaching safepoint: 139967 ns, Cleanup: 192777 ns, At safepoint: 39878 ns, Total: 372622 ns
[2026-03-28T12:19:05.815+0000][67][info ][safepoint   ] Safepoint "Cleanup", Time since last: 1001211332 ns, Reaching safepoint: 183564 ns, Cleanup: 142868 ns, At safepoint: 90074 ns, Total: 416506 ns
[2026-03-28T12:19:06.522+0000][67][info ][gc,start    ] GC(10) Pause Young (Normal) (G1 Evacuation Pause)
[2026-03-28T12:19:06.523+0000][67][info ][gc,task     ] GC(10) Using 10 workers of 10 for evacuation
[2026-03-28T12:19:06.523+0000][67][debug][gc,age      ] GC(10) Desired survivor size 20971520 bytes, new threshold 6 (max threshold 15)
[2026-03-28T12:19:06.545+0000][67][info ][gc,phases   ] GC(10)   Pre Evacuate Collection Set: 0.8ms
[2026-03-28T12:19:06.546+0000][67][info ][gc,phases   ] GC(10)   Merge Heap Roots: 0.7ms
[2026-03-28T12:19:06.547+0000][67][info ][gc,phases   ] GC(10)   Evacuate Collection Set: 16.4ms
[2026-03-28T12:19:06.547+0000][67][info ][gc,phases   ] GC(10)   Post Evacuate Collection Set: 3.5ms
[2026-03-28T12:19:06.548+0000][67][info ][gc,phases   ] GC(10)   Other: 1.4ms
[2026-03-28T12:19:06.548+0000][67][trace][gc,age      ] GC(10) Age table with threshold 6 (max threshold 15)
[2026-03-28T12:19:06.549+0000][67][trace][gc,age      ] GC(10) - age   1:    8871144 bytes,    8871144 total
[2026-03-28T12:19:06.550+0000][67][trace][gc,age      ] GC(10) - age   2:    1266352 bytes,   10137496 total
[2026-03-28T12:19:06.551+0000][67][trace][gc,age      ] GC(10) - age   3:    7584848 bytes,   17722344 total
[2026-03-28T12:19:06.552+0000][67][trace][gc,age      ] GC(10) - age   4:    2539712 bytes,   20262056 total
[2026-03-28T12:19:06.553+0000][67][trace][gc,age      ] GC(10) - age   5:    6346648 bytes,   26608704 total
[2026-03-28T12:19:06.554+0000][67][trace][gc,age      ] GC(10) - age   6:     872080 bytes,   27480784 total
[2026-03-28T12:19:06.554+0000][67][info ][gc,heap     ] GC(10) Eden regions: 70->0(68)
[2026-03-28T12:19:06.555+0000][67][info ][gc,heap     ] GC(10) Survivor regions: 6->8(10)
[2026-03-28T12:19:06.556+0000][67][info ][gc,heap     ] GC(10) Old regions: 3->3
[2026-03-28T12:19:06.556+0000][67][info ][gc,heap     ] GC(10) Humongous regions: 0->0
[2026-03-28T12:19:06.557+0000][67][info ][gc,metaspace] GC(10) Metaspace: 46482K(47744K)->46482K(47744K) NonClass: 41004K(41728K)->41004K(41728K) Class: 5478K(6016K)->5478K(6016K)
[2026-03-28T12:19:06.557+0000][67][info ][gc          ] GC(10) Pause Young (Normal) (G1 Evacuation Pause) 312M->39M(512M) 35.389ms
[2026-03-28T12:19:06.558+0000][67][info ][gc,cpu      ] GC(10) User=0.17s Sys=0.00s Real=0.04s
[2026-03-28T12:19:06.559+0000][67][info ][safepoint   ] Safepoint "G1CollectForAllocation", Time since last: 706450560 ns, Reaching safepoint: 10293 ns, Cleanup: 97262 ns, At safepoint: 37037340 ns, Total: 37144895 ns
[2026-03-28T12:19:07.560+0000][67][info ][safepoint   ] Safepoint "Cleanup", Time since last: 1001086714 ns, Reaching safepoint: 255232 ns, Cleanup: 126069 ns, At safepoint: 78142 ns, Total: 459443 ns
[2026-03-28T12:19:08.562+0000][67][info ][safepoint   ] Safepoint "Cleanup", Time since last: 1001283585 ns, Reaching safepoint: 207466 ns, Cleanup: 58580 ns, At safepoint: 90564 ns, Total: 356610 ns
[2026-03-28T12:19:09.563+0000][67][info ][safepoint   ] Safepoint "Cleanup", Time since last: 1001239810 ns, Reaching safepoint: 187592 ns, Cleanup: 25636 ns, At safepoint: 77482 ns, Total: 290710 ns
[2026-03-28T12:19:10.503+0000][67][info ][gc,start    ] GC(11) Pause Young (Normal) (G1 Evacuation Pause)
[2026-03-28T12:19:10.504+0000][67][info ][gc,task     ] GC(11) Using 10 workers of 10 for evacuation
[2026-03-28T12:19:10.505+0000][67][debug][gc,age      ] GC(11) Desired survivor size 20971520 bytes, new threshold 5 (max threshold 15)
[2026-03-28T12:19:10.534+0000][67][info ][gc,phases   ] GC(11)   Pre Evacuate Collection Set: 0.5ms
[2026-03-28T12:19:10.535+0000][67][info ][gc,phases   ] GC(11)   Merge Heap Roots: 0.3ms
[2026-03-28T12:19:10.535+0000][67][info ][gc,phases   ] GC(11)   Evacuate Collection Set: 23.2ms
[2026-03-28T12:19:10.536+0000][67][info ][gc,phases   ] GC(11)   Post Evacuate Collection Set: 3.8ms
[2026-03-28T12:19:10.537+0000][67][info ][gc,phases   ] GC(11)   Other: 1.7ms
[2026-03-28T12:19:10.537+0000][67][trace][gc,age      ] GC(11) Age table with threshold 5 (max threshold 15)
[2026-03-28T12:19:10.538+0000][67][trace][gc,age      ] GC(11) - age   1:   16484872 bytes,   16484872 total
[2026-03-28T12:19:10.539+0000][67][trace][gc,age      ] GC(11) - age   2:    8396016 bytes,   24880888 total
[2026-03-28T12:19:10.539+0000][67][trace][gc,age      ] GC(11) - age   3:    1265752 bytes,   26146640 total
[2026-03-28T12:19:10.540+0000][67][trace][gc,age      ] GC(11) - age   4:    7583152 bytes,   33729792 total
[2026-03-28T12:19:10.541+0000][67][trace][gc,age      ] GC(11) - age   5:    2539712 bytes,   36269504 total
[2026-03-28T12:19:10.541+0000][67][info ][gc,heap     ] GC(11) Eden regions: 68->0(66)
[2026-03-28T12:19:10.542+0000][67][info ][gc,heap     ] GC(11) Survivor regions: 8->10(10)
[2026-03-28T12:19:10.543+0000][67][info ][gc,heap     ] GC(11) Old regions: 3->5
[2026-03-28T12:19:10.543+0000][67][info ][gc,heap     ] GC(11) Humongous regions: 0->0
[2026-03-28T12:19:10.544+0000][67][info ][gc,metaspace] GC(11) Metaspace: 52317K(53760K)->52317K(53760K) NonClass: 45938K(46784K)->45938K(46784K) Class: 6379K(6976K)->6379K(6976K)
[2026-03-28T12:19:10.545+0000][67][info ][gc          ] GC(11) Pause Young (Normal) (G1 Evacuation Pause) 311M->55M(512M) 41.602ms
[2026-03-28T12:19:10.546+0000][67][info ][gc,cpu      ] GC(11) User=0.28s Sys=0.00s Real=0.04s
[2026-03-28T12:19:10.546+0000][67][info ][safepoint   ] Safepoint "G1CollectForAllocation", Time since last: 939870065 ns, Reaching safepoint: 8859 ns, Cleanup: 117339 ns, At safepoint: 43104254 ns, Total: 43230452 ns
[2026-03-28T12:19:11.155+0000][67][info ][safepoint   ] Safepoint "ICBufferFull", Time since last: 608198758 ns, Reaching safepoint: 12616 ns, Cleanup: 226603 ns, At safepoint: 6643 ns, Total: 245862 ns
[2026-03-28T12:19:12.352+0000][67][info ][safepoint   ] Safepoint "Cleanup", Time since last: 1196405978 ns, Reaching safepoint: 8527 ns, Cleanup: 127965 ns, At safepoint: 61040 ns, Total: 197532 ns
[2026-03-28T12:19:12.450+0000][67][info ][gc,start    ] GC(12) Pause Young (Concurrent Start) (Metadata GC Threshold)
[2026-03-28T12:19:12.451+0000][67][info ][gc,task     ] GC(12) Using 10 workers of 10 for evacuation
[2026-03-28T12:19:12.452+0000][67][debug][gc,age      ] GC(12) Desired survivor size 20971520 bytes, new threshold 2 (max threshold 15)
[2026-03-28T12:19:12.473+0000][67][info ][gc,phases   ] GC(12)   Pre Evacuate Collection Set: 1.2ms
[2026-03-28T12:19:12.474+0000][67][info ][gc,phases   ] GC(12)   Merge Heap Roots: 0.3ms
[2026-03-28T12:19:12.475+0000][67][info ][gc,phases   ] GC(12)   Evacuate Collection Set: 15.7ms
[2026-03-28T12:19:12.476+0000][67][info ][gc,phases   ] GC(12)   Post Evacuate Collection Set: 2.9ms
[2026-03-28T12:19:12.477+0000][67][info ][gc,phases   ] GC(12)   Other: 2.2ms
[2026-03-28T12:19:12.477+0000][67][trace][gc,age      ] GC(12) Age table with threshold 2 (max threshold 15)
[2026-03-28T12:19:12.478+0000][67][trace][gc,age      ] GC(12) - age   1:    3113424 bytes,    3113424 total
[2026-03-28T12:19:12.479+0000][67][trace][gc,age      ] GC(12) - age   2:   16401400 bytes,   19514824 total
[2026-03-28T12:19:12.480+0000][67][info ][gc,heap     ] GC(12) Eden regions: 32->0(70)
[2026-03-28T12:19:12.481+0000][67][info ][gc,heap     ] GC(12) Survivor regions: 10->6(10)
[2026-03-28T12:19:12.481+0000][67][info ][gc,heap     ] GC(12) Old regions: 5->10
[2026-03-28T12:19:12.482+0000][67][info ][gc,heap     ] GC(12) Humongous regions: 0->0
[2026-03-28T12:19:12.483+0000][67][info ][gc,metaspace] GC(12) Metaspace: 58918K(60288K)->58918K(60288K) NonClass: 51750K(52544K)->51750K(52544K) Class: 7167K(7744K)->7167K(7744K)
[2026-03-28T12:19:12.484+0000][67][info ][gc          ] GC(12) Pause Young (Concurrent Start) (Metadata GC Threshold) 181M->60M(512M) 33.972ms
[2026-03-28T12:19:12.485+0000][67][info ][gc,cpu      ] GC(12) User=0.16s Sys=0.00s Real=0.03s
[2026-03-28T12:19:12.485+0000][67][info ][gc          ] GC(13) Concurrent Mark Cycle
[2026-03-28T12:19:12.487+0000][67][info ][gc,marking  ] GC(13) Concurrent Scan Root Regions
[2026-03-28T12:19:12.486+0000][67][info ][safepoint   ] Safepoint "CollectForMetadataAllocation", Time since last: 98568435 ns, Reaching safepoint: 9902 ns, Cleanup: 30468 ns, At safepoint: 36156372 ns, Total: 36196742 ns
[2026-03-28T12:19:12.506+0000][67][info ][gc,marking  ] GC(13) Concurrent Scan Root Regions 18.721ms
[2026-03-28T12:19:12.507+0000][67][info ][gc,marking  ] GC(13) Concurrent Mark
[2026-03-28T12:19:12.508+0000][67][info ][gc,marking  ] GC(13) Concurrent Mark From Roots
[2026-03-28T12:19:12.509+0000][67][info ][gc,task     ] GC(13) Using 3 workers of 3 for marking
[2026-03-28T12:19:12.525+0000][67][info ][gc,marking  ] GC(13) Concurrent Mark From Roots 16.935ms
[2026-03-28T12:19:12.526+0000][67][info ][gc,marking  ] GC(13) Concurrent Preclean
[2026-03-28T12:19:12.527+0000][67][info ][gc,marking  ] GC(13) Concurrent Preclean 1.154ms
[2026-03-28T12:19:12.528+0000][67][info ][gc,start    ] GC(13) Pause Remark
[2026-03-28T12:19:12.546+0000][67][info ][gc          ] GC(13) Pause Remark 62M->62M(512M) 17.484ms
[2026-03-28T12:19:12.547+0000][67][info ][gc,cpu      ] GC(13) User=0.09s Sys=0.00s Real=0.01s
[2026-03-28T12:19:12.548+0000][67][info ][safepoint   ] Safepoint "G1PauseRemark", Time since last: 41761714 ns, Reaching safepoint: 153234 ns, Cleanup: 20713 ns, At safepoint: 19458818 ns, Total: 19632765 ns
[2026-03-28T12:19:12.549+0000][67][info ][gc,marking  ] GC(13) Concurrent Mark 42.019ms
[2026-03-28T12:19:12.550+0000][67][info ][gc,marking  ] GC(13) Concurrent Rebuild Remembered Sets and Scrub Regions
[2026-03-28T12:19:12.561+0000][67][info ][gc,marking  ] GC(13) Concurrent Rebuild Remembered Sets and Scrub Regions 11.595ms
[2026-03-28T12:19:12.563+0000][67][info ][gc,start    ] GC(13) Pause Cleanup
[2026-03-28T12:19:12.564+0000][67][info ][gc          ] GC(13) Pause Cleanup 62M->62M(512M) 1.057ms
[2026-03-28T12:19:12.564+0000][67][info ][gc,cpu      ] GC(13) User=0.00s Sys=0.00s Real=0.00s
[2026-03-28T12:19:12.565+0000][67][info ][safepoint   ] Safepoint "G1PauseCleanup", Time since last: 14750463 ns, Reaching safepoint: 182259 ns, Cleanup: 38784 ns, At safepoint: 2246916 ns, Total: 2467959 ns
[2026-03-28T12:19:12.566+0000][67][info ][gc,marking  ] GC(13) Concurrent Clear Claimed Marks
[2026-03-28T12:19:12.567+0000][67][info ][gc,marking  ] GC(13) Concurrent Clear Claimed Marks 0.945ms
[2026-03-28T12:19:12.567+0000][67][info ][gc,marking  ] GC(13) Concurrent Cleanup for Next Mark
[2026-03-28T12:19:12.569+0000][67][info ][gc,marking  ] GC(13) Concurrent Cleanup for Next Mark 1.419ms
[2026-03-28T12:19:12.570+0000][67][info ][gc          ] GC(13) Concurrent Mark Cycle 84.284ms
[2026-03-28T12:19:13.566+0000][67][info ][safepoint   ] Safepoint "Cleanup", Time since last: 1001057718 ns, Reaching safepoint: 5699 ns, Cleanup: 75125 ns, At safepoint: 3334 ns, Total: 84158 ns
[2026-03-28T12:19:14.568+0000][67][info ][safepoint   ] Safepoint "Cleanup", Time since last: 1001036562 ns, Reaching safepoint: 223775 ns, Cleanup: 147786 ns, At safepoint: 63498 ns, Total: 435059 ns
[2026-03-28T12:19:15.571+0000][67][info ][safepoint   ] Safepoint "Cleanup", Time since last: 1001129631 ns, Reaching safepoint: 2319734 ns, Cleanup: 44724 ns, At safepoint: 151563 ns, Total: 2516021 ns
[2026-03-28T12:19:16.083+0000][67][info ][gc,start    ] GC(14) Pause Young (Normal) (G1 Evacuation Pause)
[2026-03-28T12:19:16.084+0000][67][info ][gc,task     ] GC(14) Using 10 workers of 10 for evacuation
[2026-03-28T12:19:16.085+0000][67][debug][gc,age      ] GC(14) Desired survivor size 20971520 bytes, new threshold 15 (max threshold 15)
[2026-03-28T12:19:16.100+0000][67][info ][gc,phases   ] GC(14)   Pre Evacuate Collection Set: 0.6ms
[2026-03-28T12:19:16.101+0000][67][info ][gc,phases   ] GC(14)   Merge Heap Roots: 0.3ms
[2026-03-28T12:19:16.102+0000][67][info ][gc,phases   ] GC(14)   Evacuate Collection Set: 9.6ms
[2026-03-28T12:19:16.103+0000][67][info ][gc,phases   ] GC(14)   Post Evacuate Collection Set: 3.7ms
[2026-03-28T12:19:16.104+0000][67][info ][gc,phases   ] GC(14)   Other: 2.0ms
[2026-03-28T12:19:16.105+0000][67][trace][gc,age      ] GC(14) Age table with threshold 15 (max threshold 15)
[2026-03-28T12:19:16.105+0000][67][trace][gc,age      ] GC(14) - age   1:    3054312 bytes,    3054312 total
[2026-03-28T12:19:16.106+0000][67][trace][gc,age      ] GC(14) - age   2:    3046736 bytes,    6101048 total
[2026-03-28T12:19:16.107+0000][67][trace][gc,age      ] GC(14) - age   3:   16381952 bytes,   22483000 total
[2026-03-28T12:19:16.108+0000][67][info ][gc,heap     ] GC(14) Eden regions: 70->0(70)
[2026-03-28T12:19:16.109+0000][67][info ][gc,heap     ] GC(14) Survivor regions: 6->6(10)
[2026-03-28T12:19:16.109+0000][67][info ][gc,heap     ] GC(14) Old regions: 10->10
[2026-03-28T12:19:16.110+0000][67][info ][gc,heap     ] GC(14) Humongous regions: 0->0
[2026-03-28T12:19:16.111+0000][67][info ][gc,metaspace] GC(14) Metaspace: 69914K(71424K)->69914K(71424K) NonClass: 60966K(61824K)->60966K(61824K) Class: 8948K(9600K)->8948K(9600K)
[2026-03-28T12:19:16.111+0000][67][info ][gc          ] GC(14) Pause Young (Normal) (G1 Evacuation Pause) 340M->62M(512M) 28.129ms
[2026-03-28T12:19:16.112+0000][67][info ][gc,cpu      ] GC(14) User=0.10s Sys=0.02s Real=0.03s
[2026-03-28T12:19:16.113+0000][67][info ][safepoint   ] Safepoint "G1CollectForAllocation", Time since last: 511877158 ns, Reaching safepoint: 12506 ns, Cleanup: 23221 ns, At safepoint: 30080667 ns, Total: 30116394 ns
[2026-03-28T12:19:18.045+0000][67][info ][safepoint   ] Safepoint "Cleanup", Time since last: 1929401302 ns, Reaching safepoint: 2313683 ns, Cleanup: 237668 ns, At safepoint: 75871 ns, Total: 2627222 ns
[2026-03-28T12:19:19.352+0000][67][info ][safepoint   ] Safepoint "Cleanup", Time since last: 1306188049 ns, Reaching safepoint: 251362 ns, Cleanup: 89392 ns, At safepoint: 96701 ns, Total: 437455 ns
[2026-03-28T12:19:20.354+0000][67][info ][safepoint   ] Safepoint "Cleanup", Time since last: 1001338903 ns, Reaching safepoint: 224483 ns, Cleanup: 97489 ns, At safepoint: 66943 ns, Total: 388915 ns
[2026-03-28T12:19:21.669+0000][67][info ][gc,start    ] GC(15) Pause Young (Concurrent Start) (Metadata GC Threshold)
[2026-03-28T12:19:21.670+0000][67][info ][gc,task     ] GC(15) Using 10 workers of 10 for evacuation
[2026-03-28T12:19:21.671+0000][67][debug][gc,age      ] GC(15) Desired survivor size 20971520 bytes, new threshold 3 (max threshold 15)
[2026-03-28T12:19:21.698+0000][67][info ][gc,phases   ] GC(15)   Pre Evacuate Collection Set: 1.1ms
[2026-03-28T12:19:21.699+0000][67][info ][gc,phases   ] GC(15)   Merge Heap Roots: 0.4ms
[2026-03-28T12:19:21.700+0000][67][info ][gc,phases   ] GC(15)   Evacuate Collection Set: 18.3ms
[2026-03-28T12:19:21.701+0000][67][info ][gc,phases   ] GC(15)   Post Evacuate Collection Set: 5.9ms
[2026-03-28T12:19:21.702+0000][67][info ][gc,phases   ] GC(15)   Other: 2.1ms
[2026-03-28T12:19:21.703+0000][67][trace][gc,age      ] GC(15) Age table with threshold 3 (max threshold 15)
[2026-03-28T12:19:21.704+0000][67][trace][gc,age      ] GC(15) - age   1:   10837000 bytes,   10837000 total
[2026-03-28T12:19:21.705+0000][67][trace][gc,age      ] GC(15) - age   2:    2807840 bytes,   13644840 total
[2026-03-28T12:19:21.706+0000][67][trace][gc,age      ] GC(15) - age   3:    3029256 bytes,   16674096 total
[2026-03-28T12:19:21.707+0000][67][info ][gc,heap     ] GC(15) Eden regions: 63->0(71)
[2026-03-28T12:19:21.708+0000][67][info ][gc,heap     ] GC(15) Survivor regions: 6->5(10)
[2026-03-28T12:19:21.708+0000][67][info ][gc,heap     ] GC(15) Old regions: 10->14
[2026-03-28T12:19:21.709+0000][67][info ][gc,heap     ] GC(15) Humongous regions: 0->0
[2026-03-28T12:19:21.710+0000][67][info ][gc,metaspace] GC(15) Metaspace: 99087K(100800K)->99087K(100800K) NonClass: 86136K(87104K)->86136K(87104K) Class: 12951K(13696K)->12951K(13696K)
[2026-03-28T12:19:21.711+0000][67][info ][gc          ] GC(15) Pause Young (Concurrent Start) (Metadata GC Threshold) 314M->73M(512M) 41.466ms
[2026-03-28T12:19:21.712+0000][67][info ][gc,cpu      ] GC(15) User=0.18s Sys=0.01s Real=0.04s
[2026-03-28T12:19:21.712+0000][67][info ][gc          ] GC(16) Concurrent Mark Cycle
[2026-03-28T12:19:21.713+0000][67][info ][gc,marking  ] GC(16) Concurrent Scan Root Regions
[2026-03-28T12:19:21.713+0000][67][info ][safepoint   ] Safepoint "CollectForMetadataAllocation", Time since last: 1315485178 ns, Reaching safepoint: 12258 ns, Cleanup: 207854 ns, At safepoint: 43473609 ns, Total: 43693721 ns
[2026-03-28T12:19:21.739+0000][67][info ][gc,marking  ] GC(16) Concurrent Scan Root Regions 26.038ms
[2026-03-28T12:19:21.740+0000][67][info ][gc,marking  ] GC(16) Concurrent Mark
[2026-03-28T12:19:21.741+0000][67][info ][gc,marking  ] GC(16) Concurrent Mark From Roots
[2026-03-28T12:19:21.742+0000][67][info ][gc,task     ] GC(16) Using 3 workers of 3 for marking
[2026-03-28T12:19:21.776+0000][67][info ][gc,marking  ] GC(16) Concurrent Mark From Roots 35.063ms
[2026-03-28T12:19:21.777+0000][67][info ][gc,marking  ] GC(16) Concurrent Preclean
[2026-03-28T12:19:21.778+0000][67][info ][gc,marking  ] GC(16) Concurrent Preclean 1.127ms
[2026-03-28T12:19:21.780+0000][67][info ][gc,start    ] GC(16) Pause Remark
[2026-03-28T12:19:21.792+0000][67][info ][gc          ] GC(16) Pause Remark 76M->76M(512M) 12.292ms
[2026-03-28T12:19:21.793+0000][67][info ][gc,cpu      ] GC(16) User=0.04s Sys=0.01s Real=0.01s
[2026-03-28T12:19:21.794+0000][67][info ][safepoint   ] Safepoint "G1PauseRemark", Time since last: 66939646 ns, Reaching safepoint: 297603 ns, Cleanup: 32333 ns, At safepoint: 14288937 ns, Total: 14618873 ns
[2026-03-28T12:19:21.795+0000][67][info ][gc,marking  ] GC(16) Concurrent Mark 55.025ms
[2026-03-28T12:19:21.796+0000][67][info ][gc,marking  ] GC(16) Concurrent Rebuild Remembered Sets and Scrub Regions
[2026-03-28T12:19:21.825+0000][67][info ][gc,marking  ] GC(16) Concurrent Rebuild Remembered Sets and Scrub Regions 28.959ms
[2026-03-28T12:19:21.827+0000][67][info ][gc,start    ] GC(16) Pause Cleanup
[2026-03-28T12:19:21.828+0000][67][info ][gc          ] GC(16) Pause Cleanup 79M->79M(512M) 1.267ms
[2026-03-28T12:19:21.829+0000][67][info ][gc,cpu      ] GC(16) User=0.01s Sys=0.00s Real=0.01s
[2026-03-28T12:19:21.830+0000][67][info ][safepoint   ] Safepoint "G1PauseCleanup", Time since last: 32052929 ns, Reaching safepoint: 194752 ns, Cleanup: 37320 ns, At safepoint: 3288468 ns, Total: 3520540 ns
[2026-03-28T12:19:21.831+0000][67][info ][gc,marking  ] GC(16) Concurrent Clear Claimed Marks
[2026-03-28T12:19:21.832+0000][67][info ][gc,marking  ] GC(16) Concurrent Clear Claimed Marks 1.082ms
[2026-03-28T12:19:21.833+0000][67][info ][gc,marking  ] GC(16) Concurrent Cleanup for Next Mark
[2026-03-28T12:19:21.835+0000][67][info ][gc,marking  ] GC(16) Concurrent Cleanup for Next Mark 2.120ms
[2026-03-28T12:19:21.836+0000][67][info ][gc          ] GC(16) Concurrent Mark Cycle 124.558ms
[2026-03-28T12:19:23.061+0000][67][info ][safepoint   ] Safepoint "Cleanup", Time since last: 1230398773 ns, Reaching safepoint: 177893 ns, Cleanup: 220965 ns, At safepoint: 67857 ns, Total: 466715 ns
[2026-03-28T12:19:24.058+0000][67][info ][safepoint   ] Safepoint "Cleanup", Time since last: 1001192167 ns, Reaching safepoint: 206269 ns, Cleanup: 81014 ns, At safepoint: 87408 ns, Total: 374691 ns
[2026-03-28T12:19:24.851+0000][67][info ][safepoint   ] Safepoint "ICBufferFull", Time since last: 792399555 ns, Reaching safepoint: 17619 ns, Cleanup: 241234 ns, At safepoint: 8684 ns, Total: 267537 ns
[2026-03-28T12:19:25.340+0000][67][info ][safepoint   ] Safepoint "ICBufferFull", Time since last: 487982236 ns, Reaching safepoint: 22145 ns, Cleanup: 370786 ns, At safepoint: 115254 ns, Total: 508185 ns
[2026-03-28T12:19:25.914+0000][67][info ][safepoint   ] Safepoint "ICBufferFull", Time since last: 574360435 ns, Reaching safepoint: 21588 ns, Cleanup: 244499 ns, At safepoint: 247144 ns, Total: 513231 ns
[2026-03-28T12:19:26.798+0000][67][info ][safepoint   ] Safepoint "ICBufferFull", Time since last: 883677816 ns, Reaching safepoint: 24269 ns, Cleanup: 307724 ns, At safepoint: 11502 ns, Total: 343495 ns
[2026-03-28T12:19:27.767+0000][67][info ][safepoint   ] Safepoint "ICBufferFull", Time since last: 968185124 ns, Reaching safepoint: 220027 ns, Cleanup: 236108 ns, At safepoint: 105232 ns, Total: 561367 ns
[2026-03-28T12:19:28.816+0000][67][info ][safepoint   ] Safepoint "Cleanup", Time since last: 1048198673 ns, Reaching safepoint: 14539 ns, Cleanup: 199551 ns, At safepoint: 92031 ns, Total: 306121 ns
[2026-03-28T12:19:29.096+0000][67][info ][safepoint   ] Safepoint "G1CollectForAllocation", Time since last: 279561129 ns, Reaching safepoint: 22657 ns, Cleanup: 134344 ns, At safepoint: 209020 ns, Total: 366021 ns
[2026-03-28T12:19:29.097+0000][67][info ][gc,start    ] GC(17) Pause Young (Prepare Mixed) (GCLocker Initiated GC)
[2026-03-28T12:19:29.098+0000][67][info ][gc,task     ] GC(17) Using 10 workers of 10 for evacuation
[2026-03-28T12:19:29.099+0000][67][debug][gc,age      ] GC(17) Desired survivor size 20971520 bytes, new threshold 15 (max threshold 15)
[2026-03-28T12:19:29.137+0000][67][info ][gc,phases   ] GC(17)   Pre Evacuate Collection Set: 0.8ms
[2026-03-28T12:19:29.138+0000][67][info ][gc,phases   ] GC(17)   Merge Heap Roots: 0.5ms
[2026-03-28T12:19:29.139+0000][67][info ][gc,phases   ] GC(17)   Evacuate Collection Set: 29.5ms
[2026-03-28T12:19:29.139+0000][67][info ][gc,phases   ] GC(17)   Post Evacuate Collection Set: 6.9ms
[2026-03-28T12:19:29.140+0000][67][info ][gc,phases   ] GC(17)   Other: 1.5ms
[2026-03-28T12:19:29.141+0000][67][trace][gc,age      ] GC(17) Age table with threshold 15 (max threshold 15)
[2026-03-28T12:19:29.141+0000][67][trace][gc,age      ] GC(17) - age   1:   14663984 bytes,   14663984 total
[2026-03-28T12:19:29.142+0000][67][trace][gc,age      ] GC(17) - age   2:   10075568 bytes,   24739552 total
[2026-03-28T12:19:29.143+0000][67][trace][gc,age      ] GC(17) - age   3:    2721664 bytes,   27461216 total
[2026-03-28T12:19:29.144+0000][67][trace][gc,age      ] GC(17) - age   4:    2943120 bytes,   30404336 total
[2026-03-28T12:19:29.144+0000][67][info ][gc,heap     ] GC(17) Eden regions: 71->0(68)
[2026-03-28T12:19:29.145+0000][67][info ][gc,heap     ] GC(17) Survivor regions: 5->8(10)
[2026-03-28T12:19:29.145+0000][67][info ][gc,heap     ] GC(17) Old regions: 14->14
[2026-03-28T12:19:29.146+0000][67][info ][gc,heap     ] GC(17) Humongous regions: 0->0
[2026-03-28T12:19:29.146+0000][67][info ][gc,metaspace] GC(17) Metaspace: 123675K(127168K)->123675K(127168K) NonClass: 106678K(108544K)->106678K(108544K) Class: 16996K(18624K)->16996K(18624K)
[2026-03-28T12:19:29.147+0000][67][info ][gc          ] GC(17) Pause Young (Prepare Mixed) (GCLocker Initiated GC) 357M->86M(512M) 49.531ms
[2026-03-28T12:19:29.147+0000][67][info ][gc,cpu      ] GC(17) User=0.25s Sys=0.02s Real=0.05s
[2026-03-28T12:19:29.149+0000][67][info ][safepoint   ] Safepoint "G1CollectForAllocation", Time since last: 1374959 ns, Reaching safepoint: 212744 ns, Cleanup: 7266 ns, At safepoint: 51426808 ns, Total: 51646818 ns
[2026-03-28T12:19:29.811+0000][67][info ][safepoint   ] Safepoint "ICBufferFull", Time since last: 662106934 ns, Reaching safepoint: 34889 ns, Cleanup: 472604 ns, At safepoint: 185105 ns, Total: 692598 ns
[2026-03-28T12:19:30.391+0000][67][info ][safepoint   ] Safepoint "ICBufferFull", Time since last: 579565594 ns, Reaching safepoint: 34986 ns, Cleanup: 242000 ns, At safepoint: 178138 ns, Total: 455124 ns
[2026-03-28T12:19:31.349+0000][67][info ][safepoint   ] Safepoint "ICBufferFull", Time since last: 957234612 ns, Reaching safepoint: 54372 ns, Cleanup: 539442 ns, At safepoint: 213419 ns, Total: 807233 ns
[2026-03-28T12:19:31.896+0000][67][info ][safepoint   ] Safepoint "ICBufferFull", Time since last: 545883178 ns, Reaching safepoint: 219235 ns, Cleanup: 388968 ns, At safepoint: 240024 ns, Total: 848227 ns
[2026-03-28T12:19:32.465+0000][67][info ][safepoint   ] Safepoint "ICBufferFull", Time since last: 568491065 ns, Reaching safepoint: 240809 ns, Cleanup: 265952 ns, At safepoint: 247433 ns, Total: 754194 ns
[2026-03-28T12:19:32.876+0000][67][info ][safepoint   ] Safepoint "ICBufferFull", Time since last: 409497950 ns, Reaching safepoint: 68761 ns, Cleanup: 382239 ns, At safepoint: 118611 ns, Total: 569611 ns
[2026-03-28T12:19:33.899+0000][67][info ][safepoint   ] Safepoint "Cleanup", Time since last: 1022024822 ns, Reaching safepoint: 958837 ns, Cleanup: 264500 ns, At safepoint: 291858 ns, Total: 1515195 ns
[2026-03-28T12:19:35.092+0000][67][info ][safepoint   ] Safepoint "Cleanup", Time since last: 1192228328 ns, Reaching safepoint: 27811 ns, Cleanup: 318034 ns, At safepoint: 16273 ns, Total: 362118 ns
[2026-03-28T12:19:36.093+0000][67][info ][safepoint   ] Safepoint "Cleanup", Time since last: 1001478500 ns, Reaching safepoint: 57606 ns, Cleanup: 19962 ns, At safepoint: 114402 ns, Total: 191970 ns
[2026-03-28T12:19:37.095+0000][67][info ][safepoint   ] Safepoint "Cleanup", Time since last: 1001179763 ns, Reaching safepoint: 67998 ns, Cleanup: 55463 ns, At safepoint: 7920 ns, Total: 131381 ns
[2026-03-28T12:19:38.096+0000][67][info ][safepoint   ] Safepoint "Cleanup", Time since last: 1001129559 ns, Reaching safepoint: 62328 ns, Cleanup: 51184 ns, At safepoint: 11293 ns, Total: 124805 ns
[2026-03-28T12:19:39.097+0000][67][info ][safepoint   ] Safepoint "Cleanup", Time since last: 1001260133 ns, Reaching safepoint: 42543 ns, Cleanup: 20796 ns, At safepoint: 7839 ns, Total: 71178 ns
[2026-03-28T12:19:40.099+0000][67][info ][safepoint   ] Safepoint "Cleanup", Time since last: 1001485619 ns, Reaching safepoint: 29478 ns, Cleanup: 19649 ns, At safepoint: 6544 ns, Total: 55671 ns
[2026-03-28T12:19:42.101+0000][67][info ][safepoint   ] Safepoint "Cleanup", Time since last: 2002317229 ns, Reaching safepoint: 58127 ns, Cleanup: 114326 ns, At safepoint: 17655 ns, Total: 190108 ns
[2026-03-28T12:19:43.103+0000][67][info ][safepoint   ] Safepoint "Cleanup", Time since last: 1001498773 ns, Reaching safepoint: 97109 ns, Cleanup: 36831 ns, At safepoint: 15033 ns, Total: 148973 ns
[2026-03-28T12:19:44.833+0000][67][info ][safepoint   ] Safepoint "Cleanup", Time since last: 1730193638 ns, Reaching safepoint: 89630 ns, Cleanup: 88969 ns, At safepoint: 13050 ns, Total: 191649 ns
[2026-03-28T12:19:45.835+0000][67][info ][safepoint   ] Safepoint "Cleanup", Time since last: 1001502119 ns, Reaching safepoint: 142412 ns, Cleanup: 29490 ns, At safepoint: 16655 ns, Total: 188557 ns
[2026-03-28T12:19:46.837+0000][67][info ][safepoint   ] Safepoint "Cleanup", Time since last: 1001440180 ns, Reaching safepoint: 82857 ns, Cleanup: 28189 ns, At safepoint: 13413 ns, Total: 124459 ns
[2026-03-28T12:19:47.843+0000][67][info ][safepoint   ] Safepoint "Cleanup", Time since last: 1006596156 ns, Reaching safepoint: 152256 ns, Cleanup: 38832 ns, At safepoint: 16177 ns, Total: 207265 ns
[2026-03-28T12:19:49.849+0000][67][info ][safepoint   ] Safepoint "Cleanup", Time since last: 2005872346 ns, Reaching safepoint: 67971 ns, Cleanup: 29112 ns, At safepoint: 12636 ns, Total: 109719 ns
[2026-03-28T12:19:51.852+0000][67][info ][safepoint   ] Safepoint "Cleanup", Time since last: 2002837379 ns, Reaching safepoint: 163488 ns, Cleanup: 28069 ns, At safepoint: 14048 ns, Total: 205605 ns
[2026-03-28T12:19:52.854+0000][67][info ][safepoint   ] Safepoint "Cleanup", Time since last: 1001545173 ns, Reaching safepoint: 446449 ns, Cleanup: 33339 ns, At safepoint: 21005 ns, Total: 500793 ns
[2026-03-28T12:19:56.853+0000][67][info ][safepoint   ] Safepoint "Cleanup", Time since last: 4002209404 ns, Reaching safepoint: 92118 ns, Cleanup: 29293 ns, At safepoint: 88426 ns, Total: 209837 ns
[2026-03-28T12:19:57.855+0000][67][info ][safepoint   ] Safepoint "Cleanup", Time since last: 1001545180 ns, Reaching safepoint: 50998 ns, Cleanup: 48871 ns, At safepoint: 100590 ns, Total: 200459 ns
[2026-03-28T12:19:58.856+0000][67][info ][safepoint   ] Safepoint "Cleanup", Time since last: 1001349185 ns, Reaching safepoint: 72449 ns, Cleanup: 31179 ns, At safepoint: 116527 ns, Total: 220155 ns
[2026-03-28T12:19:59.858+0000][67][info ][safepoint   ] Safepoint "Cleanup", Time since last: 1001399898 ns, Reaching safepoint: 109023 ns, Cleanup: 34988 ns, At safepoint: 11938 ns, Total: 155949 ns
[2026-03-28T12:20:01.860+0000][67][info ][safepoint   ] Safepoint "Cleanup", Time since last: 2002259617 ns, Reaching safepoint: 81337 ns, Cleanup: 33559 ns, At safepoint: 12074 ns, Total: 126970 ns
[2026-03-28T12:20:02.862+0000][67][info ][safepoint   ] Safepoint "Cleanup", Time since last: 1001555956 ns, Reaching safepoint: 88359 ns, Cleanup: 36656 ns, At safepoint: 152168 ns, Total: 277183 ns
[2026-03-28T12:20:03.864+0000][67][info ][safepoint   ] Safepoint "Cleanup", Time since last: 1002027531 ns, Reaching safepoint: 56518 ns, Cleanup: 126194 ns, At safepoint: 14892 ns, Total: 197604 ns
[2026-03-28T12:20:04.866+0000][67][info ][safepoint   ] Safepoint "Cleanup", Time since last: 1001638086 ns, Reaching safepoint: 83288 ns, Cleanup: 27319 ns, At safepoint: 14473 ns, Total: 125080 ns
[2026-03-28T12:20:06.868+0000][67][info ][safepoint   ] Safepoint "Cleanup", Time since last: 2001538922 ns, Reaching safepoint: 90546 ns, Cleanup: 51668 ns, At safepoint: 225284 ns, Total: 367498 ns
[2026-03-28T12:20:07.869+0000][67][info ][safepoint   ] Safepoint "Cleanup", Time since last: 1001330663 ns, Reaching safepoint: 81626 ns, Cleanup: 28867 ns, At safepoint: 12820 ns, Total: 123313 ns
[2026-03-28T12:20:09.871+0000][67][info ][safepoint   ] Safepoint "Cleanup", Time since last: 2002059227 ns, Reaching safepoint: 87990 ns, Cleanup: 27922 ns, At safepoint: 12542 ns, Total: 128454 ns
[2026-03-28T12:20:10.874+0000][67][info ][safepoint   ] Safepoint "Cleanup", Time since last: 1002747845 ns, Reaching safepoint: 88485 ns, Cleanup: 31106 ns, At safepoint: 14137 ns, Total: 133728 ns
[2026-03-28T12:20:11.876+0000][67][info ][safepoint   ] Safepoint "Cleanup", Time since last: 1001718545 ns, Reaching safepoint: 84105 ns, Cleanup: 33978 ns, At safepoint: 13272 ns, Total: 131355 ns
[2026-03-28T12:20:12.879+0000][67][info ][safepoint   ] Safepoint "Cleanup", Time since last: 1002398816 ns, Reaching safepoint: 85781 ns, Cleanup: 148843 ns, At safepoint: 27394 ns, Total: 262018 ns
[2026-03-28T12:20:16.881+0000][67][info ][safepoint   ] Safepoint "Cleanup", Time since last: 4002270522 ns, Reaching safepoint: 163975 ns, Cleanup: 42389 ns, At safepoint: 15196 ns, Total: 221560 ns
[2026-03-28T12:20:20.884+0000][67][info ][safepoint   ] Safepoint "Cleanup", Time since last: 4002268631 ns, Reaching safepoint: 77515 ns, Cleanup: 25590 ns, At safepoint: 12115 ns, Total: 115220 ns
[2026-03-28T12:20:21.885+0000][67][info ][safepoint   ] Safepoint "Cleanup", Time since last: 1001114996 ns, Reaching safepoint: 79355 ns, Cleanup: 28945 ns, At safepoint: 11443 ns, Total: 119743 ns
[2026-03-28T12:20:22.886+0000][67][info ][safepoint   ] Safepoint "Cleanup", Time since last: 1001181967 ns, Reaching safepoint: 96328 ns, Cleanup: 30886 ns, At safepoint: 15471 ns, Total: 142685 ns
[2026-03-28T12:20:26.885+0000][67][info ][safepoint   ] Safepoint "Cleanup", Time since last: 4002454265 ns, Reaching safepoint: 78777 ns, Cleanup: 32875 ns, At safepoint: 11409 ns, Total: 123061 ns
[2026-03-28T12:20:27.887+0000][67][info ][safepoint   ] Safepoint "Cleanup", Time since last: 1001414289 ns, Reaching safepoint: 82496 ns, Cleanup: 43553 ns, At safepoint: 126558 ns, Total: 252607 ns
[2026-03-28T12:20:29.170+0000][67][info ][safepoint   ] Safepoint "Cleanup", Time since last: 1282918079 ns, Reaching safepoint: 89641 ns, Cleanup: 108070 ns, At safepoint: 19678 ns, Total: 217389 ns
[2026-03-28T12:20:30.172+0000][67][info ][safepoint   ] Safepoint "Cleanup", Time since last: 1001599137 ns, Reaching safepoint: 93091 ns, Cleanup: 31149 ns, At safepoint: 15067 ns, Total: 139307 ns
[2026-03-28T12:20:32.174+0000][67][info ][safepoint   ] Safepoint "Cleanup", Time since last: 2001706419 ns, Reaching safepoint: 91968 ns, Cleanup: 76409 ns, At safepoint: 16052 ns, Total: 184429 ns
[2026-03-28T12:20:33.175+0000][67][info ][safepoint   ] Safepoint "Cleanup", Time since last: 1001522500 ns, Reaching safepoint: 97310 ns, Cleanup: 43253 ns, At safepoint: 18140 ns, Total: 158703 ns
[2026-03-28T12:20:35.177+0000][67][info ][safepoint   ] Safepoint "Cleanup", Time since last: 2001846975 ns, Reaching safepoint: 49743 ns, Cleanup: 49328 ns, At safepoint: 13454 ns, Total: 112525 ns
[2026-03-28T12:20:36.179+0000][67][info ][safepoint   ] Safepoint "Cleanup", Time since last: 1001207278 ns, Reaching safepoint: 97183 ns, Cleanup: 68844 ns, At safepoint: 13694 ns, Total: 179721 ns
[2026-03-28T12:20:37.180+0000][67][info ][safepoint   ] Safepoint "Cleanup", Time since last: 1001088236 ns, Reaching safepoint: 53253 ns, Cleanup: 46298 ns, At safepoint: 14672 ns, Total: 114223 ns
[2026-03-28T12:20:38.552+0000][67][info ][safepoint   ] Safepoint "Cleanup", Time since last: 1371635286 ns, Reaching safepoint: 54222 ns, Cleanup: 46041 ns, At safepoint: 17175 ns, Total: 117438 ns
[2026-03-28T12:20:39.566+0000][67][info ][safepoint   ] Safepoint "Cleanup", Time since last: 1014218080 ns, Reaching safepoint: 50608 ns, Cleanup: 157153 ns, At safepoint: 189882 ns, Total: 397643 ns
[2026-03-28T12:20:41.469+0000][67][info ][safepoint   ] Safepoint "Cleanup", Time since last: 1900084618 ns, Reaching safepoint: 2225414 ns, Cleanup: 197791 ns, At safepoint: 160553 ns, Total: 2583758 ns
[2026-03-28T12:20:42.343+0000][67][info ][gc,start    ] GC(18) Pause Young (Mixed) (G1 Evacuation Pause)
[2026-03-28T12:20:42.346+0000][67][info ][gc,task     ] GC(18) Using 10 workers of 10 for evacuation
[2026-03-28T12:20:42.347+0000][67][debug][gc,age      ] GC(18) Desired survivor size 20971520 bytes, new threshold 2 (max threshold 15)
[2026-03-28T12:20:42.544+0000][67][info ][gc,phases   ] GC(18)   Pre Evacuate Collection Set: 1.4ms
[2026-03-28T12:20:42.545+0000][67][info ][gc,phases   ] GC(18)   Merge Heap Roots: 0.6ms
[2026-03-28T12:20:42.547+0000][67][info ][gc,phases   ] GC(18)   Evacuate Collection Set: 154.6ms
[2026-03-28T12:20:42.548+0000][67][info ][gc,phases   ] GC(18)   Post Evacuate Collection Set: 38.2ms
[2026-03-28T12:20:42.549+0000][67][info ][gc,phases   ] GC(18)   Other: 3.3ms
[2026-03-28T12:20:42.551+0000][67][trace][gc,age      ] GC(18) Age table with threshold 2 (max threshold 15)
[2026-03-28T12:20:42.552+0000][67][trace][gc,age      ] GC(18) - age   1:   13509624 bytes,   13509624 total
[2026-03-28T12:20:42.554+0000][67][trace][gc,age      ] GC(18) - age   2:   13862568 bytes,   27372192 total
[2026-03-28T12:20:42.557+0000][67][info ][gc,heap     ] GC(18) Eden regions: 68->0(68)
[2026-03-28T12:20:42.558+0000][67][info ][gc,heap     ] GC(18) Survivor regions: 8->8(10)
[2026-03-28T12:20:42.559+0000][67][info ][gc,heap     ] GC(18) Old regions: 14->18
[2026-03-28T12:20:42.559+0000][67][info ][gc,heap     ] GC(18) Humongous regions: 0->0
[2026-03-28T12:20:42.561+0000][67][info ][gc,metaspace] GC(18) Metaspace: 133661K(137344K)->133661K(137344K) NonClass: 115244K(117184K)->115244K(117184K) Class: 18416K(20160K)->18416K(20160K)
[2026-03-28T12:20:42.563+0000][67][info ][gc          ] GC(18) Pause Young (Mixed) (G1 Evacuation Pause) 358M->99M(512M) 219.418ms
[2026-03-28T12:20:42.569+0000][67][info ][gc,cpu      ] GC(18) User=0.56s Sys=0.00s Real=0.23s
[2026-03-28T12:20:42.576+0000][67][info ][safepoint   ] Safepoint "G1CollectForAllocation", Time since last: 871167926 ns, Reaching safepoint: 2766098 ns, Cleanup: 415852 ns, At safepoint: 232681382 ns, Total: 235863332 ns
[2026-03-28T12:20:43.584+0000][67][info ][safepoint   ] Safepoint "Cleanup", Time since last: 1007249347 ns, Reaching safepoint: 221189 ns, Cleanup: 331477 ns, At safepoint: 62802 ns, Total: 615468 ns
[2026-03-28T12:20:45.167+0000][67][info ][safepoint   ] Safepoint "Cleanup", Time since last: 1582432993 ns, Reaching safepoint: 105226 ns, Cleanup: 308506 ns, At safepoint: 35886 ns, Total: 449618 ns
[2026-03-28T12:20:46.450+0000][67][info ][safepoint   ] Safepoint "Cleanup", Time since last: 1282991196 ns, Reaching safepoint: 55122 ns, Cleanup: 507040 ns, At safepoint: 31551 ns, Total: 593713 ns
[2026-03-28T12:20:47.305+0000][67][info ][safepoint   ] Safepoint "ICBufferFull", Time since last: 853213672 ns, Reaching safepoint: 349629 ns, Cleanup: 439408 ns, At safepoint: 324081 ns, Total: 1113118 ns
[2026-03-28T12:20:48.693+0000][67][info ][safepoint   ] Safepoint "Cleanup", Time since last: 1386919778 ns, Reaching safepoint: 544137 ns, Cleanup: 301770 ns, At safepoint: 253008 ns, Total: 1098915 ns
[2026-03-28T12:20:49.695+0000][67][info ][safepoint   ] Safepoint "Cleanup", Time since last: 1002358356 ns, Reaching safepoint: 50851 ns, Cleanup: 128982 ns, At safepoint: 14078 ns, Total: 193911 ns
[2026-03-28T12:20:50.697+0000][67][info ][safepoint   ] Safepoint "Cleanup", Time since last: 1001130404 ns, Reaching safepoint: 105978 ns, Cleanup: 225598 ns, At safepoint: 36358 ns, Total: 367934 ns
[2026-03-28T12:20:51.700+0000][67][info ][safepoint   ] Safepoint "Cleanup", Time since last: 1001275882 ns, Reaching safepoint: 1176057 ns, Cleanup: 220400 ns, At safepoint: 235561 ns, Total: 1632018 ns
[2026-03-28T12:20:52.842+0000][67][info ][safepoint   ] Safepoint "Cleanup", Time since last: 1142046033 ns, Reaching safepoint: 72785 ns, Cleanup: 146066 ns, At safepoint: 14219 ns, Total: 233070 ns
[2026-03-28T12:20:54.058+0000][67][info ][safepoint   ] Safepoint "Cleanup", Time since last: 1219026171 ns, Reaching safepoint: 82350 ns, Cleanup: 105584 ns, At safepoint: 12950 ns, Total: 200884 ns
[2026-03-28T12:20:55.098+0000][67][info ][safepoint   ] Safepoint "Cleanup", Time since last: 1039921487 ns, Reaching safepoint: 82348 ns, Cleanup: 57093 ns, At safepoint: 15136 ns, Total: 154577 ns
[2026-03-28T12:20:56.148+0000][67][info ][safepoint   ] Safepoint "Cleanup", Time since last: 1049516304 ns, Reaching safepoint: 30295 ns, Cleanup: 41822 ns, At safepoint: 7417 ns, Total: 79534 ns
[2026-03-28T12:20:57.171+0000][67][info ][safepoint   ] Safepoint "Cleanup", Time since last: 1022894617 ns, Reaching safepoint: 21217 ns, Cleanup: 37282 ns, At safepoint: 5783 ns, Total: 64282 ns
[2026-03-28T12:20:58.190+0000][67][info ][safepoint   ] Safepoint "Cleanup", Time since last: 1019706599 ns, Reaching safepoint: 55067 ns, Cleanup: 21682 ns, At safepoint: 9430 ns, Total: 86179 ns
[2026-03-28T12:20:59.216+0000][67][info ][safepoint   ] Safepoint "Cleanup", Time since last: 1025388382 ns, Reaching safepoint: 23559 ns, Cleanup: 25954 ns, At safepoint: 5274 ns, Total: 54787 ns
[2026-03-28T12:21:00.236+0000][67][info ][safepoint   ] Safepoint "Cleanup", Time since last: 1020239384 ns, Reaching safepoint: 65846 ns, Cleanup: 25219 ns, At safepoint: 10567 ns, Total: 101632 ns
[2026-03-28T12:21:01.298+0000][67][info ][safepoint   ] Safepoint "Cleanup", Time since last: 1061018356 ns, Reaching safepoint: 63021 ns, Cleanup: 207771 ns, At safepoint: 104898 ns, Total: 375690 ns
[2026-03-28T12:21:02.337+0000][67][info ][safepoint   ] Safepoint "Cleanup", Time since last: 1039002748 ns, Reaching safepoint: 69414 ns, Cleanup: 41670 ns, At safepoint: 10897 ns, Total: 121981 ns
[2026-03-28T12:21:03.368+0000][67][info ][safepoint   ] Safepoint "Cleanup", Time since last: 1030716377 ns, Reaching safepoint: 38041 ns, Cleanup: 29858 ns, At safepoint: 8353 ns, Total: 76252 ns
[2026-03-28T12:21:04.404+0000][67][info ][safepoint   ] Safepoint "Cleanup", Time since last: 1035658412 ns, Reaching safepoint: 376971 ns, Cleanup: 48255 ns, At safepoint: 70181 ns, Total: 495407 ns
[2026-03-28T12:21:05.432+0000][67][info ][safepoint   ] Safepoint "Cleanup", Time since last: 1028384130 ns, Reaching safepoint: 83284 ns, Cleanup: 33517 ns, At safepoint: 11347 ns, Total: 128148 ns
[2026-03-28T12:21:06.466+0000][67][info ][safepoint   ] Safepoint "Cleanup", Time since last: 1034180553 ns, Reaching safepoint: 72214 ns, Cleanup: 41156 ns, At safepoint: 12547 ns, Total: 125917 ns
[2026-03-28T12:21:07.493+0000][67][info ][safepoint   ] Safepoint "Cleanup", Time since last: 1026785759 ns, Reaching safepoint: 29266 ns, Cleanup: 24739 ns, At safepoint: 6461 ns, Total: 60466 ns
[2026-03-28T12:21:08.517+0000][67][info ][safepoint   ] Safepoint "Cleanup", Time since last: 1023683883 ns, Reaching safepoint: 63406 ns, Cleanup: 39896 ns, At safepoint: 12396 ns, Total: 115698 ns
[2026-03-28T12:21:09.563+0000][67][info ][safepoint   ] Safepoint "Cleanup", Time since last: 1045742743 ns, Reaching safepoint: 20566 ns, Cleanup: 137913 ns, At safepoint: 98172 ns, Total: 256651 ns
[2026-03-28T12:21:10.607+0000][67][info ][safepoint   ] Safepoint "Cleanup", Time since last: 1043993209 ns, Reaching safepoint: 75952 ns, Cleanup: 111641 ns, At safepoint: 51382 ns, Total: 238975 ns
[2026-03-28T12:21:11.634+0000][67][info ][safepoint   ] Safepoint "Cleanup", Time since last: 1026214852 ns, Reaching safepoint: 75620 ns, Cleanup: 27899 ns, At safepoint: 13811 ns, Total: 117330 ns
[2026-03-28T12:21:12.669+0000][67][info ][safepoint   ] Safepoint "Cleanup", Time since last: 1034961000 ns, Reaching safepoint: 70404 ns, Cleanup: 53476 ns, At safepoint: 11822 ns, Total: 135702 ns
[2026-03-28T12:21:13.670+0000][67][info ][safepoint   ] Safepoint "Cleanup", Time since last: 1001489276 ns, Reaching safepoint: 33872 ns, Cleanup: 33314 ns, At safepoint: 8615 ns, Total: 75801 ns
[2026-03-28T12:21:14.672+0000][67][info ][safepoint   ] Safepoint "Cleanup", Time since last: 1001234003 ns, Reaching safepoint: 36058 ns, Cleanup: 24737 ns, At safepoint: 9941 ns, Total: 70736 ns
[2026-03-28T12:21:15.673+0000][67][info ][safepoint   ] Safepoint "Cleanup", Time since last: 1001291948 ns, Reaching safepoint: 73456 ns, Cleanup: 28421 ns, At safepoint: 104148 ns, Total: 206025 ns
[2026-03-28T12:21:16.675+0000][67][info ][safepoint   ] Safepoint "Cleanup", Time since last: 1001258999 ns, Reaching safepoint: 163606 ns, Cleanup: 28293 ns, At safepoint: 41525 ns, Total: 233424 ns
[2026-03-28T12:21:17.676+0000][67][info ][safepoint   ] Safepoint "Cleanup", Time since last: 1001391172 ns, Reaching safepoint: 72761 ns, Cleanup: 27677 ns, At safepoint: 11741 ns, Total: 112179 ns
[2026-03-28T12:21:18.678+0000][67][info ][safepoint   ] Safepoint "Cleanup", Time since last: 1001259020 ns, Reaching safepoint: 87469 ns, Cleanup: 42609 ns, At safepoint: 13794 ns, Total: 143872 ns
[2026-03-28T12:21:19.670+0000][67][info ][safepoint   ] Safepoint "ICBufferFull", Time since last: 991987751 ns, Reaching safepoint: 64552 ns, Cleanup: 269390 ns, At safepoint: 220667 ns, Total: 554609 ns
[2026-03-28T12:21:19.672+0000][67][info ][safepoint   ] Safepoint "ICBufferFull", Time since last: 1437489 ns, Reaching safepoint: 362522 ns, Cleanup: 80385 ns, At safepoint: 482072 ns, Total: 924979 ns
[2026-03-28T12:21:19.674+0000][67][info ][safepoint   ] Safepoint "ICBufferFull", Time since last: 1119806 ns, Reaching safepoint: 303015 ns, Cleanup: 9059 ns, At safepoint: 418651 ns, Total: 730725 ns
[2026-03-28T12:21:20.829+0000][67][info ][safepoint   ] Safepoint "Cleanup", Time since last: 1154226695 ns, Reaching safepoint: 29605 ns, Cleanup: 194747 ns, At safepoint: 10113 ns, Total: 234465 ns
[2026-03-28T12:21:21.628+0000][67][info ][gc,start    ] GC(19) Pause Young (Normal) (G1 Evacuation Pause)
[2026-03-28T12:21:21.628+0000][67][info ][gc,task     ] GC(19) Using 10 workers of 10 for evacuation
[2026-03-28T12:21:21.629+0000][67][debug][gc,age      ] GC(19) Desired survivor size 20971520 bytes, new threshold 2 (max threshold 15)
[2026-03-28T12:21:21.710+0000][67][info ][gc,phases   ] GC(19)   Pre Evacuate Collection Set: 1.0ms
[2026-03-28T12:21:21.710+0000][67][info ][gc,phases   ] GC(19)   Merge Heap Roots: 0.6ms
[2026-03-28T12:21:21.711+0000][67][info ][gc,phases   ] GC(19)   Evacuate Collection Set: 75.3ms
[2026-03-28T12:21:21.712+0000][67][info ][gc,phases   ] GC(19)   Post Evacuate Collection Set: 3.0ms
[2026-03-28T12:21:21.712+0000][67][info ][gc,phases   ] GC(19)   Other: 1.4ms
[2026-03-28T12:21:21.713+0000][67][trace][gc,age      ] GC(19) Age table with threshold 2 (max threshold 15)
[2026-03-28T12:21:21.713+0000][67][trace][gc,age      ] GC(19) - age   1:    6512432 bytes,    6512432 total
[2026-03-28T12:21:21.714+0000][67][trace][gc,age      ] GC(19) - age   2:   12735592 bytes,   19248024 total
[2026-03-28T12:21:21.714+0000][67][info ][gc,heap     ] GC(19) Eden regions: 68->0(70)
[2026-03-28T12:21:21.715+0000][67][info ][gc,heap     ] GC(19) Survivor regions: 8->6(10)
[2026-03-28T12:21:21.715+0000][67][info ][gc,heap     ] GC(19) Old regions: 18->22
[2026-03-28T12:21:21.716+0000][67][info ][gc,heap     ] GC(19) Humongous regions: 0->0
[2026-03-28T12:21:21.716+0000][67][info ][gc,metaspace] GC(19) Metaspace: 136538K(140224K)->136538K(140224K) NonClass: 117879K(119808K)->117879K(119808K) Class: 18659K(20416K)->18659K(20416K)
[2026-03-28T12:21:21.717+0000][67][info ][gc          ] GC(19) Pause Young (Normal) (G1 Evacuation Pause) 371M->106M(512M) 88.955ms
[2026-03-28T12:21:21.717+0000][67][info ][gc,cpu      ] GC(19) User=0.24s Sys=0.08s Real=0.09s
[2026-03-28T12:21:21.719+0000][67][info ][safepoint   ] Safepoint "G1CollectForAllocation", Time since last: 798264172 ns, Reaching safepoint: 266460 ns, Cleanup: 157185 ns, At safepoint: 91079759 ns, Total: 91503404 ns
[2026-03-28T12:21:22.087+0000][67][info ][safepoint   ] Safepoint "ICBufferFull", Time since last: 367682273 ns, Reaching safepoint: 83947 ns, Cleanup: 431670 ns, At safepoint: 195981 ns, Total: 711598 ns
[2026-03-28T12:21:23.202+0000][67][info ][safepoint   ] Safepoint "Cleanup", Time since last: 1114600783 ns, Reaching safepoint: 79575 ns, Cleanup: 100983 ns, At safepoint: 13514 ns, Total: 194072 ns
[2026-03-28T12:21:25.200+0000][67][info ][safepoint   ] Safepoint "Cleanup", Time since last: 2001623640 ns, Reaching safepoint: 66732 ns, Cleanup: 41149 ns, At safepoint: 86634 ns, Total: 194515 ns
[2026-03-28T12:21:25.717+0000][67][info ][safepoint   ] Safepoint "ICBufferFull", Time since last: 515962030 ns, Reaching safepoint: 259745 ns, Cleanup: 273150 ns, At safepoint: 424702 ns, Total: 957597 ns
[2026-03-28T12:21:26.218+0000][67][info ][safepoint   ] Safepoint "ICBufferFull", Time since last: 500525462 ns, Reaching safepoint: 262963 ns, Cleanup: 343555 ns, At safepoint: 226489 ns, Total: 833007 ns
[2026-03-28T12:21:26.654+0000][67][info ][safepoint   ] Safepoint "ICBufferFull", Time since last: 432209296 ns, Reaching safepoint: 2614191 ns, Cleanup: 573370 ns, At safepoint: 636153 ns, Total: 3823714 ns
[2026-03-28T12:21:27.323+0000][67][info ][safepoint   ] Safepoint "ICBufferFull", Time since last: 667161984 ns, Reaching safepoint: 431684 ns, Cleanup: 375297 ns, At safepoint: 627201 ns, Total: 1434182 ns
[2026-03-28T12:21:28.117+0000][67][info ][gc,start    ] GC(20) Pause Young (Normal) (G1 Evacuation Pause)
[2026-03-28T12:21:28.119+0000][67][info ][gc,task     ] GC(20) Using 10 workers of 10 for evacuation
[2026-03-28T12:21:28.120+0000][67][debug][gc,age      ] GC(20) Desired survivor size 20971520 bytes, new threshold 15 (max threshold 15)
[2026-03-28T12:21:28.204+0000][67][info ][gc,phases   ] GC(20)   Pre Evacuate Collection Set: 1.2ms
[2026-03-28T12:21:28.205+0000][67][info ][gc,phases   ] GC(20)   Merge Heap Roots: 0.4ms
[2026-03-28T12:21:28.206+0000][67][info ][gc,phases   ] GC(20)   Evacuate Collection Set: 74.8ms
[2026-03-28T12:21:28.207+0000][67][info ][gc,phases   ] GC(20)   Post Evacuate Collection Set: 6.4ms
[2026-03-28T12:21:28.208+0000][67][info ][gc,phases   ] GC(20)   Other: 2.4ms
[2026-03-28T12:21:28.209+0000][67][trace][gc,age      ] GC(20) Age table with threshold 15 (max threshold 15)
[2026-03-28T12:21:28.210+0000][67][trace][gc,age      ] GC(20) - age   1:    5731728 bytes,    5731728 total
[2026-03-28T12:21:28.211+0000][67][trace][gc,age      ] GC(20) - age   2:    6008240 bytes,   11739968 total
[2026-03-28T12:21:28.212+0000][67][trace][gc,age      ] GC(20) - age   3:   11737288 bytes,   23477256 total
[2026-03-28T12:21:28.213+0000][67][info ][gc,heap     ] GC(20) Eden regions: 70->0(69)
[2026-03-28T12:21:28.214+0000][67][info ][gc,heap     ] GC(20) Survivor regions: 6->7(10)
[2026-03-28T12:21:28.214+0000][67][info ][gc,heap     ] GC(20) Old regions: 22->22
[2026-03-28T12:21:28.215+0000][67][info ][gc,heap     ] GC(20) Humongous regions: 0->0
[2026-03-28T12:21:28.216+0000][67][info ][gc,metaspace] GC(20) Metaspace: 139497K(143168K)->139497K(143168K) NonClass: 120385K(122304K)->120385K(122304K) Class: 19111K(20864K)->19111K(20864K)
[2026-03-28T12:21:28.217+0000][67][info ][gc          ] GC(20) Pause Young (Normal) (G1 Evacuation Pause) 386M->110M(512M) 99.518ms
[2026-03-28T12:21:28.218+0000][67][info ][gc,cpu      ] GC(20) User=0.48s Sys=0.05s Real=0.10s
[2026-03-28T12:21:28.220+0000][67][info ][safepoint   ] Safepoint "G1CollectForAllocation", Time since last: 793871980 ns, Reaching safepoint: 563974 ns, Cleanup: 344570 ns, At safepoint: 102334321 ns, Total: 103242865 ns
[2026-03-28T12:21:28.786+0000][67][info ][gc,start    ] GC(21) Pause Young (Concurrent Start) (CodeCache GC Threshold)
[2026-03-28T12:21:28.789+0000][67][info ][gc,task     ] GC(21) Using 10 workers of 10 for evacuation
[2026-03-28T12:21:28.792+0000][67][debug][gc,age      ] GC(21) Desired survivor size 20971520 bytes, new threshold 3 (max threshold 15)
[2026-03-28T12:21:28.860+0000][67][info ][gc,phases   ] GC(21)   Pre Evacuate Collection Set: 1.3ms
[2026-03-28T12:21:28.861+0000][67][info ][gc,phases   ] GC(21)   Merge Heap Roots: 0.5ms
[2026-03-28T12:21:28.862+0000][67][info ][gc,phases   ] GC(21)   Evacuate Collection Set: 60.7ms
[2026-03-28T12:21:28.862+0000][67][info ][gc,phases   ] GC(21)   Post Evacuate Collection Set: 4.2ms
[2026-03-28T12:21:28.864+0000][67][info ][gc,phases   ] GC(21)   Other: 4.1ms
[2026-03-28T12:21:28.865+0000][67][trace][gc,age      ] GC(21) Age table with threshold 3 (max threshold 15)
[2026-03-28T12:21:28.866+0000][67][trace][gc,age      ] GC(21) - age   1:     587168 bytes,     587168 total
[2026-03-28T12:21:28.867+0000][67][trace][gc,age      ] GC(21) - age   2:    4045472 bytes,    4632640 total
[2026-03-28T12:21:28.867+0000][67][trace][gc,age      ] GC(21) - age   3:    6007912 bytes,   10640552 total
[2026-03-28T12:21:28.868+0000][67][info ][gc,heap     ] GC(21) Eden regions: 6->0(72)
[2026-03-28T12:21:28.869+0000][67][info ][gc,heap     ] GC(21) Survivor regions: 7->4(10)
[2026-03-28T12:21:28.870+0000][67][info ][gc,heap     ] GC(21) Old regions: 22->25
[2026-03-28T12:21:28.870+0000][67][info ][gc,heap     ] GC(21) Humongous regions: 0->0
[2026-03-28T12:21:28.871+0000][67][info ][gc,metaspace] GC(21) Metaspace: 139545K(143296K)->139545K(143296K) NonClass: 120433K(122432K)->120433K(122432K) Class: 19111K(20864K)->19111K(20864K)
[2026-03-28T12:21:28.872+0000][67][info ][gc          ] GC(21) Pause Young (Concurrent Start) (CodeCache GC Threshold) 132M->109M(512M) 85.623ms
[2026-03-28T12:21:28.873+0000][67][info ][gc,cpu      ] GC(21) User=0.28s Sys=0.02s Real=0.09s
[2026-03-28T12:21:28.873+0000][67][info ][gc          ] GC(22) Concurrent Mark Cycle
[2026-03-28T12:21:28.875+0000][67][info ][gc,marking  ] GC(22) Concurrent Scan Root Regions
[2026-03-28T12:21:28.875+0000][67][info ][safepoint   ] Safepoint "G1TryInitiateConcMark", Time since last: 563876718 ns, Reaching safepoint: 2578457 ns, Cleanup: 82524 ns, At safepoint: 88393593 ns, Total: 91054574 ns
[2026-03-28T12:21:28.899+0000][67][info ][gc,marking  ] GC(22) Concurrent Scan Root Regions 23.622ms
[2026-03-28T12:21:28.900+0000][67][info ][gc,marking  ] GC(22) Concurrent Mark
[2026-03-28T12:21:28.901+0000][67][info ][gc,marking  ] GC(22) Concurrent Mark From Roots
[2026-03-28T12:21:28.902+0000][67][info ][gc,task     ] GC(22) Using 3 workers of 3 for marking
[2026-03-28T12:21:29.078+0000][67][info ][gc,marking  ] GC(22) Concurrent Mark From Roots 176.931ms
[2026-03-28T12:21:29.080+0000][67][info ][gc,marking  ] GC(22) Concurrent Preclean
[2026-03-28T12:21:29.082+0000][67][info ][gc,marking  ] GC(22) Concurrent Preclean 2.567ms
[2026-03-28T12:21:29.084+0000][67][info ][gc,start    ] GC(22) Pause Remark
[2026-03-28T12:21:29.159+0000][67][info ][gc          ] GC(22) Pause Remark 122M->122M(512M) 74.823ms
[2026-03-28T12:21:29.160+0000][67][info ][gc,cpu      ] GC(22) User=0.43s Sys=0.02s Real=0.08s
[2026-03-28T12:21:29.161+0000][67][info ][safepoint   ] Safepoint "G1PauseRemark", Time since last: 208884030 ns, Reaching safepoint: 55855 ns, Cleanup: 507903 ns, At safepoint: 76863443 ns, Total: 77427201 ns
[2026-03-28T12:21:29.162+0000][67][info ][gc,marking  ] GC(22) Concurrent Mark 262.003ms
[2026-03-28T12:21:29.163+0000][67][info ][gc,marking  ] GC(22) Concurrent Rebuild Remembered Sets and Scrub Regions
[2026-03-28T12:21:29.257+0000][67][info ][gc,marking  ] GC(22) Concurrent Rebuild Remembered Sets and Scrub Regions 94.061ms
[2026-03-28T12:21:29.260+0000][67][info ][gc,start    ] GC(22) Pause Cleanup
[2026-03-28T12:21:29.262+0000][67][info ][gc          ] GC(22) Pause Cleanup 131M->131M(512M) 1.894ms
[2026-03-28T12:21:29.263+0000][67][info ][gc,cpu      ] GC(22) User=0.01s Sys=0.00s Real=0.00s
[2026-03-28T12:21:29.264+0000][67][info ][safepoint   ] Safepoint "G1PauseCleanup", Time since last: 97908499 ns, Reaching safepoint: 606374 ns, Cleanup: 86621 ns, At safepoint: 4379426 ns, Total: 5072421 ns
[2026-03-28T12:21:29.265+0000][67][info ][gc,marking  ] GC(22) Concurrent Clear Claimed Marks
[2026-03-28T12:21:29.267+0000][67][info ][gc,marking  ] GC(22) Concurrent Clear Claimed Marks 1.582ms
[2026-03-28T12:21:29.268+0000][67][info ][gc,marking  ] GC(22) Concurrent Cleanup for Next Mark
[2026-03-28T12:21:29.271+0000][67][info ][gc,marking  ] GC(22) Concurrent Cleanup for Next Mark 3.393ms
[2026-03-28T12:21:29.273+0000][67][info ][gc          ] GC(22) Concurrent Mark Cycle 399.543ms
[2026-03-28T12:21:30.586+0000][67][info ][safepoint   ] Safepoint "ICBufferFull", Time since last: 1313325741 ns, Reaching safepoint: 7056218 ns, Cleanup: 745084 ns, At safepoint: 746492 ns, Total: 8547794 ns
[2026-03-28T12:21:31.408+0000][67][info ][safepoint   ] Safepoint "ICBufferFull", Time since last: 821323978 ns, Reaching safepoint: 73070 ns, Cleanup: 367676 ns, At safepoint: 152968 ns, Total: 593714 ns
[2026-03-28T12:21:32.696+0000][67][info ][safepoint   ] Safepoint "Cleanup", Time since last: 1287800888 ns, Reaching safepoint: 37230 ns, Cleanup: 227847 ns, At safepoint: 97270 ns, Total: 362347 ns
[2026-03-28T12:21:34.035+0000][67][info ][safepoint   ] Safepoint "Cleanup", Time since last: 1339155528 ns, Reaching safepoint: 23443 ns, Cleanup: 83390 ns, At safepoint: 4599 ns, Total: 111432 ns
[2026-03-28T12:21:35.036+0000][67][info ][safepoint   ] Safepoint "Cleanup", Time since last: 1000851545 ns, Reaching safepoint: 26205 ns, Cleanup: 25552 ns, At safepoint: 6560 ns, Total: 58317 ns
[2026-03-28T12:21:36.053+0000][67][info ][safepoint   ] Safepoint "Cleanup", Time since last: 1016576004 ns, Reaching safepoint: 8235 ns, Cleanup: 109741 ns, At safepoint: 4224 ns, Total: 122200 ns
[2026-03-28T12:21:37.111+0000][67][info ][safepoint   ] Safepoint "Cleanup", Time since last: 1058562292 ns, Reaching safepoint: 9324 ns, Cleanup: 46862 ns, At safepoint: 36555 ns, Total: 92741 ns
[2026-03-28T12:21:38.116+0000][67][info ][safepoint   ] Safepoint "Cleanup", Time since last: 1004127684 ns, Reaching safepoint: 21949 ns, Cleanup: 22633 ns, At safepoint: 4464 ns, Total: 49046 ns
[2026-03-28T12:21:39.117+0000][67][info ][safepoint   ] Safepoint "Cleanup", Time since last: 1001156941 ns, Reaching safepoint: 19864 ns, Cleanup: 37427 ns, At safepoint: 5125 ns, Total: 62416 ns
[2026-03-28T12:21:40.118+0000][67][info ][safepoint   ] Safepoint "Cleanup", Time since last: 1001629778 ns, Reaching safepoint: 42522 ns, Cleanup: 24759 ns, At safepoint: 4156 ns, Total: 71437 ns
[2026-03-28T12:21:41.120+0000][67][info ][safepoint   ] Safepoint "Cleanup", Time since last: 1001209188 ns, Reaching safepoint: 199572 ns, Cleanup: 75519 ns, At safepoint: 58238 ns, Total: 333329 ns
[2026-03-28T12:21:43.033+0000][67][info ][safepoint   ] Safepoint "Cleanup", Time since last: 1913150722 ns, Reaching safepoint: 18325 ns, Cleanup: 94490 ns, At safepoint: 41091 ns, Total: 153906 ns
[2026-03-28T12:21:44.100+0000][67][info ][safepoint   ] Safepoint "Cleanup", Time since last: 1066082229 ns, Reaching safepoint: 35393 ns, Cleanup: 199942 ns, At safepoint: 104983 ns, Total: 340318 ns
[2026-03-28T12:21:45.102+0000][67][info ][safepoint   ] Safepoint "Cleanup", Time since last: 1001715866 ns, Reaching safepoint: 58016 ns, Cleanup: 88890 ns, At safepoint: 12951 ns, Total: 159857 ns
[2026-03-28T12:21:46.104+0000][67][info ][safepoint   ] Safepoint "Cleanup", Time since last: 1001656179 ns, Reaching safepoint: 133820 ns, Cleanup: 95806 ns, At safepoint: 76761 ns, Total: 306387 ns
[2026-03-28T12:21:47.105+0000][67][info ][safepoint   ] Safepoint "Cleanup", Time since last: 1001021804 ns, Reaching safepoint: 81536 ns, Cleanup: 28019 ns, At safepoint: 13430 ns, Total: 122985 ns
[2026-03-28T12:21:49.089+0000][67][info ][safepoint   ] Safepoint "Cleanup", Time since last: 1984226697 ns, Reaching safepoint: 33842 ns, Cleanup: 111802 ns, At safepoint: 8841 ns, Total: 154485 ns
[2026-03-28T12:21:50.091+0000][67][info ][safepoint   ] Safepoint "Cleanup", Time since last: 1001923583 ns, Reaching safepoint: 33971 ns, Cleanup: 31888 ns, At safepoint: 8299 ns, Total: 74158 ns
[2026-03-28T12:21:51.093+0000][67][info ][safepoint   ] Safepoint "Cleanup", Time since last: 1001605373 ns, Reaching safepoint: 42927 ns, Cleanup: 49362 ns, At safepoint: 5180 ns, Total: 97469 ns
[2026-03-28T12:21:52.094+0000][67][info ][safepoint   ] Safepoint "Cleanup", Time since last: 1001107040 ns, Reaching safepoint: 85144 ns, Cleanup: 26409 ns, At safepoint: 12244 ns, Total: 123797 ns
[2026-03-28T12:21:53.096+0000][67][info ][safepoint   ] Safepoint "Cleanup", Time since last: 1002116185 ns, Reaching safepoint: 21960 ns, Cleanup: 17149 ns, At safepoint: 3879 ns, Total: 42988 ns
[2026-03-28T12:21:54.121+0000][67][info ][safepoint   ] Safepoint "Cleanup", Time since last: 1028626831 ns, Reaching safepoint: 5792 ns, Cleanup: 27731 ns, At safepoint: 2993 ns, Total: 36516 ns
[2026-03-28T12:21:55.130+0000][67][info ][safepoint   ] Safepoint "Cleanup", Time since last: 1009123951 ns, Reaching safepoint: 20516 ns, Cleanup: 24026 ns, At safepoint: 4023 ns, Total: 48565 ns
[2026-03-28T12:21:56.131+0000][67][info ][safepoint   ] Safepoint "Cleanup", Time since last: 1001261173 ns, Reaching safepoint: 31449 ns, Cleanup: 42952 ns, At safepoint: 8040 ns, Total: 82441 ns
[2026-03-28T12:21:57.133+0000][67][info ][safepoint   ] Safepoint "Cleanup", Time since last: 1001703320 ns, Reaching safepoint: 45730 ns, Cleanup: 25985 ns, At safepoint: 5855 ns, Total: 77570 ns
[2026-03-28T12:21:58.134+0000][67][info ][safepoint   ] Safepoint "Cleanup", Time since last: 1000954974 ns, Reaching safepoint: 62622 ns, Cleanup: 37448 ns, At safepoint: 7990 ns, Total: 108060 ns
[2026-03-28T12:21:59.135+0000][67][info ][safepoint   ] Safepoint "Cleanup", Time since last: 1000807129 ns, Reaching safepoint: 27729 ns, Cleanup: 25051 ns, At safepoint: 6819 ns, Total: 59599 ns
[2026-03-28T12:22:00.145+0000][67][info ][safepoint   ] Safepoint "Cleanup", Time since last: 1009728522 ns, Reaching safepoint: 191547 ns, Cleanup: 54121 ns, At safepoint: 76845 ns, Total: 322513 ns
[2026-03-28T12:22:01.156+0000][67][info ][safepoint   ] Safepoint "Cleanup", Time since last: 1010930918 ns, Reaching safepoint: 130482 ns, Cleanup: 36543 ns, At safepoint: 24944 ns, Total: 191969 ns
[2026-03-28T12:22:03.158+0000][67][info ][safepoint   ] Safepoint "Cleanup", Time since last: 2001258918 ns, Reaching safepoint: 22855 ns, Cleanup: 22130 ns, At safepoint: 4529 ns, Total: 49514 ns
[2026-03-28T12:22:03.988+0000][67][info ][gc,start    ] GC(23) Pause Young (Prepare Mixed) (G1 Evacuation Pause)
[2026-03-28T12:22:03.989+0000][67][info ][gc,task     ] GC(23) Using 10 workers of 10 for evacuation
[2026-03-28T12:22:03.990+0000][67][debug][gc,age      ] GC(23) Desired survivor size 20971520 bytes, new threshold 15 (max threshold 15)
[2026-03-28T12:22:04.017+0000][67][info ][gc,phases   ] GC(23)   Pre Evacuate Collection Set: 0.8ms
[2026-03-28T12:22:04.018+0000][67][info ][gc,phases   ] GC(23)   Merge Heap Roots: 0.4ms
[2026-03-28T12:22:04.019+0000][67][info ][gc,phases   ] GC(23)   Evacuate Collection Set: 23.5ms
[2026-03-28T12:22:04.019+0000][67][info ][gc,phases   ] GC(23)   Post Evacuate Collection Set: 1.4ms
[2026-03-28T12:22:04.020+0000][67][info ][gc,phases   ] GC(23)   Other: 2.2ms
[2026-03-28T12:22:04.020+0000][67][trace][gc,age      ] GC(23) Age table with threshold 15 (max threshold 15)
[2026-03-28T12:22:04.021+0000][67][trace][gc,age      ] GC(23) - age   1:    3090496 bytes,    3090496 total
[2026-03-28T12:22:04.021+0000][67][trace][gc,age      ] GC(23) - age   2:      42704 bytes,    3133200 total
[2026-03-28T12:22:04.022+0000][67][trace][gc,age      ] GC(23) - age   3:    2645808 bytes,    5779008 total
[2026-03-28T12:22:04.022+0000][67][trace][gc,age      ] GC(23) - age   4:    5363744 bytes,   11142752 total
[2026-03-28T12:22:04.023+0000][67][info ][gc,heap     ] GC(23) Eden regions: 72->0(73)
[2026-03-28T12:22:04.024+0000][67][info ][gc,heap     ] GC(23) Survivor regions: 4->3(10)
[2026-03-28T12:22:04.024+0000][67][info ][gc,heap     ] GC(23) Old regions: 25->25
[2026-03-28T12:22:04.025+0000][67][info ][gc,heap     ] GC(23) Humongous regions: 0->0
[2026-03-28T12:22:04.025+0000][67][info ][gc,metaspace] GC(23) Metaspace: 141668K(145536K)->141668K(145536K) NonClass: 122382K(124416K)->122382K(124416K) Class: 19286K(21120K)->19286K(21120K)
[2026-03-28T12:22:04.026+0000][67][info ][gc          ] GC(23) Pause Young (Prepare Mixed) (G1 Evacuation Pause) 397M->109M(512M) 37.577ms
[2026-03-28T12:22:04.026+0000][67][info ][gc,cpu      ] GC(23) User=0.08s Sys=0.02s Real=0.04s
[2026-03-28T12:22:04.027+0000][67][info ][safepoint   ] Safepoint "G1CollectForAllocation", Time since last: 829837382 ns, Reaching safepoint: 569588 ns, Cleanup: 43367 ns, At safepoint: 39153252 ns, Total: 39766207 ns
[2026-03-28T12:22:05.719+0000][67][info ][safepoint   ] Safepoint "Cleanup", Time since last: 1692108060 ns, Reaching safepoint: 10426 ns, Cleanup: 40614 ns, At safepoint: 34121 ns, Total: 85161 ns
[2026-03-28T12:22:07.178+0000][67][info ][safepoint   ] Safepoint "Cleanup", Time since last: 1458118250 ns, Reaching safepoint: 25328 ns, Cleanup: 55822 ns, At safepoint: 6094 ns, Total: 87244 ns
[2026-03-28T12:22:08.179+0000][67][info ][safepoint   ] Safepoint "Cleanup", Time since last: 1001268487 ns, Reaching safepoint: 44284 ns, Cleanup: 19051 ns, At safepoint: 6086 ns, Total: 69421 ns
[2026-03-28T12:22:09.180+0000][67][info ][safepoint   ] Safepoint "Cleanup", Time since last: 1000635535 ns, Reaching safepoint: 47146 ns, Cleanup: 63004 ns, At safepoint: 12869 ns, Total: 123019 ns
[2026-03-28T12:22:10.182+0000][67][info ][safepoint   ] Safepoint "Cleanup", Time since last: 1002013963 ns, Reaching safepoint: 32958 ns, Cleanup: 25375 ns, At safepoint: 8091 ns, Total: 66424 ns
[2026-03-28T12:22:11.183+0000][67][info ][safepoint   ] Safepoint "Cleanup", Time since last: 1001457491 ns, Reaching safepoint: 22750 ns, Cleanup: 23257 ns, At safepoint: 4030 ns, Total: 50037 ns
[2026-03-28T12:22:12.188+0000][67][info ][safepoint   ] Safepoint "Cleanup", Time since last: 1004191201 ns, Reaching safepoint: 18327 ns, Cleanup: 159893 ns, At safepoint: 83647 ns, Total: 261867 ns
[2026-03-28T12:22:13.201+0000][67][info ][safepoint   ] Safepoint "Cleanup", Time since last: 1013443687 ns, Reaching safepoint: 29126 ns, Cleanup: 41909 ns, At safepoint: 7577 ns, Total: 78612 ns
[2026-03-28T12:22:15.203+0000][67][info ][safepoint   ] Safepoint "Cleanup", Time since last: 2001774275 ns, Reaching safepoint: 26955 ns, Cleanup: 28463 ns, At safepoint: 6935 ns, Total: 62353 ns
[2026-03-28T12:22:16.205+0000][67][info ][safepoint   ] Safepoint "Cleanup", Time since last: 1001372533 ns, Reaching safepoint: 110033 ns, Cleanup: 25791 ns, At safepoint: 29378 ns, Total: 165202 ns
[2026-03-28T12:22:17.705+0000][67][info ][safepoint   ] Safepoint "Cleanup", Time since last: 1500457051 ns, Reaching safepoint: 24262 ns, Cleanup: 10650 ns, At safepoint: 5790 ns, Total: 40702 ns
[2026-03-28T12:22:19.216+0000][67][info ][safepoint   ] Safepoint "Cleanup", Time since last: 1510931976 ns, Reaching safepoint: 38658 ns, Cleanup: 18315 ns, At safepoint: 5022 ns, Total: 61995 ns
[2026-03-28T12:22:21.166+0000][67][info ][safepoint   ] Safepoint "Cleanup", Time since last: 1949947100 ns, Reaching safepoint: 57951 ns, Cleanup: 43434 ns, At safepoint: 5825 ns, Total: 107210 ns
[2026-03-28T12:22:23.168+0000][67][info ][safepoint   ] Safepoint "Cleanup", Time since last: 2001912132 ns, Reaching safepoint: 93471 ns, Cleanup: 36998 ns, At safepoint: 14258 ns, Total: 144727 ns
[2026-03-28T12:22:24.223+0000][67][info ][safepoint   ] Safepoint "Cleanup", Time since last: 1057762215 ns, Reaching safepoint: 8519 ns, Cleanup: 54142 ns, At safepoint: 4369 ns, Total: 67030 ns
[2026-03-28T12:22:25.240+0000][67][info ][safepoint   ] Safepoint "Cleanup", Time since last: 1016856782 ns, Reaching safepoint: 17226 ns, Cleanup: 11580 ns, At safepoint: 3189 ns, Total: 31995 ns
[2026-03-28T12:22:26.241+0000][67][info ][safepoint   ] Safepoint "Cleanup", Time since last: 1001095375 ns, Reaching safepoint: 20655 ns, Cleanup: 41009 ns, At safepoint: 3593 ns, Total: 65257 ns
[2026-03-28T12:22:27.243+0000][67][info ][safepoint   ] Safepoint "Cleanup", Time since last: 1001649798 ns, Reaching safepoint: 15762 ns, Cleanup: 15147 ns, At safepoint: 3658 ns, Total: 34567 ns
[2026-03-28T12:22:28.244+0000][67][info ][safepoint   ] Safepoint "Cleanup", Time since last: 1000980919 ns, Reaching safepoint: 22386 ns, Cleanup: 23567 ns, At safepoint: 4602 ns, Total: 50555 ns
[2026-03-28T12:22:29.244+0000][67][info ][safepoint   ] Safepoint "Cleanup", Time since last: 1000613825 ns, Reaching safepoint: 71526 ns, Cleanup: 32309 ns, At safepoint: 10877 ns, Total: 114712 ns
[2026-03-28T12:22:30.245+0000][67][info ][safepoint   ] Safepoint "Cleanup", Time since last: 1000882161 ns, Reaching safepoint: 10256 ns, Cleanup: 46390 ns, At safepoint: 5502 ns, Total: 62148 ns
[2026-03-28T12:22:31.264+0000][67][info ][safepoint   ] Safepoint "Cleanup", Time since last: 1018203437 ns, Reaching safepoint: 63607 ns, Cleanup: 42350 ns, At safepoint: 8866 ns, Total: 114823 ns
[2026-03-28T12:22:32.266+0000][67][info ][safepoint   ] Safepoint "Cleanup", Time since last: 1001750669 ns, Reaching safepoint: 122357 ns, Cleanup: 26524 ns, At safepoint: 101777 ns, Total: 250658 ns
[2026-03-28T12:22:33.267+0000][67][info ][safepoint   ] Safepoint "Cleanup", Time since last: 1001137476 ns, Reaching safepoint: 33139 ns, Cleanup: 37990 ns, At safepoint: 59176 ns, Total: 130305 ns
[2026-03-28T12:22:34.268+0000][67][info ][safepoint   ] Safepoint "Cleanup", Time since last: 1001311561 ns, Reaching safepoint: 31292 ns, Cleanup: 36125 ns, At safepoint: 14289 ns, Total: 81706 ns
[2026-03-28T12:22:35.269+0000][67][info ][safepoint   ] Safepoint "Cleanup", Time since last: 1001132050 ns, Reaching safepoint: 38749 ns, Cleanup: 37393 ns, At safepoint: 9596 ns, Total: 85738 ns
[2026-03-28T12:22:36.270+0000][67][info ][safepoint   ] Safepoint "Cleanup", Time since last: 1000776126 ns, Reaching safepoint: 10734 ns, Cleanup: 32391 ns, At safepoint: 5123 ns, Total: 48248 ns
[2026-03-28T12:22:37.280+0000][67][info ][safepoint   ] Safepoint "Cleanup", Time since last: 1009881170 ns, Reaching safepoint: 23586 ns, Cleanup: 16060 ns, At safepoint: 41885 ns, Total: 81531 ns
[2026-03-28T12:22:38.281+0000][67][info ][safepoint   ] Safepoint "Cleanup", Time since last: 1000982944 ns, Reaching safepoint: 22084 ns, Cleanup: 37465 ns, At safepoint: 5685 ns, Total: 65234 ns
[2026-03-28T12:22:39.282+0000][67][info ][safepoint   ] Safepoint "Cleanup", Time since last: 1000701593 ns, Reaching safepoint: 67493 ns, Cleanup: 46138 ns, At safepoint: 14355 ns, Total: 127986 ns
[2026-03-28T12:22:40.284+0000][67][info ][safepoint   ] Safepoint "Cleanup", Time since last: 1001440217 ns, Reaching safepoint: 37965 ns, Cleanup: 27280 ns, At safepoint: 9553 ns, Total: 74798 ns
[2026-03-28T12:22:41.285+0000][67][info ][safepoint   ] Safepoint "Cleanup", Time since last: 1001715625 ns, Reaching safepoint: 18777 ns, Cleanup: 13516 ns, At safepoint: 4009 ns, Total: 36302 ns
[2026-03-28T12:22:42.290+0000][67][info ][safepoint   ] Safepoint "Cleanup", Time since last: 1004387048 ns, Reaching safepoint: 156463 ns, Cleanup: 33507 ns, At safepoint: 8122 ns, Total: 198092 ns
[2026-03-28T12:22:43.297+0000][67][info ][safepoint   ] Safepoint "Cleanup", Time since last: 1007400988 ns, Reaching safepoint: 58638 ns, Cleanup: 34804 ns, At safepoint: 11448 ns, Total: 104890 ns
[2026-03-28T12:22:44.413+0000][67][info ][safepoint   ] Safepoint "Cleanup", Time since last: 1115344115 ns, Reaching safepoint: 193652 ns, Cleanup: 89096 ns, At safepoint: 180373 ns, Total: 463121 ns
[2026-03-28T12:22:45.562+0000][67][info ][safepoint   ] Safepoint "Cleanup", Time since last: 1148395155 ns, Reaching safepoint: 22420 ns, Cleanup: 52061 ns, At safepoint: 17949 ns, Total: 92430 ns
[2026-03-28T12:22:46.563+0000][67][info ][safepoint   ] Safepoint "Cleanup", Time since last: 1000868920 ns, Reaching safepoint: 24783 ns, Cleanup: 37079 ns, At safepoint: 4424 ns, Total: 66286 ns
[2026-03-28T12:22:47.739+0000][67][info ][safepoint   ] Safepoint "Cleanup", Time since last: 1175961406 ns, Reaching safepoint: 39739 ns, Cleanup: 28940 ns, At safepoint: 40810 ns, Total: 109489 ns
[2026-03-28T12:22:49.330+0000][67][info ][safepoint   ] Safepoint "Cleanup", Time since last: 1591411083 ns, Reaching safepoint: 78919 ns, Cleanup: 48776 ns, At safepoint: 15240 ns, Total: 142935 ns
[2026-03-28T12:22:50.334+0000][67][info ][safepoint   ] Safepoint "Cleanup", Time since last: 1003029574 ns, Reaching safepoint: 102954 ns, Cleanup: 45608 ns, At safepoint: 19607 ns, Total: 168169 ns
[2026-03-28T12:22:51.335+0000][67][info ][safepoint   ] Safepoint "Cleanup", Time since last: 1001788809 ns, Reaching safepoint: 81557 ns, Cleanup: 45384 ns, At safepoint: 18003 ns, Total: 144944 ns
[2026-03-28T12:22:52.391+0000][67][info ][safepoint   ] Safepoint "Cleanup", Time since last: 1055544737 ns, Reaching safepoint: 100707 ns, Cleanup: 91002 ns, At safepoint: 21704 ns, Total: 213413 ns
[2026-03-28T12:22:53.390+0000][67][info ][safepoint   ] Safepoint "Cleanup", Time since last: 1001882347 ns, Reaching safepoint: 31630 ns, Cleanup: 21365 ns, At safepoint: 64683 ns, Total: 117678 ns
[2026-03-28T12:22:55.353+0000][67][info ][safepoint   ] Safepoint "Cleanup", Time since last: 1963376668 ns, Reaching safepoint: 50292 ns, Cleanup: 96102 ns, At safepoint: 13467 ns, Total: 159861 ns
[2026-03-28T12:22:56.355+0000][67][info ][safepoint   ] Safepoint "Cleanup", Time since last: 1001840663 ns, Reaching safepoint: 23348 ns, Cleanup: 18062 ns, At safepoint: 4575 ns, Total: 45985 ns
[2026-03-28T12:22:57.356+0000][67][info ][safepoint   ] Safepoint "Cleanup", Time since last: 1001085259 ns, Reaching safepoint: 28542 ns, Cleanup: 18100 ns, At safepoint: 6642 ns, Total: 53284 ns
[2026-03-28T12:22:58.357+0000][67][info ][safepoint   ] Safepoint "Cleanup", Time since last: 1001216832 ns, Reaching safepoint: 48965 ns, Cleanup: 18035 ns, At safepoint: 7145 ns, Total: 74145 ns
[2026-03-28T12:22:59.358+0000][67][info ][safepoint   ] Safepoint "Cleanup", Time since last: 1000833735 ns, Reaching safepoint: 25632 ns, Cleanup: 19449 ns, At safepoint: 45567 ns, Total: 90648 ns
[2026-03-28T12:23:00.365+0000][67][info ][safepoint   ] Safepoint "Cleanup", Time since last: 1006129347 ns, Reaching safepoint: 12093 ns, Cleanup: 61809 ns, At safepoint: 52577 ns, Total: 126479 ns
[2026-03-28T12:23:01.383+0000][67][info ][safepoint   ] Safepoint "Cleanup", Time since last: 1018385930 ns, Reaching safepoint: 19315 ns, Cleanup: 28317 ns, At safepoint: 3556 ns, Total: 51188 ns
[2026-03-28T12:23:02.384+0000][67][info ][safepoint   ] Safepoint "Cleanup", Time since last: 1001006423 ns, Reaching safepoint: 60482 ns, Cleanup: 16449 ns, At safepoint: 4405 ns, Total: 81336 ns
[2026-03-28T12:23:03.385+0000][67][info ][safepoint   ] Safepoint "Cleanup", Time since last: 1000988059 ns, Reaching safepoint: 43789 ns, Cleanup: 13723 ns, At safepoint: 39671 ns, Total: 97183 ns
[2026-03-28T12:23:05.387+0000][67][info ][safepoint   ] Safepoint "Cleanup", Time since last: 2001382672 ns, Reaching safepoint: 20170 ns, Cleanup: 34886 ns, At safepoint: 3818 ns, Total: 58874 ns
[2026-03-28T12:23:06.394+0000][67][info ][safepoint   ] Safepoint "Cleanup", Time since last: 1006757922 ns, Reaching safepoint: 51195 ns, Cleanup: 157873 ns, At safepoint: 53541 ns, Total: 262609 ns
[2026-03-28T12:23:07.420+0000][67][info ][safepoint   ] Safepoint "Cleanup", Time since last: 1026319222 ns, Reaching safepoint: 125763 ns, Cleanup: 58490 ns, At safepoint: 20807 ns, Total: 205060 ns
[2026-03-28T12:23:08.423+0000][67][info ][safepoint   ] Safepoint "Cleanup", Time since last: 1002417208 ns, Reaching safepoint: 135565 ns, Cleanup: 53643 ns, At safepoint: 22186 ns, Total: 211394 ns
[2026-03-28T12:23:09.485+0000][67][info ][safepoint   ] Safepoint "Cleanup", Time since last: 1061238275 ns, Reaching safepoint: 324488 ns, Cleanup: 48215 ns, At safepoint: 35045 ns, Total: 407748 ns
[2026-03-28T12:23:11.487+0000][67][info ][safepoint   ] Safepoint "Cleanup", Time since last: 2002444485 ns, Reaching safepoint: 100246 ns, Cleanup: 49847 ns, At safepoint: 16548 ns, Total: 166641 ns
[2026-03-28T12:23:13.451+0000][67][info ][safepoint   ] Safepoint "Cleanup", Time since last: 1963476394 ns, Reaching safepoint: 73267 ns, Cleanup: 115307 ns, At safepoint: 17962 ns, Total: 206536 ns
[2026-03-28T12:23:14.522+0000][67][info ][safepoint   ] Safepoint "Cleanup", Time since last: 1070865277 ns, Reaching safepoint: 48480 ns, Cleanup: 40373 ns, At safepoint: 11569 ns, Total: 100422 ns
[2026-03-28T12:23:15.524+0000][67][info ][safepoint   ] Safepoint "Cleanup", Time since last: 1002211351 ns, Reaching safepoint: 101476 ns, Cleanup: 45976 ns, At safepoint: 16021 ns, Total: 163473 ns
[2026-03-28T12:23:16.526+0000][67][info ][safepoint   ] Safepoint "Cleanup", Time since last: 1001593336 ns, Reaching safepoint: 105481 ns, Cleanup: 35562 ns, At safepoint: 18410 ns, Total: 159453 ns
[2026-03-28T12:23:17.899+0000][67][info ][safepoint   ] Safepoint "Cleanup", Time since last: 1001744572 ns, Reaching safepoint: 370498790 ns, Cleanup: 116712 ns, At safepoint: 409948 ns, Total: 371025450 ns
[2026-03-28T12:23:18.971+0000][67][info ][safepoint   ] Safepoint "Cleanup", Time since last: 1071874559 ns, Reaching safepoint: 36051 ns, Cleanup: 128447 ns, At safepoint: 78084 ns, Total: 242582 ns
[2026-03-28T12:23:19.973+0000][67][info ][safepoint   ] Safepoint "Cleanup", Time since last: 1002217744 ns, Reaching safepoint: 90372 ns, Cleanup: 72943 ns, At safepoint: 18954 ns, Total: 182269 ns
[2026-03-28T12:23:21.695+0000][67][info ][safepoint   ] Safepoint "Cleanup", Time since last: 1721396061 ns, Reaching safepoint: 28551 ns, Cleanup: 61559 ns, At safepoint: 7075 ns, Total: 97185 ns
[2026-03-28T12:23:22.696+0000][67][info ][safepoint   ] Safepoint "Cleanup", Time since last: 1001262418 ns, Reaching safepoint: 129880 ns, Cleanup: 26682 ns, At safepoint: 47649 ns, Total: 204211 ns
[2026-03-28T12:23:23.695+0000][67][info ][safepoint   ] Safepoint "Cleanup", Time since last: 1001403128 ns, Reaching safepoint: 16740 ns, Cleanup: 16491 ns, At safepoint: 3579 ns, Total: 36810 ns
[2026-03-28T12:23:25.667+0000][67][info ][safepoint   ] Safepoint "Cleanup", Time since last: 1971632612 ns, Reaching safepoint: 177161 ns, Cleanup: 181749 ns, At safepoint: 72253 ns, Total: 431163 ns
[2026-03-28T12:23:26.294+0000][67][info ][gc,start    ] GC(24) Pause Young (Mixed) (G1 Evacuation Pause)
[2026-03-28T12:23:26.297+0000][67][info ][gc,task     ] GC(24) Using 10 workers of 10 for evacuation
[2026-03-28T12:23:26.299+0000][67][debug][gc,age      ] GC(24) Desired survivor size 20971520 bytes, new threshold 15 (max threshold 15)
[2026-03-28T12:23:26.497+0000][67][info ][gc,phases   ] GC(24)   Pre Evacuate Collection Set: 19.0ms
[2026-03-28T12:23:26.499+0000][67][info ][gc,phases   ] GC(24)   Merge Heap Roots: 0.5ms
[2026-03-28T12:23:26.502+0000][67][info ][gc,phases   ] GC(24)   Evacuate Collection Set: 168.0ms
[2026-03-28T12:23:26.504+0000][67][info ][gc,phases   ] GC(24)   Post Evacuate Collection Set: 8.3ms
[2026-03-28T12:23:26.506+0000][67][info ][gc,phases   ] GC(24)   Other: 3.7ms
[2026-03-28T12:23:26.507+0000][67][trace][gc,age      ] GC(24) Age table with threshold 15 (max threshold 15)
[2026-03-28T12:23:26.508+0000][67][trace][gc,age      ] GC(24) - age   1:    1839392 bytes,    1839392 total
[2026-03-28T12:23:26.510+0000][67][trace][gc,age      ] GC(24) - age   2:    1216648 bytes,    3056040 total
[2026-03-28T12:23:26.511+0000][67][trace][gc,age      ] GC(24) - age   3:      42608 bytes,    3098648 total
[2026-03-28T12:23:26.513+0000][67][trace][gc,age      ] GC(24) - age   4:    2416320 bytes,    5514968 total
[2026-03-28T12:23:26.515+0000][67][trace][gc,age      ] GC(24) - age   5:    5338048 bytes,   10853016 total
[2026-03-28T12:23:26.517+0000][67][info ][gc,heap     ] GC(24) Eden regions: 73->0(73)
[2026-03-28T12:23:26.523+0000][67][info ][gc,heap     ] GC(24) Survivor regions: 3->3(10)
[2026-03-28T12:23:26.525+0000][67][info ][gc,heap     ] GC(24) Old regions: 25->25
[2026-03-28T12:23:26.526+0000][67][info ][gc,heap     ] GC(24) Humongous regions: 0->0
[2026-03-28T12:23:26.527+0000][67][info ][gc,metaspace] GC(24) Metaspace: 142724K(146624K)->142724K(146624K) NonClass: 123424K(125504K)->123424K(125504K) Class: 19300K(21120K)->19300K(21120K)
[2026-03-28T12:23:26.528+0000][67][info ][gc          ] GC(24) Pause Young (Mixed) (G1 Evacuation Pause) 401M->107M(512M) 234.357ms
[2026-03-28T12:23:26.529+0000][67][info ][gc,cpu      ] GC(24) User=0.51s Sys=0.11s Real=0.24s
[2026-03-28T12:23:26.531+0000][67][info ][safepoint   ] Safepoint "G1CollectForAllocation", Time since last: 626245718 ns, Reaching safepoint: 54518 ns, Cleanup: 37661 ns, At safepoint: 237508429 ns, Total: 237600608 ns
[2026-03-28T12:23:27.539+0000][67][info ][safepoint   ] Safepoint "Cleanup", Time since last: 1007747063 ns, Reaching safepoint: 47202 ns, Cleanup: 60668 ns, At safepoint: 11349 ns, Total: 119219 ns
[2026-03-28T12:23:28.540+0000][67][info ][safepoint   ] Safepoint "Cleanup", Time since last: 1001277010 ns, Reaching safepoint: 26412 ns, Cleanup: 7923 ns, At safepoint: 3908 ns, Total: 38243 ns
[2026-03-28T12:23:29.542+0000][67][info ][safepoint   ] Safepoint "Cleanup", Time since last: 1001576817 ns, Reaching safepoint: 40081 ns, Cleanup: 33966 ns, At safepoint: 9490 ns, Total: 83537 ns
[2026-03-28T12:23:30.673+0000][67][info ][safepoint   ] Safepoint "Cleanup", Time since last: 1131443502 ns, Reaching safepoint: 17360 ns, Cleanup: 39132 ns, At safepoint: 9802 ns, Total: 66294 ns
[2026-03-28T12:23:32.685+0000][67][info ][safepoint   ] Safepoint "Cleanup", Time since last: 2011112042 ns, Reaching safepoint: 49450 ns, Cleanup: 69222 ns, At safepoint: 53077 ns, Total: 171749 ns
[2026-03-28T12:23:33.686+0000][67][info ][safepoint   ] Safepoint "Cleanup", Time since last: 1001014279 ns, Reaching safepoint: 79996 ns, Cleanup: 25709 ns, At safepoint: 12122 ns, Total: 117827 ns
[2026-03-28T12:23:35.688+0000][67][info ][safepoint   ] Safepoint "Cleanup", Time since last: 2001738990 ns, Reaching safepoint: 23078 ns, Cleanup: 22258 ns, At safepoint: 4010 ns, Total: 49346 ns
[2026-03-28T12:23:36.693+0000][67][info ][safepoint   ] Safepoint "Cleanup", Time since last: 1005250696 ns, Reaching safepoint: 11851 ns, Cleanup: 50751 ns, At safepoint: 6156 ns, Total: 68758 ns
[2026-03-28T12:23:37.701+0000][67][info ][safepoint   ] Safepoint "Cleanup", Time since last: 1008454801 ns, Reaching safepoint: 41486 ns, Cleanup: 26743 ns, At safepoint: 9692 ns, Total: 77921 ns
[2026-03-28T12:23:38.703+0000][67][info ][safepoint   ] Safepoint "Cleanup", Time since last: 1001570622 ns, Reaching safepoint: 27756 ns, Cleanup: 12750 ns, At safepoint: 3452 ns, Total: 43958 ns
[2026-03-28T12:23:40.705+0000][67][info ][safepoint   ] Safepoint "Cleanup", Time since last: 2001419458 ns, Reaching safepoint: 54868 ns, Cleanup: 45727 ns, At safepoint: 10981 ns, Total: 111576 ns
[2026-03-28T12:23:41.709+0000][67][info ][safepoint   ] Safepoint "Cleanup", Time since last: 1003906011 ns, Reaching safepoint: 83607 ns, Cleanup: 29486 ns, At safepoint: 89820 ns, Total: 202913 ns
[2026-03-28T12:23:42.778+0000][67][info ][safepoint   ] Safepoint "Cleanup", Time since last: 1068528859 ns, Reaching safepoint: 124091 ns, Cleanup: 162332 ns, At safepoint: 268532 ns, Total: 554955 ns
[2026-03-28T12:23:43.939+0000][67][info ][safepoint   ] Safepoint "Cleanup", Time since last: 1160683871 ns, Reaching safepoint: 110589 ns, Cleanup: 135328 ns, At safepoint: 20840 ns, Total: 266757 ns
[2026-03-28T12:23:44.985+0000][67][info ][safepoint   ] Safepoint "Cleanup", Time since last: 1045558351 ns, Reaching safepoint: 39601 ns, Cleanup: 132151 ns, At safepoint: 83248 ns, Total: 255000 ns
[2026-03-28T12:23:46.158+0000][67][info ][safepoint   ] Safepoint "Cleanup", Time since last: 1157837441 ns, Reaching safepoint: 15497542 ns, Cleanup: 93411 ns, At safepoint: 260003 ns, Total: 15850956 ns
[2026-03-28T12:23:47.261+0000][67][info ][safepoint   ] Safepoint "Cleanup", Time since last: 1102550582 ns, Reaching safepoint: 77378 ns, Cleanup: 144307 ns, At safepoint: 257104 ns, Total: 478789 ns
[2026-03-28T12:23:47.834+0000][67][info ][safepoint   ] Safepoint "ICBufferFull", Time since last: 570726362 ns, Reaching safepoint: 380726 ns, Cleanup: 798943 ns, At safepoint: 412051 ns, Total: 1591720 ns
[2026-03-28T12:23:48.868+0000][67][info ][safepoint   ] Safepoint "Cleanup", Time since last: 1029374232 ns, Reaching safepoint: 3783936 ns, Cleanup: 600161 ns, At safepoint: 818138 ns, Total: 5202235 ns
[2026-03-28T12:23:50.284+0000][67][info ][safepoint   ] Safepoint "Cleanup", Time since last: 1415171112 ns, Reaching safepoint: 37902 ns, Cleanup: 313098 ns, At safepoint: 148514 ns, Total: 499514 ns
[2026-03-28T12:23:51.378+0000][67][info ][safepoint   ] Safepoint "Cleanup", Time since last: 1093910437 ns, Reaching safepoint: 36341 ns, Cleanup: 83903 ns, At safepoint: 13905 ns, Total: 134149 ns
[2026-03-28T12:23:52.442+0000][67][info ][safepoint   ] Safepoint "Cleanup", Time since last: 1063637092 ns, Reaching safepoint: 118175 ns, Cleanup: 320035 ns, At safepoint: 41238 ns, Total: 479448 ns
[2026-03-28T12:23:53.538+0000][67][info ][safepoint   ] Safepoint "Cleanup", Time since last: 1102035215 ns, Reaching safepoint: 53397 ns, Cleanup: 264082 ns, At safepoint: 238068 ns, Total: 555547 ns
[2026-03-28T12:23:54.679+0000][67][info ][safepoint   ] Safepoint "Cleanup", Time since last: 1141211615 ns, Reaching safepoint: 54046 ns, Cleanup: 219664 ns, At safepoint: 146288 ns, Total: 419998 ns
[2026-03-28T12:23:55.762+0000][67][info ][safepoint   ] Safepoint "Cleanup", Time since last: 1082641982 ns, Reaching safepoint: 62345 ns, Cleanup: 50129 ns, At safepoint: 116050 ns, Total: 228524 ns
[2026-03-28T12:23:56.809+0000][67][info ][safepoint   ] Safepoint "Cleanup", Time since last: 1046998689 ns, Reaching safepoint: 81575 ns, Cleanup: 28594 ns, At safepoint: 13714 ns, Total: 123883 ns
[2026-03-28T12:23:57.864+0000][67][info ][safepoint   ] Safepoint "Cleanup", Time since last: 1054312130 ns, Reaching safepoint: 97979 ns, Cleanup: 48752 ns, At safepoint: 21387 ns, Total: 168118 ns
[2026-03-28T12:23:58.959+0000][67][info ][safepoint   ] Safepoint "Cleanup", Time since last: 1094675129 ns, Reaching safepoint: 132322 ns, Cleanup: 45598 ns, At safepoint: 22975 ns, Total: 200895 ns
[2026-03-28T12:23:59.962+0000][67][info ][safepoint   ] Safepoint "Cleanup", Time since last: 1002952079 ns, Reaching safepoint: 88216 ns, Cleanup: 38732 ns, At safepoint: 147304 ns, Total: 274252 ns
[2026-03-28T12:24:01.437+0000][67][info ][safepoint   ] Safepoint "Cleanup", Time since last: 1474999581 ns, Reaching safepoint: 44317 ns, Cleanup: 151658 ns, At safepoint: 91378 ns, Total: 287353 ns
[2026-03-28T12:24:02.474+0000][67][info ][safepoint   ] Safepoint "Cleanup", Time since last: 1036469350 ns, Reaching safepoint: 494173 ns, Cleanup: 42878 ns, At safepoint: 40971 ns, Total: 578022 ns
[2026-03-28T12:24:02.653+0000][67][info ][gc,start    ] GC(25) Pause Young (Normal) (G1 Evacuation Pause)
[2026-03-28T12:24:02.655+0000][67][info ][gc,task     ] GC(25) Using 10 workers of 10 for evacuation
[2026-03-28T12:24:02.655+0000][67][debug][gc,age      ] GC(25) Desired survivor size 20971520 bytes, new threshold 15 (max threshold 15)
[2026-03-28T12:24:02.753+0000][67][info ][gc,phases   ] GC(25)   Pre Evacuate Collection Set: 1.8ms
[2026-03-28T12:24:02.754+0000][67][info ][gc,phases   ] GC(25)   Merge Heap Roots: 1.1ms
[2026-03-28T12:24:02.755+0000][67][info ][gc,phases   ] GC(25)   Evacuate Collection Set: 89.1ms
[2026-03-28T12:24:02.756+0000][67][info ][gc,phases   ] GC(25)   Post Evacuate Collection Set: 4.2ms
[2026-03-28T12:24:02.757+0000][67][info ][gc,phases   ] GC(25)   Other: 2.3ms
[2026-03-28T12:24:02.758+0000][67][trace][gc,age      ] GC(25) Age table with threshold 15 (max threshold 15)
[2026-03-28T12:24:02.759+0000][67][trace][gc,age      ] GC(25) - age   1:    4819392 bytes,    4819392 total
[2026-03-28T12:24:02.760+0000][67][trace][gc,age      ] GC(25) - age   2:     336504 bytes,    5155896 total
[2026-03-28T12:24:02.761+0000][67][trace][gc,age      ] GC(25) - age   3:     991712 bytes,    6147608 total
[2026-03-28T12:24:02.762+0000][67][trace][gc,age      ] GC(25) - age   4:      42608 bytes,    6190216 total
[2026-03-28T12:24:02.763+0000][67][trace][gc,age      ] GC(25) - age   5:    2363672 bytes,    8553888 total
[2026-03-28T12:24:02.764+0000][67][trace][gc,age      ] GC(25) - age   6:    4151704 bytes,   12705592 total
[2026-03-28T12:24:02.764+0000][67][info ][gc,heap     ] GC(25) Eden regions: 73->0(72)
[2026-03-28T12:24:02.765+0000][67][info ][gc,heap     ] GC(25) Survivor regions: 3->4(10)
[2026-03-28T12:24:02.766+0000][67][info ][gc,heap     ] GC(25) Old regions: 25->25
[2026-03-28T12:24:02.767+0000][67][info ][gc,heap     ] GC(25) Humongous regions: 0->0
[2026-03-28T12:24:02.768+0000][67][info ][gc,metaspace] GC(25) Metaspace: 144826K(148800K)->144826K(148800K) NonClass: 125235K(127360K)->125235K(127360K) Class: 19591K(21440K)->19591K(21440K)
[2026-03-28T12:24:02.769+0000][67][info ][gc          ] GC(25) Pause Young (Normal) (G1 Evacuation Pause) 399M->108M(512M) 115.829ms
[2026-03-28T12:24:02.769+0000][67][info ][gc,cpu      ] GC(25) User=0.29s Sys=0.07s Real=0.12s
[2026-03-28T12:24:02.771+0000][67][info ][safepoint   ] Safepoint "G1CollectForAllocation", Time since last: 178186181 ns, Reaching safepoint: 111174 ns, Cleanup: 45630 ns, At safepoint: 118742477 ns, Total: 118899281 ns
[2026-03-28T12:24:04.757+0000][67][info ][safepoint   ] Safepoint "Cleanup", Time since last: 1985944156 ns, Reaching safepoint: 24501 ns, Cleanup: 24739 ns, At safepoint: 5607 ns, Total: 54847 ns
[2026-03-28T12:24:05.766+0000][67][info ][safepoint   ] Safepoint "Cleanup", Time since last: 1008402396 ns, Reaching safepoint: 12572 ns, Cleanup: 21120 ns, At safepoint: 7587 ns, Total: 41279 ns
[2026-03-28T12:24:06.784+0000][67][info ][safepoint   ] Safepoint "Cleanup", Time since last: 1018167682 ns, Reaching safepoint: 10542 ns, Cleanup: 10748 ns, At safepoint: 4339 ns, Total: 25629 ns
[2026-03-28T12:24:07.797+0000][67][info ][safepoint   ] Safepoint "Cleanup", Time since last: 1012704723 ns, Reaching safepoint: 27515 ns, Cleanup: 22454 ns, At safepoint: 6281 ns, Total: 56250 ns
[2026-03-28T12:24:08.821+0000][67][info ][safepoint   ] Safepoint "Cleanup", Time since last: 1024242452 ns, Reaching safepoint: 48883 ns, Cleanup: 67314 ns, At safepoint: 11528 ns, Total: 127725 ns
[2026-03-28T12:24:10.864+0000][67][info ][safepoint   ] Safepoint "Cleanup", Time since last: 2043093540 ns, Reaching safepoint: 24769 ns, Cleanup: 19265 ns, At safepoint: 8389 ns, Total: 52423 ns
[2026-03-28T12:24:11.892+0000][67][info ][safepoint   ] Safepoint "Cleanup", Time since last: 1027673624 ns, Reaching safepoint: 27353 ns, Cleanup: 41411 ns, At safepoint: 68177 ns, Total: 136941 ns
[2026-03-28T12:24:12.931+0000][67][info ][safepoint   ] Safepoint "Cleanup", Time since last: 1038817904 ns, Reaching safepoint: 10410 ns, Cleanup: 15178 ns, At safepoint: 5500 ns, Total: 31088 ns
[2026-03-28T12:24:13.938+0000][67][info ][safepoint   ] Safepoint "Cleanup", Time since last: 1007028608 ns, Reaching safepoint: 43951 ns, Cleanup: 25604 ns, At safepoint: 5671 ns, Total: 75226 ns
[2026-03-28T12:24:14.945+0000][67][info ][safepoint   ] Safepoint "Cleanup", Time since last: 1006434379 ns, Reaching safepoint: 35337 ns, Cleanup: 25919 ns, At safepoint: 8191 ns, Total: 69447 ns
[2026-03-28T12:24:15.965+0000][67][info ][safepoint   ] Safepoint "Cleanup", Time since last: 1019954956 ns, Reaching safepoint: 68913 ns, Cleanup: 62973 ns, At safepoint: 17951 ns, Total: 149837 ns
[2026-03-28T12:24:17.016+0000][67][info ][safepoint   ] Safepoint "Cleanup", Time since last: 1051668493 ns, Reaching safepoint: 33065 ns, Cleanup: 59886 ns, At safepoint: 8264 ns, Total: 101215 ns
[2026-03-28T12:24:18.035+0000][67][info ][safepoint   ] Safepoint "Cleanup", Time since last: 1018494061 ns, Reaching safepoint: 8754 ns, Cleanup: 24776 ns, At safepoint: 4404 ns, Total: 37934 ns
[2026-03-28T12:24:19.062+0000][67][info ][safepoint   ] Safepoint "Cleanup", Time since last: 1026481513 ns, Reaching safepoint: 48723 ns, Cleanup: 65146 ns, At safepoint: 14021 ns, Total: 127890 ns
[2026-03-28T12:24:20.085+0000][67][info ][safepoint   ] Safepoint "Cleanup", Time since last: 1023167276 ns, Reaching safepoint: 54100 ns, Cleanup: 24559 ns, At safepoint: 5314 ns, Total: 83973 ns
[2026-03-28T12:24:21.108+0000][67][info ][safepoint   ] Safepoint "Cleanup", Time since last: 1022712596 ns, Reaching safepoint: 6774 ns, Cleanup: 14545 ns, At safepoint: 13850 ns, Total: 35169 ns
[2026-03-28T12:24:22.115+0000][67][info ][safepoint   ] Safepoint "Cleanup", Time since last: 1007591120 ns, Reaching safepoint: 22538 ns, Cleanup: 15878 ns, At safepoint: 3389 ns, Total: 41805 ns
[2026-03-28T12:24:23.126+0000][67][info ][safepoint   ] Safepoint "Cleanup", Time since last: 1010866813 ns, Reaching safepoint: 9464 ns, Cleanup: 10653 ns, At safepoint: 4157 ns, Total: 24274 ns
[2026-03-28T12:24:24.140+0000][67][info ][safepoint   ] Safepoint "Cleanup", Time since last: 1014684251 ns, Reaching safepoint: 7492 ns, Cleanup: 40298 ns, At safepoint: 4090 ns, Total: 51880 ns
[2026-03-28T12:24:25.151+0000][67][info ][safepoint   ] Safepoint "Cleanup", Time since last: 1010998669 ns, Reaching safepoint: 27999 ns, Cleanup: 41851 ns, At safepoint: 7623 ns, Total: 77473 ns
[2026-03-28T12:24:26.166+0000][67][info ][safepoint   ] Safepoint "Cleanup", Time since last: 1014599867 ns, Reaching safepoint: 39727 ns, Cleanup: 69173 ns, At safepoint: 10015 ns, Total: 118915 ns
[2026-03-28T12:24:27.178+0000][67][info ][safepoint   ] Safepoint "Cleanup", Time since last: 1012511819 ns, Reaching safepoint: 25639 ns, Cleanup: 23429 ns, At safepoint: 5056 ns, Total: 54124 ns
[2026-03-28T12:24:28.195+0000][67][info ][safepoint   ] Safepoint "Cleanup", Time since last: 1016834910 ns, Reaching safepoint: 14642 ns, Cleanup: 31869 ns, At safepoint: 6922 ns, Total: 53433 ns
[2026-03-28T12:24:29.256+0000][67][info ][safepoint   ] Safepoint "Cleanup", Time since last: 1060186017 ns, Reaching safepoint: 87660 ns, Cleanup: 34772 ns, At safepoint: 14287 ns, Total: 136719 ns
[2026-03-28T12:24:30.301+0000][67][info ][safepoint   ] Safepoint "Cleanup", Time since last: 1045262563 ns, Reaching safepoint: 9616 ns, Cleanup: 36059 ns, At safepoint: 5085 ns, Total: 50760 ns
[2026-03-28T12:24:31.310+0000][67][info ][safepoint   ] Safepoint "Cleanup", Time since last: 1008976250 ns, Reaching safepoint: 28126 ns, Cleanup: 31412 ns, At safepoint: 6403 ns, Total: 65941 ns
[2026-03-28T12:24:32.333+0000][67][info ][safepoint   ] Safepoint "Cleanup", Time since last: 1023459691 ns, Reaching safepoint: 18684 ns, Cleanup: 19187 ns, At safepoint: 3791 ns, Total: 41662 ns
[2026-03-28T12:24:33.335+0000][67][info ][safepoint   ] Safepoint "Cleanup", Time since last: 1001387764 ns, Reaching safepoint: 30142 ns, Cleanup: 23684 ns, At safepoint: 7430 ns, Total: 61256 ns
[2026-03-28T12:24:34.336+0000][67][info ][safepoint   ] Safepoint "Cleanup", Time since last: 1001062151 ns, Reaching safepoint: 250204 ns, Cleanup: 38304 ns, At safepoint: 106684 ns, Total: 395192 ns
[2026-03-28T12:24:35.715+0000][67][info ][safepoint   ] Safepoint "Cleanup", Time since last: 1378163347 ns, Reaching safepoint: 37955 ns, Cleanup: 121130 ns, At safepoint: 47476 ns, Total: 206561 ns
[2026-03-28T12:24:37.099+0000][67][info ][safepoint   ] Safepoint "Cleanup", Time since last: 1384128886 ns, Reaching safepoint: 35662 ns, Cleanup: 42553 ns, At safepoint: 8186 ns, Total: 86401 ns
[2026-03-28T12:24:38.100+0000][67][info ][safepoint   ] Safepoint "Cleanup", Time since last: 1001382340 ns, Reaching safepoint: 22904 ns, Cleanup: 18776 ns, At safepoint: 5154 ns, Total: 46834 ns
[2026-03-28T12:24:39.102+0000][67][info ][safepoint   ] Safepoint "Cleanup", Time since last: 1001083880 ns, Reaching safepoint: 27208 ns, Cleanup: 24026 ns, At safepoint: 6444 ns, Total: 57678 ns
[2026-03-28T12:24:40.355+0000][67][info ][safepoint   ] Safepoint "Cleanup", Time since last: 1249853563 ns, Reaching safepoint: 2394220 ns, Cleanup: 424342 ns, At safepoint: 750099 ns, Total: 3568661 ns
[2026-03-28T12:24:41.429+0000][67][info ][safepoint   ] Safepoint "Cleanup", Time since last: 1074163018 ns, Reaching safepoint: 91799 ns, Cleanup: 130167 ns, At safepoint: 21540 ns, Total: 243506 ns
[2026-03-28T12:24:42.516+0000][67][info ][safepoint   ] Safepoint "Cleanup", Time since last: 1085802881 ns, Reaching safepoint: 84933 ns, Cleanup: 232830 ns, At safepoint: 205773 ns, Total: 523536 ns
[2026-03-28T12:24:43.599+0000][67][info ][safepoint   ] Safepoint "Cleanup", Time since last: 1083355166 ns, Reaching safepoint: 53234 ns, Cleanup: 87364 ns, At safepoint: 123983 ns, Total: 264581 ns
[2026-03-28T12:24:44.650+0000][67][info ][safepoint   ] Safepoint "Cleanup", Time since last: 1050298726 ns, Reaching safepoint: 51238 ns, Cleanup: 52123 ns, At safepoint: 214669 ns, Total: 318030 ns
[2026-03-28T12:24:44.694+0000][67][info ][gc,start    ] GC(26) Pause Young (Concurrent Start) (G1 Evacuation Pause)
[2026-03-28T12:24:44.696+0000][67][info ][gc,task     ] GC(26) Using 10 workers of 10 for evacuation
[2026-03-28T12:24:44.697+0000][67][debug][gc,age      ] GC(26) Desired survivor size 20971520 bytes, new threshold 15 (max threshold 15)
[2026-03-28T12:24:44.818+0000][67][info ][gc,phases   ] GC(26)   Pre Evacuate Collection Set: 1.6ms
[2026-03-28T12:24:44.820+0000][67][info ][gc,phases   ] GC(26)   Merge Heap Roots: 0.9ms
[2026-03-28T12:24:44.820+0000][67][info ][gc,phases   ] GC(26)   Evacuate Collection Set: 112.1ms
[2026-03-28T12:24:44.821+0000][67][info ][gc,phases   ] GC(26)   Post Evacuate Collection Set: 5.2ms
[2026-03-28T12:24:44.822+0000][67][info ][gc,phases   ] GC(26)   Other: 2.9ms
[2026-03-28T12:24:44.823+0000][67][trace][gc,age      ] GC(26) Age table with threshold 15 (max threshold 15)
[2026-03-28T12:24:44.824+0000][67][trace][gc,age      ] GC(26) - age   1:    2451264 bytes,    2451264 total
[2026-03-28T12:24:44.825+0000][67][trace][gc,age      ] GC(26) - age   2:    2973856 bytes,    5425120 total
[2026-03-28T12:24:44.825+0000][67][trace][gc,age      ] GC(26) - age   3:     265800 bytes,    5690920 total
[2026-03-28T12:24:44.826+0000][67][trace][gc,age      ] GC(26) - age   4:     991472 bytes,    6682392 total
[2026-03-28T12:24:44.826+0000][67][trace][gc,age      ] GC(26) - age   5:      42608 bytes,    6725000 total
[2026-03-28T12:24:44.827+0000][67][trace][gc,age      ] GC(26) - age   6:    2339032 bytes,    9064032 total
[2026-03-28T12:24:44.828+0000][67][trace][gc,age      ] GC(26) - age   7:    4100000 bytes,   13164032 total
[2026-03-28T12:24:44.828+0000][67][info ][gc,heap     ] GC(26) Eden regions: 72->0(72)
[2026-03-28T12:24:44.829+0000][67][info ][gc,heap     ] GC(26) Survivor regions: 4->4(10)
[2026-03-28T12:24:44.830+0000][67][info ][gc,heap     ] GC(26) Old regions: 25->25
[2026-03-28T12:24:44.830+0000][67][info ][gc,heap     ] GC(26) Humongous regions: 0->0
[2026-03-28T12:24:44.831+0000][67][info ][gc,metaspace] GC(26) Metaspace: 145553K(149504K)->145553K(149504K) NonClass: 125895K(128000K)->125895K(128000K) Class: 19658K(21504K)->19658K(21504K)
[2026-03-28T12:24:44.831+0000][67][info ][gc          ] GC(26) Pause Young (Concurrent Start) (G1 Evacuation Pause) 396M->110M(512M) 136.851ms
[2026-03-28T12:24:44.832+0000][67][info ][gc          ] GC(27) Concurrent Mark Cycle
[2026-03-28T12:24:44.832+0000][67][info ][gc,cpu      ] GC(26) User=0.31s Sys=0.06s Real=0.14s
[2026-03-28T12:24:44.833+0000][67][info ][gc,marking  ] GC(27) Concurrent Scan Root Regions
[2026-03-28T12:24:44.834+0000][67][info ][safepoint   ] Safepoint "G1CollectForAllocation", Time since last: 44379057 ns, Reaching safepoint: 89031 ns, Cleanup: 11675 ns, At safepoint: 139606276 ns, Total: 139706982 ns
[2026-03-28T12:24:44.844+0000][67][info ][gc,marking  ] GC(27) Concurrent Scan Root Regions 11.272ms
[2026-03-28T12:24:44.845+0000][67][info ][gc,marking  ] GC(27) Concurrent Mark
[2026-03-28T12:24:44.846+0000][67][info ][gc,marking  ] GC(27) Concurrent Mark From Roots
[2026-03-28T12:24:44.846+0000][67][info ][gc,task     ] GC(27) Using 3 workers of 3 for marking
[2026-03-28T12:24:44.976+0000][67][info ][gc,marking  ] GC(27) Concurrent Mark From Roots 130.061ms
[2026-03-28T12:24:44.977+0000][67][info ][gc,marking  ] GC(27) Concurrent Preclean
[2026-03-28T12:24:44.979+0000][67][info ][gc,marking  ] GC(27) Concurrent Preclean 1.935ms
[2026-03-28T12:24:44.980+0000][67][info ][gc,start    ] GC(27) Pause Remark
[2026-03-28T12:24:45.110+0000][67][info ][gc          ] GC(27) Pause Remark 113M->113M(512M) 130.252ms
[2026-03-28T12:24:45.111+0000][67][info ][gc,cpu      ] GC(27) User=0.45s Sys=0.00s Real=0.13s
[2026-03-28T12:24:45.112+0000][67][info ][safepoint   ] Safepoint "G1PauseRemark", Time since last: 145490372 ns, Reaching safepoint: 37071 ns, Cleanup: 41999 ns, At safepoint: 132686613 ns, Total: 132765683 ns
[2026-03-28T12:24:45.114+0000][67][info ][gc,marking  ] GC(27) Concurrent Mark 268.387ms
[2026-03-28T12:24:45.114+0000][67][info ][gc,marking  ] GC(27) Concurrent Rebuild Remembered Sets and Scrub Regions
[2026-03-28T12:24:45.164+0000][67][info ][gc,marking  ] GC(27) Concurrent Rebuild Remembered Sets and Scrub Regions 49.486ms
[2026-03-28T12:24:45.165+0000][67][info ][gc,start    ] GC(27) Pause Cleanup
[2026-03-28T12:24:45.166+0000][67][info ][gc          ] GC(27) Pause Cleanup 113M->113M(512M) 1.199ms
[2026-03-28T12:24:45.167+0000][67][info ][gc,cpu      ] GC(27) User=0.00s Sys=0.00s Real=0.00s
[2026-03-28T12:24:45.168+0000][67][info ][safepoint   ] Safepoint "G1PauseCleanup", Time since last: 52816454 ns, Reaching safepoint: 28745 ns, Cleanup: 99720 ns, At safepoint: 3054199 ns, Total: 3182664 ns
[2026-03-28T12:24:45.169+0000][67][info ][gc,marking  ] GC(27) Concurrent Clear Claimed Marks
[2026-03-28T12:24:45.171+0000][67][info ][gc,marking  ] GC(27) Concurrent Clear Claimed Marks 1.416ms
[2026-03-28T12:24:45.171+0000][67][info ][gc,marking  ] GC(27) Concurrent Cleanup for Next Mark
[2026-03-28T12:24:45.174+0000][67][info ][gc,marking  ] GC(27) Concurrent Cleanup for Next Mark 2.115ms
[2026-03-28T12:24:45.175+0000][67][info ][gc          ] GC(27) Concurrent Mark Cycle 342.458ms
[2026-03-28T12:24:47.125+0000][67][info ][safepoint   ] Safepoint "Cleanup", Time since last: 1956049438 ns, Reaching safepoint: 45702 ns, Cleanup: 200723 ns, At safepoint: 12348 ns, Total: 258773 ns
[2026-03-28T12:24:48.200+0000][67][info ][safepoint   ] Safepoint "Cleanup", Time since last: 1075299814 ns, Reaching safepoint: 19028 ns, Cleanup: 228902 ns, At safepoint: 136931 ns, Total: 384861 ns
[2026-03-28T12:24:49.829+0000][67][info ][safepoint   ] Safepoint "Cleanup", Time since last: 1629126292 ns, Reaching safepoint: 17914 ns, Cleanup: 15359 ns, At safepoint: 3626 ns, Total: 36899 ns
[2026-03-28T12:24:50.831+0000][67][info ][safepoint   ] Safepoint "Cleanup", Time since last: 1001396909 ns, Reaching safepoint: 24171 ns, Cleanup: 30051 ns, At safepoint: 6446 ns, Total: 60668 ns
[2026-03-28T12:24:51.849+0000][67][info ][safepoint   ] Safepoint "Cleanup", Time since last: 1018077487 ns, Reaching safepoint: 5724 ns, Cleanup: 23130 ns, At safepoint: 2538 ns, Total: 31392 ns
[2026-03-28T12:24:52.863+0000][67][info ][safepoint   ] Safepoint "Cleanup", Time since last: 1013504303 ns, Reaching safepoint: 6564 ns, Cleanup: 7230 ns, At safepoint: 2561 ns, Total: 16355 ns
[2026-03-28T12:24:53.878+0000][67][info ][safepoint   ] Safepoint "Cleanup", Time since last: 1019141064 ns, Reaching safepoint: 21543 ns, Cleanup: 45257 ns, At safepoint: 11652 ns, Total: 78452 ns
[2026-03-28T12:24:54.931+0000][67][info ][safepoint   ] Safepoint "Cleanup", Time since last: 1052798470 ns, Reaching safepoint: 55122 ns, Cleanup: 44170 ns, At safepoint: 123148 ns, Total: 222440 ns
[2026-03-28T12:24:55.963+0000][67][info ][safepoint   ] Safepoint "Cleanup", Time since last: 1031802517 ns, Reaching safepoint: 70824 ns, Cleanup: 63082 ns, At safepoint: 22912 ns, Total: 156818 ns
[2026-03-28T12:24:56.979+0000][67][info ][safepoint   ] Safepoint "Cleanup", Time since last: 1016232860 ns, Reaching safepoint: 17917 ns, Cleanup: 12661 ns, At safepoint: 3259 ns, Total: 33837 ns
[2026-03-28T12:24:57.995+0000][67][info ][safepoint   ] Safepoint "Cleanup", Time since last: 1015686064 ns, Reaching safepoint: 9811 ns, Cleanup: 14163 ns, At safepoint: 4559 ns, Total: 28533 ns
[2026-03-28T12:24:59.011+0000][67][info ][safepoint   ] Safepoint "Cleanup", Time since last: 1016480686 ns, Reaching safepoint: 19630 ns, Cleanup: 20349 ns, At safepoint: 4200 ns, Total: 44179 ns
[2026-03-28T12:25:00.024+0000][67][info ][safepoint   ] Safepoint "Cleanup", Time since last: 1012697747 ns, Reaching safepoint: 8021 ns, Cleanup: 33571 ns, At safepoint: 4305 ns, Total: 45897 ns
[2026-03-28T12:25:01.042+0000][67][info ][safepoint   ] Safepoint "Cleanup", Time since last: 1017743823 ns, Reaching safepoint: 8820 ns, Cleanup: 11132 ns, At safepoint: 4779 ns, Total: 24731 ns
[2026-03-28T12:25:03.068+0000][67][info ][safepoint   ] Safepoint "Cleanup", Time since last: 2025724733 ns, Reaching safepoint: 24671 ns, Cleanup: 24981 ns, At safepoint: 4916 ns, Total: 54568 ns
[2026-03-28T12:25:04.099+0000][67][info ][safepoint   ] Safepoint "Cleanup", Time since last: 1030923846 ns, Reaching safepoint: 5961 ns, Cleanup: 6043 ns, At safepoint: 2248 ns, Total: 14252 ns
[2026-03-28T12:25:05.100+0000][67][info ][safepoint   ] Safepoint "Cleanup", Time since last: 1001488024 ns, Reaching safepoint: 14602 ns, Cleanup: 14983 ns, At safepoint: 5969 ns, Total: 35554 ns
[2026-03-28T12:25:06.122+0000][67][info ][safepoint   ] Safepoint "Cleanup", Time since last: 1021342569 ns, Reaching safepoint: 35016 ns, Cleanup: 19455 ns, At safepoint: 5833 ns, Total: 60304 ns
[2026-03-28T12:25:09.165+0000][67][info ][safepoint   ] Safepoint "Cleanup", Time since last: 3043514248 ns, Reaching safepoint: 21668 ns, Cleanup: 19792 ns, At safepoint: 5131 ns, Total: 46591 ns
[2026-03-28T12:25:10.167+0000][67][info ][safepoint   ] Safepoint "Cleanup", Time since last: 1001685564 ns, Reaching safepoint: 55336 ns, Cleanup: 44472 ns, At safepoint: 12241 ns, Total: 112049 ns
[2026-03-28T12:25:11.181+0000][67][info ][safepoint   ] Safepoint "Cleanup", Time since last: 1014411182 ns, Reaching safepoint: 47446 ns, Cleanup: 45329 ns, At safepoint: 10931 ns, Total: 103706 ns
[2026-03-28T12:25:12.200+0000][67][info ][safepoint   ] Safepoint "Cleanup", Time since last: 1018097033 ns, Reaching safepoint: 9678 ns, Cleanup: 19498 ns, At safepoint: 4906 ns, Total: 34082 ns
[2026-03-28T12:25:13.218+0000][67][info ][safepoint   ] Safepoint "Cleanup", Time since last: 1018033516 ns, Reaching safepoint: 18257 ns, Cleanup: 17943 ns, At safepoint: 10293 ns, Total: 46493 ns
[2026-03-28T12:25:14.247+0000][67][info ][safepoint   ] Safepoint "Cleanup", Time since last: 1029172149 ns, Reaching safepoint: 29847 ns, Cleanup: 35402 ns, At safepoint: 8204 ns, Total: 73453 ns
[2026-03-28T12:25:16.249+0000][67][info ][safepoint   ] Safepoint "Cleanup", Time since last: 2002030733 ns, Reaching safepoint: 15399 ns, Cleanup: 16351 ns, At safepoint: 3328 ns, Total: 35078 ns
[2026-03-28T12:25:17.250+0000][67][info ][safepoint   ] Safepoint "Cleanup", Time since last: 1001243317 ns, Reaching safepoint: 21405 ns, Cleanup: 21294 ns, At safepoint: 5743 ns, Total: 48442 ns
[2026-03-28T12:25:18.298+0000][67][info ][safepoint   ] Safepoint "Cleanup", Time since last: 1048174989 ns, Reaching safepoint: 7164 ns, Cleanup: 12535 ns, At safepoint: 3685 ns, Total: 23384 ns
[2026-03-28T12:25:19.305+0000][67][info ][safepoint   ] Safepoint "Cleanup", Time since last: 1006063106 ns, Reaching safepoint: 26487 ns, Cleanup: 20621 ns, At safepoint: 6791 ns, Total: 53899 ns
[2026-03-28T12:25:20.306+0000][67][info ][safepoint   ] Safepoint "Cleanup", Time since last: 1001178555 ns, Reaching safepoint: 27908 ns, Cleanup: 25058 ns, At safepoint: 6816 ns, Total: 59782 ns
[2026-03-28T12:25:21.308+0000][67][info ][safepoint   ] Safepoint "Cleanup", Time since last: 1001609818 ns, Reaching safepoint: 44299 ns, Cleanup: 17897 ns, At safepoint: 7252 ns, Total: 69448 ns
[2026-03-28T12:25:23.719+0000][67][info ][safepoint   ] Safepoint "Cleanup", Time since last: 2414752088 ns, Reaching safepoint: 9022 ns, Cleanup: 11389 ns, At safepoint: 4753 ns, Total: 25164 ns
[2026-03-28T12:25:25.317+0000][67][info ][safepoint   ] Safepoint "Cleanup", Time since last: 1598360924 ns, Reaching safepoint: 25384 ns, Cleanup: 30175 ns, At safepoint: 7357 ns, Total: 62916 ns
[2026-03-28T12:25:26.318+0000][67][info ][safepoint   ] Safepoint "Cleanup", Time since last: 1000991166 ns, Reaching safepoint: 17415 ns, Cleanup: 25682 ns, At safepoint: 3126 ns, Total: 46223 ns
[2026-03-28T12:25:27.319+0000][67][info ][safepoint   ] Safepoint "Cleanup", Time since last: 1001149220 ns, Reaching safepoint: 28623 ns, Cleanup: 30970 ns, At safepoint: 8353 ns, Total: 67946 ns
[2026-03-28T12:25:29.321+0000][67][info ][safepoint   ] Safepoint "Cleanup", Time since last: 2001694781 ns, Reaching safepoint: 142485 ns, Cleanup: 19638 ns, At safepoint: 11972 ns, Total: 174095 ns
[2026-03-28T12:25:30.323+0000][67][info ][safepoint   ] Safepoint "Cleanup", Time since last: 1001976492 ns, Reaching safepoint: 13981 ns, Cleanup: 26286 ns, At safepoint: 6725 ns, Total: 46992 ns
[2026-03-28T12:25:31.342+0000][67][info ][safepoint   ] Safepoint "Cleanup", Time since last: 1019047298 ns, Reaching safepoint: 22818 ns, Cleanup: 23356 ns, At safepoint: 5846 ns, Total: 52020 ns
[2026-03-28T12:25:35.345+0000][67][info ][safepoint   ] Safepoint "Cleanup", Time since last: 4002691161 ns, Reaching safepoint: 70121 ns, Cleanup: 23871 ns, At safepoint: 10463 ns, Total: 104455 ns
[2026-03-28T12:25:36.361+0000][67][info ][safepoint   ] Safepoint "Cleanup", Time since last: 1015520200 ns, Reaching safepoint: 13558 ns, Cleanup: 35058 ns, At safepoint: 6149 ns, Total: 54765 ns
[2026-03-28T12:25:37.378+0000][67][info ][safepoint   ] Safepoint "Cleanup", Time since last: 1017549384 ns, Reaching safepoint: 154387 ns, Cleanup: 21839 ns, At safepoint: 10684 ns, Total: 186910 ns
[2026-03-28T12:25:38.299+0000][67][info ][gc,start    ] GC(28) Pause Young (Prepare Mixed) (G1 Evacuation Pause)
[2026-03-28T12:25:38.300+0000][67][info ][gc,task     ] GC(28) Using 10 workers of 10 for evacuation
[2026-03-28T12:25:38.301+0000][67][debug][gc,age      ] GC(28) Desired survivor size 20971520 bytes, new threshold 15 (max threshold 15)
[2026-03-28T12:25:38.371+0000][67][info ][gc,phases   ] GC(28)   Pre Evacuate Collection Set: 1.3ms
[2026-03-28T12:25:38.374+0000][67][info ][gc,phases   ] GC(28)   Merge Heap Roots: 1.0ms
[2026-03-28T12:25:38.376+0000][67][info ][gc,phases   ] GC(28)   Evacuate Collection Set: 61.0ms
[2026-03-28T12:25:38.377+0000][67][info ][gc,phases   ] GC(28)   Post Evacuate Collection Set: 4.6ms
[2026-03-28T12:25:38.378+0000][67][info ][gc,phases   ] GC(28)   Other: 2.2ms
[2026-03-28T12:25:38.379+0000][67][trace][gc,age      ] GC(28) Age table with threshold 15 (max threshold 15)
[2026-03-28T12:25:38.381+0000][67][trace][gc,age      ] GC(28) - age   1:    2316840 bytes,    2316840 total
[2026-03-28T12:25:38.381+0000][67][trace][gc,age      ] GC(28) - age   2:     975288 bytes,    3292128 total
[2026-03-28T12:25:38.383+0000][67][trace][gc,age      ] GC(28) - age   3:    2432472 bytes,    5724600 total
[2026-03-28T12:25:38.383+0000][67][trace][gc,age      ] GC(28) - age   4:      90520 bytes,    5815120 total
[2026-03-28T12:25:38.384+0000][67][trace][gc,age      ] GC(28) - age   5:     805176 bytes,    6620296 total
[2026-03-28T12:25:38.385+0000][67][trace][gc,age      ] GC(28) - age   6:      42608 bytes,    6662904 total
[2026-03-28T12:25:38.386+0000][67][trace][gc,age      ] GC(28) - age   7:    2220304 bytes,    8883208 total
[2026-03-28T12:25:38.387+0000][67][trace][gc,age      ] GC(28) - age   8:    3999248 bytes,   12882456 total
[2026-03-28T12:25:38.388+0000][67][info ][gc,heap     ] GC(28) Eden regions: 72->0(72)
[2026-03-28T12:25:38.389+0000][67][info ][gc,heap     ] GC(28) Survivor regions: 4->4(10)
[2026-03-28T12:25:38.390+0000][67][info ][gc,heap     ] GC(28) Old regions: 25->25
[2026-03-28T12:25:38.391+0000][67][info ][gc,heap     ] GC(28) Humongous regions: 0->0
[2026-03-28T12:25:38.392+0000][67][info ][gc,metaspace] GC(28) Metaspace: 145797K(149696K)->145797K(149696K) NonClass: 126147K(128192K)->126147K(128192K) Class: 19650K(21504K)->19650K(21504K)
[2026-03-28T12:25:38.393+0000][67][info ][gc          ] GC(28) Pause Young (Prepare Mixed) (G1 Evacuation Pause) 398M->110M(512M) 93.326ms
[2026-03-28T12:25:38.394+0000][67][info ][gc,cpu      ] GC(28) User=0.18s Sys=0.00s Real=0.10s
[2026-03-28T12:25:38.395+0000][67][info ][safepoint   ] Safepoint "G1CollectForAllocation", Time since last: 920573090 ns, Reaching safepoint: 64825 ns, Cleanup: 7630 ns, At safepoint: 95561400 ns, Total: 95633855 ns
[2026-03-28T12:25:41.396+0000][67][info ][safepoint   ] Safepoint "Cleanup", Time since last: 3001547209 ns, Reaching safepoint: 37471 ns, Cleanup: 49253 ns, At safepoint: 7313 ns, Total: 94037 ns
[2026-03-28T12:25:42.400+0000][67][info ][safepoint   ] Safepoint "Cleanup", Time since last: 1003264685 ns, Reaching safepoint: 12279 ns, Cleanup: 31648 ns, At safepoint: 6991 ns, Total: 50918 ns
[2026-03-28T12:25:44.408+0000][67][info ][safepoint   ] Safepoint "Cleanup", Time since last: 2008443627 ns, Reaching safepoint: 51370 ns, Cleanup: 19644 ns, At safepoint: 8490 ns, Total: 79504 ns
[2026-03-28T12:25:45.533+0000][67][info ][safepoint   ] Safepoint "Cleanup", Time since last: 1124868180 ns, Reaching safepoint: 25512 ns, Cleanup: 18487 ns, At safepoint: 5495 ns, Total: 49494 ns
[2026-03-28T12:25:47.315+0000][67][info ][safepoint   ] Safepoint "Cleanup", Time since last: 1782155674 ns, Reaching safepoint: 26689 ns, Cleanup: 22407 ns, At safepoint: 5846 ns, Total: 54942 ns
[2026-03-28T12:25:48.417+0000][67][info ][safepoint   ] Safepoint "Cleanup", Time since last: 1101576230 ns, Reaching safepoint: 11203 ns, Cleanup: 19814 ns, At safepoint: 5729 ns, Total: 36746 ns
[2026-03-28T12:25:49.430+0000][67][info ][safepoint   ] Safepoint "Cleanup", Time since last: 1013245464 ns, Reaching safepoint: 64955 ns, Cleanup: 31803 ns, At safepoint: 8981 ns, Total: 105739 ns
[2026-03-28T12:25:50.431+0000][67][info ][safepoint   ] Safepoint "Cleanup", Time since last: 1000921604 ns, Reaching safepoint: 22611 ns, Cleanup: 15165 ns, At safepoint: 5100 ns, Total: 42876 ns
[2026-03-28T12:25:51.432+0000][67][info ][safepoint   ] Safepoint "Cleanup", Time since last: 1000854501 ns, Reaching safepoint: 23726 ns, Cleanup: 20557 ns, At safepoint: 6293 ns, Total: 50576 ns
[2026-03-28T12:25:52.433+0000][67][info ][safepoint   ] Safepoint "Cleanup", Time since last: 1000891205 ns, Reaching safepoint: 163825 ns, Cleanup: 19680 ns, At safepoint: 9311 ns, Total: 192816 ns
[2026-03-28T12:25:53.728+0000][67][info ][safepoint   ] Safepoint "Cleanup", Time since last: 1298678222 ns, Reaching safepoint: 11858 ns, Cleanup: 64580 ns, At safepoint: 63864 ns, Total: 140302 ns
[2026-03-28T12:25:55.463+0000][67][info ][safepoint   ] Safepoint "Cleanup", Time since last: 1734248019 ns, Reaching safepoint: 12430 ns, Cleanup: 31701 ns, At safepoint: 76634 ns, Total: 120765 ns
[2026-03-28T12:25:56.471+0000][67][info ][safepoint   ] Safepoint "Cleanup", Time since last: 1008105514 ns, Reaching safepoint: 59915 ns, Cleanup: 33891 ns, At safepoint: 7310 ns, Total: 101116 ns
[2026-03-28T12:25:57.472+0000][67][info ][safepoint   ] Safepoint "Cleanup", Time since last: 1001219134 ns, Reaching safepoint: 68757 ns, Cleanup: 21066 ns, At safepoint: 9448 ns, Total: 99271 ns
[2026-03-28T12:25:59.473+0000][67][info ][safepoint   ] Safepoint "Cleanup", Time since last: 2001065222 ns, Reaching safepoint: 87132 ns, Cleanup: 40556 ns, At safepoint: 12034 ns, Total: 139722 ns
[2026-03-28T12:26:00.478+0000][67][info ][safepoint   ] Safepoint "Cleanup", Time since last: 1004982921 ns, Reaching safepoint: 25056 ns, Cleanup: 20426 ns, At safepoint: 7154 ns, Total: 52636 ns
[2026-03-28T12:26:01.492+0000][67][info ][safepoint   ] Safepoint "Cleanup", Time since last: 1013598708 ns, Reaching safepoint: 43688 ns, Cleanup: 16968 ns, At safepoint: 6010 ns, Total: 66666 ns
[2026-03-28T12:26:02.493+0000][67][info ][safepoint   ] Safepoint "Cleanup", Time since last: 1000820425 ns, Reaching safepoint: 28372 ns, Cleanup: 21828 ns, At safepoint: 7596 ns, Total: 57796 ns
[2026-03-28T12:26:03.494+0000][67][info ][safepoint   ] Safepoint "Cleanup", Time since last: 1001105487 ns, Reaching safepoint: 27586 ns, Cleanup: 18345 ns, At safepoint: 7010 ns, Total: 52941 ns
[2026-03-28T12:26:04.495+0000][67][info ][safepoint   ] Safepoint "Cleanup", Time since last: 1001259911 ns, Reaching safepoint: 19297 ns, Cleanup: 27921 ns, At safepoint: 3609 ns, Total: 50827 ns
[2026-03-28T12:26:05.720+0000][67][info ][safepoint   ] Safepoint "Cleanup", Time since last: 1224270401 ns, Reaching safepoint: 5619 ns, Cleanup: 8488 ns, At safepoint: 2428 ns, Total: 16535 ns
[2026-03-28T12:26:07.512+0000][67][info ][safepoint   ] Safepoint "Cleanup", Time since last: 1792160639 ns, Reaching safepoint: 47551 ns, Cleanup: 31881 ns, At safepoint: 4416 ns, Total: 83848 ns
[2026-03-28T12:26:08.513+0000][67][info ][safepoint   ] Safepoint "Cleanup", Time since last: 1000841263 ns, Reaching safepoint: 28684 ns, Cleanup: 16940 ns, At safepoint: 5323 ns, Total: 50947 ns
[2026-03-28T12:26:09.514+0000][67][info ][safepoint   ] Safepoint "Cleanup", Time since last: 1000759098 ns, Reaching safepoint: 27141 ns, Cleanup: 18729 ns, At safepoint: 6375 ns, Total: 52245 ns
[2026-03-28T12:26:11.515+0000][67][info ][safepoint   ] Safepoint "Cleanup", Time since last: 2001550244 ns, Reaching safepoint: 20558 ns, Cleanup: 14822 ns, At safepoint: 4818 ns, Total: 40198 ns
[2026-03-28T12:26:12.523+0000][67][info ][safepoint   ] Safepoint "Cleanup", Time since last: 1007438440 ns, Reaching safepoint: 9201 ns, Cleanup: 7344 ns, At safepoint: 4908 ns, Total: 21453 ns
[2026-03-28T12:26:16.216+0000][67][info ][safepoint   ] Safepoint "Cleanup", Time since last: 3693327142 ns, Reaching safepoint: 11595 ns, Cleanup: 13373 ns, At safepoint: 13250 ns, Total: 38218 ns
[2026-03-28T12:26:17.257+0000][67][info ][safepoint   ] Safepoint "Cleanup", Time since last: 1040817040 ns, Reaching safepoint: 35645 ns, Cleanup: 61840 ns, At safepoint: 9469 ns, Total: 106954 ns
[2026-03-28T12:26:18.538+0000][67][info ][safepoint   ] Safepoint "Cleanup", Time since last: 1280763818 ns, Reaching safepoint: 29175 ns, Cleanup: 10383 ns, At safepoint: 38273 ns, Total: 77831 ns
[2026-03-28T12:26:19.544+0000][67][info ][safepoint   ] Safepoint "Cleanup", Time since last: 1005860080 ns, Reaching safepoint: 51382 ns, Cleanup: 14768 ns, At safepoint: 4947 ns, Total: 71097 ns
[2026-03-28T12:26:21.356+0000][67][info ][safepoint   ] Safepoint "Cleanup", Time since last: 1811615471 ns, Reaching safepoint: 187905 ns, Cleanup: 20623 ns, At safepoint: 147043 ns, Total: 355571 ns
[2026-03-28T12:26:22.365+0000][67][info ][safepoint   ] Safepoint "Cleanup", Time since last: 1008809945 ns, Reaching safepoint: 16536 ns, Cleanup: 16427 ns, At safepoint: 67357 ns, Total: 100320 ns
[2026-03-28T12:26:23.731+0000][67][info ][safepoint   ] Safepoint "Cleanup", Time since last: 1369361323 ns, Reaching safepoint: 18000 ns, Cleanup: 18571 ns, At safepoint: 4625 ns, Total: 41196 ns
[2026-03-28T12:26:25.568+0000][67][info ][safepoint   ] Safepoint "Cleanup", Time since last: 1837712628 ns, Reaching safepoint: 68014 ns, Cleanup: 78158 ns, At safepoint: 102344 ns, Total: 248516 ns
[2026-03-28T12:26:26.570+0000][67][info ][safepoint   ] Safepoint "Cleanup", Time since last: 1001190725 ns, Reaching safepoint: 82848 ns, Cleanup: 109943 ns, At safepoint: 18693 ns, Total: 211484 ns
[2026-03-28T12:26:27.577+0000][67][info ][safepoint   ] Safepoint "Cleanup", Time since last: 1006809277 ns, Reaching safepoint: 8589 ns, Cleanup: 43811 ns, At safepoint: 4486 ns, Total: 56886 ns
[2026-03-28T12:26:28.623+0000][67][info ][safepoint   ] Safepoint "Cleanup", Time since last: 1045467667 ns, Reaching safepoint: 178929 ns, Cleanup: 13020 ns, At safepoint: 93783 ns, Total: 285732 ns
[2026-03-28T12:26:29.729+0000][67][info ][safepoint   ] Safepoint "Cleanup", Time since last: 1106773633 ns, Reaching safepoint: 24816 ns, Cleanup: 24930 ns, At safepoint: 11873 ns, Total: 61619 ns
[2026-03-28T12:26:31.375+0000][67][info ][safepoint   ] Safepoint "Cleanup", Time since last: 1645201859 ns, Reaching safepoint: 11311 ns, Cleanup: 37663 ns, At safepoint: 5553 ns, Total: 54527 ns
[2026-03-28T12:26:35.725+0000][67][info ][safepoint   ] Safepoint "Cleanup", Time since last: 4350342359 ns, Reaching safepoint: 13270 ns, Cleanup: 12434 ns, At safepoint: 6886 ns, Total: 32590 ns
[2026-03-28T12:26:37.685+0000][67][info ][safepoint   ] Safepoint "Cleanup", Time since last: 1960304322 ns, Reaching safepoint: 41626 ns, Cleanup: 65435 ns, At safepoint: 9639 ns, Total: 116700 ns
[2026-03-28T12:26:39.687+0000][67][info ][safepoint   ] Safepoint "Cleanup", Time since last: 2001862524 ns, Reaching safepoint: 145051 ns, Cleanup: 29948 ns, At safepoint: 14257 ns, Total: 189256 ns
[2026-03-28T12:26:40.689+0000][67][info ][safepoint   ] Safepoint "Cleanup", Time since last: 1001112710 ns, Reaching safepoint: 56852 ns, Cleanup: 18692 ns, At safepoint: 8294 ns, Total: 83838 ns
[2026-03-28T12:26:41.725+0000][67][info ][safepoint   ] Safepoint "Cleanup", Time since last: 1036243728 ns, Reaching safepoint: 11484 ns, Cleanup: 8263 ns, At safepoint: 3552 ns, Total: 23299 ns
[2026-03-28T12:26:42.726+0000][67][info ][safepoint   ] Safepoint "Cleanup", Time since last: 1001440260 ns, Reaching safepoint: 41580 ns, Cleanup: 36593 ns, At safepoint: 14511 ns, Total: 92684 ns
[2026-03-28T12:26:43.729+0000][67][info ][safepoint   ] Safepoint "Cleanup", Time since last: 1002463227 ns, Reaching safepoint: 262283 ns, Cleanup: 62519 ns, At safepoint: 228210 ns, Total: 553012 ns
[2026-03-28T12:26:45.587+0000][67][info ][safepoint   ] Safepoint "Cleanup", Time since last: 1857596921 ns, Reaching safepoint: 77390 ns, Cleanup: 33989 ns, At safepoint: 10309 ns, Total: 121688 ns
[2026-03-28T12:26:46.589+0000][67][info ][safepoint   ] Safepoint "Cleanup", Time since last: 1001494939 ns, Reaching safepoint: 26693 ns, Cleanup: 17547 ns, At safepoint: 6306 ns, Total: 50546 ns
[2026-03-28T12:26:47.730+0000][67][info ][safepoint   ] Safepoint "Cleanup", Time since last: 1141097917 ns, Reaching safepoint: 11355 ns, Cleanup: 14737 ns, At safepoint: 4504 ns, Total: 30596 ns
[2026-03-28T12:26:53.737+0000][67][info ][safepoint   ] Safepoint "Cleanup", Time since last: 6009507178 ns, Reaching safepoint: 216813 ns, Cleanup: 19309 ns, At safepoint: 168980 ns, Total: 405102 ns
[2026-03-28T12:26:54.760+0000][67][info ][safepoint   ] Safepoint "Cleanup", Time since last: 1023211279 ns, Reaching safepoint: 52455 ns, Cleanup: 16884 ns, At safepoint: 6938 ns, Total: 76277 ns
[2026-03-28T12:26:56.788+0000][67][info ][safepoint   ] Safepoint "Cleanup", Time since last: 2028013037 ns, Reaching safepoint: 36361 ns, Cleanup: 19688 ns, At safepoint: 7582 ns, Total: 63631 ns
[2026-03-28T12:26:57.789+0000][67][info ][safepoint   ] Safepoint "Cleanup", Time since last: 1000843502 ns, Reaching safepoint: 55191 ns, Cleanup: 21593 ns, At safepoint: 7391 ns, Total: 84175 ns
[2026-03-28T12:26:59.715+0000][67][info ][gc,start    ] GC(29) Pause Young (Mixed) (G1 Evacuation Pause)
[2026-03-28T12:26:59.716+0000][67][info ][gc,task     ] GC(29) Using 10 workers of 10 for evacuation
[2026-03-28T12:26:59.717+0000][67][debug][gc,age      ] GC(29) Desired survivor size 20971520 bytes, new threshold 15 (max threshold 15)
[2026-03-28T12:26:59.861+0000][67][info ][gc,phases   ] GC(29)   Pre Evacuate Collection Set: 1.2ms
[2026-03-28T12:26:59.862+0000][67][info ][gc,phases   ] GC(29)   Merge Heap Roots: 1.7ms
[2026-03-28T12:26:59.863+0000][67][info ][gc,phases   ] GC(29)   Evacuate Collection Set: 134.8ms
[2026-03-28T12:26:59.863+0000][67][info ][gc,phases   ] GC(29)   Post Evacuate Collection Set: 6.0ms
[2026-03-28T12:26:59.864+0000][67][info ][gc,phases   ] GC(29)   Other: 1.8ms
[2026-03-28T12:26:59.865+0000][67][trace][gc,age      ] GC(29) Age table with threshold 15 (max threshold 15)
[2026-03-28T12:26:59.865+0000][67][trace][gc,age      ] GC(29) - age   1:    2807848 bytes,    2807848 total
[2026-03-28T12:26:59.866+0000][67][trace][gc,age      ] GC(29) - age   2:     741544 bytes,    3549392 total
[2026-03-28T12:26:59.866+0000][67][trace][gc,age      ] GC(29) - age   3:     858488 bytes,    4407880 total
[2026-03-28T12:26:59.867+0000][67][trace][gc,age      ] GC(29) - age   4:    2378928 bytes,    6786808 total
[2026-03-28T12:26:59.868+0000][67][trace][gc,age      ] GC(29) - age   5:      80312 bytes,    6867120 total
[2026-03-28T12:26:59.868+0000][67][trace][gc,age      ] GC(29) - age   6:     777312 bytes,    7644432 total
[2026-03-28T12:26:59.869+0000][67][trace][gc,age      ] GC(29) - age   7:      42608 bytes,    7687040 total
[2026-03-28T12:26:59.869+0000][67][trace][gc,age      ] GC(29) - age   8:    2184088 bytes,    9871128 total
[2026-03-28T12:26:59.870+0000][67][trace][gc,age      ] GC(29) - age   9:    3999248 bytes,   13870376 total
[2026-03-28T12:26:59.870+0000][67][info ][gc,heap     ] GC(29) Eden regions: 72->0(72)
[2026-03-28T12:26:59.871+0000][67][info ][gc,heap     ] GC(29) Survivor regions: 4->4(10)
[2026-03-28T12:26:59.872+0000][67][info ][gc,heap     ] GC(29) Old regions: 25->24
[2026-03-28T12:26:59.873+0000][67][info ][gc,heap     ] GC(29) Humongous regions: 0->0
[2026-03-28T12:26:59.874+0000][67][info ][gc,metaspace] GC(29) Metaspace: 146051K(150016K)->146051K(150016K) NonClass: 126398K(128512K)->126398K(128512K) Class: 19652K(21504K)->19652K(21504K)
[2026-03-28T12:26:59.874+0000][67][info ][gc          ] GC(29) Pause Young (Mixed) (G1 Evacuation Pause) 398M->110M(512M) 159.278ms
[2026-03-28T12:26:59.875+0000][67][info ][gc,cpu      ] GC(29) User=0.43s Sys=0.07s Real=0.16s
[2026-03-28T12:26:59.876+0000][67][info ][safepoint   ] Safepoint "G1CollectForAllocation", Time since last: 1925584742 ns, Reaching safepoint: 34524 ns, Cleanup: 22702 ns, At safepoint: 161176498 ns, Total: 161233724 ns
[2026-03-28T12:27:00.882+0000][67][info ][safepoint   ] Safepoint "Cleanup", Time since last: 1004669737 ns, Reaching safepoint: 22234 ns, Cleanup: 54833 ns, At safepoint: 1079867 ns, Total: 1156934 ns
[2026-03-28T12:27:01.956+0000][67][info ][safepoint   ] Safepoint "Cleanup", Time since last: 1074069599 ns, Reaching safepoint: 28052 ns, Cleanup: 30562 ns, At safepoint: 7133 ns, Total: 65747 ns
[2026-03-28T12:27:05.718+0000][67][info ][safepoint   ] Safepoint "Cleanup", Time since last: 3761585051 ns, Reaching safepoint: 8831 ns, Cleanup: 12981 ns, At safepoint: 2697 ns, Total: 24509 ns
[2026-03-28T12:27:06.975+0000][67][info ][safepoint   ] Safepoint "Cleanup", Time since last: 1257009043 ns, Reaching safepoint: 24017 ns, Cleanup: 20786 ns, At safepoint: 5262 ns, Total: 50065 ns
[2026-03-28T12:27:09.976+0000][67][info ][safepoint   ] Safepoint "Cleanup", Time since last: 3001403996 ns, Reaching safepoint: 44077 ns, Cleanup: 18766 ns, At safepoint: 6247 ns, Total: 69090 ns
[2026-03-28T12:27:11.732+0000][67][info ][safepoint   ] Safepoint "Cleanup", Time since last: 1755391214 ns, Reaching safepoint: 10508 ns, Cleanup: 18435 ns, At safepoint: 4108 ns, Total: 33051 ns
[2026-03-28T12:27:12.995+0000][67][info ][safepoint   ] Safepoint "Cleanup", Time since last: 1263587675 ns, Reaching safepoint: 64157 ns, Cleanup: 22055 ns, At safepoint: 8358 ns, Total: 94570 ns
[2026-03-28T12:27:14.998+0000][67][info ][safepoint   ] Safepoint "Cleanup", Time since last: 2002725695 ns, Reaching safepoint: 71574 ns, Cleanup: 30809 ns, At safepoint: 10437 ns, Total: 112820 ns
[2026-03-28T12:27:17.719+0000][67][info ][safepoint   ] Safepoint "Cleanup", Time since last: 2720783984 ns, Reaching safepoint: 10847 ns, Cleanup: 9238 ns, At safepoint: 4260 ns, Total: 24345 ns
[2026-03-28T12:27:19.015+0000][67][info ][safepoint   ] Safepoint "Cleanup", Time since last: 1296271765 ns, Reaching safepoint: 26603 ns, Cleanup: 22726 ns, At safepoint: 6808 ns, Total: 56137 ns
[2026-03-28T12:27:19.759+0000][67][info ][safepoint   ] Safepoint "ICBufferFull", Time since last: 742174571 ns, Reaching safepoint: 64298 ns, Cleanup: 528755 ns, At safepoint: 482324 ns, Total: 1075377 ns
[2026-03-28T12:27:21.440+0000][67][info ][safepoint   ] Safepoint "Cleanup", Time since last: 1681258525 ns, Reaching safepoint: 53220 ns, Cleanup: 448316 ns, At safepoint: 33660 ns, Total: 535196 ns
[2026-03-28T12:27:22.526+0000][67][info ][safepoint   ] Safepoint "Cleanup", Time since last: 1085319977 ns, Reaching safepoint: 30217 ns, Cleanup: 23061 ns, At safepoint: 7776 ns, Total: 61054 ns
[2026-03-28T12:27:23.524+0000][67][info ][safepoint   ] Safepoint "Cleanup", Time since last: 1001703623 ns, Reaching safepoint: 51895 ns, Cleanup: 42619 ns, At safepoint: 12891 ns, Total: 107405 ns
[2026-03-28T12:27:25.037+0000][67][info ][safepoint   ] Safepoint "Cleanup", Time since last: 1513109521 ns, Reaching safepoint: 15845 ns, Cleanup: 58838 ns, At safepoint: 4984 ns, Total: 79667 ns
[2026-03-28T12:27:26.047+0000][67][info ][safepoint   ] Safepoint "Cleanup", Time since last: 1009928068 ns, Reaching safepoint: 17959 ns, Cleanup: 27609 ns, At safepoint: 3142 ns, Total: 48710 ns
[2026-03-28T12:27:29.736+0000][67][info ][safepoint   ] Safepoint "Cleanup", Time since last: 3688475405 ns, Reaching safepoint: 7471 ns, Cleanup: 13578 ns, At safepoint: 12910 ns, Total: 33959 ns
[2026-03-28T12:27:31.063+0000][67][info ][safepoint   ] Safepoint "Cleanup", Time since last: 1327545226 ns, Reaching safepoint: 43398 ns, Cleanup: 80405 ns, At safepoint: 13077 ns, Total: 136880 ns
[2026-03-28T12:27:33.066+0000][67][info ][safepoint   ] Safepoint "Cleanup", Time since last: 2002055382 ns, Reaching safepoint: 33575 ns, Cleanup: 22769 ns, At safepoint: 6924 ns, Total: 63268 ns
[2026-03-28T12:27:35.731+0000][67][info ][safepoint   ] Safepoint "Cleanup", Time since last: 2665601182 ns, Reaching safepoint: 5868 ns, Cleanup: 11155 ns, At safepoint: 11711 ns, Total: 28734 ns
[2026-03-28T12:27:37.078+0000][67][info ][safepoint   ] Safepoint "Cleanup", Time since last: 1346398190 ns, Reaching safepoint: 371523 ns, Cleanup: 37619 ns, At safepoint: 60538 ns, Total: 469680 ns
[2026-03-28T12:27:39.080+0000][67][info ][safepoint   ] Safepoint "Cleanup", Time since last: 2002316665 ns, Reaching safepoint: 33927 ns, Cleanup: 20997 ns, At safepoint: 6758 ns, Total: 61682 ns
[2026-03-28T12:27:41.082+0000][67][info ][safepoint   ] Safepoint "Cleanup", Time since last: 2001721813 ns, Reaching safepoint: 116421 ns, Cleanup: 33134 ns, At safepoint: 12659 ns, Total: 162214 ns
[2026-03-28T12:27:42.085+0000][67][info ][safepoint   ] Safepoint "Cleanup", Time since last: 1003070686 ns, Reaching safepoint: 6097 ns, Cleanup: 17414 ns, At safepoint: 2764 ns, Total: 26275 ns
[2026-03-28T12:27:47.733+0000][67][info ][safepoint   ] Safepoint "Cleanup", Time since last: 5647330040 ns, Reaching safepoint: 11156 ns, Cleanup: 23811 ns, At safepoint: 55631 ns, Total: 90598 ns
[2026-03-28T12:27:49.409+0000][67][info ][safepoint   ] Safepoint "Cleanup", Time since last: 1676164624 ns, Reaching safepoint: 15236 ns, Cleanup: 20404 ns, At safepoint: 3427 ns, Total: 39067 ns
[2026-03-28T12:27:51.411+0000][67][info ][safepoint   ] Safepoint "Cleanup", Time since last: 2001668849 ns, Reaching safepoint: 213115 ns, Cleanup: 28724 ns, At safepoint: 15878 ns, Total: 257717 ns
[2026-03-28T12:27:53.738+0000][67][info ][safepoint   ] Safepoint "Cleanup", Time since last: 2331189103 ns, Reaching safepoint: 8210 ns, Cleanup: 10630 ns, At safepoint: 3847 ns, Total: 22687 ns
[2026-03-28T12:27:55.126+0000][67][info ][safepoint   ] Safepoint "Cleanup", Time since last: 1387824083 ns, Reaching safepoint: 55476 ns, Cleanup: 23552 ns, At safepoint: 10900 ns, Total: 89928 ns
[2026-03-28T12:27:56.145+0000][67][info ][safepoint   ] Safepoint "Cleanup", Time since last: 1018820923 ns, Reaching safepoint: 17995 ns, Cleanup: 26273 ns, At safepoint: 3946 ns, Total: 48214 ns
[2026-03-28T12:27:57.555+0000][67][info ][safepoint   ] Safepoint "Cleanup", Time since last: 1409446289 ns, Reaching safepoint: 27752 ns, Cleanup: 29753 ns, At safepoint: 6392 ns, Total: 63897 ns
[2026-03-28T12:27:58.556+0000][67][info ][safepoint   ] Safepoint "Cleanup", Time since last: 1001535559 ns, Reaching safepoint: 21435 ns, Cleanup: 18363 ns, At safepoint: 3955 ns, Total: 43753 ns
[2026-03-28T12:27:59.557+0000][67][info ][safepoint   ] Safepoint "Cleanup", Time since last: 1000870601 ns, Reaching safepoint: 22650 ns, Cleanup: 14086 ns, At safepoint: 32406 ns, Total: 69142 ns
[2026-03-28T12:27:59.720+0000][67][info ][gc,start    ] GC(30) Pause Young (Concurrent Start) (G1 Evacuation Pause)
[2026-03-28T12:27:59.721+0000][67][info ][gc,task     ] GC(30) Using 10 workers of 10 for evacuation
[2026-03-28T12:27:59.721+0000][67][debug][gc,age      ] GC(30) Desired survivor size 20971520 bytes, new threshold 15 (max threshold 15)
[2026-03-28T12:27:59.756+0000][67][info ][gc,phases   ] GC(30)   Pre Evacuate Collection Set: 0.3ms
[2026-03-28T12:27:59.756+0000][67][info ][gc,phases   ] GC(30)   Merge Heap Roots: 0.4ms
[2026-03-28T12:27:59.757+0000][67][info ][gc,phases   ] GC(30)   Evacuate Collection Set: 31.2ms
[2026-03-28T12:27:59.757+0000][67][info ][gc,phases   ] GC(30)   Post Evacuate Collection Set: 1.4ms
[2026-03-28T12:27:59.757+0000][67][info ][gc,phases   ] GC(30)   Other: 1.4ms
[2026-03-28T12:27:59.757+0000][67][trace][gc,age      ] GC(30) Age table with threshold 15 (max threshold 15)
[2026-03-28T12:27:59.758+0000][67][trace][gc,age      ] GC(30) - age   1:    3101568 bytes,    3101568 total
[2026-03-28T12:27:59.758+0000][67][trace][gc,age      ] GC(30) - age   2:     896512 bytes,    3998080 total
[2026-03-28T12:27:59.758+0000][67][trace][gc,age      ] GC(30) - age   3:     735688 bytes,    4733768 total
[2026-03-28T12:27:59.758+0000][67][trace][gc,age      ] GC(30) - age   4:     856608 bytes,    5590376 total
[2026-03-28T12:27:59.759+0000][67][trace][gc,age      ] GC(30) - age   5:    2336032 bytes,    7926408 total
[2026-03-28T12:27:59.759+0000][67][trace][gc,age      ] GC(30) - age   6:      79984 bytes,    8006392 total
[2026-03-28T12:27:59.759+0000][67][trace][gc,age      ] GC(30) - age   7:     755760 bytes,    8762152 total
[2026-03-28T12:27:59.759+0000][67][trace][gc,age      ] GC(30) - age   8:      42512 bytes,    8804664 total
[2026-03-28T12:27:59.759+0000][67][trace][gc,age      ] GC(30) - age   9:    2158968 bytes,   10963632 total
[2026-03-28T12:27:59.760+0000][67][trace][gc,age      ] GC(30) - age  10:    3972800 bytes,   14936432 total
[2026-03-28T12:27:59.760+0000][67][info ][gc,heap     ] GC(30) Eden regions: 72->0(72)
[2026-03-28T12:27:59.760+0000][67][info ][gc,heap     ] GC(30) Survivor regions: 4->4(10)
[2026-03-28T12:27:59.761+0000][67][info ][gc,heap     ] GC(30) Old regions: 24->24
[2026-03-28T12:27:59.761+0000][67][info ][gc,heap     ] GC(30) Humongous regions: 0->0
[2026-03-28T12:27:59.761+0000][67][info ][gc,metaspace] GC(30) Metaspace: 147770K(151744K)->147770K(151744K) NonClass: 127813K(129920K)->127813K(129920K) Class: 19957K(21824K)->19957K(21824K)
[2026-03-28T12:27:59.761+0000][67][info ][gc          ] GC(30) Pause Young (Concurrent Start) (G1 Evacuation Pause) 398M->111M(512M) 41.091ms
[2026-03-28T12:27:59.762+0000][67][info ][gc,cpu      ] GC(30) User=0.08s Sys=0.04s Real=0.04s
[2026-03-28T12:27:59.762+0000][67][info ][gc          ] GC(31) Concurrent Mark Cycle
[2026-03-28T12:27:59.762+0000][67][info ][gc,marking  ] GC(31) Concurrent Scan Root Regions
[2026-03-28T12:27:59.762+0000][67][info ][safepoint   ] Safepoint "G1CollectForAllocation", Time since last: 163070229 ns, Reaching safepoint: 12069 ns, Cleanup: 11166 ns, At safepoint: 41684794 ns, Total: 41708029 ns
[2026-03-28T12:27:59.766+0000][67][info ][gc,marking  ] GC(31) Concurrent Scan Root Regions 3.523ms
[2026-03-28T12:27:59.766+0000][67][info ][gc,marking  ] GC(31) Concurrent Mark
[2026-03-28T12:27:59.767+0000][67][info ][gc,marking  ] GC(31) Concurrent Mark From Roots
[2026-03-28T12:27:59.767+0000][67][info ][gc,task     ] GC(31) Using 3 workers of 3 for marking
[2026-03-28T12:27:59.810+0000][67][info ][gc,marking  ] GC(31) Concurrent Mark From Roots 42.841ms
[2026-03-28T12:27:59.810+0000][67][info ][gc,marking  ] GC(31) Concurrent Preclean
[2026-03-28T12:27:59.812+0000][67][info ][gc,marking  ] GC(31) Concurrent Preclean 1.587ms
[2026-03-28T12:27:59.813+0000][67][info ][gc,start    ] GC(31) Pause Remark
[2026-03-28T12:27:59.865+0000][67][info ][gc          ] GC(31) Pause Remark 114M->114M(512M) 52.328ms
[2026-03-28T12:27:59.866+0000][67][info ][gc,cpu      ] GC(31) User=0.20s Sys=0.01s Real=0.05s
[2026-03-28T12:27:59.867+0000][67][info ][safepoint   ] Safepoint "G1PauseRemark", Time since last: 51003442 ns, Reaching safepoint: 14250 ns, Cleanup: 10037 ns, At safepoint: 54182159 ns, Total: 54206446 ns
[2026-03-28T12:27:59.868+0000][67][info ][gc,marking  ] GC(31) Concurrent Mark 101.219ms
[2026-03-28T12:27:59.868+0000][67][info ][gc,marking  ] GC(31) Concurrent Rebuild Remembered Sets and Scrub Regions
[2026-03-28T12:27:59.892+0000][67][info ][gc,marking  ] GC(31) Concurrent Rebuild Remembered Sets and Scrub Regions 24.271ms
[2026-03-28T12:27:59.894+0000][67][info ][gc,start    ] GC(31) Pause Cleanup
[2026-03-28T12:27:59.895+0000][67][info ][gc          ] GC(31) Pause Cleanup 115M->115M(512M) 1.188ms
[2026-03-28T12:27:59.896+0000][67][info ][gc,cpu      ] GC(31) User=0.00s Sys=0.00s Real=0.00s
[2026-03-28T12:27:59.897+0000][67][info ][safepoint   ] Safepoint "G1PauseCleanup", Time since last: 26355123 ns, Reaching safepoint: 746098 ns, Cleanup: 40334 ns, At safepoint: 2973884 ns, Total: 3760316 ns
[2026-03-28T12:27:59.898+0000][67][info ][gc,marking  ] GC(31) Concurrent Clear Claimed Marks
[2026-03-28T12:27:59.899+0000][67][info ][gc,marking  ] GC(31) Concurrent Clear Claimed Marks 0.904ms
[2026-03-28T12:27:59.900+0000][67][info ][gc,marking  ] GC(31) Concurrent Cleanup for Next Mark
[2026-03-28T12:27:59.901+0000][67][info ][gc,marking  ] GC(31) Concurrent Cleanup for Next Mark 1.327ms
[2026-03-28T12:27:59.902+0000][67][info ][gc          ] GC(31) Concurrent Mark Cycle 139.913ms
[2026-03-28T12:28:01.162+0000][67][info ][safepoint   ] Safepoint "Cleanup", Time since last: 1265167825 ns, Reaching safepoint: 58812 ns, Cleanup: 43218 ns, At safepoint: 13751 ns, Total: 115781 ns
[2026-03-28T12:28:02.165+0000][67][info ][safepoint   ] Safepoint "Cleanup", Time since last: 1002177876 ns, Reaching safepoint: 28392 ns, Cleanup: 22048 ns, At safepoint: 7030 ns, Total: 57470 ns
[2026-03-28T12:28:03.166+0000][67][info ][safepoint   ] Safepoint "Cleanup", Time since last: 1001485605 ns, Reaching safepoint: 33659 ns, Cleanup: 12850 ns, At safepoint: 4202 ns, Total: 50711 ns
[2026-03-28T12:28:04.168+0000][67][info ][safepoint   ] Safepoint "Cleanup", Time since last: 1001127280 ns, Reaching safepoint: 635834 ns, Cleanup: 15197 ns, At safepoint: 10183 ns, Total: 661214 ns
[2026-03-28T12:28:05.728+0000][67][info ][safepoint   ] Safepoint "Cleanup", Time since last: 1560335994 ns, Reaching safepoint: 5148 ns, Cleanup: 6574 ns, At safepoint: 1978 ns, Total: 13700 ns
[2026-03-28T12:28:07.182+0000][67][info ][safepoint   ] Safepoint "Cleanup", Time since last: 1453773083 ns, Reaching safepoint: 17089 ns, Cleanup: 17867 ns, At safepoint: 3968 ns, Total: 38924 ns
[2026-03-28T12:28:09.183+0000][67][info ][safepoint   ] Safepoint "Cleanup", Time since last: 2001167936 ns, Reaching safepoint: 21022 ns, Cleanup: 21441 ns, At safepoint: 5549 ns, Total: 48012 ns
[2026-03-28T12:28:10.185+0000][67][info ][safepoint   ] Safepoint "Cleanup", Time since last: 1001176578 ns, Reaching safepoint: 43060 ns, Cleanup: 15696 ns, At safepoint: 5114 ns, Total: 63870 ns
[2026-03-28T12:28:11.186+0000][67][info ][safepoint   ] Safepoint "Cleanup", Time since last: 1001485302 ns, Reaching safepoint: 21114 ns, Cleanup: 16395 ns, At safepoint: 5410 ns, Total: 42919 ns
[2026-03-28T12:28:12.191+0000][67][info ][safepoint   ] Safepoint "Cleanup", Time since last: 1004679117 ns, Reaching safepoint: 11592 ns, Cleanup: 14042 ns, At safepoint: 6078 ns, Total: 31712 ns
[2026-03-28T12:28:14.200+0000][67][info ][safepoint   ] Safepoint "Cleanup", Time since last: 2009445369 ns, Reaching safepoint: 30044 ns, Cleanup: 21482 ns, At safepoint: 6647 ns, Total: 58173 ns
[2026-03-28T12:28:15.202+0000][67][info ][safepoint   ] Safepoint "Cleanup", Time since last: 1001314694 ns, Reaching safepoint: 24040 ns, Cleanup: 35522 ns, At safepoint: 7377 ns, Total: 66939 ns
[2026-03-28T12:28:16.203+0000][67][info ][safepoint   ] Safepoint "Cleanup", Time since last: 1001564290 ns, Reaching safepoint: 23418 ns, Cleanup: 20528 ns, At safepoint: 6763 ns, Total: 50709 ns
[2026-03-28T12:28:18.208+0000][67][info ][safepoint   ] Safepoint "Cleanup", Time since last: 2004874012 ns, Reaching safepoint: 13494 ns, Cleanup: 12772 ns, At safepoint: 6181 ns, Total: 32447 ns
[2026-03-28T12:28:19.220+0000][67][info ][safepoint   ] Safepoint "Cleanup", Time since last: 1011711545 ns, Reaching safepoint: 17970 ns, Cleanup: 18015 ns, At safepoint: 3254 ns, Total: 39239 ns
[2026-03-28T12:28:21.221+0000][67][info ][safepoint   ] Safepoint "Cleanup", Time since last: 2001432934 ns, Reaching safepoint: 21925 ns, Cleanup: 15880 ns, At safepoint: 3998 ns, Total: 41803 ns
[2026-03-28T12:28:23.724+0000][67][info ][safepoint   ] Safepoint "Cleanup", Time since last: 2505749818 ns, Reaching safepoint: 7705 ns, Cleanup: 7738 ns, At safepoint: 3959 ns, Total: 19402 ns
[2026-03-28T12:28:25.244+0000][67][info ][safepoint   ] Safepoint "Cleanup", Time since last: 1519137913 ns, Reaching safepoint: 54501 ns, Cleanup: 29555 ns, At safepoint: 9361 ns, Total: 93417 ns
[2026-03-28T12:28:26.245+0000][67][info ][safepoint   ] Safepoint "Cleanup", Time since last: 1001309916 ns, Reaching safepoint: 97665 ns, Cleanup: 69190 ns, At safepoint: 15795 ns, Total: 182650 ns
[2026-03-28T12:28:27.247+0000][67][info ][safepoint   ] Safepoint "Cleanup", Time since last: 1002059512 ns, Reaching safepoint: 24867 ns, Cleanup: 19320 ns, At safepoint: 6325 ns, Total: 50512 ns
[2026-03-28T12:28:28.249+0000][67][info ][safepoint   ] Safepoint "Cleanup", Time since last: 1001340394 ns, Reaching safepoint: 16390 ns, Cleanup: 14500 ns, At safepoint: 3322 ns, Total: 34212 ns
[2026-03-28T12:28:29.727+0000][67][info ][safepoint   ] Safepoint "Cleanup", Time since last: 1478024807 ns, Reaching safepoint: 8942 ns, Cleanup: 16658 ns, At safepoint: 5025 ns, Total: 30625 ns
[2026-03-28T12:28:31.263+0000][67][info ][safepoint   ] Safepoint "Cleanup", Time since last: 1536476179 ns, Reaching safepoint: 25329 ns, Cleanup: 27508 ns, At safepoint: 7710 ns, Total: 60547 ns
[2026-03-28T12:28:35.728+0000][67][info ][safepoint   ] Safepoint "Cleanup", Time since last: 4464783349 ns, Reaching safepoint: 9962 ns, Cleanup: 10769 ns, At safepoint: 4606 ns, Total: 25337 ns
[2026-03-28T12:28:39.281+0000][67][info ][safepoint   ] Safepoint "Cleanup", Time since last: 3552424223 ns, Reaching safepoint: 33626 ns, Cleanup: 28404 ns, At safepoint: 7643 ns, Total: 69673 ns
[2026-03-28T12:28:41.727+0000][67][info ][safepoint   ] Safepoint "Cleanup", Time since last: 2446384848 ns, Reaching safepoint: 27261 ns, Cleanup: 10380 ns, At safepoint: 13350 ns, Total: 50991 ns
[2026-03-28T12:28:43.297+0000][67][info ][safepoint   ] Safepoint "Cleanup", Time since last: 1569984410 ns, Reaching safepoint: 22408 ns, Cleanup: 19864 ns, At safepoint: 5912 ns, Total: 48184 ns
[2026-03-28T12:28:44.298+0000][67][info ][safepoint   ] Safepoint "Cleanup", Time since last: 1001343541 ns, Reaching safepoint: 36787 ns, Cleanup: 40853 ns, At safepoint: 10478 ns, Total: 88118 ns
[2026-03-28T12:28:45.707+0000][67][info ][safepoint   ] Safepoint "Cleanup", Time since last: 1408170928 ns, Reaching safepoint: 23205 ns, Cleanup: 22208 ns, At safepoint: 5998 ns, Total: 51411 ns
[2026-03-28T12:28:47.743+0000][67][info ][safepoint   ] Safepoint "Cleanup", Time since last: 2036342940 ns, Reaching safepoint: 5472 ns, Cleanup: 5749 ns, At safepoint: 13463 ns, Total: 24684 ns
[2026-03-28T12:28:48.807+0000][67][info ][safepoint   ] Safepoint "Cleanup", Time since last: 1064028641 ns, Reaching safepoint: 15169 ns, Cleanup: 22567 ns, At safepoint: 6024 ns, Total: 43760 ns
[2026-03-28T12:28:49.909+0000][67][info ][safepoint   ] Safepoint "Cleanup", Time since last: 1102340507 ns, Reaching safepoint: 19916 ns, Cleanup: 19646 ns, At safepoint: 5453 ns, Total: 45015 ns
[2026-03-28T12:28:50.911+0000][67][info ][safepoint   ] Safepoint "Cleanup", Time since last: 1001483394 ns, Reaching safepoint: 185427 ns, Cleanup: 34140 ns, At safepoint: 146469 ns, Total: 366036 ns
[2026-03-28T12:28:53.730+0000][67][info ][safepoint   ] Safepoint "Cleanup", Time since last: 2822325648 ns, Reaching safepoint: 5345 ns, Cleanup: 3730 ns, At safepoint: 2060 ns, Total: 11135 ns
[2026-03-28T12:28:56.331+0000][67][info ][safepoint   ] Safepoint "Cleanup", Time since last: 2601360005 ns, Reaching safepoint: 58972 ns, Cleanup: 17064 ns, At safepoint: 8872 ns, Total: 84908 ns
[2026-03-28T12:28:57.332+0000][67][info ][safepoint   ] Safepoint "Cleanup", Time since last: 1001137530 ns, Reaching safepoint: 31421 ns, Cleanup: 11254 ns, At safepoint: 2837 ns, Total: 45512 ns
[2026-03-28T12:28:59.334+0000][67][info ][safepoint   ] Safepoint "Cleanup", Time since last: 2001326220 ns, Reaching safepoint: 36845 ns, Cleanup: 22691 ns, At safepoint: 7827 ns, Total: 67363 ns
[2026-03-28T12:29:00.338+0000][67][info ][safepoint   ] Safepoint "Cleanup", Time since last: 1004095594 ns, Reaching safepoint: 8966 ns, Cleanup: 11798 ns, At safepoint: 3144 ns, Total: 23908 ns
[2026-03-28T12:29:01.351+0000][67][info ][safepoint   ] Safepoint "Cleanup", Time since last: 1013396647 ns, Reaching safepoint: 35929 ns, Cleanup: 22644 ns, At safepoint: 8459 ns, Total: 67032 ns
[2026-03-28T12:29:05.738+0000][67][info ][safepoint   ] Safepoint "Cleanup", Time since last: 4386595378 ns, Reaching safepoint: 11069 ns, Cleanup: 9011 ns, At safepoint: 2961 ns, Total: 23041 ns
[2026-03-28T12:29:07.365+0000][67][info ][safepoint   ] Safepoint "Cleanup", Time since last: 1627162876 ns, Reaching safepoint: 25516 ns, Cleanup: 23518 ns, At safepoint: 7667 ns, Total: 56701 ns
[2026-03-28T12:29:08.367+0000][67][info ][safepoint   ] Safepoint "Cleanup", Time since last: 1001553705 ns, Reaching safepoint: 25687 ns, Cleanup: 19867 ns, At safepoint: 7254 ns, Total: 52808 ns
[2026-03-28T12:29:09.368+0000][67][info ][safepoint   ] Safepoint "Cleanup", Time since last: 1001442609 ns, Reaching safepoint: 22204 ns, Cleanup: 17224 ns, At safepoint: 5970 ns, Total: 45398 ns
[2026-03-28T12:29:12.373+0000][67][info ][safepoint   ] Safepoint "Cleanup", Time since last: 3004557885 ns, Reaching safepoint: 21368 ns, Cleanup: 16864 ns, At safepoint: 2623 ns, Total: 40855 ns
[2026-03-28T12:29:14.382+0000][67][info ][safepoint   ] Safepoint "Cleanup", Time since last: 2008693378 ns, Reaching safepoint: 47291 ns, Cleanup: 17343 ns, At safepoint: 5406 ns, Total: 70040 ns
[2026-03-28T12:29:15.383+0000][67][info ][safepoint   ] Safepoint "Cleanup", Time since last: 1001140810 ns, Reaching safepoint: 49794 ns, Cleanup: 20504 ns, At safepoint: 9899 ns, Total: 80197 ns
[2026-03-28T12:29:16.384+0000][67][info ][safepoint   ] Safepoint "Cleanup", Time since last: 1001284611 ns, Reaching safepoint: 16716 ns, Cleanup: 13232 ns, At safepoint: 3914 ns, Total: 33862 ns
[2026-03-28T12:29:17.726+0000][67][info ][safepoint   ] Safepoint "Cleanup", Time since last: 1341232826 ns, Reaching safepoint: 5328 ns, Cleanup: 10356 ns, At safepoint: 2158 ns, Total: 17842 ns
[2026-03-28T12:29:19.396+0000][67][info ][safepoint   ] Safepoint "Cleanup", Time since last: 1670547135 ns, Reaching safepoint: 20760 ns, Cleanup: 17533 ns, At safepoint: 4595 ns, Total: 42888 ns
[2026-03-28T12:29:21.398+0000][67][info ][safepoint   ] Safepoint "Cleanup", Time since last: 2001441306 ns, Reaching safepoint: 40786 ns, Cleanup: 18779 ns, At safepoint: 5626 ns, Total: 65191 ns
[2026-03-28T12:29:23.396+0000][67][info ][safepoint   ] Safepoint "Cleanup", Time since last: 2001583672 ns, Reaching safepoint: 29472 ns, Cleanup: 17657 ns, At safepoint: 6808 ns, Total: 53937 ns
[2026-03-28T12:29:24.400+0000][67][info ][safepoint   ] Safepoint "Cleanup", Time since last: 1004018349 ns, Reaching safepoint: 14528 ns, Cleanup: 21491 ns, At safepoint: 65731 ns, Total: 101750 ns
[2026-03-28T12:29:25.423+0000][67][info ][safepoint   ] Safepoint "Cleanup", Time since last: 1022783475 ns, Reaching safepoint: 20272 ns, Cleanup: 17352 ns, At safepoint: 9226 ns, Total: 46850 ns
[2026-03-28T12:29:26.438+0000][67][info ][safepoint   ] Safepoint "Cleanup", Time since last: 1014678964 ns, Reaching safepoint: 23522 ns, Cleanup: 34242 ns, At safepoint: 5785 ns, Total: 63549 ns
[2026-03-28T12:29:26.703+0000][67][info ][gc,start    ] GC(32) Pause Young (Prepare Mixed) (G1 Evacuation Pause)
[2026-03-28T12:29:26.704+0000][67][info ][gc,task     ] GC(32) Using 10 workers of 10 for evacuation
[2026-03-28T12:29:26.705+0000][67][debug][gc,age      ] GC(32) Desired survivor size 20971520 bytes, new threshold 15 (max threshold 15)
[2026-03-28T12:29:26.758+0000][67][info ][gc,phases   ] GC(32)   Pre Evacuate Collection Set: 0.7ms
[2026-03-28T12:29:26.758+0000][67][info ][gc,phases   ] GC(32)   Merge Heap Roots: 0.3ms
[2026-03-28T12:29:26.758+0000][67][info ][gc,phases   ] GC(32)   Evacuate Collection Set: 47.8ms
[2026-03-28T12:29:26.759+0000][67][info ][gc,phases   ] GC(32)   Post Evacuate Collection Set: 3.0ms
[2026-03-28T12:29:26.759+0000][67][info ][gc,phases   ] GC(32)   Other: 1.6ms
[2026-03-28T12:29:26.759+0000][67][trace][gc,age      ] GC(32) Age table with threshold 15 (max threshold 15)
[2026-03-28T12:29:26.760+0000][67][trace][gc,age      ] GC(32) - age   1:    1891768 bytes,    1891768 total
[2026-03-28T12:29:26.760+0000][67][trace][gc,age      ] GC(32) - age   2:    1577624 bytes,    3469392 total
[2026-03-28T12:29:26.761+0000][67][trace][gc,age      ] GC(32) - age   3:     470456 bytes,    3939848 total
[2026-03-28T12:29:26.762+0000][67][trace][gc,age      ] GC(32) - age   4:     730120 bytes,    4669968 total
[2026-03-28T12:29:26.762+0000][67][trace][gc,age      ] GC(32) - age   5:     848408 bytes,    5518376 total
[2026-03-28T12:29:26.763+0000][67][trace][gc,age      ] GC(32) - age   6:    2307168 bytes,    7825544 total
[2026-03-28T12:29:26.763+0000][67][trace][gc,age      ] GC(32) - age   7:      79944 bytes,    7905488 total
[2026-03-28T12:29:26.763+0000][67][trace][gc,age      ] GC(32) - age   8:     754240 bytes,    8659728 total
[2026-03-28T12:29:26.764+0000][67][trace][gc,age      ] GC(32) - age   9:      42512 bytes,    8702240 total
[2026-03-28T12:29:26.764+0000][67][trace][gc,age      ] GC(32) - age  10:    2140248 bytes,   10842488 total
[2026-03-28T12:29:26.764+0000][67][trace][gc,age      ] GC(32) - age  11:    3957904 bytes,   14800392 total
[2026-03-28T12:29:26.765+0000][67][info ][gc,heap     ] GC(32) Eden regions: 72->0(72)
[2026-03-28T12:29:26.765+0000][67][info ][gc,heap     ] GC(32) Survivor regions: 4->4(10)
[2026-03-28T12:29:26.765+0000][67][info ][gc,heap     ] GC(32) Old regions: 24->24
[2026-03-28T12:29:26.766+0000][67][info ][gc,heap     ] GC(32) Humongous regions: 0->0
[2026-03-28T12:29:26.766+0000][67][info ][gc,metaspace] GC(32) Metaspace: 145706K(151808K)->145706K(151808K) NonClass: 126299K(129984K)->126299K(129984K) Class: 19407K(21824K)->19407K(21824K)
[2026-03-28T12:29:26.767+0000][67][info ][gc          ] GC(32) Pause Young (Prepare Mixed) (G1 Evacuation Pause) 399M->111M(512M) 63.476ms
[2026-03-28T12:29:26.767+0000][67][info ][gc,cpu      ] GC(32) User=0.15s Sys=0.01s Real=0.06s
[2026-03-28T12:29:26.768+0000][67][info ][safepoint   ] Safepoint "G1CollectForAllocation", Time since last: 265364528 ns, Reaching safepoint: 39536 ns, Cleanup: 19820 ns, At safepoint: 64661457 ns, Total: 64720813 ns
[2026-03-28T12:29:28.672+0000][67][info ][safepoint   ] Safepoint "Cleanup", Time since last: 1903707695 ns, Reaching safepoint: 54609 ns, Cleanup: 38131 ns, At safepoint: 7701 ns, Total: 100441 ns
[2026-03-28T12:29:29.673+0000][67][info ][safepoint   ] Safepoint "Cleanup", Time since last: 1000920601 ns, Reaching safepoint: 23898 ns, Cleanup: 18583 ns, At safepoint: 6318 ns, Total: 48799 ns
[2026-03-28T12:29:31.450+0000][67][info ][safepoint   ] Safepoint "Cleanup", Time since last: 1777187768 ns, Reaching safepoint: 58696 ns, Cleanup: 49231 ns, At safepoint: 9229 ns, Total: 117156 ns
[2026-03-28T12:29:35.452+0000][67][info ][safepoint   ] Safepoint "Cleanup", Time since last: 4001602076 ns, Reaching safepoint: 60517 ns, Cleanup: 21135 ns, At safepoint: 9696 ns, Total: 91348 ns
[2026-03-28T12:29:36.455+0000][67][info ][safepoint   ] Safepoint "Cleanup", Time since last: 1003642541 ns, Reaching safepoint: 21694 ns, Cleanup: 84469 ns, At safepoint: 81050 ns, Total: 187213 ns
[2026-03-28T12:29:41.742+0000][67][info ][safepoint   ] Safepoint "Cleanup", Time since last: 5286166883 ns, Reaching safepoint: 8709 ns, Cleanup: 13987 ns, At safepoint: 3990 ns, Total: 26686 ns
[2026-03-28T12:29:43.483+0000][67][info ][safepoint   ] Safepoint "Cleanup", Time since last: 1740832246 ns, Reaching safepoint: 49720 ns, Cleanup: 14831 ns, At safepoint: 5109 ns, Total: 69660 ns
[2026-03-28T12:29:44.764+0000][67][info ][safepoint   ] Safepoint "Cleanup", Time since last: 1281686507 ns, Reaching safepoint: 11195 ns, Cleanup: 17282 ns, At safepoint: 5774 ns, Total: 34251 ns
[2026-03-28T12:29:45.766+0000][67][info ][safepoint   ] Safepoint "Cleanup", Time since last: 1001376978 ns, Reaching safepoint: 17457 ns, Cleanup: 14630 ns, At safepoint: 3419 ns, Total: 35506 ns
[2026-03-28T12:29:46.767+0000][67][info ][safepoint   ] Safepoint "Cleanup", Time since last: 1000880650 ns, Reaching safepoint: 27230 ns, Cleanup: 26064 ns, At safepoint: 8079 ns, Total: 61373 ns
[2026-03-28T12:29:47.781+0000][67][info ][safepoint   ] Safepoint "Cleanup", Time since last: 1014157300 ns, Reaching safepoint: 9662 ns, Cleanup: 28462 ns, At safepoint: 4747 ns, Total: 42871 ns
[2026-03-28T12:29:50.497+0000][67][info ][safepoint   ] Safepoint "Cleanup", Time since last: 2716217499 ns, Reaching safepoint: 17610 ns, Cleanup: 13864 ns, At safepoint: 3488 ns, Total: 34962 ns
[2026-03-28T12:29:52.318+0000][67][info ][safepoint   ] Safepoint "Cleanup", Time since last: 1820840459 ns, Reaching safepoint: 18132 ns, Cleanup: 20672 ns, At safepoint: 3895 ns, Total: 42699 ns
[2026-03-28T12:29:53.722+0000][67][info ][safepoint   ] Safepoint "Cleanup", Time since last: 1407540837 ns, Reaching safepoint: 9965 ns, Cleanup: 10508 ns, At safepoint: 11587 ns, Total: 32060 ns
[2026-03-28T12:29:55.511+0000][67][info ][safepoint   ] Safepoint "Cleanup", Time since last: 1788945671 ns, Reaching safepoint: 23057 ns, Cleanup: 29113 ns, At safepoint: 4818 ns, Total: 56988 ns
[2026-03-28T12:29:56.512+0000][67][info ][safepoint   ] Safepoint "Cleanup", Time since last: 1000883392 ns, Reaching safepoint: 45851 ns, Cleanup: 14603 ns, At safepoint: 5773 ns, Total: 66227 ns
[2026-03-28T12:29:57.513+0000][67][info ][safepoint   ] Safepoint "Cleanup", Time since last: 1000848266 ns, Reaching safepoint: 51069 ns, Cleanup: 26772 ns, At safepoint: 7210 ns, Total: 85051 ns
[2026-03-28T12:29:58.514+0000][67][info ][safepoint   ] Safepoint "Cleanup", Time since last: 1001329586 ns, Reaching safepoint: 14080 ns, Cleanup: 13979 ns, At safepoint: 3258 ns, Total: 31317 ns
[2026-03-28T12:29:59.516+0000][67][info ][safepoint   ] Safepoint "Cleanup", Time since last: 1001434861 ns, Reaching safepoint: 21390 ns, Cleanup: 16300 ns, At safepoint: 5810 ns, Total: 43500 ns
[2026-03-28T12:30:00.518+0000][67][info ][safepoint   ] Safepoint "Cleanup", Time since last: 1001850607 ns, Reaching safepoint: 6756 ns, Cleanup: 7794 ns, At safepoint: 2797 ns, Total: 17347 ns
[2026-03-28T12:30:01.533+0000][67][info ][safepoint   ] Safepoint "Cleanup", Time since last: 1015399133 ns, Reaching safepoint: 19283 ns, Cleanup: 13560 ns, At safepoint: 3638 ns, Total: 36481 ns
[2026-03-28T12:30:03.535+0000][67][info ][safepoint   ] Safepoint "Cleanup", Time since last: 2001875977 ns, Reaching safepoint: 15135 ns, Cleanup: 12766 ns, At safepoint: 3790 ns, Total: 31691 ns
[2026-03-28T12:30:05.693+0000][67][info ][safepoint   ] Safepoint "Cleanup", Time since last: 2157851331 ns, Reaching safepoint: 37475 ns, Cleanup: 18897 ns, At safepoint: 5689 ns, Total: 62061 ns
[2026-03-28T12:30:07.544+0000][67][info ][safepoint   ] Safepoint "Cleanup", Time since last: 1851039842 ns, Reaching safepoint: 14972 ns, Cleanup: 14509 ns, At safepoint: 3140 ns, Total: 32621 ns
[2026-03-28T12:30:09.545+0000][67][info ][safepoint   ] Safepoint "Cleanup", Time since last: 2001407646 ns, Reaching safepoint: 19620 ns, Cleanup: 14156 ns, At safepoint: 4122 ns, Total: 37898 ns
[2026-03-28T12:30:11.728+0000][67][info ][safepoint   ] Safepoint "Cleanup", Time since last: 2182800898 ns, Reaching safepoint: 83253 ns, Cleanup: 9838 ns, At safepoint: 14095 ns, Total: 107186 ns
[2026-03-28T12:30:13.560+0000][67][info ][safepoint   ] Safepoint "Cleanup", Time since last: 1831497615 ns, Reaching safepoint: 21288 ns, Cleanup: 12938 ns, At safepoint: 6386 ns, Total: 40612 ns
[2026-03-28T12:30:14.562+0000][67][info ][safepoint   ] Safepoint "Cleanup", Time since last: 1001674622 ns, Reaching safepoint: 39575 ns, Cleanup: 23267 ns, At safepoint: 11292 ns, Total: 74134 ns
[2026-03-28T12:30:15.563+0000][67][info ][safepoint   ] Safepoint "Cleanup", Time since last: 1001730885 ns, Reaching safepoint: 26311 ns, Cleanup: 24248 ns, At safepoint: 3772 ns, Total: 54331 ns
[2026-03-28T12:30:17.732+0000][67][info ][safepoint   ] Safepoint "Cleanup", Time since last: 2168113356 ns, Reaching safepoint: 7855 ns, Cleanup: 7796 ns, At safepoint: 3932 ns, Total: 19583 ns
[2026-03-28T12:30:19.574+0000][67][info ][safepoint   ] Safepoint "Cleanup", Time since last: 1842452188 ns, Reaching safepoint: 18222 ns, Cleanup: 15653 ns, At safepoint: 4896 ns, Total: 38771 ns
[2026-03-28T12:30:23.730+0000][67][info ][safepoint   ] Safepoint "Cleanup", Time since last: 4159955059 ns, Reaching safepoint: 5689 ns, Cleanup: 9087 ns, At safepoint: 11470 ns, Total: 26246 ns
[2026-03-28T12:30:25.589+0000][67][info ][safepoint   ] Safepoint "Cleanup", Time since last: 1858467400 ns, Reaching safepoint: 22167 ns, Cleanup: 18152 ns, At safepoint: 4547 ns, Total: 44866 ns
[2026-03-28T12:30:27.597+0000][67][info ][safepoint   ] Safepoint "Cleanup", Time since last: 2007891349 ns, Reaching safepoint: 44476 ns, Cleanup: 18871 ns, At safepoint: 7426 ns, Total: 70773 ns
[2026-03-28T12:30:47.337+0000][67][info ][safepoint   ] Safepoint "Cleanup", Time since last: 19740298772 ns, Reaching safepoint: 21309 ns, Cleanup: 7118 ns, At safepoint: 13532 ns, Total: 41959 ns
[2026-03-28T12:30:48.647+0000][67][info ][safepoint   ] Safepoint "Cleanup", Time since last: 1309402839 ns, Reaching safepoint: 13317 ns, Cleanup: 34933 ns, At safepoint: 7294 ns, Total: 55544 ns
[2026-03-28T12:30:50.661+0000][67][info ][safepoint   ] Safepoint "Cleanup", Time since last: 2013922045 ns, Reaching safepoint: 14348 ns, Cleanup: 8414 ns, At safepoint: 32546 ns, Total: 55308 ns
[2026-03-28T12:30:51.662+0000][67][info ][safepoint   ] Safepoint "Cleanup", Time since last: 1001034190 ns, Reaching safepoint: 36473 ns, Cleanup: 20203 ns, At safepoint: 7805 ns, Total: 64481 ns
[2026-03-28T12:30:52.808+0000][67][info ][safepoint   ] Safepoint "Cleanup", Time since last: 1146389645 ns, Reaching safepoint: 34735 ns, Cleanup: 18671 ns, At safepoint: 5876 ns, Total: 59282 ns
[2026-03-28T12:30:54.669+0000][67][info ][gc,start    ] GC(33) Pause Young (Mixed) (G1 Evacuation Pause)
[2026-03-28T12:30:54.670+0000][67][info ][gc,task     ] GC(33) Using 10 workers of 10 for evacuation
[2026-03-28T12:30:54.671+0000][67][debug][gc,age      ] GC(33) Desired survivor size 20971520 bytes, new threshold 15 (max threshold 15)
[2026-03-28T12:30:54.710+0000][67][info ][gc,phases   ] GC(33)   Pre Evacuate Collection Set: 0.8ms
[2026-03-28T12:30:54.710+0000][67][info ][gc,phases   ] GC(33)   Merge Heap Roots: 0.4ms
[2026-03-28T12:30:54.711+0000][67][info ][gc,phases   ] GC(33)   Evacuate Collection Set: 34.6ms
[2026-03-28T12:30:54.711+0000][67][info ][gc,phases   ] GC(33)   Post Evacuate Collection Set: 1.3ms
[2026-03-28T12:30:54.711+0000][67][info ][gc,phases   ] GC(33)   Other: 2.4ms
[2026-03-28T12:30:54.711+0000][67][trace][gc,age      ] GC(33) Age table with threshold 15 (max threshold 15)
[2026-03-28T12:30:54.712+0000][67][trace][gc,age      ] GC(33) - age   1:    2640896 bytes,    2640896 total
[2026-03-28T12:30:54.712+0000][67][trace][gc,age      ] GC(33) - age   2:     488888 bytes,    3129784 total
[2026-03-28T12:30:54.712+0000][67][trace][gc,age      ] GC(33) - age   3:    1160696 bytes,    4290480 total
[2026-03-28T12:30:54.712+0000][67][trace][gc,age      ] GC(33) - age   4:     233912 bytes,    4524392 total
[2026-03-28T12:30:54.713+0000][67][trace][gc,age      ] GC(33) - age   5:     707776 bytes,    5232168 total
[2026-03-28T12:30:54.713+0000][67][trace][gc,age      ] GC(33) - age   6:     539664 bytes,    5771832 total
[2026-03-28T12:30:54.713+0000][67][trace][gc,age      ] GC(33) - age   7:    1925800 bytes,    7697632 total
[2026-03-28T12:30:54.714+0000][67][trace][gc,age      ] GC(33) - age   8:      79920 bytes,    7777552 total
[2026-03-28T12:30:54.714+0000][67][trace][gc,age      ] GC(33) - age   9:     716640 bytes,    8494192 total
[2026-03-28T12:30:54.714+0000][67][trace][gc,age      ] GC(33) - age  10:      42512 bytes,    8536704 total
[2026-03-28T12:30:54.714+0000][67][trace][gc,age      ] GC(33) - age  11:    2131656 bytes,   10668360 total
[2026-03-28T12:30:54.714+0000][67][trace][gc,age      ] GC(33) - age  12:    3956080 bytes,   14624440 total
[2026-03-28T12:30:54.715+0000][67][info ][gc,heap     ] GC(33) Eden regions: 72->0(72)
[2026-03-28T12:30:54.715+0000][67][info ][gc,heap     ] GC(33) Survivor regions: 4->4(10)
[2026-03-28T12:30:54.715+0000][67][info ][gc,heap     ] GC(33) Old regions: 24->24
[2026-03-28T12:30:54.715+0000][67][info ][gc,heap     ] GC(33) Humongous regions: 0->0
[2026-03-28T12:30:54.716+0000][67][info ][gc,metaspace] GC(33) Metaspace: 145882K(151808K)->145882K(151808K) NonClass: 126462K(129984K)->126462K(129984K) Class: 19420K(21824K)->19420K(21824K)
[2026-03-28T12:30:54.716+0000][67][info ][gc          ] GC(33) Pause Young (Mixed) (G1 Evacuation Pause) 399M->110M(512M) 46.956ms
[2026-03-28T12:30:54.716+0000][67][info ][gc,cpu      ] GC(33) User=0.13s Sys=0.01s Real=0.05s
[2026-03-28T12:30:54.716+0000][67][info ][safepoint   ] Safepoint "G1CollectForAllocation", Time since last: 1863660893 ns, Reaching safepoint: 18619 ns, Cleanup: 5723 ns, At safepoint: 47570062 ns, Total: 47594404 ns
[2026-03-28T12:30:55.720+0000][67][info ][safepoint   ] Safepoint "Cleanup", Time since last: 1003304373 ns, Reaching safepoint: 51922 ns, Cleanup: 34965 ns, At safepoint: 9324 ns, Total: 96211 ns
[2026-03-28T12:30:56.721+0000][67][info ][safepoint   ] Safepoint "Cleanup", Time since last: 1000880388 ns, Reaching safepoint: 22720 ns, Cleanup: 14171 ns, At safepoint: 3428 ns, Total: 40319 ns
[2026-03-28T12:30:58.408+0000][67][info ][safepoint   ] Safepoint "Cleanup", Time since last: 1687513189 ns, Reaching safepoint: 26907 ns, Cleanup: 35901 ns, At safepoint: 7714 ns, Total: 70522 ns
[2026-03-28T12:30:59.420+0000][67][info ][safepoint   ] Safepoint "Cleanup", Time since last: 1011693476 ns, Reaching safepoint: 54946 ns, Cleanup: 13556 ns, At safepoint: 5217 ns, Total: 73719 ns
[2026-03-28T12:31:00.785+0000][67][info ][safepoint   ] Safepoint "Cleanup", Time since last: 1364514804 ns, Reaching safepoint: 16216 ns, Cleanup: 17727 ns, At safepoint: 43776 ns, Total: 77719 ns
[2026-03-28T12:31:03.486+0000][67][info ][safepoint   ] Safepoint "Cleanup", Time since last: 2700955983 ns, Reaching safepoint: 68422 ns, Cleanup: 48674 ns, At safepoint: 16989 ns, Total: 134085 ns
[2026-03-28T12:31:04.490+0000][67][info ][safepoint   ] Safepoint "Cleanup", Time since last: 1003701266 ns, Reaching safepoint: 57748 ns, Cleanup: 37255 ns, At safepoint: 14212 ns, Total: 109215 ns
[2026-03-28T12:31:05.806+0000][67][info ][safepoint   ] Safepoint "Cleanup", Time since last: 1316358644 ns, Reaching safepoint: 49716 ns, Cleanup: 31754 ns, At safepoint: 14917 ns, Total: 96387 ns
[2026-03-28T12:31:11.629+0000][67][info ][safepoint   ] Safepoint "Cleanup", Time since last: 5822881894 ns, Reaching safepoint: 90360 ns, Cleanup: 36625 ns, At safepoint: 17198 ns, Total: 144183 ns
[2026-03-28T12:31:12.684+0000][67][info ][safepoint   ] Safepoint "Cleanup", Time since last: 1054320743 ns, Reaching safepoint: 11749 ns, Cleanup: 13060 ns, At safepoint: 34954 ns, Total: 59763 ns
[2026-03-28T12:31:13.708+0000][67][info ][safepoint   ] Safepoint "Cleanup", Time since last: 1024243959 ns, Reaching safepoint: 15759 ns, Cleanup: 14948 ns, At safepoint: 119494 ns, Total: 150201 ns
[2026-03-28T12:31:14.740+0000][67][info ][safepoint   ] Safepoint "Cleanup", Time since last: 1031640624 ns, Reaching safepoint: 20940 ns, Cleanup: 20913 ns, At safepoint: 5159 ns, Total: 47012 ns
[2026-03-28T12:31:15.756+0000][67][info ][safepoint   ] Safepoint "Cleanup", Time since last: 1015950000 ns, Reaching safepoint: 35264 ns, Cleanup: 25704 ns, At safepoint: 10225 ns, Total: 71193 ns
[2026-03-28T12:31:16.805+0000][67][info ][safepoint   ] Safepoint "Cleanup", Time since last: 1048883843 ns, Reaching safepoint: 24694 ns, Cleanup: 32102 ns, At safepoint: 10348 ns, Total: 67144 ns
[2026-03-28T12:31:21.869+0000][67][info ][safepoint   ] Safepoint "Cleanup", Time since last: 5064500633 ns, Reaching safepoint: 20379 ns, Cleanup: 20236 ns, At safepoint: 9614 ns, Total: 50229 ns
[2026-03-28T12:31:26.079+0000][67][info ][safepoint   ] Safepoint "Cleanup", Time since last: 4212228186 ns, Reaching safepoint: 100639 ns, Cleanup: 70707 ns, At safepoint: 19464 ns, Total: 190810 ns
[2026-03-28T12:31:27.081+0000][67][info ][safepoint   ] Safepoint "Cleanup", Time since last: 1001793074 ns, Reaching safepoint: 64575 ns, Cleanup: 29924 ns, At safepoint: 10170 ns, Total: 104669 ns
[2026-03-28T12:31:29.733+0000][67][info ][safepoint   ] Safepoint "Cleanup", Time since last: 2652406066 ns, Reaching safepoint: 8823 ns, Cleanup: 15000 ns, At safepoint: 35970 ns, Total: 59793 ns
[2026-03-28T12:31:31.037+0000][67][info ][safepoint   ] Safepoint "Cleanup", Time since last: 1303833875 ns, Reaching safepoint: 20730 ns, Cleanup: 71258 ns, At safepoint: 9189 ns, Total: 101177 ns
[2026-03-28T12:31:32.100+0000][67][info ][safepoint   ] Safepoint "Cleanup", Time since last: 1062954691 ns, Reaching safepoint: 10225 ns, Cleanup: 18695 ns, At safepoint: 5974 ns, Total: 34894 ns
[2026-03-28T12:31:35.117+0000][67][info ][safepoint   ] Safepoint "Cleanup", Time since last: 3016688822 ns, Reaching safepoint: 93030 ns, Cleanup: 40780 ns, At safepoint: 13316 ns, Total: 147126 ns
[2026-03-28T12:31:36.151+0000][67][info ][safepoint   ] Safepoint "Cleanup", Time since last: 1033243915 ns, Reaching safepoint: 267437 ns, Cleanup: 77247 ns, At safepoint: 296783 ns, Total: 641467 ns
[2026-03-28T12:31:44.233+0000][67][info ][safepoint   ] Safepoint "Cleanup", Time since last: 8081624567 ns, Reaching safepoint: 13730 ns, Cleanup: 10619 ns, At safepoint: 4691 ns, Total: 29040 ns
[2026-03-28T12:31:45.253+0000][67][info ][safepoint   ] Safepoint "Cleanup", Time since last: 1020151945 ns, Reaching safepoint: 131509 ns, Cleanup: 74981 ns, At safepoint: 152380 ns, Total: 358870 ns
[2026-03-28T12:31:46.334+0000][67][info ][safepoint   ] Safepoint "Cleanup", Time since last: 1081017679 ns, Reaching safepoint: 45607 ns, Cleanup: 76965 ns, At safepoint: 210250 ns, Total: 332822 ns
[2026-03-28T12:31:47.743+0000][67][info ][safepoint   ] Safepoint "Cleanup", Time since last: 1408686805 ns, Reaching safepoint: 9225 ns, Cleanup: 11828 ns, At safepoint: 4893 ns, Total: 25946 ns
[2026-03-28T12:31:47.745+0000][67][info ][gc,start    ] GC(34) Pause Young (Concurrent Start) (G1 Evacuation Pause)
[2026-03-28T12:31:47.746+0000][67][info ][gc,task     ] GC(34) Using 10 workers of 10 for evacuation
[2026-03-28T12:31:47.746+0000][67][debug][gc,age      ] GC(34) Desired survivor size 20971520 bytes, new threshold 15 (max threshold 15)
[2026-03-28T12:31:47.792+0000][67][info ][gc,phases   ] GC(34)   Pre Evacuate Collection Set: 0.5ms
[2026-03-28T12:31:47.792+0000][67][info ][gc,phases   ] GC(34)   Merge Heap Roots: 0.3ms
[2026-03-28T12:31:47.793+0000][67][info ][gc,phases   ] GC(34)   Evacuate Collection Set: 42.0ms
[2026-03-28T12:31:47.793+0000][67][info ][gc,phases   ] GC(34)   Post Evacuate Collection Set: 1.9ms
[2026-03-28T12:31:47.794+0000][67][info ][gc,phases   ] GC(34)   Other: 1.5ms
[2026-03-28T12:31:47.794+0000][67][trace][gc,age      ] GC(34) Age table with threshold 15 (max threshold 15)
[2026-03-28T12:31:47.795+0000][67][trace][gc,age      ] GC(34) - age   1:    1719408 bytes,    1719408 total
[2026-03-28T12:31:47.795+0000][67][trace][gc,age      ] GC(34) - age   2:     266736 bytes,    1986144 total
[2026-03-28T12:31:47.795+0000][67][trace][gc,age      ] GC(34) - age   3:      61496 bytes,    2047640 total
[2026-03-28T12:31:47.796+0000][67][trace][gc,age      ] GC(34) - age   4:    1082232 bytes,    3129872 total
[2026-03-28T12:31:47.796+0000][67][trace][gc,age      ] GC(34) - age   5:     178528 bytes,    3308400 total
[2026-03-28T12:31:47.797+0000][67][trace][gc,age      ] GC(34) - age   6:     181384 bytes,    3489784 total
[2026-03-28T12:31:47.797+0000][67][trace][gc,age      ] GC(34) - age   7:     482824 bytes,    3972608 total
[2026-03-28T12:31:47.798+0000][67][trace][gc,age      ] GC(34) - age   8:    1725160 bytes,    5697768 total
[2026-03-28T12:31:47.798+0000][67][trace][gc,age      ] GC(34) - age   9:      79920 bytes,    5777688 total
[2026-03-28T12:31:47.799+0000][67][trace][gc,age      ] GC(34) - age  10:     716048 bytes,    6493736 total
[2026-03-28T12:31:47.799+0000][67][trace][gc,age      ] GC(34) - age  11:      42512 bytes,    6536248 total
[2026-03-28T12:31:47.799+0000][67][trace][gc,age      ] GC(34) - age  12:    2131112 bytes,    8667360 total
[2026-03-28T12:31:47.800+0000][67][trace][gc,age      ] GC(34) - age  13:    3955272 bytes,   12622632 total
[2026-03-28T12:31:47.800+0000][67][info ][gc,heap     ] GC(34) Eden regions: 72->0(72)
[2026-03-28T12:31:47.801+0000][67][info ][gc,heap     ] GC(34) Survivor regions: 4->4(10)
[2026-03-28T12:31:47.801+0000][67][info ][gc,heap     ] GC(34) Old regions: 24->24
[2026-03-28T12:31:47.802+0000][67][info ][gc,heap     ] GC(34) Humongous regions: 0->0
[2026-03-28T12:31:47.802+0000][67][info ][gc,metaspace] GC(34) Metaspace: 145978K(151808K)->145978K(151808K) NonClass: 126557K(129984K)->126557K(129984K) Class: 19420K(21824K)->19420K(21824K)
[2026-03-28T12:31:47.803+0000][67][info ][gc          ] GC(34) Pause Young (Concurrent Start) (G1 Evacuation Pause) 398M->108M(512M) 57.752ms
[2026-03-28T12:31:47.803+0000][67][info ][gc,cpu      ] GC(34) User=0.09s Sys=0.05s Real=0.06s
[2026-03-28T12:31:47.803+0000][67][info ][gc          ] GC(35) Concurrent Mark Cycle
[2026-03-28T12:31:47.804+0000][67][info ][safepoint   ] Safepoint "G1CollectForAllocation", Time since last: 1668272 ns, Reaching safepoint: 9856 ns, Cleanup: 3432 ns, At safepoint: 59395273 ns, Total: 59408561 ns
[2026-03-28T12:31:47.805+0000][67][info ][gc,marking  ] GC(35) Concurrent Scan Root Regions
[2026-03-28T12:31:47.811+0000][67][info ][gc,marking  ] GC(35) Concurrent Scan Root Regions 6.745ms
[2026-03-28T12:31:47.812+0000][67][info ][gc,marking  ] GC(35) Concurrent Mark
[2026-03-28T12:31:47.813+0000][67][info ][gc,marking  ] GC(35) Concurrent Mark From Roots
[2026-03-28T12:31:47.813+0000][67][info ][gc,task     ] GC(35) Using 3 workers of 3 for marking
[2026-03-28T12:31:47.881+0000][67][info ][gc,marking  ] GC(35) Concurrent Mark From Roots 68.537ms
[2026-03-28T12:31:47.883+0000][67][info ][gc,marking  ] GC(35) Concurrent Preclean
[2026-03-28T12:31:47.884+0000][67][info ][gc,marking  ] GC(35) Concurrent Preclean 1.848ms
[2026-03-28T12:31:47.886+0000][67][info ][gc,start    ] GC(35) Pause Remark
[2026-03-28T12:31:47.938+0000][67][info ][gc          ] GC(35) Pause Remark 112M->112M(512M) 52.291ms
[2026-03-28T12:31:47.939+0000][67][info ][gc,cpu      ] GC(35) User=0.24s Sys=0.00s Real=0.05s
[2026-03-28T12:31:47.939+0000][67][info ][safepoint   ] Safepoint "G1PauseRemark", Time since last: 81421123 ns, Reaching safepoint: 22440 ns, Cleanup: 20887 ns, At safepoint: 53836007 ns, Total: 53879334 ns
[2026-03-28T12:31:47.940+0000][67][info ][gc,marking  ] GC(35) Concurrent Mark 127.880ms
[2026-03-28T12:31:47.941+0000][67][info ][gc,marking  ] GC(35) Concurrent Rebuild Remembered Sets and Scrub Regions
[2026-03-28T12:31:47.986+0000][67][info ][gc,marking  ] GC(35) Concurrent Rebuild Remembered Sets and Scrub Regions 44.681ms
[2026-03-28T12:31:47.987+0000][67][info ][gc,start    ] GC(35) Pause Cleanup
[2026-03-28T12:31:47.988+0000][67][info ][gc          ] GC(35) Pause Cleanup 113M->113M(512M) 1.168ms
[2026-03-28T12:31:47.989+0000][67][info ][gc,cpu      ] GC(35) User=0.01s Sys=0.00s Real=0.00s
[2026-03-28T12:31:47.989+0000][67][info ][safepoint   ] Safepoint "G1PauseCleanup", Time since last: 47069350 ns, Reaching safepoint: 20652 ns, Cleanup: 54316 ns, At safepoint: 2750019 ns, Total: 2824987 ns
[2026-03-28T12:31:47.990+0000][67][info ][gc,marking  ] GC(35) Concurrent Clear Claimed Marks
[2026-03-28T12:31:47.991+0000][67][info ][gc,marking  ] GC(35) Concurrent Clear Claimed Marks 1.132ms
[2026-03-28T12:31:47.992+0000][67][info ][gc,marking  ] GC(35) Concurrent Cleanup for Next Mark
[2026-03-28T12:31:47.994+0000][67][info ][gc,marking  ] GC(35) Concurrent Cleanup for Next Mark 1.636ms
[2026-03-28T12:31:47.994+0000][67][info ][gc          ] GC(35) Concurrent Mark Cycle 190.866ms
[2026-03-28T12:31:49.456+0000][67][info ][safepoint   ] Safepoint "Cleanup", Time since last: 1466233945 ns, Reaching safepoint: 19854 ns, Cleanup: 20054 ns, At safepoint: 4527 ns, Total: 44435 ns
[2026-03-28T12:31:50.490+0000][67][info ][safepoint   ] Safepoint "Cleanup", Time since last: 1034735434 ns, Reaching safepoint: 21344 ns, Cleanup: 16071 ns, At safepoint: 7353 ns, Total: 44768 ns
[2026-03-28T12:31:55.872+0000][67][info ][safepoint   ] Safepoint "Cleanup", Time since last: 5387500033 ns, Reaching safepoint: 47205 ns, Cleanup: 85632 ns, At safepoint: 229388 ns, Total: 362225 ns
[2026-03-28T12:31:57.572+0000][67][info ][safepoint   ] Safepoint "Cleanup", Time since last: 1699766608 ns, Reaching safepoint: 90052 ns, Cleanup: 36671 ns, At safepoint: 14114 ns, Total: 140837 ns
[2026-03-28T12:31:58.637+0000][67][info ][safepoint   ] Safepoint "Cleanup", Time since last: 1064868969 ns, Reaching safepoint: 16324 ns, Cleanup: 17455 ns, At safepoint: 4866 ns, Total: 38645 ns
[2026-03-28T12:31:59.724+0000][67][info ][safepoint   ] Safepoint "Cleanup", Time since last: 1086777596 ns, Reaching safepoint: 10812 ns, Cleanup: 8699 ns, At safepoint: 4548 ns, Total: 24059 ns
[2026-03-28T12:32:01.553+0000][67][info ][safepoint   ] Safepoint "Cleanup", Time since last: 1828878490 ns, Reaching safepoint: 7435 ns, Cleanup: 16772 ns, At safepoint: 2925 ns, Total: 27132 ns
[2026-03-28T12:32:02.701+0000][67][info ][safepoint   ] Safepoint "Cleanup", Time since last: 1148158499 ns, Reaching safepoint: 25964 ns, Cleanup: 28164 ns, At safepoint: 87029 ns, Total: 141157 ns
[2026-03-28T12:32:04.771+0000][67][info ][safepoint   ] Safepoint "Cleanup", Time since last: 2070181925 ns, Reaching safepoint: 81865 ns, Cleanup: 46822 ns, At safepoint: 13771 ns, Total: 142458 ns
[2026-03-28T12:32:05.772+0000][67][info ][safepoint   ] Safepoint "Cleanup", Time since last: 1000636468 ns, Reaching safepoint: 30952 ns, Cleanup: 17874 ns, At safepoint: 12533 ns, Total: 61359 ns
[2026-03-28T12:32:06.811+0000][67][info ][safepoint   ] Safepoint "Cleanup", Time since last: 1039174277 ns, Reaching safepoint: 12033 ns, Cleanup: 27551 ns, At safepoint: 6176 ns, Total: 45760 ns
[2026-03-28T12:32:10.862+0000][67][info ][safepoint   ] Safepoint "Cleanup", Time since last: 4051031335 ns, Reaching safepoint: 13745 ns, Cleanup: 17619 ns, At safepoint: 6313 ns, Total: 37677 ns
[2026-03-28T12:32:11.887+0000][67][info ][safepoint   ] Safepoint "Cleanup", Time since last: 1024395562 ns, Reaching safepoint: 35090 ns, Cleanup: 52739 ns, At safepoint: 175561 ns, Total: 263390 ns
[2026-03-28T12:32:12.949+0000][67][info ][safepoint   ] Safepoint "Cleanup", Time since last: 1061273822 ns, Reaching safepoint: 40866 ns, Cleanup: 26191 ns, At safepoint: 124359 ns, Total: 191416 ns
[2026-03-28T12:32:14.045+0000][67][info ][safepoint   ] Safepoint "Cleanup", Time since last: 1096139803 ns, Reaching safepoint: 12839 ns, Cleanup: 12982 ns, At safepoint: 4532 ns, Total: 30353 ns
[2026-03-28T12:32:15.045+0000][67][info ][safepoint   ] Safepoint "Cleanup", Time since last: 1000087199 ns, Reaching safepoint: 6264 ns, Cleanup: 15688 ns, At safepoint: 12697 ns, Total: 34649 ns
[2026-03-28T12:32:16.046+0000][67][info ][safepoint   ] Safepoint "Cleanup", Time since last: 1001087289 ns, Reaching safepoint: 108078 ns, Cleanup: 25855 ns, At safepoint: 5318 ns, Total: 139251 ns
[2026-03-28T12:32:17.064+0000][67][info ][safepoint   ] Safepoint "Cleanup", Time since last: 1017695938 ns, Reaching safepoint: 45027 ns, Cleanup: 36099 ns, At safepoint: 12032 ns, Total: 93158 ns
[2026-03-28T12:32:18.108+0000][67][info ][safepoint   ] Safepoint "Cleanup", Time since last: 1043702322 ns, Reaching safepoint: 12247 ns, Cleanup: 26930 ns, At safepoint: 38995 ns, Total: 78172 ns
[2026-03-28T12:32:20.869+0000][67][info ][safepoint   ] Safepoint "Cleanup", Time since last: 2761189490 ns, Reaching safepoint: 27746 ns, Cleanup: 18413 ns, At safepoint: 321834 ns, Total: 367993 ns
[2026-03-28T12:32:24.445+0000][67][info ][safepoint   ] Safepoint "Cleanup", Time since last: 3577795478 ns, Reaching safepoint: 8298 ns, Cleanup: 6993 ns, At safepoint: 4242 ns, Total: 19533 ns
[2026-03-28T12:32:25.445+0000][67][info ][safepoint   ] Safepoint "Cleanup", Time since last: 1000030073 ns, Reaching safepoint: 5411 ns, Cleanup: 7279 ns, At safepoint: 2225 ns, Total: 14915 ns
[2026-03-28T12:32:27.240+0000][67][info ][safepoint   ] Safepoint "Cleanup", Time since last: 1794194955 ns, Reaching safepoint: 296768 ns, Cleanup: 104960 ns, At safepoint: 23187 ns, Total: 424915 ns
[2026-03-28T12:32:28.241+0000][67][info ][safepoint   ] Safepoint "Cleanup", Time since last: 1001439062 ns, Reaching safepoint: 23512 ns, Cleanup: 20226 ns, At safepoint: 6608 ns, Total: 50346 ns
[2026-03-28T12:32:29.258+0000][67][info ][safepoint   ] Safepoint "Cleanup", Time since last: 1016941517 ns, Reaching safepoint: 10743 ns, Cleanup: 20842 ns, At safepoint: 4867 ns, Total: 36452 ns
[2026-03-28T12:32:30.295+0000][67][info ][safepoint   ] Safepoint "Cleanup", Time since last: 1036919340 ns, Reaching safepoint: 12556 ns, Cleanup: 10954 ns, At safepoint: 10622 ns, Total: 34132 ns
[2026-03-28T12:32:35.737+0000][67][info ][safepoint   ] Safepoint "Cleanup", Time since last: 5441570520 ns, Reaching safepoint: 147351 ns, Cleanup: 9692 ns, At safepoint: 52087 ns, Total: 209130 ns
[2026-03-28T12:32:37.507+0000][67][info ][safepoint   ] Safepoint "Cleanup", Time since last: 1769547261 ns, Reaching safepoint: 17510 ns, Cleanup: 33114 ns, At safepoint: 9118 ns, Total: 59742 ns
[2026-03-28T12:32:39.373+0000][67][info ][safepoint   ] Safepoint "Cleanup", Time since last: 1865989510 ns, Reaching safepoint: 50848 ns, Cleanup: 21495 ns, At safepoint: 8636 ns, Total: 80979 ns
[2026-03-28T12:32:41.900+0000][67][info ][gc,start    ] GC(36) Pause Young (Prepare Mixed) (G1 Evacuation Pause)
[2026-03-28T12:32:41.901+0000][67][info ][gc,task     ] GC(36) Using 10 workers of 10 for evacuation
[2026-03-28T12:32:41.902+0000][67][debug][gc,age      ] GC(36) Desired survivor size 20971520 bytes, new threshold 15 (max threshold 15)
[2026-03-28T12:32:42.038+0000][67][info ][gc,phases   ] GC(36)   Pre Evacuate Collection Set: 2.3ms
[2026-03-28T12:32:42.039+0000][67][info ][gc,phases   ] GC(36)   Merge Heap Roots: 1.7ms
[2026-03-28T12:32:42.040+0000][67][info ][gc,phases   ] GC(36)   Evacuate Collection Set: 123.5ms
[2026-03-28T12:32:42.042+0000][67][info ][gc,phases   ] GC(36)   Post Evacuate Collection Set: 6.2ms
[2026-03-28T12:32:42.043+0000][67][info ][gc,phases   ] GC(36)   Other: 2.9ms
[2026-03-28T12:32:42.044+0000][67][trace][gc,age      ] GC(36) Age table with threshold 15 (max threshold 15)
[2026-03-28T12:32:42.045+0000][67][trace][gc,age      ] GC(36) - age   1:    1894080 bytes,    1894080 total
[2026-03-28T12:32:42.046+0000][67][trace][gc,age      ] GC(36) - age   2:     192232 bytes,    2086312 total
[2026-03-28T12:32:42.047+0000][67][trace][gc,age      ] GC(36) - age   3:      90296 bytes,    2176608 total
[2026-03-28T12:32:42.048+0000][67][trace][gc,age      ] GC(36) - age   4:      51752 bytes,    2228360 total
[2026-03-28T12:32:42.049+0000][67][trace][gc,age      ] GC(36) - age   5:    1078840 bytes,    3307200 total
[2026-03-28T12:32:42.050+0000][67][trace][gc,age      ] GC(36) - age   6:     178184 bytes,    3485384 total
[2026-03-28T12:32:42.051+0000][67][trace][gc,age      ] GC(36) - age   7:     100496 bytes,    3585880 total
[2026-03-28T12:32:42.051+0000][67][trace][gc,age      ] GC(36) - age   8:     480512 bytes,    4066392 total
[2026-03-28T12:32:42.052+0000][67][trace][gc,age      ] GC(36) - age   9:    1711808 bytes,    5778200 total
[2026-03-28T12:32:42.054+0000][67][trace][gc,age      ] GC(36) - age  10:      79920 bytes,    5858120 total
[2026-03-28T12:32:42.055+0000][67][trace][gc,age      ] GC(36) - age  11:     715056 bytes,    6573176 total
[2026-03-28T12:32:42.056+0000][67][trace][gc,age      ] GC(36) - age  12:      42512 bytes,    6615688 total
[2026-03-28T12:32:42.057+0000][67][trace][gc,age      ] GC(36) - age  13:    2113440 bytes,    8729128 total
[2026-03-28T12:32:42.058+0000][67][trace][gc,age      ] GC(36) - age  14:    3952784 bytes,   12681912 total
[2026-03-28T12:32:42.059+0000][67][info ][gc,heap     ] GC(36) Eden regions: 72->0(72)
[2026-03-28T12:32:42.060+0000][67][info ][gc,heap     ] GC(36) Survivor regions: 4->4(10)
[2026-03-28T12:32:42.061+0000][67][info ][gc,heap     ] GC(36) Old regions: 24->24
[2026-03-28T12:32:42.062+0000][67][info ][gc,heap     ] GC(36) Humongous regions: 0->0
[2026-03-28T12:32:42.063+0000][67][info ][gc,metaspace] GC(36) Metaspace: 145990K(151808K)->145990K(151808K) NonClass: 126593K(129984K)->126593K(129984K) Class: 19396K(21824K)->19396K(21824K)
[2026-03-28T12:32:42.064+0000][67][info ][gc          ] GC(36) Pause Young (Prepare Mixed) (G1 Evacuation Pause) 396M->108M(512M) 164.372ms
[2026-03-28T12:32:42.065+0000][67][info ][gc,cpu      ] GC(36) User=0.50s Sys=0.06s Real=0.17s
[2026-03-28T12:32:42.067+0000][67][info ][safepoint   ] Safepoint "G1CollectForAllocation", Time since last: 2526433293 ns, Reaching safepoint: 95163 ns, Cleanup: 17357 ns, At safepoint: 167343384 ns, Total: 167455904 ns
[2026-03-28T12:32:47.750+0000][67][info ][safepoint   ] Safepoint "Cleanup", Time since last: 5683470667 ns, Reaching safepoint: 158422 ns, Cleanup: 19986 ns, At safepoint: 10259 ns, Total: 188667 ns
[2026-03-28T12:32:56.170+0000][67][info ][safepoint   ] Safepoint "Cleanup", Time since last: 8422668658 ns, Reaching safepoint: 58321 ns, Cleanup: 25240 ns, At safepoint: 8651 ns, Total: 92212 ns
[2026-03-28T12:32:57.171+0000][67][info ][safepoint   ] Safepoint "Cleanup", Time since last: 1001055854 ns, Reaching safepoint: 73304 ns, Cleanup: 29087 ns, At safepoint: 12896 ns, Total: 115287 ns
[2026-03-28T12:33:01.586+0000][67][info ][safepoint   ] Safepoint "Cleanup", Time since last: 4414621581 ns, Reaching safepoint: 67393 ns, Cleanup: 24846 ns, At safepoint: 10673 ns, Total: 102912 ns
[2026-03-28T12:33:06.620+0000][67][info ][safepoint   ] Safepoint "Cleanup", Time since last: 5034567992 ns, Reaching safepoint: 13741 ns, Cleanup: 15175 ns, At safepoint: 6286 ns, Total: 35202 ns
[2026-03-28T12:33:11.631+0000][67][info ][safepoint   ] Safepoint "Cleanup", Time since last: 5009902081 ns, Reaching safepoint: 89890 ns, Cleanup: 37040 ns, At safepoint: 15543 ns, Total: 142473 ns
[2026-03-28T12:33:12.638+0000][67][info ][safepoint   ] Safepoint "Cleanup", Time since last: 1007065133 ns, Reaching safepoint: 10524 ns, Cleanup: 22667 ns, At safepoint: 5383 ns, Total: 38574 ns
[2026-03-28T12:33:17.735+0000][67][info ][safepoint   ] Safepoint "Cleanup", Time since last: 5097231373 ns, Reaching safepoint: 22944 ns, Cleanup: 10019 ns, At safepoint: 4122 ns, Total: 37085 ns
[2026-03-28T12:33:19.663+0000][67][info ][safepoint   ] Safepoint "Cleanup", Time since last: 1928488123 ns, Reaching safepoint: 20579 ns, Cleanup: 19021 ns, At safepoint: 5414 ns, Total: 45014 ns
[2026-03-28T12:33:21.666+0000][67][info ][safepoint   ] Safepoint "Cleanup", Time since last: 2002082872 ns, Reaching safepoint: 66081 ns, Cleanup: 27226 ns, At safepoint: 13004 ns, Total: 106311 ns
[2026-03-28T12:33:24.040+0000][67][info ][safepoint   ] Safepoint "Cleanup", Time since last: 2442418845 ns, Reaching safepoint: 73248 ns, Cleanup: 38530 ns, At safepoint: 282559 ns, Total: 394337 ns
[2026-03-28T12:33:25.613+0000][67][info ][safepoint   ] Safepoint "Cleanup", Time since last: 1572710895 ns, Reaching safepoint: 39079 ns, Cleanup: 64046 ns, At safepoint: 10858 ns, Total: 113983 ns
[2026-03-28T12:33:27.615+0000][67][info ][safepoint   ] Safepoint "Cleanup", Time since last: 2001866979 ns, Reaching safepoint: 62124 ns, Cleanup: 26978 ns, At safepoint: 9814 ns, Total: 98916 ns
[2026-03-28T12:33:28.616+0000][67][info ][safepoint   ] Safepoint "Cleanup", Time since last: 1000801470 ns, Reaching safepoint: 39399 ns, Cleanup: 29980 ns, At safepoint: 49363 ns, Total: 118742 ns
[2026-03-28T12:33:29.617+0000][67][info ][safepoint   ] Safepoint "Cleanup", Time since last: 1000958665 ns, Reaching safepoint: 16448 ns, Cleanup: 13664 ns, At safepoint: 4097 ns, Total: 34209 ns
[2026-03-28T12:33:30.625+0000][67][info ][safepoint   ] Safepoint "Cleanup", Time since last: 1007880683 ns, Reaching safepoint: 24790 ns, Cleanup: 20380 ns, At safepoint: 98511 ns, Total: 143681 ns
[2026-03-28T12:33:34.634+0000][67][info ][safepoint   ] Safepoint "Cleanup", Time since last: 4009130662 ns, Reaching safepoint: 75309 ns, Cleanup: 28607 ns, At safepoint: 13564 ns, Total: 117480 ns
[2026-03-28T12:33:35.732+0000][67][info ][safepoint   ] Safepoint "Cleanup", Time since last: 1097871068 ns, Reaching safepoint: 12362 ns, Cleanup: 27007 ns, At safepoint: 6962 ns, Total: 46331 ns
[2026-03-28T12:33:37.711+0000][67][info ][safepoint   ] Safepoint "Cleanup", Time since last: 1979299676 ns, Reaching safepoint: 25246 ns, Cleanup: 36118 ns, At safepoint: 10681 ns, Total: 72045 ns
[2026-03-28T12:33:41.718+0000][67][info ][safepoint   ] Safepoint "Cleanup", Time since last: 4006789964 ns, Reaching safepoint: 52587 ns, Cleanup: 32500 ns, At safepoint: 11887 ns, Total: 96974 ns
[2026-03-28T12:33:42.755+0000][67][info ][safepoint   ] Safepoint "Cleanup", Time since last: 1036313319 ns, Reaching safepoint: 55363 ns, Cleanup: 94279 ns, At safepoint: 15140 ns, Total: 164782 ns
[2026-03-28T12:33:44.786+0000][67][info ][safepoint   ] Safepoint "Cleanup", Time since last: 2030706221 ns, Reaching safepoint: 298196 ns, Cleanup: 36165 ns, At safepoint: 13060 ns, Total: 347421 ns
[2026-03-28T12:33:47.670+0000][67][info ][safepoint   ] Safepoint "Cleanup", Time since last: 2884318999 ns, Reaching safepoint: 141064 ns, Cleanup: 11797 ns, At safepoint: 78113 ns, Total: 230974 ns
[2026-03-28T12:33:48.814+0000][67][info ][safepoint   ] Safepoint "Cleanup", Time since last: 1143740999 ns, Reaching safepoint: 8179 ns, Cleanup: 30474 ns, At safepoint: 5536 ns, Total: 44189 ns
[2026-03-28T12:33:50.825+0000][67][info ][safepoint   ] Safepoint "Cleanup", Time since last: 2010631256 ns, Reaching safepoint: 40545 ns, Cleanup: 28671 ns, At safepoint: 9001 ns, Total: 78217 ns
[2026-03-28T12:33:52.090+0000][67][info ][safepoint   ] Safepoint "Cleanup", Time since last: 1265546268 ns, Reaching safepoint: 12757 ns, Cleanup: 23165 ns, At safepoint: 6557 ns, Total: 42479 ns
[2026-03-28T12:33:53.099+0000][67][info ][safepoint   ] Safepoint "Cleanup", Time since last: 1008404630 ns, Reaching safepoint: 43028 ns, Cleanup: 38108 ns, At safepoint: 12546 ns, Total: 93682 ns
[2026-03-28T12:33:54.827+0000][67][info ][safepoint   ] Safepoint "Cleanup", Time since last: 1747511778 ns, Reaching safepoint: 54419 ns, Cleanup: 24731 ns, At safepoint: 140302 ns, Total: 219452 ns
[2026-03-28T12:33:56.779+0000][67][info ][safepoint   ] Safepoint "Cleanup", Time since last: 1951656457 ns, Reaching safepoint: 73743 ns, Cleanup: 32940 ns, At safepoint: 12791 ns, Total: 119474 ns
[2026-03-28T12:33:57.780+0000][67][info ][safepoint   ] Safepoint "Cleanup", Time since last: 1001003379 ns, Reaching safepoint: 54735 ns, Cleanup: 21815 ns, At safepoint: 9711 ns, Total: 86261 ns
[2026-03-28T12:33:58.781+0000][67][info ][safepoint   ] Safepoint "Cleanup", Time since last: 1001384982 ns, Reaching safepoint: 73400 ns, Cleanup: 36145 ns, At safepoint: 13265 ns, Total: 122810 ns
[2026-03-28T12:33:59.857+0000][67][info ][safepoint   ] Safepoint "Cleanup", Time since last: 1075716926 ns, Reaching safepoint: 11846 ns, Cleanup: 19154 ns, At safepoint: 4704 ns, Total: 35704 ns
[2026-03-28T12:34:00.873+0000][67][info ][safepoint   ] Safepoint "Cleanup", Time since last: 1015819410 ns, Reaching safepoint: 14753 ns, Cleanup: 25283 ns, At safepoint: 8178 ns, Total: 48214 ns
[2026-03-28T12:34:01.895+0000][67][info ][safepoint   ] Safepoint "Cleanup", Time since last: 1022423147 ns, Reaching safepoint: 38111 ns, Cleanup: 29640 ns, At safepoint: 8555 ns, Total: 76306 ns
[2026-03-28T12:34:02.897+0000][67][info ][safepoint   ] Safepoint "Cleanup", Time since last: 1001196739 ns, Reaching safepoint: 67923 ns, Cleanup: 26729 ns, At safepoint: 12160 ns, Total: 106812 ns
[2026-03-28T12:34:05.909+0000][67][info ][safepoint   ] Safepoint "Cleanup", Time since last: 3011860933 ns, Reaching safepoint: 77545 ns, Cleanup: 24518 ns, At safepoint: 10302 ns, Total: 112365 ns
[2026-03-28T12:34:06.943+0000][67][info ][safepoint   ] Safepoint "Cleanup", Time since last: 1034118803 ns, Reaching safepoint: 46071 ns, Cleanup: 30178 ns, At safepoint: 12540 ns, Total: 88789 ns
[2026-03-28T12:34:11.697+0000][67][info ][safepoint   ] Safepoint "Cleanup", Time since last: 4753943201 ns, Reaching safepoint: 15805 ns, Cleanup: 15994 ns, At safepoint: 6955 ns, Total: 38754 ns
[2026-03-28T12:34:11.959+0000][67][info ][gc,start    ] GC(37) Pause Young (Mixed) (G1 Evacuation Pause)
[2026-03-28T12:34:11.960+0000][67][info ][gc,task     ] GC(37) Using 10 workers of 10 for evacuation
[2026-03-28T12:34:11.961+0000][67][debug][gc,age      ] GC(37) Desired survivor size 20971520 bytes, new threshold 15 (max threshold 15)
[2026-03-28T12:34:12.131+0000][67][info ][gc,phases   ] GC(37)   Pre Evacuate Collection Set: 2.5ms
[2026-03-28T12:34:12.131+0000][67][info ][gc,phases   ] GC(37)   Merge Heap Roots: 1.4ms
[2026-03-28T12:34:12.132+0000][67][info ][gc,phases   ] GC(37)   Evacuate Collection Set: 158.6ms
[2026-03-28T12:34:12.133+0000][67][info ][gc,phases   ] GC(37)   Post Evacuate Collection Set: 3.7ms
[2026-03-28T12:34:12.133+0000][67][info ][gc,phases   ] GC(37)   Other: 4.3ms
[2026-03-28T12:34:12.134+0000][67][trace][gc,age      ] GC(37) Age table with threshold 15 (max threshold 15)
[2026-03-28T12:34:12.135+0000][67][trace][gc,age      ] GC(37) - age   1:    1657104 bytes,    1657104 total
[2026-03-28T12:34:12.136+0000][67][trace][gc,age      ] GC(37) - age   2:     827888 bytes,    2484992 total
[2026-03-28T12:34:12.136+0000][67][trace][gc,age      ] GC(37) - age   3:      99088 bytes,    2584080 total
[2026-03-28T12:34:12.137+0000][67][trace][gc,age      ] GC(37) - age   4:      82744 bytes,    2666824 total
[2026-03-28T12:34:12.138+0000][67][trace][gc,age      ] GC(37) - age   5:      47616 bytes,    2714440 total
[2026-03-28T12:34:12.140+0000][67][trace][gc,age      ] GC(37) - age   6:    1078648 bytes,    3793088 total
[2026-03-28T12:34:12.142+0000][67][trace][gc,age      ] GC(37) - age   7:     170168 bytes,    3963256 total
[2026-03-28T12:34:12.144+0000][67][trace][gc,age      ] GC(37) - age   8:     100496 bytes,    4063752 total
[2026-03-28T12:34:12.146+0000][67][trace][gc,age      ] GC(37) - age   9:     480512 bytes,    4544264 total
[2026-03-28T12:34:12.147+0000][67][trace][gc,age      ] GC(37) - age  10:    1711808 bytes,    6256072 total
[2026-03-28T12:34:12.148+0000][67][trace][gc,age      ] GC(37) - age  11:      79920 bytes,    6335992 total
[2026-03-28T12:34:12.148+0000][67][trace][gc,age      ] GC(37) - age  12:     715056 bytes,    7051048 total
[2026-03-28T12:34:12.149+0000][67][trace][gc,age      ] GC(37) - age  13:      42512 bytes,    7093560 total
[2026-03-28T12:34:12.149+0000][67][trace][gc,age      ] GC(37) - age  14:    2113440 bytes,    9207000 total
[2026-03-28T12:34:12.149+0000][67][trace][gc,age      ] GC(37) - age  15:    3952784 bytes,   13159784 total
[2026-03-28T12:34:12.150+0000][67][info ][gc,heap     ] GC(37) Eden regions: 72->0(72)
[2026-03-28T12:34:12.150+0000][67][info ][gc,heap     ] GC(37) Survivor regions: 4->4(10)
[2026-03-28T12:34:12.151+0000][67][info ][gc,heap     ] GC(37) Old regions: 24->24
[2026-03-28T12:34:12.151+0000][67][info ][gc,heap     ] GC(37) Humongous regions: 0->0
[2026-03-28T12:34:12.152+0000][67][info ][gc,metaspace] GC(37) Metaspace: 146095K(151808K)->146095K(151808K) NonClass: 126699K(129984K)->126699K(129984K) Class: 19396K(21824K)->19396K(21824K)
[2026-03-28T12:34:12.152+0000][67][info ][gc          ] GC(37) Pause Young (Mixed) (G1 Evacuation Pause) 396M->107M(512M) 192.917ms
[2026-03-28T12:34:12.153+0000][67][info ][gc,cpu      ] GC(37) User=0.53s Sys=0.11s Real=0.20s
[2026-03-28T12:34:12.154+0000][67][info ][safepoint   ] Safepoint "G1CollectForAllocation", Time since last: 262270336 ns, Reaching safepoint: 48992 ns, Cleanup: 7750 ns, At safepoint: 194526400 ns, Total: 194583142 ns
[2026-03-28T12:34:15.173+0000][67][info ][safepoint   ] Safepoint "Cleanup", Time since last: 3019219013 ns, Reaching safepoint: 26096 ns, Cleanup: 22562 ns, At safepoint: 8000 ns, Total: 56658 ns
[2026-03-28T12:34:21.192+0000][67][info ][safepoint   ] Safepoint "Cleanup", Time since last: 6019385133 ns, Reaching safepoint: 74197 ns, Cleanup: 47265 ns, At safepoint: 12482 ns, Total: 133944 ns
[2026-03-28T12:34:23.662+0000][67][info ][safepoint   ] Safepoint "Cleanup", Time since last: 2479415551 ns, Reaching safepoint: 12058 ns, Cleanup: 15926 ns, At safepoint: 29740 ns, Total: 57724 ns
[2026-03-28T12:34:26.218+0000][67][info ][safepoint   ] Safepoint "Cleanup", Time since last: 2555469743 ns, Reaching safepoint: 102900 ns, Cleanup: 63770 ns, At safepoint: 18209 ns, Total: 184879 ns
[2026-03-28T12:34:28.221+0000][67][info ][safepoint   ] Safepoint "Cleanup", Time since last: 2002936307 ns, Reaching safepoint: 41041 ns, Cleanup: 56009 ns, At safepoint: 12676 ns, Total: 109726 ns
[2026-03-28T12:34:29.223+0000][67][info ][safepoint   ] Safepoint "Cleanup", Time since last: 1002638509 ns, Reaching safepoint: 77468 ns, Cleanup: 15673 ns, At safepoint: 7704 ns, Total: 100845 ns
[2026-03-28T12:34:30.229+0000][67][info ][safepoint   ] Safepoint "Cleanup", Time since last: 1005259708 ns, Reaching safepoint: 20262 ns, Cleanup: 21195 ns, At safepoint: 159697 ns, Total: 201154 ns
[2026-03-28T12:34:35.884+0000][67][info ][safepoint   ] Safepoint "Cleanup", Time since last: 5654662938 ns, Reaching safepoint: 27962 ns, Cleanup: 16599 ns, At safepoint: 22327 ns, Total: 66888 ns
[2026-03-28T12:34:37.286+0000][67][info ][safepoint   ] Safepoint "Cleanup", Time since last: 1402637314 ns, Reaching safepoint: 46204 ns, Cleanup: 22374 ns, At safepoint: 7504 ns, Total: 76082 ns
[2026-03-28T12:34:41.293+0000][67][info ][safepoint   ] Safepoint "Cleanup", Time since last: 4006449569 ns, Reaching safepoint: 84640 ns, Cleanup: 35971 ns, At safepoint: 14453 ns, Total: 135064 ns
[2026-03-28T12:34:57.381+0000][67][info ][safepoint   ] Safepoint "Cleanup", Time since last: 16086444434 ns, Reaching safepoint: 41521 ns, Cleanup: 25077 ns, At safepoint: 13080 ns, Total: 79678 ns
[2026-03-28T12:34:59.471+0000][67][info ][safepoint   ] Safepoint "Cleanup", Time since last: 2089536102 ns, Reaching safepoint: 26419 ns, Cleanup: 21117 ns, At safepoint: 8345 ns, Total: 55881 ns
[2026-03-28T12:35:01.402+0000][67][info ][safepoint   ] Safepoint "Cleanup", Time since last: 1930973621 ns, Reaching safepoint: 30659 ns, Cleanup: 30450 ns, At safepoint: 8671 ns, Total: 69780 ns
[2026-03-28T12:35:05.664+0000][67][info ][safepoint   ] Safepoint "Cleanup", Time since last: 4262427489 ns, Reaching safepoint: 47406 ns, Cleanup: 27694 ns, At safepoint: 14957 ns, Total: 90057 ns
[2026-03-28T12:35:07.456+0000][67][info ][safepoint   ] Safepoint "Cleanup", Time since last: 1791790870 ns, Reaching safepoint: 33148 ns, Cleanup: 31829 ns, At safepoint: 9672 ns, Total: 74649 ns
[2026-03-28T12:35:08.458+0000][67][info ][safepoint   ] Safepoint "Cleanup", Time since last: 1001230295 ns, Reaching safepoint: 36994 ns, Cleanup: 27469 ns, At safepoint: 9916 ns, Total: 74379 ns
[2026-03-28T12:35:11.461+0000][67][info ][safepoint   ] Safepoint "Cleanup", Time since last: 3003119256 ns, Reaching safepoint: 71984 ns, Cleanup: 47271 ns, At safepoint: 12497 ns, Total: 131752 ns
[2026-03-28T12:35:12.467+0000][67][info ][safepoint   ] Safepoint "Cleanup", Time since last: 1006228074 ns, Reaching safepoint: 14601 ns, Cleanup: 21952 ns, At safepoint: 8313 ns, Total: 44866 ns
[2026-03-28T12:35:23.673+0000][67][info ][safepoint   ] Safepoint "Cleanup", Time since last: 11207606758 ns, Reaching safepoint: 65236 ns, Cleanup: 18616 ns, At safepoint: 8943 ns, Total: 92795 ns
[2026-03-28T12:35:25.539+0000][67][info ][safepoint   ] Safepoint "Cleanup", Time since last: 1865443484 ns, Reaching safepoint: 39964 ns, Cleanup: 43332 ns, At safepoint: 9395 ns, Total: 92691 ns
[2026-03-28T12:35:26.540+0000][67][info ][safepoint   ] Safepoint "Cleanup", Time since last: 1001050595 ns, Reaching safepoint: 61063 ns, Cleanup: 50188 ns, At safepoint: 12761 ns, Total: 124012 ns
[2026-03-28T12:35:27.542+0000][67][info ][safepoint   ] Safepoint "Cleanup", Time since last: 1002112863 ns, Reaching safepoint: 35765 ns, Cleanup: 22820 ns, At safepoint: 7778 ns, Total: 66363 ns
[2026-03-28T12:35:30.606+0000][67][info ][safepoint   ] Safepoint "Cleanup", Time since last: 3063250856 ns, Reaching safepoint: 20728 ns, Cleanup: 32201 ns, At safepoint: 225380 ns, Total: 278309 ns
[2026-03-28T12:35:33.612+0000][67][info ][safepoint   ] Safepoint "Cleanup", Time since last: 3006885720 ns, Reaching safepoint: 31526 ns, Cleanup: 18230 ns, At safepoint: 12793 ns, Total: 62549 ns
[2026-03-28T12:35:35.684+0000][67][info ][safepoint   ] Safepoint "Cleanup", Time since last: 2071098010 ns, Reaching safepoint: 48172 ns, Cleanup: 22036 ns, At safepoint: 6899 ns, Total: 77107 ns
[2026-03-28T12:35:37.642+0000][67][info ][safepoint   ] Safepoint "Cleanup", Time since last: 1958080794 ns, Reaching safepoint: 50175 ns, Cleanup: 16207 ns, At safepoint: 4595 ns, Total: 70977 ns
[2026-03-28T12:35:38.653+0000][67][info ][safepoint   ] Safepoint "Cleanup", Time since last: 1011215583 ns, Reaching safepoint: 58973 ns, Cleanup: 27748 ns, At safepoint: 85851 ns, Total: 172572 ns
[2026-03-28T12:35:38.767+0000][67][info ][gc,start    ] GC(38) Pause Young (Concurrent Start) (G1 Evacuation Pause)
[2026-03-28T12:35:38.768+0000][67][info ][gc,task     ] GC(38) Using 10 workers of 10 for evacuation
[2026-03-28T12:35:38.769+0000][67][debug][gc,age      ] GC(38) Desired survivor size 20971520 bytes, new threshold 15 (max threshold 15)
[2026-03-28T12:35:38.853+0000][67][info ][gc,phases   ] GC(38)   Pre Evacuate Collection Set: 1.1ms
[2026-03-28T12:35:38.854+0000][67][info ][gc,phases   ] GC(38)   Merge Heap Roots: 0.6ms
[2026-03-28T12:35:38.855+0000][67][info ][gc,phases   ] GC(38)   Evacuate Collection Set: 76.9ms
[2026-03-28T12:35:38.856+0000][67][info ][gc,phases   ] GC(38)   Post Evacuate Collection Set: 4.0ms
[2026-03-28T12:35:38.856+0000][67][info ][gc,phases   ] GC(38)   Other: 2.3ms
[2026-03-28T12:35:38.857+0000][67][trace][gc,age      ] GC(38) Age table with threshold 15 (max threshold 15)
[2026-03-28T12:35:38.857+0000][67][trace][gc,age      ] GC(38) - age   1:     806096 bytes,     806096 total
[2026-03-28T12:35:38.858+0000][67][trace][gc,age      ] GC(38) - age   2:     424600 bytes,    1230696 total
[2026-03-28T12:35:38.859+0000][67][trace][gc,age      ] GC(38) - age   3:     485704 bytes,    1716400 total
[2026-03-28T12:35:38.859+0000][67][trace][gc,age      ] GC(38) - age   4:      98768 bytes,    1815168 total
[2026-03-28T12:35:38.860+0000][67][trace][gc,age      ] GC(38) - age   5:      82016 bytes,    1897184 total
[2026-03-28T12:35:38.860+0000][67][trace][gc,age      ] GC(38) - age   6:      43568 bytes,    1940752 total
[2026-03-28T12:35:38.861+0000][67][trace][gc,age      ] GC(38) - age   7:    1059112 bytes,    2999864 total
[2026-03-28T12:35:38.862+0000][67][trace][gc,age      ] GC(38) - age   8:     170040 bytes,    3169904 total
[2026-03-28T12:35:38.863+0000][67][trace][gc,age      ] GC(38) - age   9:     100496 bytes,    3270400 total
[2026-03-28T12:35:38.863+0000][67][trace][gc,age      ] GC(38) - age  10:     480408 bytes,    3750808 total
[2026-03-28T12:35:38.864+0000][67][trace][gc,age      ] GC(38) - age  11:    1711808 bytes,    5462616 total
[2026-03-28T12:35:38.864+0000][67][trace][gc,age      ] GC(38) - age  12:      79920 bytes,    5542536 total
[2026-03-28T12:35:38.865+0000][67][trace][gc,age      ] GC(38) - age  13:     715056 bytes,    6257592 total
[2026-03-28T12:35:38.866+0000][67][trace][gc,age      ] GC(38) - age  14:      42512 bytes,    6300104 total
[2026-03-28T12:35:38.867+0000][67][trace][gc,age      ] GC(38) - age  15:    2097160 bytes,    8397264 total
[2026-03-28T12:35:38.867+0000][67][info ][gc,heap     ] GC(38) Eden regions: 72->0(73)
[2026-03-28T12:35:38.868+0000][67][info ][gc,heap     ] GC(38) Survivor regions: 4->3(10)
[2026-03-28T12:35:38.868+0000][67][info ][gc,heap     ] GC(38) Old regions: 24->25
[2026-03-28T12:35:38.869+0000][67][info ][gc,heap     ] GC(38) Humongous regions: 0->0
[2026-03-28T12:35:38.870+0000][67][info ][gc,metaspace] GC(38) Metaspace: 146172K(151808K)->146172K(151808K) NonClass: 126771K(129984K)->126771K(129984K) Class: 19401K(21824K)->19401K(21824K)
[2026-03-28T12:35:38.870+0000][67][info ][gc          ] GC(38) Pause Young (Concurrent Start) (G1 Evacuation Pause) 395M->107M(512M) 103.261ms
[2026-03-28T12:35:38.871+0000][67][info ][gc          ] GC(39) Concurrent Mark Cycle
[2026-03-28T12:35:38.872+0000][67][info ][gc,marking  ] GC(39) Concurrent Scan Root Regions
[2026-03-28T12:35:38.871+0000][67][info ][gc,cpu      ] GC(38) User=0.18s Sys=0.05s Real=0.10s
[2026-03-28T12:35:38.874+0000][67][info ][safepoint   ] Safepoint "G1CollectForAllocation", Time since last: 113807646 ns, Reaching safepoint: 54049 ns, Cleanup: 7932 ns, At safepoint: 106604061 ns, Total: 106666042 ns
[2026-03-28T12:35:38.884+0000][67][info ][gc,marking  ] GC(39) Concurrent Scan Root Regions 12.378ms
[2026-03-28T12:35:38.885+0000][67][info ][gc,marking  ] GC(39) Concurrent Mark
[2026-03-28T12:35:38.886+0000][67][info ][gc,marking  ] GC(39) Concurrent Mark From Roots
[2026-03-28T12:35:38.887+0000][67][info ][gc,task     ] GC(39) Using 3 workers of 3 for marking
[2026-03-28T12:35:39.024+0000][67][info ][gc,marking  ] GC(39) Concurrent Mark From Roots 138.228ms
[2026-03-28T12:35:39.025+0000][67][info ][gc,marking  ] GC(39) Concurrent Preclean
[2026-03-28T12:35:39.026+0000][67][info ][gc,marking  ] GC(39) Concurrent Preclean 1.275ms
[2026-03-28T12:35:39.027+0000][67][info ][gc,start    ] GC(39) Pause Remark
[2026-03-28T12:35:39.356+0000][67][info ][gc,mmu      ] GC(39) MMU target violated: 201.0ms (200.0ms/201.0ms)
[2026-03-28T12:35:39.356+0000][67][info ][gc          ] GC(39) Pause Remark 109M->109M(512M) 329.056ms
[2026-03-28T12:35:39.357+0000][67][info ][gc,cpu      ] GC(39) User=0.59s Sys=0.04s Real=0.33s
[2026-03-28T12:35:39.358+0000][67][info ][safepoint   ] Safepoint "G1PauseRemark", Time since last: 153623916 ns, Reaching safepoint: 35974 ns, Cleanup: 8961 ns, At safepoint: 330544498 ns, Total: 330589433 ns
[2026-03-28T12:35:39.359+0000][67][info ][gc,marking  ] GC(39) Concurrent Mark 473.527ms
[2026-03-28T12:35:39.359+0000][67][info ][gc,marking  ] GC(39) Concurrent Rebuild Remembered Sets and Scrub Regions
[2026-03-28T12:35:39.408+0000][67][info ][gc,marking  ] GC(39) Concurrent Rebuild Remembered Sets and Scrub Regions 48.636ms
[2026-03-28T12:35:39.409+0000][67][info ][gc,start    ] GC(39) Pause Cleanup
[2026-03-28T12:35:39.411+0000][67][info ][gc          ] GC(39) Pause Cleanup 109M->109M(512M) 1.364ms
[2026-03-28T12:35:39.411+0000][67][info ][gc,cpu      ] GC(39) User=0.01s Sys=0.00s Real=0.01s
[2026-03-28T12:35:39.412+0000][67][info ][safepoint   ] Safepoint "G1PauseCleanup", Time since last: 51179268 ns, Reaching safepoint: 22817 ns, Cleanup: 93795 ns, At safepoint: 2881528 ns, Total: 2998140 ns
[2026-03-28T12:35:39.413+0000][67][info ][gc,marking  ] GC(39) Concurrent Clear Claimed Marks
[2026-03-28T12:35:39.414+0000][67][info ][gc,marking  ] GC(39) Concurrent Clear Claimed Marks 1.086ms
[2026-03-28T12:35:39.415+0000][67][info ][gc,marking  ] GC(39) Concurrent Cleanup for Next Mark
[2026-03-28T12:35:39.416+0000][67][info ][gc,marking  ] GC(39) Concurrent Cleanup for Next Mark 1.751ms
[2026-03-28T12:35:39.417+0000][67][info ][gc          ] GC(39) Concurrent Mark Cycle 545.894ms
[2026-03-28T12:35:40.616+0000][67][info ][safepoint   ] Safepoint "Cleanup", Time since last: 1203742356 ns, Reaching safepoint: 27849 ns, Cleanup: 17757 ns, At safepoint: 5384 ns, Total: 50990 ns
[2026-03-28T12:35:41.739+0000][67][info ][safepoint   ] Safepoint "Cleanup", Time since last: 1122646968 ns, Reaching safepoint: 73805 ns, Cleanup: 27329 ns, At safepoint: 11980 ns, Total: 113114 ns
[2026-03-28T12:35:42.853+0000][67][info ][safepoint   ] Safepoint "Cleanup", Time since last: 1114754554 ns, Reaching safepoint: 14860 ns, Cleanup: 15148 ns, At safepoint: 6771 ns, Total: 36779 ns
[2026-03-28T12:35:48.681+0000][67][info ][safepoint   ] Safepoint "Cleanup", Time since last: 5827376915 ns, Reaching safepoint: 15312 ns, Cleanup: 17796 ns, At safepoint: 6118 ns, Total: 39226 ns
[2026-03-28T12:35:53.064+0000][67][info ][safepoint   ] Safepoint "Cleanup", Time since last: 4382897731 ns, Reaching safepoint: 66936 ns, Cleanup: 19907 ns, At safepoint: 6681 ns, Total: 93524 ns
[2026-03-28T12:35:57.179+0000][67][info ][safepoint   ] Safepoint "Cleanup", Time since last: 4116873930 ns, Reaching safepoint: 66198 ns, Cleanup: 24265 ns, At safepoint: 10556 ns, Total: 101019 ns
[2026-03-28T12:35:58.222+0000][67][info ][safepoint   ] Safepoint "Cleanup", Time since last: 1043098576 ns, Reaching safepoint: 39012 ns, Cleanup: 26912 ns, At safepoint: 9074 ns, Total: 74998 ns
[2026-03-28T12:35:59.672+0000][67][info ][safepoint   ] Safepoint "Cleanup", Time since last: 1450093743 ns, Reaching safepoint: 7645 ns, Cleanup: 9924 ns, At safepoint: 3630 ns, Total: 21199 ns
[2026-03-28T12:36:02.825+0000][67][info ][safepoint   ] Safepoint "Cleanup", Time since last: 3152413469 ns, Reaching safepoint: 62816 ns, Cleanup: 22841 ns, At safepoint: 11080 ns, Total: 96737 ns
[2026-03-28T12:36:06.872+0000][67][info ][safepoint   ] Safepoint "Cleanup", Time since last: 4047240106 ns, Reaching safepoint: 147191 ns, Cleanup: 31007 ns, At safepoint: 38461 ns, Total: 216659 ns
[2026-03-28T12:36:11.701+0000][67][info ][safepoint   ] Safepoint "Cleanup", Time since last: 4828676660 ns, Reaching safepoint: 15792 ns, Cleanup: 17833 ns, At safepoint: 9115 ns, Total: 42740 ns
[2026-03-28T12:36:24.000+0000][67][info ][safepoint   ] Safepoint "Cleanup", Time since last: 12300555798 ns, Reaching safepoint: 5863 ns, Cleanup: 5951 ns, At safepoint: 2874 ns, Total: 14688 ns
[2026-03-28T12:36:25.000+0000][67][info ][safepoint   ] Safepoint "Cleanup", Time since last: 1000089528 ns, Reaching safepoint: 8268 ns, Cleanup: 16067 ns, At safepoint: 24592 ns, Total: 48927 ns
[2026-03-28T12:36:26.003+0000][67][info ][safepoint   ] Safepoint "Cleanup", Time since last: 1002661299 ns, Reaching safepoint: 246955 ns, Cleanup: 289104 ns, At safepoint: 30024 ns, Total: 566083 ns
[2026-03-28T12:36:27.012+0000][67][info ][safepoint   ] Safepoint "Cleanup", Time since last: 1008299849 ns, Reaching safepoint: 244622 ns, Cleanup: 84796 ns, At safepoint: 258236 ns, Total: 587654 ns
[2026-03-28T12:36:31.060+0000][67][info ][safepoint   ] Safepoint "Cleanup", Time since last: 4047399203 ns, Reaching safepoint: 57965 ns, Cleanup: 24655 ns, At safepoint: 9371 ns, Total: 91991 ns
[2026-03-28T12:36:33.069+0000][67][info ][safepoint   ] Safepoint "Cleanup", Time since last: 2009315996 ns, Reaching safepoint: 11952 ns, Cleanup: 12340 ns, At safepoint: 32252 ns, Total: 56544 ns
[2026-03-28T12:36:35.675+0000][67][info ][safepoint   ] Safepoint "Cleanup", Time since last: 2605816082 ns, Reaching safepoint: 11387 ns, Cleanup: 10896 ns, At safepoint: 28821 ns, Total: 51104 ns
[2026-03-28T12:36:37.118+0000][67][info ][safepoint   ] Safepoint "Cleanup", Time since last: 1443356730 ns, Reaching safepoint: 24428 ns, Cleanup: 40386 ns, At safepoint: 48617 ns, Total: 113431 ns
[2026-03-28T12:36:41.138+0000][67][info ][safepoint   ] Safepoint "Cleanup", Time since last: 4019848323 ns, Reaching safepoint: 139240 ns, Cleanup: 45353 ns, At safepoint: 17154 ns, Total: 201747 ns
[2026-03-28T12:36:42.144+0000][67][info ][safepoint   ] Safepoint "Cleanup", Time since last: 1005557862 ns, Reaching safepoint: 26311 ns, Cleanup: 24687 ns, At safepoint: 89720 ns, Total: 140718 ns
[2026-03-28T12:36:46.136+0000][67][info ][safepoint   ] Safepoint "Cleanup", Time since last: 3992140436 ns, Reaching safepoint: 66877 ns, Cleanup: 27876 ns, At safepoint: 12111 ns, Total: 106864 ns
[2026-03-28T12:36:48.051+0000][67][info ][gc,start    ] GC(40) Pause Young (Prepare Mixed) (G1 Evacuation Pause)
[2026-03-28T12:36:48.052+0000][67][info ][gc,task     ] GC(40) Using 10 workers of 10 for evacuation
[2026-03-28T12:36:48.052+0000][67][debug][gc,age      ] GC(40) Desired survivor size 20971520 bytes, new threshold 15 (max threshold 15)
[2026-03-28T12:36:48.082+0000][67][info ][gc,phases   ] GC(40)   Pre Evacuate Collection Set: 0.7ms
[2026-03-28T12:36:48.082+0000][67][info ][gc,phases   ] GC(40)   Merge Heap Roots: 0.3ms
[2026-03-28T12:36:48.083+0000][67][info ][gc,phases   ] GC(40)   Evacuate Collection Set: 25.6ms
[2026-03-28T12:36:48.084+0000][67][info ][gc,phases   ] GC(40)   Post Evacuate Collection Set: 2.3ms
[2026-03-28T12:36:48.085+0000][67][info ][gc,phases   ] GC(40)   Other: 1.0ms
[2026-03-28T12:36:48.085+0000][67][trace][gc,age      ] GC(40) Age table with threshold 15 (max threshold 15)
[2026-03-28T12:36:48.086+0000][67][trace][gc,age      ] GC(40) - age   1:    2330200 bytes,    2330200 total
[2026-03-28T12:36:48.086+0000][67][trace][gc,age      ] GC(40) - age   2:      25744 bytes,    2355944 total
[2026-03-28T12:36:48.087+0000][67][trace][gc,age      ] GC(40) - age   3:     195744 bytes,    2551688 total
[2026-03-28T12:36:48.087+0000][67][trace][gc,age      ] GC(40) - age   4:     419216 bytes,    2970904 total
[2026-03-28T12:36:48.088+0000][67][trace][gc,age      ] GC(40) - age   5:      96976 bytes,    3067880 total
[2026-03-28T12:36:48.089+0000][67][trace][gc,age      ] GC(40) - age   6:      81952 bytes,    3149832 total
[2026-03-28T12:36:48.090+0000][67][trace][gc,age      ] GC(40) - age   7:      43568 bytes,    3193400 total
[2026-03-28T12:36:48.091+0000][67][trace][gc,age      ] GC(40) - age   8:    1058984 bytes,    4252384 total
[2026-03-28T12:36:48.091+0000][67][trace][gc,age      ] GC(40) - age   9:     170040 bytes,    4422424 total
[2026-03-28T12:36:48.092+0000][67][trace][gc,age      ] GC(40) - age  10:     100496 bytes,    4522920 total
[2026-03-28T12:36:48.093+0000][67][trace][gc,age      ] GC(40) - age  11:     480408 bytes,    5003328 total
[2026-03-28T12:36:48.093+0000][67][trace][gc,age      ] GC(40) - age  12:    1711672 bytes,    6715000 total
[2026-03-28T12:36:48.094+0000][67][trace][gc,age      ] GC(40) - age  13:      79920 bytes,    6794920 total
[2026-03-28T12:36:48.094+0000][67][trace][gc,age      ] GC(40) - age  14:     713408 bytes,    7508328 total
[2026-03-28T12:36:48.095+0000][67][trace][gc,age      ] GC(40) - age  15:      42512 bytes,    7550840 total
[2026-03-28T12:36:48.096+0000][67][info ][gc,heap     ] GC(40) Eden regions: 73->0(73)
[2026-03-28T12:36:48.097+0000][67][info ][gc,heap     ] GC(40) Survivor regions: 3->3(10)
[2026-03-28T12:36:48.098+0000][67][info ][gc,heap     ] GC(40) Old regions: 25->26
[2026-03-28T12:36:48.099+0000][67][info ][gc,heap     ] GC(40) Humongous regions: 0->0
[2026-03-28T12:36:48.100+0000][67][info ][gc,metaspace] GC(40) Metaspace: 146193K(151808K)->146193K(151808K) NonClass: 126797K(129984K)->126797K(129984K) Class: 19396K(21824K)->19396K(21824K)
[2026-03-28T12:36:48.101+0000][67][info ][gc          ] GC(40) Pause Young (Prepare Mixed) (G1 Evacuation Pause) 399M->108M(512M) 50.571ms
[2026-03-28T12:36:48.102+0000][67][info ][gc,cpu      ] GC(40) User=0.08s Sys=0.01s Real=0.05s
[2026-03-28T12:36:48.103+0000][67][info ][safepoint   ] Safepoint "G1CollectForAllocation", Time since last: 1914376516 ns, Reaching safepoint: 18647 ns, Cleanup: 13392 ns, At safepoint: 52416872 ns, Total: 52448911 ns
[2026-03-28T12:36:49.487+0000][67][info ][safepoint   ] Safepoint "Cleanup", Time since last: 1383719957 ns, Reaching safepoint: 20790 ns, Cleanup: 23991 ns, At safepoint: 5322 ns, Total: 50103 ns
[2026-03-28T12:36:50.488+0000][67][info ][safepoint   ] Safepoint "Cleanup", Time since last: 1001164959 ns, Reaching safepoint: 21352 ns, Cleanup: 17201 ns, At safepoint: 5822 ns, Total: 44375 ns
[2026-03-28T12:36:51.490+0000][67][info ][safepoint   ] Safepoint "Cleanup", Time since last: 1001471271 ns, Reaching safepoint: 302954 ns, Cleanup: 150737 ns, At safepoint: 71451 ns, Total: 525142 ns
[2026-03-28T12:36:52.647+0000][67][info ][safepoint   ] Safepoint "Cleanup", Time since last: 1156923463 ns, Reaching safepoint: 133034 ns, Cleanup: 25549 ns, At safepoint: 16422 ns, Total: 175005 ns
[2026-03-28T12:36:54.209+0000][67][info ][safepoint   ] Safepoint "Cleanup", Time since last: 1564184943 ns, Reaching safepoint: 16203 ns, Cleanup: 18028 ns, At safepoint: 8399 ns, Total: 42630 ns
[2026-03-28T12:36:55.222+0000][67][info ][safepoint   ] Safepoint "Cleanup", Time since last: 1013781352 ns, Reaching safepoint: 35670 ns, Cleanup: 26060 ns, At safepoint: 9823 ns, Total: 71553 ns
[2026-03-28T12:36:56.225+0000][67][info ][safepoint   ] Safepoint "Cleanup", Time since last: 1002072021 ns, Reaching safepoint: 179951 ns, Cleanup: 453224 ns, At safepoint: 145844 ns, Total: 779019 ns
[2026-03-28T12:36:57.769+0000][67][info ][safepoint   ] Safepoint "Cleanup", Time since last: 1543428175 ns, Reaching safepoint: 47537 ns, Cleanup: 40313 ns, At safepoint: 11448 ns, Total: 99298 ns
[2026-03-28T12:36:58.770+0000][67][info ][safepoint   ] Safepoint "Cleanup", Time since last: 1001612671 ns, Reaching safepoint: 38551 ns, Cleanup: 27907 ns, At safepoint: 10346 ns, Total: 76804 ns
[2026-03-28T12:36:59.773+0000][67][info ][safepoint   ] Safepoint "Cleanup", Time since last: 1002174436 ns, Reaching safepoint: 5469 ns, Cleanup: 6908 ns, At safepoint: 2767 ns, Total: 15144 ns
[2026-03-28T12:37:01.253+0000][67][info ][safepoint   ] Safepoint "Cleanup", Time since last: 1480144291 ns, Reaching safepoint: 61806 ns, Cleanup: 41956 ns, At safepoint: 13724 ns, Total: 117486 ns
[2026-03-28T12:37:16.323+0000][67][info ][safepoint   ] Safepoint "Cleanup", Time since last: 15069438387 ns, Reaching safepoint: 79654 ns, Cleanup: 52474 ns, At safepoint: 15165 ns, Total: 147293 ns
[2026-03-28T12:37:21.353+0000][67][info ][safepoint   ] Safepoint "Cleanup", Time since last: 5030428767 ns, Reaching safepoint: 276224 ns, Cleanup: 74866 ns, At safepoint: 20510 ns, Total: 371600 ns
[2026-03-28T12:37:23.390+0000][67][info ][safepoint   ] Safepoint "Cleanup", Time since last: 2036792967 ns, Reaching safepoint: 59236 ns, Cleanup: 19837 ns, At safepoint: 6128 ns, Total: 85201 ns
[2026-03-28T12:37:25.376+0000][67][info ][safepoint   ] Safepoint "Cleanup", Time since last: 1986021108 ns, Reaching safepoint: 156506 ns, Cleanup: 17341 ns, At safepoint: 56863 ns, Total: 230710 ns
[2026-03-28T12:37:26.377+0000][67][info ][safepoint   ] Safepoint "Cleanup", Time since last: 1001419834 ns, Reaching safepoint: 46374 ns, Cleanup: 51483 ns, At safepoint: 11236 ns, Total: 109093 ns
[2026-03-28T12:37:27.379+0000][67][info ][safepoint   ] Safepoint "Cleanup", Time since last: 1001330791 ns, Reaching safepoint: 24899 ns, Cleanup: 19059 ns, At safepoint: 6427 ns, Total: 50385 ns
[2026-03-28T12:37:28.380+0000][67][info ][safepoint   ] Safepoint "Cleanup", Time since last: 1001128268 ns, Reaching safepoint: 240805 ns, Cleanup: 24950 ns, At safepoint: 9593 ns, Total: 275348 ns
[2026-03-28T12:37:29.686+0000][67][info ][safepoint   ] Safepoint "Cleanup", Time since last: 1306419263 ns, Reaching safepoint: 8509 ns, Cleanup: 12415 ns, At safepoint: 4129 ns, Total: 25053 ns
[2026-03-28T12:37:31.413+0000][67][info ][safepoint   ] Safepoint "Cleanup", Time since last: 1726370466 ns, Reaching safepoint: 49849 ns, Cleanup: 34631 ns, At safepoint: 11872 ns, Total: 96352 ns
[2026-03-28T12:37:35.682+0000][67][info ][safepoint   ] Safepoint "Cleanup", Time since last: 4268680679 ns, Reaching safepoint: 6921 ns, Cleanup: 10189 ns, At safepoint: 2775 ns, Total: 19885 ns
[2026-03-28T12:37:37.441+0000][67][info ][safepoint   ] Safepoint "Cleanup", Time since last: 1759566708 ns, Reaching safepoint: 39010 ns, Cleanup: 29369 ns, At safepoint: 10049 ns, Total: 78428 ns
[2026-03-28T12:37:41.444+0000][67][info ][safepoint   ] Safepoint "Cleanup", Time since last: 4002742719 ns, Reaching safepoint: 91881 ns, Cleanup: 122944 ns, At safepoint: 23329 ns, Total: 238154 ns
[2026-03-28T12:37:42.496+0000][67][info ][safepoint   ] Safepoint "Cleanup", Time since last: 1051543536 ns, Reaching safepoint: 14239 ns, Cleanup: 23315 ns, At safepoint: 6231 ns, Total: 43785 ns
[2026-03-28T12:37:44.493+0000][67][info ][safepoint   ] Safepoint "Cleanup", Time since last: 1997503630 ns, Reaching safepoint: 36604 ns, Cleanup: 16124 ns, At safepoint: 4682 ns, Total: 57410 ns
[2026-03-28T12:37:51.509+0000][67][info ][safepoint   ] Safepoint "Cleanup", Time since last: 7015271156 ns, Reaching safepoint: 422597 ns, Cleanup: 74776 ns, At safepoint: 37120 ns, Total: 534493 ns
[2026-03-28T12:37:52.523+0000][67][info ][safepoint   ] Safepoint "Cleanup", Time since last: 1013642359 ns, Reaching safepoint: 45064 ns, Cleanup: 28212 ns, At safepoint: 83371 ns, Total: 156647 ns
[2026-03-28T12:37:53.573+0000][67][info ][safepoint   ] Safepoint "Cleanup", Time since last: 1052868930 ns, Reaching safepoint: 123961 ns, Cleanup: 23627 ns, At safepoint: 14176 ns, Total: 161764 ns
[2026-03-28T12:37:59.680+0000][67][info ][safepoint   ] Safepoint "Cleanup", Time since last: 6106429658 ns, Reaching safepoint: 11732 ns, Cleanup: 8413 ns, At safepoint: 3857 ns, Total: 24002 ns
[2026-03-28T12:38:01.562+0000][67][info ][safepoint   ] Safepoint "Cleanup", Time since last: 1882397270 ns, Reaching safepoint: 34697 ns, Cleanup: 27715 ns, At safepoint: 7938 ns, Total: 70350 ns
[2026-03-28T12:38:05.676+0000][67][info ][safepoint   ] Safepoint "Cleanup", Time since last: 4113709949 ns, Reaching safepoint: 12775 ns, Cleanup: 11220 ns, At safepoint: 6829 ns, Total: 30824 ns
[2026-03-28T12:38:12.649+0000][67][info ][safepoint   ] Safepoint "Cleanup", Time since last: 6973178156 ns, Reaching safepoint: 18427 ns, Cleanup: 26645 ns, At safepoint: 9548 ns, Total: 54620 ns
[2026-03-28T12:38:13.650+0000][67][info ][safepoint   ] Safepoint "Cleanup", Time since last: 1000656888 ns, Reaching safepoint: 10055 ns, Cleanup: 11521 ns, At safepoint: 9928 ns, Total: 31504 ns
[2026-03-28T12:38:19.677+0000][67][info ][safepoint   ] Safepoint "Cleanup", Time since last: 6027455205 ns, Reaching safepoint: 32595 ns, Cleanup: 28055 ns, At safepoint: 8463 ns, Total: 69113 ns
[2026-03-28T12:38:20.678+0000][67][info ][safepoint   ] Safepoint "Cleanup", Time since last: 1000944325 ns, Reaching safepoint: 22079 ns, Cleanup: 10433 ns, At safepoint: 5488 ns, Total: 38000 ns
[2026-03-28T12:38:23.677+0000][67][info ][safepoint   ] Safepoint "Cleanup", Time since last: 2999982585 ns, Reaching safepoint: 7372 ns, Cleanup: 7475 ns, At safepoint: 2699 ns, Total: 17546 ns
[2026-03-28T12:38:23.679+0000][67][info ][gc,start    ] GC(41) Pause Young (Mixed) (G1 Evacuation Pause)
[2026-03-28T12:38:23.680+0000][67][info ][gc,task     ] GC(41) Using 10 workers of 10 for evacuation
[2026-03-28T12:38:23.681+0000][67][debug][gc,age      ] GC(41) Desired survivor size 20971520 bytes, new threshold 15 (max threshold 15)
[2026-03-28T12:38:23.717+0000][67][info ][gc,phases   ] GC(41)   Pre Evacuate Collection Set: 0.9ms
[2026-03-28T12:38:23.718+0000][67][info ][gc,phases   ] GC(41)   Merge Heap Roots: 0.8ms
[2026-03-28T12:38:23.719+0000][67][info ][gc,phases   ] GC(41)   Evacuate Collection Set: 31.5ms
[2026-03-28T12:38:23.719+0000][67][info ][gc,phases   ] GC(41)   Post Evacuate Collection Set: 2.3ms
[2026-03-28T12:38:23.720+0000][67][info ][gc,phases   ] GC(41)   Other: 1.4ms
[2026-03-28T12:38:23.720+0000][67][trace][gc,age      ] GC(41) Age table with threshold 15 (max threshold 15)
[2026-03-28T12:38:23.721+0000][67][trace][gc,age      ] GC(41) - age   1:    2039704 bytes,    2039704 total
[2026-03-28T12:38:23.722+0000][67][trace][gc,age      ] GC(41) - age   2:     495712 bytes,    2535416 total
[2026-03-28T12:38:23.722+0000][67][trace][gc,age      ] GC(41) - age   3:      19776 bytes,    2555192 total
[2026-03-28T12:38:23.723+0000][67][trace][gc,age      ] GC(41) - age   4:      22672 bytes,    2577864 total
[2026-03-28T12:38:23.724+0000][67][trace][gc,age      ] GC(41) - age   5:     343552 bytes,    2921416 total
[2026-03-28T12:38:23.725+0000][67][trace][gc,age      ] GC(41) - age   6:      93448 bytes,    3014864 total
[2026-03-28T12:38:23.726+0000][67][trace][gc,age      ] GC(41) - age   7:      77720 bytes,    3092584 total
[2026-03-28T12:38:23.727+0000][67][trace][gc,age      ] GC(41) - age   8:      43568 bytes,    3136152 total
[2026-03-28T12:38:23.728+0000][67][trace][gc,age      ] GC(41) - age   9:    1058984 bytes,    4195136 total
[2026-03-28T12:38:23.729+0000][67][trace][gc,age      ] GC(41) - age  10:     170040 bytes,    4365176 total
[2026-03-28T12:38:23.729+0000][67][trace][gc,age      ] GC(41) - age  11:     100496 bytes,    4465672 total
[2026-03-28T12:38:23.730+0000][67][trace][gc,age      ] GC(41) - age  12:     480408 bytes,    4946080 total
[2026-03-28T12:38:23.731+0000][67][trace][gc,age      ] GC(41) - age  13:    1711672 bytes,    6657752 total
[2026-03-28T12:38:23.731+0000][67][trace][gc,age      ] GC(41) - age  14:      79920 bytes,    6737672 total
[2026-03-28T12:38:23.732+0000][67][trace][gc,age      ] GC(41) - age  15:     713408 bytes,    7451080 total
[2026-03-28T12:38:23.732+0000][67][info ][gc,heap     ] GC(41) Eden regions: 73->0(74)
[2026-03-28T12:38:23.733+0000][67][info ][gc,heap     ] GC(41) Survivor regions: 3->2(10)
[2026-03-28T12:38:23.734+0000][67][info ][gc,heap     ] GC(41) Old regions: 26->25
[2026-03-28T12:38:23.734+0000][67][info ][gc,heap     ] GC(41) Humongous regions: 0->0
[2026-03-28T12:38:23.735+0000][67][info ][gc,metaspace] GC(41) Metaspace: 146259K(151808K)->146259K(151808K) NonClass: 126862K(129984K)->126862K(129984K) Class: 19396K(21824K)->19396K(21824K)
[2026-03-28T12:38:23.735+0000][67][info ][gc          ] GC(41) Pause Young (Mixed) (G1 Evacuation Pause) 400M->107M(512M) 56.058ms
[2026-03-28T12:38:23.736+0000][67][info ][gc,cpu      ] GC(41) User=0.17s Sys=0.01s Real=0.06s
[2026-03-28T12:38:23.736+0000][67][info ][safepoint   ] Safepoint "G1CollectForAllocation", Time since last: 2029285 ns, Reaching safepoint: 7651 ns, Cleanup: 2178 ns, At safepoint: 57154792 ns, Total: 57164621 ns
[2026-03-28T12:38:24.740+0000][67][info ][safepoint   ] Safepoint "Cleanup", Time since last: 1003443752 ns, Reaching safepoint: 21993 ns, Cleanup: 21948 ns, At safepoint: 8370 ns, Total: 52311 ns
[2026-03-28T12:38:29.683+0000][67][info ][safepoint   ] Safepoint "Cleanup", Time since last: 4943454412 ns, Reaching safepoint: 18728 ns, Cleanup: 14676 ns, At safepoint: 46750 ns, Total: 80154 ns
[2026-03-28T12:38:30.700+0000][67][info ][safepoint   ] Safepoint "Cleanup", Time since last: 1016675444 ns, Reaching safepoint: 17345 ns, Cleanup: 15151 ns, At safepoint: 4243 ns, Total: 36739 ns
[2026-03-28T12:38:35.796+0000][67][info ][safepoint   ] Safepoint "Cleanup", Time since last: 5095850925 ns, Reaching safepoint: 12896 ns, Cleanup: 14248 ns, At safepoint: 6460 ns, Total: 33604 ns
[2026-03-28T12:38:36.871+0000][67][info ][safepoint   ] Safepoint "Cleanup", Time since last: 1074871629 ns, Reaching safepoint: 19476 ns, Cleanup: 18380 ns, At safepoint: 7139 ns, Total: 44995 ns
[2026-03-28T12:38:44.950+0000][67][info ][safepoint   ] Safepoint "Cleanup", Time since last: 8078977177 ns, Reaching safepoint: 45532 ns, Cleanup: 47971 ns, At safepoint: 11783 ns, Total: 105286 ns
[2026-03-28T12:38:47.681+0000][67][info ][safepoint   ] Safepoint "Cleanup", Time since last: 2730943433 ns, Reaching safepoint: 7926 ns, Cleanup: 7333 ns, At safepoint: 3403 ns, Total: 18662 ns
[2026-03-28T12:38:55.986+0000][67][info ][safepoint   ] Safepoint "Cleanup", Time since last: 8307988928 ns, Reaching safepoint: 110611 ns, Cleanup: 57064 ns, At safepoint: 13140 ns, Total: 180815 ns
[2026-03-28T12:38:56.988+0000][67][info ][safepoint   ] Safepoint "Cleanup", Time since last: 1001541791 ns, Reaching safepoint: 66198 ns, Cleanup: 25568 ns, At safepoint: 12207 ns, Total: 103973 ns
[2026-03-28T12:38:59.690+0000][67][info ][safepoint   ] Safepoint "Cleanup", Time since last: 2702188506 ns, Reaching safepoint: 14837 ns, Cleanup: 19324 ns, At safepoint: 41128 ns, Total: 75289 ns
[2026-03-28T12:39:01.029+0000][67][info ][safepoint   ] Safepoint "Cleanup", Time since last: 1339226627 ns, Reaching safepoint: 73531 ns, Cleanup: 34954 ns, At safepoint: 12551 ns, Total: 121036 ns
[2026-03-28T12:39:02.030+0000][67][info ][safepoint   ] Safepoint "Cleanup", Time since last: 1000811204 ns, Reaching safepoint: 91142 ns, Cleanup: 39149 ns, At safepoint: 164572 ns, Total: 294863 ns
[2026-03-28T12:39:11.075+0000][67][info ][safepoint   ] Safepoint "Cleanup", Time since last: 9043921926 ns, Reaching safepoint: 268247 ns, Cleanup: 25976 ns, At safepoint: 78484 ns, Total: 372707 ns
[2026-03-28T12:39:16.112+0000][67][info ][safepoint   ] Safepoint "Cleanup", Time since last: 5037819975 ns, Reaching safepoint: 65776 ns, Cleanup: 25018 ns, At safepoint: 10432 ns, Total: 101226 ns
[2026-03-28T12:39:17.696+0000][67][info ][safepoint   ] Safepoint "Cleanup", Time since last: 1583802989 ns, Reaching safepoint: 9310 ns, Cleanup: 8105 ns, At safepoint: 6339 ns, Total: 23754 ns
[2026-03-28T12:39:21.145+0000][67][info ][safepoint   ] Safepoint "Cleanup", Time since last: 3448461495 ns, Reaching safepoint: 159879 ns, Cleanup: 60520 ns, At safepoint: 28339 ns, Total: 248738 ns
[2026-03-28T12:39:24.157+0000][67][info ][safepoint   ] Safepoint "Cleanup", Time since last: 3013145341 ns, Reaching safepoint: 17444 ns, Cleanup: 22562 ns, At safepoint: 8113 ns, Total: 48119 ns
[2026-03-28T12:39:26.169+0000][67][info ][safepoint   ] Safepoint "Cleanup", Time since last: 2011528140 ns, Reaching safepoint: 100151 ns, Cleanup: 64779 ns, At safepoint: 14856 ns, Total: 179786 ns
[2026-03-28T12:39:27.171+0000][67][info ][safepoint   ] Safepoint "Cleanup", Time since last: 1001898500 ns, Reaching safepoint: 29765 ns, Cleanup: 20982 ns, At safepoint: 7872 ns, Total: 58619 ns
[2026-03-28T12:39:28.172+0000][67][info ][safepoint   ] Safepoint "Cleanup", Time since last: 1001233166 ns, Reaching safepoint: 30519 ns, Cleanup: 29848 ns, At safepoint: 8756 ns, Total: 69123 ns
[2026-03-28T12:39:29.704+0000][67][info ][safepoint   ] Safepoint "Cleanup", Time since last: 1531754650 ns, Reaching safepoint: 9733 ns, Cleanup: 13244 ns, At safepoint: 42247 ns, Total: 65224 ns
[2026-03-28T12:39:31.219+0000][67][info ][safepoint   ] Safepoint "Cleanup", Time since last: 1515219842 ns, Reaching safepoint: 23330 ns, Cleanup: 30008 ns, At safepoint: 9756 ns, Total: 63094 ns
[2026-03-28T12:39:35.697+0000][67][info ][safepoint   ] Safepoint "Cleanup", Time since last: 4477330637 ns, Reaching safepoint: 34668 ns, Cleanup: 20746 ns, At safepoint: 64873 ns, Total: 120287 ns
[2026-03-28T12:39:37.271+0000][67][info ][safepoint   ] Safepoint "Cleanup", Time since last: 1573867023 ns, Reaching safepoint: 24131 ns, Cleanup: 25394 ns, At safepoint: 6690 ns, Total: 56215 ns
[2026-03-28T12:39:42.003+0000][67][info ][safepoint   ] Safepoint "Cleanup", Time since last: 4731889725 ns, Reaching safepoint: 120827 ns, Cleanup: 30816 ns, At safepoint: 27613 ns, Total: 179256 ns
[2026-03-28T12:39:43.312+0000][67][info ][safepoint   ] Safepoint "Cleanup", Time since last: 1308880601 ns, Reaching safepoint: 25095 ns, Cleanup: 19939 ns, At safepoint: 7105 ns, Total: 52139 ns
[2026-03-28T12:39:46.358+0000][67][info ][safepoint   ] Safepoint "Cleanup", Time since last: 3046167269 ns, Reaching safepoint: 35511 ns, Cleanup: 26540 ns, At safepoint: 9679 ns, Total: 71730 ns
[2026-03-28T12:39:51.599+0000][67][info ][safepoint   ] Safepoint "Cleanup", Time since last: 5241240052 ns, Reaching safepoint: 41642 ns, Cleanup: 30565 ns, At safepoint: 10355 ns, Total: 82562 ns
[2026-03-28T12:39:54.338+0000][67][info ][safepoint   ] Safepoint "Cleanup", Time since last: 2741744829 ns, Reaching safepoint: 51256 ns, Cleanup: 40489 ns, At safepoint: 60831 ns, Total: 152576 ns
[2026-03-28T12:39:56.592+0000][67][info ][gc,start    ] GC(42) Pause Young (Concurrent Start) (G1 Evacuation Pause)
[2026-03-28T12:39:56.593+0000][67][info ][gc,task     ] GC(42) Using 10 workers of 10 for evacuation
[2026-03-28T12:39:56.593+0000][67][debug][gc,age      ] GC(42) Desired survivor size 20971520 bytes, new threshold 15 (max threshold 15)
[2026-03-28T12:39:56.616+0000][67][info ][gc,phases   ] GC(42)   Pre Evacuate Collection Set: 0.8ms
[2026-03-28T12:39:56.617+0000][67][info ][gc,phases   ] GC(42)   Merge Heap Roots: 0.2ms
[2026-03-28T12:39:56.617+0000][67][info ][gc,phases   ] GC(42)   Evacuate Collection Set: 19.6ms
[2026-03-28T12:39:56.618+0000][67][info ][gc,phases   ] GC(42)   Post Evacuate Collection Set: 2.0ms
[2026-03-28T12:39:56.618+0000][67][info ][gc,phases   ] GC(42)   Other: 1.1ms
[2026-03-28T12:39:56.619+0000][67][trace][gc,age      ] GC(42) Age table with threshold 15 (max threshold 15)
[2026-03-28T12:39:56.619+0000][67][trace][gc,age      ] GC(42) - age   1:    1630000 bytes,    1630000 total
[2026-03-28T12:39:56.620+0000][67][trace][gc,age      ] GC(42) - age   2:     426136 bytes,    2056136 total
[2026-03-28T12:39:56.620+0000][67][trace][gc,age      ] GC(42) - age   3:      18024 bytes,    2074160 total
[2026-03-28T12:39:56.621+0000][67][trace][gc,age      ] GC(42) - age   4:      15888 bytes,    2090048 total
[2026-03-28T12:39:56.621+0000][67][trace][gc,age      ] GC(42) - age   5:      19872 bytes,    2109920 total
[2026-03-28T12:39:56.622+0000][67][trace][gc,age      ] GC(42) - age   6:     343488 bytes,    2453408 total
[2026-03-28T12:39:56.622+0000][67][trace][gc,age      ] GC(42) - age   7:      93448 bytes,    2546856 total
[2026-03-28T12:39:56.623+0000][67][trace][gc,age      ] GC(42) - age   8:      71848 bytes,    2618704 total
[2026-03-28T12:39:56.623+0000][67][trace][gc,age      ] GC(42) - age   9:      43568 bytes,    2662272 total
[2026-03-28T12:39:56.624+0000][67][trace][gc,age      ] GC(42) - age  10:    1026768 bytes,    3689040 total
[2026-03-28T12:39:56.624+0000][67][trace][gc,age      ] GC(42) - age  11:     170040 bytes,    3859080 total
[2026-03-28T12:39:56.625+0000][67][trace][gc,age      ] GC(42) - age  12:     100496 bytes,    3959576 total
[2026-03-28T12:39:56.625+0000][67][trace][gc,age      ] GC(42) - age  13:     480408 bytes,    4439984 total
[2026-03-28T12:39:56.625+0000][67][trace][gc,age      ] GC(42) - age  14:    1711384 bytes,    6151368 total
[2026-03-28T12:39:56.626+0000][67][trace][gc,age      ] GC(42) - age  15:      79920 bytes,    6231288 total
[2026-03-28T12:39:56.626+0000][67][info ][gc,heap     ] GC(42) Eden regions: 74->0(74)
[2026-03-28T12:39:56.626+0000][67][info ][gc,heap     ] GC(42) Survivor regions: 2->2(10)
[2026-03-28T12:39:56.627+0000][67][info ][gc,heap     ] GC(42) Old regions: 25->26
[2026-03-28T12:39:56.627+0000][67][info ][gc,heap     ] GC(42) Humongous regions: 0->0
[2026-03-28T12:39:56.627+0000][67][info ][gc,metaspace] GC(42) Metaspace: 146313K(151872K)->146313K(151872K) NonClass: 126916K(130048K)->126916K(130048K) Class: 19396K(21824K)->19396K(21824K)
[2026-03-28T12:39:56.628+0000][67][info ][gc          ] GC(42) Pause Young (Concurrent Start) (G1 Evacuation Pause) 403M->107M(512M) 35.590ms
[2026-03-28T12:39:56.628+0000][67][info ][gc          ] GC(43) Concurrent Mark Cycle
[2026-03-28T12:39:56.629+0000][67][info ][gc,marking  ] GC(43) Concurrent Scan Root Regions
[2026-03-28T12:39:56.628+0000][67][info ][gc,cpu      ] GC(42) User=0.08s Sys=0.01s Real=0.04s
[2026-03-28T12:39:56.630+0000][67][info ][safepoint   ] Safepoint "G1CollectForAllocation", Time since last: 2253691991 ns, Reaching safepoint: 29874 ns, Cleanup: 5280 ns, At safepoint: 37714818 ns, Total: 37749972 ns
[2026-03-28T12:39:56.636+0000][67][info ][gc,marking  ] GC(43) Concurrent Scan Root Regions 7.242ms
[2026-03-28T12:39:56.637+0000][67][info ][gc,marking  ] GC(43) Concurrent Mark
[2026-03-28T12:39:56.637+0000][67][info ][gc,marking  ] GC(43) Concurrent Mark From Roots
[2026-03-28T12:39:56.638+0000][67][info ][gc,task     ] GC(43) Using 3 workers of 3 for marking
[2026-03-28T12:39:56.730+0000][67][info ][gc,marking  ] GC(43) Concurrent Mark From Roots 92.717ms
[2026-03-28T12:39:56.731+0000][67][info ][gc,marking  ] GC(43) Concurrent Preclean
[2026-03-28T12:39:56.732+0000][67][info ][gc,marking  ] GC(43) Concurrent Preclean 1.185ms
[2026-03-28T12:39:56.733+0000][67][info ][gc,start    ] GC(43) Pause Remark
[2026-03-28T12:39:56.775+0000][67][info ][gc          ] GC(43) Pause Remark 111M->111M(512M) 42.483ms
[2026-03-28T12:39:56.776+0000][67][info ][gc,cpu      ] GC(43) User=0.30s Sys=0.00s Real=0.05s
[2026-03-28T12:39:56.777+0000][67][info ][safepoint   ] Safepoint "G1PauseRemark", Time since last: 103192175 ns, Reaching safepoint: 31735 ns, Cleanup: 19652 ns, At safepoint: 44044286 ns, Total: 44095673 ns
[2026-03-28T12:39:56.778+0000][67][info ][gc,marking  ] GC(43) Concurrent Mark 141.155ms
[2026-03-28T12:39:56.779+0000][67][info ][gc,marking  ] GC(43) Concurrent Rebuild Remembered Sets and Scrub Regions
[2026-03-28T12:39:56.829+0000][67][info ][gc,marking  ] GC(43) Concurrent Rebuild Remembered Sets and Scrub Regions 50.397ms
[2026-03-28T12:39:56.830+0000][67][info ][gc,start    ] GC(43) Pause Cleanup
[2026-03-28T12:39:56.832+0000][67][info ][gc          ] GC(43) Pause Cleanup 111M->111M(512M) 1.709ms
[2026-03-28T12:39:56.833+0000][67][info ][gc,cpu      ] GC(43) User=0.01s Sys=0.00s Real=0.01s
[2026-03-28T12:39:56.834+0000][67][info ][safepoint   ] Safepoint "G1PauseCleanup", Time since last: 53330205 ns, Reaching safepoint: 97094 ns, Cleanup: 37839 ns, At safepoint: 3731198 ns, Total: 3866131 ns
[2026-03-28T12:39:56.835+0000][67][info ][gc,marking  ] GC(43) Concurrent Clear Claimed Marks
[2026-03-28T12:39:56.836+0000][67][info ][gc,marking  ] GC(43) Concurrent Clear Claimed Marks 1.248ms
[2026-03-28T12:39:56.837+0000][67][info ][gc,marking  ] GC(43) Concurrent Cleanup for Next Mark
[2026-03-28T12:39:56.840+0000][67][info ][gc,marking  ] GC(43) Concurrent Cleanup for Next Mark 2.412ms
[2026-03-28T12:39:56.841+0000][67][info ][gc          ] GC(43) Concurrent Mark Cycle 212.662ms
[2026-03-28T12:39:58.604+0000][67][info ][safepoint   ] Safepoint "Cleanup", Time since last: 1769256565 ns, Reaching safepoint: 44615 ns, Cleanup: 33957 ns, At safepoint: 12342 ns, Total: 90914 ns
[2026-03-28T12:39:59.707+0000][67][info ][safepoint   ] Safepoint "Cleanup", Time since last: 1103525962 ns, Reaching safepoint: 15899 ns, Cleanup: 11601 ns, At safepoint: 27518 ns, Total: 55018 ns
[2026-03-28T12:40:03.559+0000][67][info ][safepoint   ] Safepoint "Cleanup", Time since last: 3851794395 ns, Reaching safepoint: 32458 ns, Cleanup: 20750 ns, At safepoint: 8090 ns, Total: 61298 ns
[2026-03-28T12:40:05.699+0000][67][info ][safepoint   ] Safepoint "Cleanup", Time since last: 2139941863 ns, Reaching safepoint: 8536 ns, Cleanup: 14882 ns, At safepoint: 4653 ns, Total: 28071 ns
[2026-03-28T12:40:06.717+0000][67][info ][safepoint   ] Safepoint "Cleanup", Time since last: 1017725263 ns, Reaching safepoint: 267433 ns, Cleanup: 178595 ns, At safepoint: 151122 ns, Total: 597150 ns
[2026-03-28T12:40:16.824+0000][67][info ][safepoint   ] Safepoint "Cleanup", Time since last: 10106646744 ns, Reaching safepoint: 151225 ns, Cleanup: 47238 ns, At safepoint: 16542 ns, Total: 215005 ns
[2026-03-28T12:40:17.830+0000][67][info ][safepoint   ] Safepoint "Cleanup", Time since last: 1006057239 ns, Reaching safepoint: 33424 ns, Cleanup: 19496 ns, At safepoint: 35902 ns, Total: 88822 ns
[2026-03-28T12:40:23.688+0000][67][info ][safepoint   ] Safepoint "Cleanup", Time since last: 5859299640 ns, Reaching safepoint: 8967 ns, Cleanup: 9805 ns, At safepoint: 4381 ns, Total: 23153 ns
[2026-03-28T12:40:24.903+0000][67][info ][safepoint   ] Safepoint "Cleanup", Time since last: 1214655940 ns, Reaching safepoint: 21153 ns, Cleanup: 18578 ns, At safepoint: 44832 ns, Total: 84563 ns
[2026-03-28T12:40:25.954+0000][67][info ][safepoint   ] Safepoint "Cleanup", Time since last: 1051229435 ns, Reaching safepoint: 28375 ns, Cleanup: 36317 ns, At safepoint: 295539 ns, Total: 360231 ns
[2026-03-28T12:40:28.023+0000][67][info ][safepoint   ] Safepoint "Cleanup", Time since last: 2068587259 ns, Reaching safepoint: 37510 ns, Cleanup: 24978 ns, At safepoint: 9913 ns, Total: 72401 ns
[2026-03-28T12:40:29.033+0000][67][info ][safepoint   ] Safepoint "Cleanup", Time since last: 1009484409 ns, Reaching safepoint: 157566 ns, Cleanup: 107691 ns, At safepoint: 183311 ns, Total: 448568 ns
[2026-03-28T12:40:30.092+0000][67][info ][safepoint   ] Safepoint "Cleanup", Time since last: 1059509845 ns, Reaching safepoint: 17316 ns, Cleanup: 22673 ns, At safepoint: 7335 ns, Total: 47324 ns
[2026-03-28T12:40:33.174+0000][67][info ][safepoint   ] Safepoint "Cleanup", Time since last: 3081780540 ns, Reaching safepoint: 12002 ns, Cleanup: 8641 ns, At safepoint: 4262 ns, Total: 24905 ns
[2026-03-28T12:40:34.195+0000][67][info ][safepoint   ] Safepoint "Cleanup", Time since last: 1020374998 ns, Reaching safepoint: 8407 ns, Cleanup: 9534 ns, At safepoint: 3287 ns, Total: 21228 ns
[2026-03-28T12:40:36.586+0000][67][info ][safepoint   ] Safepoint "Cleanup", Time since last: 2391429263 ns, Reaching safepoint: 10077 ns, Cleanup: 12835 ns, At safepoint: 5642 ns, Total: 28554 ns
[2026-03-28T12:40:41.278+0000][67][info ][safepoint   ] Safepoint "Cleanup", Time since last: 4691400803 ns, Reaching safepoint: 42410 ns, Cleanup: 34426 ns, At safepoint: 10092 ns, Total: 86928 ns
[2026-03-28T12:40:42.301+0000][67][info ][safepoint   ] Safepoint "Cleanup", Time since last: 1023047791 ns, Reaching safepoint: 18651 ns, Cleanup: 22657 ns, At safepoint: 8055 ns, Total: 49363 ns
[2026-03-28T12:40:43.320+0000][67][info ][safepoint   ] Safepoint "Cleanup", Time since last: 1019147666 ns, Reaching safepoint: 203094 ns, Cleanup: 18130 ns, At safepoint: 112723 ns, Total: 333947 ns
[2026-03-28T12:40:44.355+0000][67][info ][safepoint   ] Safepoint "Cleanup", Time since last: 1034522688 ns, Reaching safepoint: 14167 ns, Cleanup: 12640 ns, At safepoint: 7179 ns, Total: 33986 ns
[2026-03-28T12:40:45.373+0000][67][info ][safepoint   ] Safepoint "Cleanup", Time since last: 1018088132 ns, Reaching safepoint: 41066 ns, Cleanup: 42300 ns, At safepoint: 11394 ns, Total: 94760 ns
[2026-03-28T12:40:47.433+0000][67][info ][safepoint   ] Safepoint "Cleanup", Time since last: 2059366942 ns, Reaching safepoint: 143576 ns, Cleanup: 39104 ns, At safepoint: 187607 ns, Total: 370287 ns
[2026-03-28T12:40:48.445+0000][67][info ][safepoint   ] Safepoint "Cleanup", Time since last: 1012607875 ns, Reaching safepoint: 16007 ns, Cleanup: 13641 ns, At safepoint: 8241 ns, Total: 37889 ns
[2026-03-28T12:40:49.488+0000][67][info ][safepoint   ] Safepoint "Cleanup", Time since last: 1042808208 ns, Reaching safepoint: 62723 ns, Cleanup: 82219 ns, At safepoint: 109107 ns, Total: 254049 ns
[2026-03-28T12:40:51.560+0000][67][info ][safepoint   ] Safepoint "Cleanup", Time since last: 2071366717 ns, Reaching safepoint: 33997 ns, Cleanup: 37268 ns, At safepoint: 9629 ns, Total: 80894 ns
[2026-03-28T12:40:54.675+0000][67][info ][gc,start    ] GC(44) Pause Young (Prepare Mixed) (G1 Evacuation Pause)
[2026-03-28T12:40:54.676+0000][67][info ][gc,task     ] GC(44) Using 10 workers of 10 for evacuation
[2026-03-28T12:40:54.677+0000][67][debug][gc,age      ] GC(44) Desired survivor size 20971520 bytes, new threshold 15 (max threshold 15)
[2026-03-28T12:40:54.696+0000][67][info ][gc,phases   ] GC(44)   Pre Evacuate Collection Set: 0.6ms
[2026-03-28T12:40:54.697+0000][67][info ][gc,phases   ] GC(44)   Merge Heap Roots: 0.3ms
[2026-03-28T12:40:54.698+0000][67][info ][gc,phases   ] GC(44)   Evacuate Collection Set: 15.8ms
[2026-03-28T12:40:54.699+0000][67][info ][gc,phases   ] GC(44)   Post Evacuate Collection Set: 2.0ms
[2026-03-28T12:40:54.699+0000][67][info ][gc,phases   ] GC(44)   Other: 1.5ms
[2026-03-28T12:40:54.700+0000][67][trace][gc,age      ] GC(44) Age table with threshold 15 (max threshold 15)
[2026-03-28T12:40:54.701+0000][67][trace][gc,age      ] GC(44) - age   1:    1563808 bytes,    1563808 total
[2026-03-28T12:40:54.702+0000][67][trace][gc,age      ] GC(44) - age   2:     399840 bytes,    1963648 total
[2026-03-28T12:40:54.702+0000][67][trace][gc,age      ] GC(44) - age   3:     120960 bytes,    2084608 total
[2026-03-28T12:40:54.703+0000][67][trace][gc,age      ] GC(44) - age   4:      13224 bytes,    2097832 total
[2026-03-28T12:40:54.704+0000][67][trace][gc,age      ] GC(44) - age   5:      15824 bytes,    2113656 total
[2026-03-28T12:40:54.705+0000][67][trace][gc,age      ] GC(44) - age   6:      19872 bytes,    2133528 total
[2026-03-28T12:40:54.706+0000][67][trace][gc,age      ] GC(44) - age   7:     232752 bytes,    2366280 total
[2026-03-28T12:40:54.706+0000][67][trace][gc,age      ] GC(44) - age   8:      93448 bytes,    2459728 total
[2026-03-28T12:40:54.707+0000][67][trace][gc,age      ] GC(44) - age   9:      71616 bytes,    2531344 total
[2026-03-28T12:40:54.708+0000][67][trace][gc,age      ] GC(44) - age  10:      43568 bytes,    2574912 total
[2026-03-28T12:40:54.709+0000][67][trace][gc,age      ] GC(44) - age  11:    1026728 bytes,    3601640 total
[2026-03-28T12:40:54.710+0000][67][trace][gc,age      ] GC(44) - age  12:     170040 bytes,    3771680 total
[2026-03-28T12:40:54.711+0000][67][trace][gc,age      ] GC(44) - age  13:     100496 bytes,    3872176 total
[2026-03-28T12:40:54.711+0000][67][trace][gc,age      ] GC(44) - age  14:     480408 bytes,    4352584 total
[2026-03-28T12:40:54.712+0000][67][trace][gc,age      ] GC(44) - age  15:    1710576 bytes,    6063160 total
[2026-03-28T12:40:54.713+0000][67][info ][gc,heap     ] GC(44) Eden regions: 74->0(74)
[2026-03-28T12:40:54.714+0000][67][info ][gc,heap     ] GC(44) Survivor regions: 2->2(10)
[2026-03-28T12:40:54.714+0000][67][info ][gc,heap     ] GC(44) Old regions: 26->26
[2026-03-28T12:40:54.715+0000][67][info ][gc,heap     ] GC(44) Humongous regions: 0->0
[2026-03-28T12:40:54.716+0000][67][info ][gc,metaspace] GC(44) Metaspace: 146283K(151872K)->146283K(151872K) NonClass: 126909K(130048K)->126909K(130048K) Class: 19373K(21824K)->19373K(21824K)
[2026-03-28T12:40:54.716+0000][67][info ][gc          ] GC(44) Pause Young (Prepare Mixed) (G1 Evacuation Pause) 403M->107M(512M) 41.237ms
[2026-03-28T12:40:54.717+0000][67][info ][gc,cpu      ] GC(44) User=0.05s Sys=0.03s Real=0.04s
[2026-03-28T12:40:54.718+0000][67][info ][safepoint   ] Safepoint "G1CollectForAllocation", Time since last: 3118372407 ns, Reaching safepoint: 14391 ns, Cleanup: 4683 ns, At safepoint: 42955981 ns, Total: 42975055 ns
[2026-03-28T12:40:55.719+0000][67][info ][safepoint   ] Safepoint "Cleanup", Time since last: 1001105718 ns, Reaching safepoint: 5947 ns, Cleanup: 7205 ns, At safepoint: 2790 ns, Total: 15942 ns
[2026-03-28T12:40:56.757+0000][67][info ][safepoint   ] Safepoint "Cleanup", Time since last: 1038013343 ns, Reaching safepoint: 13786 ns, Cleanup: 24358 ns, At safepoint: 4441 ns, Total: 42585 ns
[2026-03-28T12:40:58.798+0000][67][info ][safepoint   ] Safepoint "Cleanup", Time since last: 2040497659 ns, Reaching safepoint: 91328 ns, Cleanup: 26076 ns, At safepoint: 9682 ns, Total: 127086 ns
[2026-03-28T12:41:00.727+0000][67][info ][safepoint   ] Safepoint "Cleanup", Time since last: 1929039346 ns, Reaching safepoint: 15531 ns, Cleanup: 14800 ns, At safepoint: 4956 ns, Total: 35287 ns
[2026-03-28T12:41:10.769+0000][67][info ][safepoint   ] Safepoint "Cleanup", Time since last: 10041672400 ns, Reaching safepoint: 21163 ns, Cleanup: 21360 ns, At safepoint: 6405 ns, Total: 48928 ns
[2026-03-28T12:41:18.861+0000][67][info ][safepoint   ] Safepoint "Cleanup", Time since last: 8091919771 ns, Reaching safepoint: 37367 ns, Cleanup: 15362 ns, At safepoint: 56927 ns, Total: 109656 ns
[2026-03-28T12:41:19.913+0000][67][info ][safepoint   ] Safepoint "Cleanup", Time since last: 1051953623 ns, Reaching safepoint: 34601 ns, Cleanup: 42922 ns, At safepoint: 9494 ns, Total: 87017 ns
[2026-03-28T12:41:20.914+0000][67][info ][safepoint   ] Safepoint "Cleanup", Time since last: 1001174944 ns, Reaching safepoint: 36123 ns, Cleanup: 39434 ns, At safepoint: 10378 ns, Total: 85935 ns
[2026-03-28T12:41:23.702+0000][67][info ][safepoint   ] Safepoint "Cleanup", Time since last: 2790784559 ns, Reaching safepoint: 13427 ns, Cleanup: 9925 ns, At safepoint: 5109 ns, Total: 28461 ns
[2026-03-28T12:41:24.910+0000][67][info ][safepoint   ] Safepoint "Cleanup", Time since last: 1208310768 ns, Reaching safepoint: 12743 ns, Cleanup: 13358 ns, At safepoint: 5904 ns, Total: 32005 ns
[2026-03-28T12:41:25.924+0000][67][info ][safepoint   ] Safepoint "Cleanup", Time since last: 1014058098 ns, Reaching safepoint: 27058 ns, Cleanup: 24274 ns, At safepoint: 7472 ns, Total: 58804 ns
[2026-03-28T12:41:28.926+0000][67][info ][safepoint   ] Safepoint "Cleanup", Time since last: 3001529517 ns, Reaching safepoint: 100984 ns, Cleanup: 30980 ns, At safepoint: 13630 ns, Total: 145594 ns
[2026-03-28T12:41:30.930+0000][67][info ][safepoint   ] Safepoint "Cleanup", Time since last: 2004253203 ns, Reaching safepoint: 11494 ns, Cleanup: 31792 ns, At safepoint: 40859 ns, Total: 84145 ns
[2026-03-28T12:41:33.038+0000][67][info ][safepoint   ] Safepoint "Cleanup", Time since last: 2107894184 ns, Reaching safepoint: 32706 ns, Cleanup: 20815 ns, At safepoint: 7887 ns, Total: 61408 ns
[2026-03-28T12:41:35.711+0000][67][info ][safepoint   ] Safepoint "Cleanup", Time since last: 2672272584 ns, Reaching safepoint: 8725 ns, Cleanup: 10555 ns, At safepoint: 27032 ns, Total: 46312 ns
[2026-03-28T12:41:37.037+0000][67][info ][safepoint   ] Safepoint "Cleanup", Time since last: 1326470760 ns, Reaching safepoint: 77543 ns, Cleanup: 40083 ns, At safepoint: 11922 ns, Total: 129548 ns
[2026-03-28T12:41:42.201+0000][67][info ][safepoint   ] Safepoint "Cleanup", Time since last: 5164167728 ns, Reaching safepoint: 10753 ns, Cleanup: 12308 ns, At safepoint: 4412 ns, Total: 27473 ns
[2026-03-28T12:41:43.237+0000][67][info ][safepoint   ] Safepoint "Cleanup", Time since last: 1035964362 ns, Reaching safepoint: 14249 ns, Cleanup: 10257 ns, At safepoint: 6442 ns, Total: 30948 ns
[2026-03-28T12:41:44.238+0000][67][info ][safepoint   ] Safepoint "Cleanup", Time since last: 1000902338 ns, Reaching safepoint: 14522 ns, Cleanup: 11071 ns, At safepoint: 4369 ns, Total: 29962 ns
[2026-03-28T12:41:47.507+0000][67][info ][safepoint   ] Safepoint "Cleanup", Time since last: 3268427114 ns, Reaching safepoint: 396690 ns, Cleanup: 29710 ns, At safepoint: 17389 ns, Total: 443789 ns
[2026-03-28T12:41:49.119+0000][67][info ][safepoint   ] Safepoint "Cleanup", Time since last: 1612140517 ns, Reaching safepoint: 25900 ns, Cleanup: 25104 ns, At safepoint: 7249 ns, Total: 58253 ns
[2026-03-28T12:41:59.487+0000][67][info ][safepoint   ] Safepoint "Cleanup", Time since last: 10370643416 ns, Reaching safepoint: 131300 ns, Cleanup: 123724 ns, At safepoint: 17084 ns, Total: 272108 ns
[2026-03-28T12:41:59.574+0000][67][info ][gc,start    ] GC(45) Pause Young (Mixed) (G1 Evacuation Pause)
[2026-03-28T12:41:59.575+0000][67][info ][gc,task     ] GC(45) Using 10 workers of 10 for evacuation
[2026-03-28T12:41:59.577+0000][67][debug][gc,age      ] GC(45) Desired survivor size 20971520 bytes, new threshold 15 (max threshold 15)
[2026-03-28T12:41:59.633+0000][67][info ][gc,phases   ] GC(45)   Pre Evacuate Collection Set: 1.2ms
[2026-03-28T12:41:59.634+0000][67][info ][gc,phases   ] GC(45)   Merge Heap Roots: 0.5ms
[2026-03-28T12:41:59.634+0000][67][info ][gc,phases   ] GC(45)   Evacuate Collection Set: 49.7ms
[2026-03-28T12:41:59.635+0000][67][info ][gc,phases   ] GC(45)   Post Evacuate Collection Set: 3.3ms
[2026-03-28T12:41:59.635+0000][67][info ][gc,phases   ] GC(45)   Other: 3.8ms
[2026-03-28T12:41:59.636+0000][67][trace][gc,age      ] GC(45) Age table with threshold 15 (max threshold 15)
[2026-03-28T12:41:59.637+0000][67][trace][gc,age      ] GC(45) - age   1:    2149776 bytes,    2149776 total
[2026-03-28T12:41:59.637+0000][67][trace][gc,age      ] GC(45) - age   2:     475240 bytes,    2625016 total
[2026-03-28T12:41:59.638+0000][67][trace][gc,age      ] GC(45) - age   3:      41312 bytes,    2666328 total
[2026-03-28T12:41:59.639+0000][67][trace][gc,age      ] GC(45) - age   4:     119344 bytes,    2785672 total
[2026-03-28T12:41:59.640+0000][67][trace][gc,age      ] GC(45) - age   5:       4696 bytes,    2790368 total
[2026-03-28T12:41:59.642+0000][67][trace][gc,age      ] GC(45) - age   6:      15760 bytes,    2806128 total
[2026-03-28T12:41:59.643+0000][67][trace][gc,age      ] GC(45) - age   7:      19872 bytes,    2826000 total
[2026-03-28T12:41:59.644+0000][67][trace][gc,age      ] GC(45) - age   8:     232520 bytes,    3058520 total
[2026-03-28T12:41:59.644+0000][67][trace][gc,age      ] GC(45) - age   9:      93448 bytes,    3151968 total
[2026-03-28T12:41:59.645+0000][67][trace][gc,age      ] GC(45) - age  10:      71616 bytes,    3223584 total
[2026-03-28T12:41:59.645+0000][67][trace][gc,age      ] GC(45) - age  11:      35552 bytes,    3259136 total
[2026-03-28T12:41:59.646+0000][67][trace][gc,age      ] GC(45) - age  12:    1026728 bytes,    4285864 total
[2026-03-28T12:41:59.646+0000][67][trace][gc,age      ] GC(45) - age  13:     170040 bytes,    4455904 total
[2026-03-28T12:41:59.647+0000][67][trace][gc,age      ] GC(45) - age  14:     100496 bytes,    4556400 total
[2026-03-28T12:41:59.647+0000][67][trace][gc,age      ] GC(45) - age  15:     480408 bytes,    5036808 total
[2026-03-28T12:41:59.648+0000][67][info ][gc,heap     ] GC(45) Eden regions: 74->0(74)
[2026-03-28T12:41:59.648+0000][67][info ][gc,heap     ] GC(45) Survivor regions: 2->2(10)
[2026-03-28T12:41:59.649+0000][67][info ][gc,heap     ] GC(45) Old regions: 26->26
[2026-03-28T12:41:59.649+0000][67][info ][gc,heap     ] GC(45) Humongous regions: 0->0
[2026-03-28T12:41:59.650+0000][67][info ][gc,metaspace] GC(45) Metaspace: 146320K(151872K)->146320K(151872K) NonClass: 126947K(130048K)->126947K(130048K) Class: 19373K(21824K)->19373K(21824K)
[2026-03-28T12:41:59.651+0000][67][info ][gc          ] GC(45) Pause Young (Mixed) (G1 Evacuation Pause) 403M->106M(512M) 76.970ms
[2026-03-28T12:41:59.651+0000][67][info ][gc,cpu      ] GC(45) User=0.21s Sys=0.04s Real=0.07s
[2026-03-28T12:41:59.652+0000][67][info ][safepoint   ] Safepoint "G1CollectForAllocation", Time since last: 86291137 ns, Reaching safepoint: 72064 ns, Cleanup: 9048 ns, At safepoint: 78483707 ns, Total: 78564819 ns
[2026-03-28T12:42:01.529+0000][67][info ][safepoint   ] Safepoint "Cleanup", Time since last: 1877264410 ns, Reaching safepoint: 34827 ns, Cleanup: 41454 ns, At safepoint: 9405 ns, Total: 85686 ns
[2026-03-28T12:42:04.532+0000][67][info ][safepoint   ] Safepoint "Cleanup", Time since last: 3002369728 ns, Reaching safepoint: 47177 ns, Cleanup: 39420 ns, At safepoint: 16308 ns, Total: 102905 ns
[2026-03-28T12:42:14.250+0000][67][info ][safepoint   ] Safepoint "Cleanup", Time since last: 9718561744 ns, Reaching safepoint: 35063 ns, Cleanup: 31860 ns, At safepoint: 9947 ns, Total: 76870 ns
[2026-03-28T12:42:17.708+0000][67][info ][safepoint   ] Safepoint "Cleanup", Time since last: 3457872099 ns, Reaching safepoint: 11346 ns, Cleanup: 7875 ns, At safepoint: 3654 ns, Total: 22875 ns
[2026-03-28T12:42:24.276+0000][67][info ][safepoint   ] Safepoint "Cleanup", Time since last: 6570505096 ns, Reaching safepoint: 40907 ns, Cleanup: 36220 ns, At safepoint: 12397 ns, Total: 89524 ns
[2026-03-28T12:42:25.300+0000][67][info ][safepoint   ] Safepoint "Cleanup", Time since last: 1023913278 ns, Reaching safepoint: 50600 ns, Cleanup: 58408 ns, At safepoint: 16430 ns, Total: 125438 ns
[2026-03-28T12:42:29.595+0000][67][info ][safepoint   ] Safepoint "Cleanup", Time since last: 4294262194 ns, Reaching safepoint: 38903 ns, Cleanup: 22224 ns, At safepoint: 9644 ns, Total: 70771 ns
[2026-03-28T12:42:30.597+0000][67][info ][safepoint   ] Safepoint "Cleanup", Time since last: 1002718403 ns, Reaching safepoint: 12711 ns, Cleanup: 29479 ns, At safepoint: 6370 ns, Total: 48560 ns
[2026-03-28T12:42:31.614+0000][67][info ][safepoint   ] Safepoint "Cleanup", Time since last: 1016697312 ns, Reaching safepoint: 30093 ns, Cleanup: 26234 ns, At safepoint: 8122 ns, Total: 64449 ns
[2026-03-28T12:42:35.708+0000][67][info ][safepoint   ] Safepoint "Cleanup", Time since last: 4093478601 ns, Reaching safepoint: 40695 ns, Cleanup: 24837 ns, At safepoint: 171991 ns, Total: 237523 ns
[2026-03-28T12:42:47.577+0000][67][info ][safepoint   ] Safepoint "Cleanup", Time since last: 11868901346 ns, Reaching safepoint: 31868 ns, Cleanup: 23198 ns, At safepoint: 8663 ns, Total: 63729 ns
[2026-03-28T12:42:48.880+0000][67][info ][safepoint   ] Safepoint "Cleanup", Time since last: 1302554204 ns, Reaching safepoint: 51171 ns, Cleanup: 34831 ns, At safepoint: 313903 ns, Total: 399905 ns
[2026-03-28T12:42:52.001+0000][67][info ][safepoint   ] Safepoint "Cleanup", Time since last: 3120991783 ns, Reaching safepoint: 10834 ns, Cleanup: 13594 ns, At safepoint: 5468 ns, Total: 29896 ns
[2026-03-28T12:42:53.719+0000][67][info ][safepoint   ] Safepoint "Cleanup", Time since last: 1719878892 ns, Reaching safepoint: 10969 ns, Cleanup: 15222 ns, At safepoint: 5519 ns, Total: 31710 ns
[2026-03-28T12:42:55.072+0000][67][info ][safepoint   ] Safepoint "Cleanup", Time since last: 1353763249 ns, Reaching safepoint: 10899 ns, Cleanup: 20939 ns, At safepoint: 5603 ns, Total: 37441 ns
[2026-03-28T12:42:56.122+0000][67][info ][safepoint   ] Safepoint "Cleanup", Time since last: 1049614258 ns, Reaching safepoint: 51134 ns, Cleanup: 23744 ns, At safepoint: 7992 ns, Total: 82870 ns
[2026-03-28T12:43:00.534+0000][67][info ][safepoint   ] Safepoint "Cleanup", Time since last: 4411704728 ns, Reaching safepoint: 19061 ns, Cleanup: 17580 ns, At safepoint: 9478 ns, Total: 46119 ns
[2026-03-28T12:43:02.350+0000][67][info ][safepoint   ] Safepoint "Cleanup", Time since last: 1816233559 ns, Reaching safepoint: 345108 ns, Cleanup: 32420 ns, At safepoint: 14268 ns, Total: 391796 ns
[2026-03-28T12:43:06.550+0000][67][info ][gc,start    ] GC(46) Pause Young (Concurrent Start) (G1 Evacuation Pause)
[2026-03-28T12:43:06.552+0000][67][info ][gc,task     ] GC(46) Using 10 workers of 10 for evacuation
[2026-03-28T12:43:06.553+0000][67][debug][gc,age      ] GC(46) Desired survivor size 20971520 bytes, new threshold 15 (max threshold 15)
[2026-03-28T12:43:06.573+0000][67][info ][gc,phases   ] GC(46)   Pre Evacuate Collection Set: 1.8ms
[2026-03-28T12:43:06.574+0000][67][info ][gc,phases   ] GC(46)   Merge Heap Roots: 0.6ms
[2026-03-28T12:43:06.575+0000][67][info ][gc,phases   ] GC(46)   Evacuate Collection Set: 14.5ms
[2026-03-28T12:43:06.575+0000][67][info ][gc,phases   ] GC(46)   Post Evacuate Collection Set: 2.0ms
[2026-03-28T12:43:06.576+0000][67][info ][gc,phases   ] GC(46)   Other: 2.5ms
[2026-03-28T12:43:06.578+0000][67][trace][gc,age      ] GC(46) Age table with threshold 15 (max threshold 15)
[2026-03-28T12:43:06.579+0000][67][trace][gc,age      ] GC(46) - age   1:    2225880 bytes,    2225880 total
[2026-03-28T12:43:06.579+0000][67][trace][gc,age      ] GC(46) - age   2:     228680 bytes,    2454560 total
[2026-03-28T12:43:06.580+0000][67][trace][gc,age      ] GC(46) - age   3:     409768 bytes,    2864328 total
[2026-03-28T12:43:06.581+0000][67][trace][gc,age      ] GC(46) - age   4:      21736 bytes,    2886064 total
[2026-03-28T12:43:06.581+0000][67][trace][gc,age      ] GC(46) - age   5:     119088 bytes,    3005152 total
[2026-03-28T12:43:06.582+0000][67][trace][gc,age      ] GC(46) - age   6:       4696 bytes,    3009848 total
[2026-03-28T12:43:06.583+0000][67][trace][gc,age      ] GC(46) - age   7:      13248 bytes,    3023096 total
[2026-03-28T12:43:06.584+0000][67][trace][gc,age      ] GC(46) - age   8:      11856 bytes,    3034952 total
[2026-03-28T12:43:06.585+0000][67][trace][gc,age      ] GC(46) - age   9:     232520 bytes,    3267472 total
[2026-03-28T12:43:06.586+0000][67][trace][gc,age      ] GC(46) - age  10:      93448 bytes,    3360920 total
[2026-03-28T12:43:06.586+0000][67][trace][gc,age      ] GC(46) - age  11:      71616 bytes,    3432536 total
[2026-03-28T12:43:06.587+0000][67][trace][gc,age      ] GC(46) - age  12:      35040 bytes,    3467576 total
[2026-03-28T12:43:06.588+0000][67][trace][gc,age      ] GC(46) - age  13:    1026664 bytes,    4494240 total
[2026-03-28T12:43:06.588+0000][67][trace][gc,age      ] GC(46) - age  14:     169976 bytes,    4664216 total
[2026-03-28T12:43:06.589+0000][67][trace][gc,age      ] GC(46) - age  15:     100496 bytes,    4764712 total
[2026-03-28T12:43:06.590+0000][67][info ][gc,heap     ] GC(46) Eden regions: 74->0(74)
[2026-03-28T12:43:06.591+0000][67][info ][gc,heap     ] GC(46) Survivor regions: 2->2(10)
[2026-03-28T12:43:06.593+0000][67][info ][gc,heap     ] GC(46) Old regions: 26->26
[2026-03-28T12:43:06.594+0000][67][info ][gc,heap     ] GC(46) Humongous regions: 0->0
[2026-03-28T12:43:06.595+0000][67][info ][gc,metaspace] GC(46) Metaspace: 146365K(151872K)->146365K(151872K) NonClass: 126991K(130048K)->126991K(130048K) Class: 19373K(21824K)->19373K(21824K)
[2026-03-28T12:43:06.596+0000][67][info ][gc          ] GC(46) Pause Young (Concurrent Start) (G1 Evacuation Pause) 402M->107M(512M) 45.656ms
[2026-03-28T12:43:06.597+0000][67][info ][gc,cpu      ] GC(46) User=0.09s Sys=0.00s Real=0.04s
[2026-03-28T12:43:06.597+0000][67][info ][gc          ] GC(47) Concurrent Mark Cycle
[2026-03-28T12:43:06.599+0000][67][info ][gc,marking  ] GC(47) Concurrent Scan Root Regions
[2026-03-28T12:43:06.598+0000][67][info ][safepoint   ] Safepoint "G1CollectForAllocation", Time since last: 4199562934 ns, Reaching safepoint: 187715 ns, Cleanup: 13299 ns, At safepoint: 48261836 ns, Total: 48462850 ns
[2026-03-28T12:43:06.605+0000][67][info ][gc,marking  ] GC(47) Concurrent Scan Root Regions 5.753ms
[2026-03-28T12:43:06.606+0000][67][info ][gc,marking  ] GC(47) Concurrent Mark
[2026-03-28T12:43:06.606+0000][67][info ][gc,marking  ] GC(47) Concurrent Mark From Roots
[2026-03-28T12:43:06.607+0000][67][info ][gc,task     ] GC(47) Using 3 workers of 3 for marking
[2026-03-28T12:43:06.697+0000][67][info ][gc,marking  ] GC(47) Concurrent Mark From Roots 90.247ms
[2026-03-28T12:43:06.698+0000][67][info ][gc,marking  ] GC(47) Concurrent Preclean
[2026-03-28T12:43:06.699+0000][67][info ][gc,marking  ] GC(47) Concurrent Preclean 1.323ms
[2026-03-28T12:43:06.700+0000][67][info ][gc,start    ] GC(47) Pause Remark
[2026-03-28T12:43:06.799+0000][67][info ][gc          ] GC(47) Pause Remark 110M->110M(512M) 99.304ms
[2026-03-28T12:43:06.800+0000][67][info ][gc,cpu      ] GC(47) User=0.35s Sys=0.00s Real=0.10s
[2026-03-28T12:43:06.802+0000][67][info ][safepoint   ] Safepoint "G1PauseRemark", Time since last: 101618706 ns, Reaching safepoint: 17295 ns, Cleanup: 4238 ns, At safepoint: 101634119 ns, Total: 101655652 ns
[2026-03-28T12:43:06.803+0000][67][info ][gc,marking  ] GC(47) Concurrent Mark 197.139ms
[2026-03-28T12:43:06.804+0000][67][info ][gc,marking  ] GC(47) Concurrent Rebuild Remembered Sets and Scrub Regions
[2026-03-28T12:43:06.860+0000][67][info ][gc,marking  ] GC(47) Concurrent Rebuild Remembered Sets and Scrub Regions 55.889ms
[2026-03-28T12:43:06.861+0000][67][info ][gc,start    ] GC(47) Pause Cleanup
[2026-03-28T12:43:06.863+0000][67][info ][gc          ] GC(47) Pause Cleanup 110M->110M(512M) 1.878ms
[2026-03-28T12:43:06.864+0000][67][info ][gc,cpu      ] GC(47) User=0.00s Sys=0.00s Real=0.00s
[2026-03-28T12:43:06.864+0000][67][info ][safepoint   ] Safepoint "G1PauseCleanup", Time since last: 59381110 ns, Reaching safepoint: 41752 ns, Cleanup: 66631 ns, At safepoint: 3091051 ns, Total: 3199434 ns
[2026-03-28T12:43:06.865+0000][67][info ][gc,marking  ] GC(47) Concurrent Clear Claimed Marks
[2026-03-28T12:43:06.866+0000][67][info ][gc,marking  ] GC(47) Concurrent Clear Claimed Marks 1.121ms
[2026-03-28T12:43:06.867+0000][67][info ][gc,marking  ] GC(47) Concurrent Cleanup for Next Mark
[2026-03-28T12:43:06.870+0000][67][info ][gc,marking  ] GC(47) Concurrent Cleanup for Next Mark 2.555ms
[2026-03-28T12:43:06.871+0000][67][info ][gc          ] GC(47) Concurrent Mark Cycle 273.822ms
[2026-03-28T12:43:10.867+0000][67][info ][safepoint   ] Safepoint "Cleanup", Time since last: 4002597946 ns, Reaching safepoint: 32266 ns, Cleanup: 18373 ns, At safepoint: 6151 ns, Total: 56790 ns
[2026-03-28T12:43:12.293+0000][67][info ][safepoint   ] Safepoint "Cleanup", Time since last: 1425833894 ns, Reaching safepoint: 8454 ns, Cleanup: 16457 ns, At safepoint: 4174 ns, Total: 29085 ns
[2026-03-28T12:43:13.639+0000][67][info ][safepoint   ] Safepoint "Cleanup", Time since last: 1346618442 ns, Reaching safepoint: 22722 ns, Cleanup: 17600 ns, At safepoint: 9352 ns, Total: 49674 ns
[2026-03-28T12:43:16.480+0000][67][info ][safepoint   ] Safepoint "Cleanup", Time since last: 2839895642 ns, Reaching safepoint: 676591 ns, Cleanup: 55042 ns, At safepoint: 196960 ns, Total: 928593 ns
[2026-03-28T12:43:18.144+0000][67][info ][safepoint   ] Safepoint "Cleanup", Time since last: 1664038963 ns, Reaching safepoint: 21493 ns, Cleanup: 18524 ns, At safepoint: 8842 ns, Total: 48859 ns
[2026-03-28T12:43:19.177+0000][67][info ][safepoint   ] Safepoint "Cleanup", Time since last: 1032515508 ns, Reaching safepoint: 8438 ns, Cleanup: 26078 ns, At safepoint: 4097 ns, Total: 38613 ns
[2026-03-28T12:43:20.198+0000][67][info ][safepoint   ] Safepoint "Cleanup", Time since last: 1021021327 ns, Reaching safepoint: 68630 ns, Cleanup: 27219 ns, At safepoint: 11858 ns, Total: 107707 ns
[2026-03-28T12:43:21.218+0000][67][info ][safepoint   ] Safepoint "Cleanup", Time since last: 1019428336 ns, Reaching safepoint: 46574 ns, Cleanup: 43367 ns, At safepoint: 12375 ns, Total: 102316 ns
[2026-03-28T12:43:23.710+0000][67][info ][safepoint   ] Safepoint "Cleanup", Time since last: 2494807094 ns, Reaching safepoint: 147585 ns, Cleanup: 18328 ns, At safepoint: 86240 ns, Total: 252153 ns
[2026-03-28T12:43:25.257+0000][67][info ][safepoint   ] Safepoint "Cleanup", Time since last: 1547439215 ns, Reaching safepoint: 14162 ns, Cleanup: 25199 ns, At safepoint: 45738 ns, Total: 85099 ns
[2026-03-28T12:43:26.292+0000][67][info ][safepoint   ] Safepoint "Cleanup", Time since last: 1034104521 ns, Reaching safepoint: 39896 ns, Cleanup: 63057 ns, At safepoint: 11390 ns, Total: 114343 ns
[2026-03-28T12:43:28.321+0000][67][info ][safepoint   ] Safepoint "Cleanup", Time since last: 2028852697 ns, Reaching safepoint: 71402 ns, Cleanup: 48118 ns, At safepoint: 11342 ns, Total: 130862 ns
[2026-03-28T12:43:29.368+0000][67][info ][safepoint   ] Safepoint "Cleanup", Time since last: 1047613328 ns, Reaching safepoint: 72975 ns, Cleanup: 28659 ns, At safepoint: 11624 ns, Total: 113258 ns
[2026-03-28T12:43:30.382+0000][67][info ][safepoint   ] Safepoint "Cleanup", Time since last: 1013536345 ns, Reaching safepoint: 16065 ns, Cleanup: 19928 ns, At safepoint: 37006 ns, Total: 72999 ns
[2026-03-28T12:43:31.407+0000][67][info ][safepoint   ] Safepoint "Cleanup", Time since last: 1024657177 ns, Reaching safepoint: 23379 ns, Cleanup: 18742 ns, At safepoint: 6534 ns, Total: 48655 ns
[2026-03-28T12:43:42.812+0000][67][info ][safepoint   ] Safepoint "Cleanup", Time since last: 11405506262 ns, Reaching safepoint: 107937 ns, Cleanup: 46059 ns, At safepoint: 17616 ns, Total: 171612 ns
[2026-03-28T12:43:47.773+0000][67][info ][safepoint   ] Safepoint "Cleanup", Time since last: 4960234608 ns, Reaching safepoint: 52812 ns, Cleanup: 24993 ns, At safepoint: 69585 ns, Total: 147390 ns
[2026-03-28T12:43:48.880+0000][67][info ][safepoint   ] Safepoint "Cleanup", Time since last: 1107728896 ns, Reaching safepoint: 11679 ns, Cleanup: 15537 ns, At safepoint: 6387 ns, Total: 33603 ns
[2026-03-28T12:43:50.662+0000][67][info ][safepoint   ] Safepoint "Cleanup", Time since last: 1781065678 ns, Reaching safepoint: 62753 ns, Cleanup: 37017 ns, At safepoint: 128071 ns, Total: 227841 ns
[2026-03-28T12:43:59.804+0000][67][info ][safepoint   ] Safepoint "Cleanup", Time since last: 9145431667 ns, Reaching safepoint: 21998 ns, Cleanup: 18217 ns, At safepoint: 45993 ns, Total: 86208 ns
[2026-03-28T12:44:01.008+0000][67][info ][safepoint   ] Safepoint "Cleanup", Time since last: 1202979586 ns, Reaching safepoint: 71903 ns, Cleanup: 21862 ns, At safepoint: 170668 ns, Total: 264433 ns
[2026-03-28T12:44:02.091+0000][67][info ][safepoint   ] Safepoint "Cleanup", Time since last: 1083270400 ns, Reaching safepoint: 126854 ns, Cleanup: 25176 ns, At safepoint: 115897 ns, Total: 267927 ns
[2026-03-28T12:44:02.846+0000][67][info ][gc,start    ] GC(48) Pause Young (Prepare Mixed) (G1 Evacuation Pause)
[2026-03-28T12:44:02.847+0000][67][info ][gc,task     ] GC(48) Using 10 workers of 10 for evacuation
[2026-03-28T12:44:02.848+0000][67][debug][gc,age      ] GC(48) Desired survivor size 20971520 bytes, new threshold 15 (max threshold 15)
[2026-03-28T12:44:02.884+0000][67][info ][gc,phases   ] GC(48)   Pre Evacuate Collection Set: 0.7ms
[2026-03-28T12:44:02.885+0000][67][info ][gc,phases   ] GC(48)   Merge Heap Roots: 0.6ms
[2026-03-28T12:44:02.886+0000][67][info ][gc,phases   ] GC(48)   Evacuate Collection Set: 21.9ms
[2026-03-28T12:44:02.887+0000][67][info ][gc,phases   ] GC(48)   Post Evacuate Collection Set: 12.0ms
[2026-03-28T12:44:02.888+0000][67][info ][gc,phases   ] GC(48)   Other: 1.4ms
[2026-03-28T12:44:02.888+0000][67][trace][gc,age      ] GC(48) Age table with threshold 15 (max threshold 15)
[2026-03-28T12:44:02.889+0000][67][trace][gc,age      ] GC(48) - age   1:    2053984 bytes,    2053984 total
[2026-03-28T12:44:02.890+0000][67][trace][gc,age      ] GC(48) - age   2:     770072 bytes,    2824056 total
[2026-03-28T12:44:02.890+0000][67][trace][gc,age      ] GC(48) - age   3:     115312 bytes,    2939368 total
[2026-03-28T12:44:02.891+0000][67][trace][gc,age      ] GC(48) - age   4:      40904 bytes,    2980272 total
[2026-03-28T12:44:02.892+0000][67][trace][gc,age      ] GC(48) - age   5:      21576 bytes,    3001848 total
[2026-03-28T12:44:02.893+0000][67][trace][gc,age      ] GC(48) - age   6:     119088 bytes,    3120936 total
[2026-03-28T12:44:02.894+0000][67][trace][gc,age      ] GC(48) - age   7:       4696 bytes,    3125632 total
[2026-03-28T12:44:02.895+0000][67][trace][gc,age      ] GC(48) - age   8:      13248 bytes,    3138880 total
[2026-03-28T12:44:02.896+0000][67][trace][gc,age      ] GC(48) - age   9:      11856 bytes,    3150736 total
[2026-03-28T12:44:02.897+0000][67][trace][gc,age      ] GC(48) - age  10:      34544 bytes,    3185280 total
[2026-03-28T12:44:02.897+0000][67][trace][gc,age      ] GC(48) - age  11:      39000 bytes,    3224280 total
[2026-03-28T12:44:02.898+0000][67][trace][gc,age      ] GC(48) - age  12:      71616 bytes,    3295896 total
[2026-03-28T12:44:02.898+0000][67][trace][gc,age      ] GC(48) - age  13:      35040 bytes,    3330936 total
[2026-03-28T12:44:02.898+0000][67][trace][gc,age      ] GC(48) - age  14:    1026664 bytes,    4357600 total
[2026-03-28T12:44:02.899+0000][67][trace][gc,age      ] GC(48) - age  15:     169976 bytes,    4527576 total
[2026-03-28T12:44:02.906+0000][67][info ][gc,heap     ] GC(48) Eden regions: 74->0(74)
[2026-03-28T12:44:02.907+0000][67][info ][gc,heap     ] GC(48) Survivor regions: 2->2(10)
[2026-03-28T12:44:02.909+0000][67][info ][gc,heap     ] GC(48) Old regions: 26->26
[2026-03-28T12:44:02.911+0000][67][info ][gc,heap     ] GC(48) Humongous regions: 0->0
[2026-03-28T12:44:02.912+0000][67][info ][gc,metaspace] GC(48) Metaspace: 146188K(151872K)->146188K(151872K) NonClass: 126873K(130048K)->126873K(130048K) Class: 19314K(21824K)->19314K(21824K)
[2026-03-28T12:44:02.913+0000][67][info ][gc          ] GC(48) Pause Young (Prepare Mixed) (G1 Evacuation Pause) 403M->106M(512M) 66.338ms
[2026-03-28T12:44:02.913+0000][67][info ][gc,cpu      ] GC(48) User=0.16s Sys=0.02s Real=0.07s
[2026-03-28T12:44:02.914+0000][67][info ][safepoint   ] Safepoint "G1CollectForAllocation", Time since last: 755040287 ns, Reaching safepoint: 45441 ns, Cleanup: 9495 ns, At safepoint: 68151311 ns, Total: 68206247 ns
[2026-03-28T12:44:04.162+0000][67][info ][safepoint   ] Safepoint "Cleanup", Time since last: 1247721219 ns, Reaching safepoint: 16673 ns, Cleanup: 13714 ns, At safepoint: 47404 ns, Total: 77791 ns
[2026-03-28T12:44:06.103+0000][67][info ][safepoint   ] Safepoint "Cleanup", Time since last: 1940401820 ns, Reaching safepoint: 10883 ns, Cleanup: 9222 ns, At safepoint: 5979 ns, Total: 26084 ns
[2026-03-28T12:44:07.364+0000][67][info ][safepoint   ] Safepoint "Cleanup", Time since last: 1261454945 ns, Reaching safepoint: 22363 ns, Cleanup: 17050 ns, At safepoint: 7140 ns, Total: 46553 ns
[2026-03-28T12:44:17.877+0000][67][info ][safepoint   ] Safepoint "Cleanup", Time since last: 10513042952 ns, Reaching safepoint: 50329 ns, Cleanup: 49176 ns, At safepoint: 66758 ns, Total: 166263 ns
[2026-03-28T12:44:19.442+0000][67][info ][safepoint   ] Safepoint "Cleanup", Time since last: 1556061808 ns, Reaching safepoint: 7427657 ns, Cleanup: 73638 ns, At safepoint: 889406 ns, Total: 8390701 ns
[2026-03-28T12:44:20.474+0000][67][info ][safepoint   ] Safepoint "Cleanup", Time since last: 1032084466 ns, Reaching safepoint: 382231 ns, Cleanup: 46149 ns, At safepoint: 220569 ns, Total: 648949 ns
[2026-03-28T12:44:21.668+0000][67][info ][safepoint   ] Safepoint "Cleanup", Time since last: 1193385551 ns, Reaching safepoint: 38275 ns, Cleanup: 21276 ns, At safepoint: 86067 ns, Total: 145618 ns
[2026-03-28T12:44:24.330+0000][67][info ][safepoint   ] Safepoint "Cleanup", Time since last: 2673399771 ns, Reaching safepoint: 35234 ns, Cleanup: 21274 ns, At safepoint: 10313 ns, Total: 66821 ns
[2026-03-28T12:44:25.388+0000][67][info ][safepoint   ] Safepoint "Cleanup", Time since last: 1051403848 ns, Reaching safepoint: 6290778 ns, Cleanup: 48660 ns, At safepoint: 413060 ns, Total: 6752498 ns
[2026-03-28T12:44:26.589+0000][67][info ][safepoint   ] Safepoint "Cleanup", Time since last: 1200173313 ns, Reaching safepoint: 25036 ns, Cleanup: 24653 ns, At safepoint: 10532 ns, Total: 60221 ns
[2026-03-28T12:44:28.267+0000][67][info ][safepoint   ] Safepoint "Cleanup", Time since last: 1678508732 ns, Reaching safepoint: 73753 ns, Cleanup: 27747 ns, At safepoint: 13074 ns, Total: 114574 ns
[2026-03-28T12:44:29.371+0000][67][info ][safepoint   ] Safepoint "Cleanup", Time since last: 1103618565 ns, Reaching safepoint: 20660 ns, Cleanup: 20249 ns, At safepoint: 46054 ns, Total: 86963 ns
[2026-03-28T12:44:30.687+0000][67][info ][safepoint   ] Safepoint "Cleanup", Time since last: 1315619328 ns, Reaching safepoint: 116935 ns, Cleanup: 46423 ns, At safepoint: 33081 ns, Total: 196439 ns
[2026-03-28T12:44:37.794+0000][67][info ][safepoint   ] Safepoint "Cleanup", Time since last: 7107729531 ns, Reaching safepoint: 35130 ns, Cleanup: 21779 ns, At safepoint: 15018 ns, Total: 71927 ns
[2026-03-28T12:44:38.796+0000][67][info ][safepoint   ] Safepoint "Cleanup", Time since last: 1001019918 ns, Reaching safepoint: 25363 ns, Cleanup: 22571 ns, At safepoint: 47967 ns, Total: 95901 ns
[2026-03-28T12:44:39.809+0000][67][info ][safepoint   ] Safepoint "Cleanup", Time since last: 1013357683 ns, Reaching safepoint: 55762 ns, Cleanup: 37312 ns, At safepoint: 13495 ns, Total: 106569 ns
[2026-03-28T12:44:43.267+0000][67][info ][safepoint   ] Safepoint "Cleanup", Time since last: 3457546738 ns, Reaching safepoint: 87325 ns, Cleanup: 60245 ns, At safepoint: 156228 ns, Total: 303798 ns
[2026-03-28T12:44:47.774+0000][67][info ][safepoint   ] Safepoint "Cleanup", Time since last: 4506981340 ns, Reaching safepoint: 24251 ns, Cleanup: 13741 ns, At safepoint: 6680 ns, Total: 44672 ns
[2026-03-28T12:44:49.125+0000][67][info ][safepoint   ] Safepoint "Cleanup", Time since last: 1350596584 ns, Reaching safepoint: 26096 ns, Cleanup: 35226 ns, At safepoint: 12819 ns, Total: 74141 ns
[2026-03-28T12:44:50.187+0000][67][info ][safepoint   ] Safepoint "Cleanup", Time since last: 1062022380 ns, Reaching safepoint: 50589 ns, Cleanup: 31616 ns, At safepoint: 11048 ns, Total: 93253 ns
[2026-03-28T12:44:53.362+0000][67][info ][safepoint   ] Safepoint "Cleanup", Time since last: 3174713259 ns, Reaching safepoint: 110488 ns, Cleanup: 58413 ns, At safepoint: 101553 ns, Total: 270454 ns
[2026-03-28T12:44:54.389+0000][67][info ][safepoint   ] Safepoint "Cleanup", Time since last: 1023168066 ns, Reaching safepoint: 38964 ns, Cleanup: 24622 ns, At safepoint: 91472 ns, Total: 155058 ns
[2026-03-28T12:44:55.717+0000][67][info ][gc,start    ] GC(49) Pause Young (Mixed) (G1 Evacuation Pause)
[2026-03-28T12:44:55.718+0000][67][info ][gc,task     ] GC(49) Using 10 workers of 10 for evacuation
[2026-03-28T12:44:55.719+0000][67][debug][gc,age      ] GC(49) Desired survivor size 20971520 bytes, new threshold 15 (max threshold 15)
[2026-03-28T12:44:55.760+0000][67][info ][gc,phases   ] GC(49)   Pre Evacuate Collection Set: 2.0ms
[2026-03-28T12:44:55.760+0000][67][info ][gc,phases   ] GC(49)   Merge Heap Roots: 0.7ms
[2026-03-28T12:44:55.761+0000][67][info ][gc,phases   ] GC(49)   Evacuate Collection Set: 34.3ms
[2026-03-28T12:44:55.761+0000][67][info ][gc,phases   ] GC(49)   Post Evacuate Collection Set: 3.4ms
[2026-03-28T12:44:55.762+0000][67][info ][gc,phases   ] GC(49)   Other: 1.4ms
[2026-03-28T12:44:55.762+0000][67][trace][gc,age      ] GC(49) Age table with threshold 15 (max threshold 15)
[2026-03-28T12:44:55.763+0000][67][trace][gc,age      ] GC(49) - age   1:    1190024 bytes,    1190024 total
[2026-03-28T12:44:55.764+0000][67][trace][gc,age      ] GC(49) - age   2:     474520 bytes,    1664544 total
[2026-03-28T12:44:55.764+0000][67][trace][gc,age      ] GC(49) - age   3:      43896 bytes,    1708440 total
[2026-03-28T12:44:55.765+0000][67][trace][gc,age      ] GC(49) - age   4:      31168 bytes,    1739608 total
[2026-03-28T12:44:55.766+0000][67][trace][gc,age      ] GC(49) - age   5:      40256 bytes,    1779864 total
[2026-03-28T12:44:55.766+0000][67][trace][gc,age      ] GC(49) - age   6:      20512 bytes,    1800376 total
[2026-03-28T12:44:55.767+0000][67][trace][gc,age      ] GC(49) - age   7:      25952 bytes,    1826328 total
[2026-03-28T12:44:55.768+0000][67][trace][gc,age      ] GC(49) - age   8:       4696 bytes,    1831024 total
[2026-03-28T12:44:55.769+0000][67][trace][gc,age      ] GC(49) - age   9:      13248 bytes,    1844272 total
[2026-03-28T12:44:55.769+0000][67][trace][gc,age      ] GC(49) - age  10:      11824 bytes,    1856096 total
[2026-03-28T12:44:55.770+0000][67][trace][gc,age      ] GC(49) - age  11:      34544 bytes,    1890640 total
[2026-03-28T12:44:55.771+0000][67][trace][gc,age      ] GC(49) - age  12:      37600 bytes,    1928240 total
[2026-03-28T12:44:55.772+0000][67][trace][gc,age      ] GC(49) - age  13:      71616 bytes,    1999856 total
[2026-03-28T12:44:55.772+0000][67][trace][gc,age      ] GC(49) - age  14:      35040 bytes,    2034896 total
[2026-03-28T12:44:55.773+0000][67][trace][gc,age      ] GC(49) - age  15:    1026664 bytes,    3061560 total
[2026-03-28T12:44:55.774+0000][67][info ][gc,heap     ] GC(49) Eden regions: 74->0(75)
[2026-03-28T12:44:55.774+0000][67][info ][gc,heap     ] GC(49) Survivor regions: 2->1(10)
[2026-03-28T12:44:55.775+0000][67][info ][gc,heap     ] GC(49) Old regions: 26->26
[2026-03-28T12:44:55.776+0000][67][info ][gc,heap     ] GC(49) Humongous regions: 0->0
[2026-03-28T12:44:55.776+0000][67][info ][gc,metaspace] GC(49) Metaspace: 146246K(151872K)->146246K(151872K) NonClass: 126932K(130048K)->126932K(130048K) Class: 19314K(21824K)->19314K(21824K)
[2026-03-28T12:44:55.777+0000][67][info ][gc          ] GC(49) Pause Young (Mixed) (G1 Evacuation Pause) 402M->104M(512M) 60.133ms
[2026-03-28T12:44:55.778+0000][67][info ][gc,cpu      ] GC(49) User=0.21s Sys=0.00s Real=0.06s
[2026-03-28T12:44:55.779+0000][67][info ][safepoint   ] Safepoint "G1CollectForAllocation", Time since last: 1327500882 ns, Reaching safepoint: 62340 ns, Cleanup: 7967 ns, At safepoint: 61935793 ns, Total: 62006100 ns
[2026-03-28T12:44:58.695+0000][67][info ][safepoint   ] Safepoint "Cleanup", Time since last: 2915682384 ns, Reaching safepoint: 607459 ns, Cleanup: 28357 ns, At safepoint: 268750 ns, Total: 904566 ns
[2026-03-28T12:44:59.931+0000][67][info ][safepoint   ] Safepoint "Cleanup", Time since last: 1235516696 ns, Reaching safepoint: 41432 ns, Cleanup: 24622 ns, At safepoint: 98209 ns, Total: 164263 ns
[2026-03-28T12:45:06.056+0000][67][info ][safepoint   ] Safepoint "Cleanup", Time since last: 6124685547 ns, Reaching safepoint: 64561 ns, Cleanup: 25453 ns, At safepoint: 18203 ns, Total: 108217 ns
[2026-03-28T12:45:07.984+0000][67][info ][safepoint   ] Safepoint "Cleanup", Time since last: 1927815742 ns, Reaching safepoint: 27704 ns, Cleanup: 19306 ns, At safepoint: 6659 ns, Total: 53669 ns
[2026-03-28T12:45:11.160+0000][67][info ][safepoint   ] Safepoint "Cleanup", Time since last: 3176059631 ns, Reaching safepoint: 82191 ns, Cleanup: 35330 ns, At safepoint: 13562 ns, Total: 131083 ns
[2026-03-28T12:45:12.476+0000][67][info ][safepoint   ] Safepoint "Cleanup", Time since last: 1316187674 ns, Reaching safepoint: 15463 ns, Cleanup: 15839 ns, At safepoint: 5912 ns, Total: 37214 ns
[2026-03-28T12:45:17.768+0000][67][info ][safepoint   ] Safepoint "Cleanup", Time since last: 5291565115 ns, Reaching safepoint: 15542 ns, Cleanup: 10789 ns, At safepoint: 7942 ns, Total: 34273 ns
[2026-03-28T12:45:19.290+0000][67][info ][safepoint   ] Safepoint "Cleanup", Time since last: 1521559139 ns, Reaching safepoint: 124095 ns, Cleanup: 28392 ns, At safepoint: 92589 ns, Total: 245076 ns
[2026-03-28T12:45:24.579+0000][67][info ][safepoint   ] Safepoint "Cleanup", Time since last: 5291061851 ns, Reaching safepoint: 10892 ns, Cleanup: 10652 ns, At safepoint: 5700 ns, Total: 27244 ns
[2026-03-28T12:45:25.580+0000][67][info ][safepoint   ] Safepoint "Cleanup", Time since last: 1001038855 ns, Reaching safepoint: 24939 ns, Cleanup: 24024 ns, At safepoint: 72416 ns, Total: 121379 ns
[2026-03-28T12:45:29.628+0000][67][info ][safepoint   ] Safepoint "Cleanup", Time since last: 4048319753 ns, Reaching safepoint: 64732 ns, Cleanup: 29997 ns, At safepoint: 13102 ns, Total: 107831 ns
[2026-03-28T12:45:32.010+0000][67][info ][safepoint   ] Safepoint "Cleanup", Time since last: 2381234210 ns, Reaching safepoint: 399912 ns, Cleanup: 55475 ns, At safepoint: 217475 ns, Total: 672862 ns
[2026-03-28T12:45:33.921+0000][67][info ][safepoint   ] Safepoint "Cleanup", Time since last: 1911126766 ns, Reaching safepoint: 37130 ns, Cleanup: 33909 ns, At safepoint: 10664 ns, Total: 81703 ns
[2026-03-28T12:45:34.952+0000][67][info ][safepoint   ] Safepoint "Cleanup", Time since last: 1029610684 ns, Reaching safepoint: 296172 ns, Cleanup: 98244 ns, At safepoint: 136962 ns, Total: 531378 ns
[2026-03-28T12:45:36.042+0000][67][info ][safepoint   ] Safepoint "Cleanup", Time since last: 1089912314 ns, Reaching safepoint: 26662 ns, Cleanup: 42030 ns, At safepoint: 47414 ns, Total: 116106 ns
[2026-03-28T12:45:37.920+0000][67][info ][safepoint   ] Safepoint "Cleanup", Time since last: 1878207600 ns, Reaching safepoint: 29149 ns, Cleanup: 21218 ns, At safepoint: 6705 ns, Total: 57072 ns
[2026-03-28T12:45:41.873+0000][67][info ][safepoint   ] Safepoint "Cleanup", Time since last: 3953368369 ns, Reaching safepoint: 20876 ns, Cleanup: 13552 ns, At safepoint: 6442 ns, Total: 40870 ns
[2026-03-28T12:45:42.954+0000][67][info ][safepoint   ] Safepoint "Cleanup", Time since last: 1080828432 ns, Reaching safepoint: 13340 ns, Cleanup: 12381 ns, At safepoint: 25242 ns, Total: 50963 ns
[2026-03-28T12:45:44.995+0000][67][info ][safepoint   ] Safepoint "Cleanup", Time since last: 2040494683 ns, Reaching safepoint: 24450 ns, Cleanup: 27550 ns, At safepoint: 7266 ns, Total: 59266 ns
[2026-03-28T12:45:46.002+0000][67][info ][safepoint   ] Safepoint "Cleanup", Time since last: 1006780650 ns, Reaching safepoint: 12956 ns, Cleanup: 13566 ns, At safepoint: 5580 ns, Total: 32102 ns
[2026-03-28T12:45:47.871+0000][67][info ][safepoint   ] Safepoint "Cleanup", Time since last: 1869438988 ns, Reaching safepoint: 40323 ns, Cleanup: 33330 ns, At safepoint: 14190 ns, Total: 87843 ns
[2026-03-28T12:45:49.123+0000][67][info ][safepoint   ] Safepoint "Cleanup", Time since last: 1251711470 ns, Reaching safepoint: 17503 ns, Cleanup: 13833 ns, At safepoint: 6300 ns, Total: 37636 ns
[2026-03-28T12:45:50.182+0000][67][info ][safepoint   ] Safepoint "Cleanup", Time since last: 1058900697 ns, Reaching safepoint: 297575 ns, Cleanup: 16525 ns, At safepoint: 187519 ns, Total: 501619 ns
[2026-03-28T12:45:51.244+0000][67][info ][safepoint   ] Safepoint "Cleanup", Time since last: 1060956288 ns, Reaching safepoint: 111867 ns, Cleanup: 36557 ns, At safepoint: 352319 ns, Total: 500743 ns
[2026-03-28T12:45:52.278+0000][67][info ][safepoint   ] Safepoint "Cleanup", Time since last: 1034643184 ns, Reaching safepoint: 13158 ns, Cleanup: 20933 ns, At safepoint: 6456 ns, Total: 40547 ns
[2026-03-28T12:45:53.331+0000][67][info ][gc,start    ] GC(50) Pause Young (Concurrent Start) (G1 Evacuation Pause)
[2026-03-28T12:45:53.332+0000][67][info ][gc,task     ] GC(50) Using 10 workers of 10 for evacuation
[2026-03-28T12:45:53.333+0000][67][debug][gc,age      ] GC(50) Desired survivor size 20971520 bytes, new threshold 15 (max threshold 15)
[2026-03-28T12:45:53.348+0000][67][info ][gc,phases   ] GC(50)   Pre Evacuate Collection Set: 1.1ms
[2026-03-28T12:45:53.349+0000][67][info ][gc,phases   ] GC(50)   Merge Heap Roots: 0.4ms
[2026-03-28T12:45:53.349+0000][67][info ][gc,phases   ] GC(50)   Evacuate Collection Set: 9.0ms
[2026-03-28T12:45:53.350+0000][67][info ][gc,phases   ] GC(50)   Post Evacuate Collection Set: 2.7ms
[2026-03-28T12:45:53.351+0000][67][info ][gc,phases   ] GC(50)   Other: 2.5ms
[2026-03-28T12:45:53.352+0000][67][trace][gc,age      ] GC(50) Age table with threshold 15 (max threshold 15)
[2026-03-28T12:45:53.353+0000][67][trace][gc,age      ] GC(50) - age   1:    2388528 bytes,    2388528 total
[2026-03-28T12:45:53.354+0000][67][trace][gc,age      ] GC(50) - age   2:     332568 bytes,    2721096 total
[2026-03-28T12:45:53.355+0000][67][trace][gc,age      ] GC(50) - age   3:     158696 bytes,    2879792 total
[2026-03-28T12:45:53.356+0000][67][trace][gc,age      ] GC(50) - age   4:      23888 bytes,    2903680 total
[2026-03-28T12:45:53.357+0000][67][trace][gc,age      ] GC(50) - age   5:      25664 bytes,    2929344 total
[2026-03-28T12:45:53.358+0000][67][trace][gc,age      ] GC(50) - age   6:      40256 bytes,    2969600 total
[2026-03-28T12:45:53.359+0000][67][trace][gc,age      ] GC(50) - age   7:      20480 bytes,    2990080 total
[2026-03-28T12:45:53.360+0000][67][trace][gc,age      ] GC(50) - age   8:      20376 bytes,    3010456 total
[2026-03-28T12:45:53.361+0000][67][trace][gc,age      ] GC(50) - age   9:       4696 bytes,    3015152 total
[2026-03-28T12:45:53.362+0000][67][trace][gc,age      ] GC(50) - age  10:      12800 bytes,    3027952 total
[2026-03-28T12:45:53.363+0000][67][trace][gc,age      ] GC(50) - age  11:      11824 bytes,    3039776 total
[2026-03-28T12:45:53.364+0000][67][trace][gc,age      ] GC(50) - age  12:      34544 bytes,    3074320 total
[2026-03-28T12:45:53.365+0000][67][trace][gc,age      ] GC(50) - age  13:      37520 bytes,    3111840 total
[2026-03-28T12:45:53.366+0000][67][trace][gc,age      ] GC(50) - age  14:      71496 bytes,    3183336 total
[2026-03-28T12:45:53.367+0000][67][trace][gc,age      ] GC(50) - age  15:      35040 bytes,    3218376 total
[2026-03-28T12:45:53.368+0000][67][info ][gc,heap     ] GC(50) Eden regions: 75->0(75)
[2026-03-28T12:45:53.369+0000][67][info ][gc,heap     ] GC(50) Survivor regions: 1->1(10)
[2026-03-28T12:45:53.370+0000][67][info ][gc,heap     ] GC(50) Old regions: 26->26
[2026-03-28T12:45:53.371+0000][67][info ][gc,heap     ] GC(50) Humongous regions: 0->0
[2026-03-28T12:45:53.372+0000][67][info ][gc,metaspace] GC(50) Metaspace: 146317K(151872K)->146317K(151872K) NonClass: 126999K(130048K)->126999K(130048K) Class: 19318K(21824K)->19318K(21824K)
[2026-03-28T12:45:53.373+0000][67][info ][gc          ] GC(50) Pause Young (Concurrent Start) (G1 Evacuation Pause) 404M->105M(512M) 42.142ms
[2026-03-28T12:45:53.374+0000][67][info ][gc,cpu      ] GC(50) User=0.09s Sys=0.00s Real=0.05s
[2026-03-28T12:45:53.374+0000][67][info ][gc          ] GC(51) Concurrent Mark Cycle
[2026-03-28T12:45:53.377+0000][67][info ][gc,marking  ] GC(51) Concurrent Scan Root Regions
[2026-03-28T12:45:53.376+0000][67][info ][safepoint   ] Safepoint "G1CollectForAllocation", Time since last: 1052471296 ns, Reaching safepoint: 16609 ns, Cleanup: 4351 ns, At safepoint: 44876008 ns, Total: 44896968 ns
[2026-03-28T12:45:53.385+0000][67][info ][gc,marking  ] GC(51) Concurrent Scan Root Regions 8.044ms
[2026-03-28T12:45:53.386+0000][67][info ][gc,marking  ] GC(51) Concurrent Mark
[2026-03-28T12:45:53.387+0000][67][info ][gc,marking  ] GC(51) Concurrent Mark From Roots
[2026-03-28T12:45:53.388+0000][67][info ][gc,task     ] GC(51) Using 3 workers of 3 for marking
[2026-03-28T12:45:53.473+0000][67][info ][gc,marking  ] GC(51) Concurrent Mark From Roots 86.594ms
[2026-03-28T12:45:53.474+0000][67][info ][gc,marking  ] GC(51) Concurrent Preclean
[2026-03-28T12:45:53.475+0000][67][info ][gc,marking  ] GC(51) Concurrent Preclean 1.440ms
[2026-03-28T12:45:53.477+0000][67][info ][gc,start    ] GC(51) Pause Remark
[2026-03-28T12:45:53.506+0000][67][info ][gc          ] GC(51) Pause Remark 111M->111M(512M) 29.716ms
[2026-03-28T12:45:53.507+0000][67][info ][gc,cpu      ] GC(51) User=0.12s Sys=0.00s Real=0.03s
[2026-03-28T12:45:53.508+0000][67][info ][safepoint   ] Safepoint "G1PauseRemark", Time since last: 100945791 ns, Reaching safepoint: 46345 ns, Cleanup: 6304 ns, At safepoint: 31650822 ns, Total: 31703471 ns
[2026-03-28T12:45:53.509+0000][67][info ][gc,marking  ] GC(51) Concurrent Mark 123.806ms
[2026-03-28T12:45:53.511+0000][67][info ][gc,marking  ] GC(51) Concurrent Rebuild Remembered Sets and Scrub Regions
[2026-03-28T12:45:53.561+0000][67][info ][gc,marking  ] GC(51) Concurrent Rebuild Remembered Sets and Scrub Regions 54.125ms
[2026-03-28T12:45:53.563+0000][67][info ][gc,start    ] GC(51) Pause Cleanup
[2026-03-28T12:45:53.565+0000][67][info ][gc          ] GC(51) Pause Cleanup 111M->111M(512M) 2.103ms
[2026-03-28T12:45:53.566+0000][67][info ][gc,cpu      ] GC(51) User=0.00s Sys=0.00s Real=0.00s
[2026-03-28T12:45:53.567+0000][67][info ][safepoint   ] Safepoint "G1PauseCleanup", Time since last: 57894561 ns, Reaching safepoint: 40464 ns, Cleanup: 13648 ns, At safepoint: 4553925 ns, Total: 4608037 ns
[2026-03-28T12:45:53.569+0000][67][info ][gc,marking  ] GC(51) Concurrent Clear Claimed Marks
[2026-03-28T12:45:53.570+0000][67][info ][gc,marking  ] GC(51) Concurrent Clear Claimed Marks 1.401ms
[2026-03-28T12:45:53.571+0000][67][info ][gc,marking  ] GC(51) Concurrent Cleanup for Next Mark
[2026-03-28T12:45:53.580+0000][67][info ][gc,marking  ] GC(51) Concurrent Cleanup for Next Mark 8.969ms
[2026-03-28T12:45:53.581+0000][67][info ][gc          ] GC(51) Concurrent Mark Cycle 210.266ms
[2026-03-28T12:45:54.813+0000][67][info ][safepoint   ] Safepoint "Cleanup", Time since last: 1246018593 ns, Reaching safepoint: 19471 ns, Cleanup: 17916 ns, At safepoint: 7822 ns, Total: 45209 ns
[2026-03-28T12:45:56.523+0000][67][info ][safepoint   ] Safepoint "Cleanup", Time since last: 1709560909 ns, Reaching safepoint: 88377 ns, Cleanup: 33046 ns, At safepoint: 14624 ns, Total: 136047 ns
[2026-03-28T12:45:57.548+0000][67][info ][safepoint   ] Safepoint "Cleanup", Time since last: 1024502227 ns, Reaching safepoint: 33452 ns, Cleanup: 36919 ns, At safepoint: 9778 ns, Total: 80149 ns
[2026-03-28T12:45:58.572+0000][67][info ][safepoint   ] Safepoint "Cleanup", Time since last: 1024490398 ns, Reaching safepoint: 32545 ns, Cleanup: 24955 ns, At safepoint: 5580 ns, Total: 63080 ns
[2026-03-28T12:45:59.590+0000][67][info ][safepoint   ] Safepoint "Cleanup", Time since last: 1017309262 ns, Reaching safepoint: 87261 ns, Cleanup: 34789 ns, At safepoint: 15214 ns, Total: 137264 ns
[2026-03-28T12:46:00.623+0000][67][info ][safepoint   ] Safepoint "Cleanup", Time since last: 1033520583 ns, Reaching safepoint: 13168 ns, Cleanup: 15475 ns, At safepoint: 6596 ns, Total: 35239 ns
[2026-03-28T12:46:01.654+0000][67][info ][safepoint   ] Safepoint "Cleanup", Time since last: 1030712716 ns, Reaching safepoint: 14685 ns, Cleanup: 15061 ns, At safepoint: 6580 ns, Total: 36326 ns
[2026-03-28T12:46:02.670+0000][67][info ][safepoint   ] Safepoint "Cleanup", Time since last: 1015760726 ns, Reaching safepoint: 40134 ns, Cleanup: 42007 ns, At safepoint: 9243 ns, Total: 91384 ns
[2026-03-28T12:46:03.746+0000][67][info ][safepoint   ] Safepoint "Cleanup", Time since last: 1076011782 ns, Reaching safepoint: 12900 ns, Cleanup: 34440 ns, At safepoint: 6407 ns, Total: 53747 ns
[2026-03-28T12:46:05.850+0000][67][info ][safepoint   ] Safepoint "Cleanup", Time since last: 2104162824 ns, Reaching safepoint: 26995 ns, Cleanup: 8932 ns, At safepoint: 3230 ns, Total: 39157 ns
[2026-03-28T12:46:11.116+0000][67][info ][safepoint   ] Safepoint "Cleanup", Time since last: 5265986817 ns, Reaching safepoint: 24690 ns, Cleanup: 28873 ns, At safepoint: 6630 ns, Total: 60193 ns
[2026-03-28T12:46:17.864+0000][67][info ][safepoint   ] Safepoint "Cleanup", Time since last: 6747380753 ns, Reaching safepoint: 20930 ns, Cleanup: 17222 ns, At safepoint: 8906 ns, Total: 47058 ns
[2026-03-28T12:46:18.881+0000][67][info ][safepoint   ] Safepoint "Cleanup", Time since last: 1017149589 ns, Reaching safepoint: 107344 ns, Cleanup: 43087 ns, At safepoint: 18123 ns, Total: 168554 ns
[2026-03-28T12:46:19.978+0000][67][info ][safepoint   ] Safepoint "Cleanup", Time since last: 1096956763 ns, Reaching safepoint: 30079 ns, Cleanup: 22324 ns, At safepoint: 7492 ns, Total: 59895 ns
[2026-03-28T12:46:26.012+0000][67][info ][safepoint   ] Safepoint "Cleanup", Time since last: 6037076009 ns, Reaching safepoint: 16756 ns, Cleanup: 19781 ns, At safepoint: 10563 ns, Total: 47100 ns
[2026-03-28T12:46:27.018+0000][67][info ][safepoint   ] Safepoint "Cleanup", Time since last: 1006034945 ns, Reaching safepoint: 28416 ns, Cleanup: 19663 ns, At safepoint: 7486 ns, Total: 55565 ns
[2026-03-28T12:46:29.860+0000][67][info ][safepoint   ] Safepoint "Cleanup", Time since last: 2842440515 ns, Reaching safepoint: 17393 ns, Cleanup: 20275 ns, At safepoint: 8943 ns, Total: 46611 ns
[2026-03-28T12:46:31.045+0000][67][info ][safepoint   ] Safepoint "Cleanup", Time since last: 1184156614 ns, Reaching safepoint: 21834 ns, Cleanup: 23044 ns, At safepoint: 5713 ns, Total: 50591 ns
[2026-03-28T12:46:35.845+0000][67][info ][safepoint   ] Safepoint "Cleanup", Time since last: 4800303298 ns, Reaching safepoint: 11705 ns, Cleanup: 12830 ns, At safepoint: 4561 ns, Total: 29096 ns
[2026-03-28T12:46:37.089+0000][67][info ][safepoint   ] Safepoint "Cleanup", Time since last: 1244036224 ns, Reaching safepoint: 33908 ns, Cleanup: 32731 ns, At safepoint: 9010 ns, Total: 75649 ns
[2026-03-28T12:46:41.262+0000][67][info ][safepoint   ] Safepoint "Cleanup", Time since last: 4172690737 ns, Reaching safepoint: 19099 ns, Cleanup: 14976 ns, At safepoint: 7944 ns, Total: 42019 ns
[2026-03-28T12:46:43.139+0000][67][info ][safepoint   ] Safepoint "Cleanup", Time since last: 1877387846 ns, Reaching safepoint: 20883 ns, Cleanup: 16886 ns, At safepoint: 5858 ns, Total: 43627 ns
[2026-03-28T12:46:45.896+0000][67][info ][safepoint   ] Safepoint "Cleanup", Time since last: 2756329039 ns, Reaching safepoint: 8245 ns, Cleanup: 12653 ns, At safepoint: 3737 ns, Total: 24635 ns
[2026-03-28T12:46:47.852+0000][67][info ][safepoint   ] Safepoint "Cleanup", Time since last: 1956175535 ns, Reaching safepoint: 15130 ns, Cleanup: 21628 ns, At safepoint: 5674 ns, Total: 42432 ns
[2026-03-28T12:46:49.175+0000][67][info ][safepoint   ] Safepoint "Cleanup", Time since last: 1323343521 ns, Reaching safepoint: 36404 ns, Cleanup: 24863 ns, At safepoint: 9197 ns, Total: 70464 ns
[2026-03-28T12:46:50.176+0000][67][info ][safepoint   ] Safepoint "Cleanup", Time since last: 1001081459 ns, Reaching safepoint: 60511 ns, Cleanup: 31013 ns, At safepoint: 8686 ns, Total: 100210 ns
[2026-03-28T12:46:51.178+0000][67][info ][safepoint   ] Safepoint "Cleanup", Time since last: 1001246337 ns, Reaching safepoint: 56471 ns, Cleanup: 21336 ns, At safepoint: 7606 ns, Total: 85413 ns
[2026-03-28T12:46:52.179+0000][67][info ][safepoint   ] Safepoint "Cleanup", Time since last: 1000825668 ns, Reaching safepoint: 32566 ns, Cleanup: 25804 ns, At safepoint: 8947 ns, Total: 67317 ns
[2026-03-28T12:46:59.860+0000][67][info ][safepoint   ] Safepoint "Cleanup", Time since last: 7683837625 ns, Reaching safepoint: 28105 ns, Cleanup: 15657 ns, At safepoint: 7696 ns, Total: 51458 ns
[2026-03-28T12:47:01.220+0000][67][info ][safepoint   ] Safepoint "Cleanup", Time since last: 1360541254 ns, Reaching safepoint: 25301 ns, Cleanup: 29646 ns, At safepoint: 7078 ns, Total: 62025 ns
[2026-03-28T12:47:06.225+0000][67][info ][safepoint   ] Safepoint "Cleanup", Time since last: 5004960019 ns, Reaching safepoint: 7244 ns, Cleanup: 7867 ns, At safepoint: 3350 ns, Total: 18461 ns
[2026-03-28T12:47:08.235+0000][67][info ][safepoint   ] Safepoint "Cleanup", Time since last: 2009552880 ns, Reaching safepoint: 49495 ns, Cleanup: 18766 ns, At safepoint: 5721 ns, Total: 73982 ns
[2026-03-28T12:47:09.330+0000][67][info ][safepoint   ] Safepoint "Cleanup", Time since last: 1094897570 ns, Reaching safepoint: 26253 ns, Cleanup: 31874 ns, At safepoint: 7412 ns, Total: 65539 ns
[2026-03-28T12:47:11.331+0000][67][info ][safepoint   ] Safepoint "Cleanup", Time since last: 2001374948 ns, Reaching safepoint: 63056 ns, Cleanup: 36320 ns, At safepoint: 11961 ns, Total: 111337 ns
[2026-03-28T12:47:12.051+0000][67][info ][gc,start    ] GC(52) Pause Young (Prepare Mixed) (G1 Evacuation Pause)
[2026-03-28T12:47:12.052+0000][67][info ][gc,task     ] GC(52) Using 10 workers of 10 for evacuation
[2026-03-28T12:47:12.052+0000][67][debug][gc,age      ] GC(52) Desired survivor size 20971520 bytes, new threshold 15 (max threshold 15)
[2026-03-28T12:47:12.062+0000][67][info ][gc,phases   ] GC(52)   Pre Evacuate Collection Set: 0.5ms
[2026-03-28T12:47:12.063+0000][67][info ][gc,phases   ] GC(52)   Merge Heap Roots: 0.3ms
[2026-03-28T12:47:12.064+0000][67][info ][gc,phases   ] GC(52)   Evacuate Collection Set: 6.7ms
[2026-03-28T12:47:12.065+0000][67][info ][gc,phases   ] GC(52)   Post Evacuate Collection Set: 1.7ms
[2026-03-28T12:47:12.065+0000][67][info ][gc,phases   ] GC(52)   Other: 1.3ms
[2026-03-28T12:47:12.066+0000][67][trace][gc,age      ] GC(52) Age table with threshold 15 (max threshold 15)
[2026-03-28T12:47:12.066+0000][67][trace][gc,age      ] GC(52) - age   1:    2271400 bytes,    2271400 total
[2026-03-28T12:47:12.067+0000][67][trace][gc,age      ] GC(52) - age   2:     529952 bytes,    2801352 total
[2026-03-28T12:47:12.067+0000][67][trace][gc,age      ] GC(52) - age   3:     149496 bytes,    2950848 total
[2026-03-28T12:47:12.068+0000][67][trace][gc,age      ] GC(52) - age   4:     117840 bytes,    3068688 total
[2026-03-28T12:47:12.068+0000][67][trace][gc,age      ] GC(52) - age   5:      23824 bytes,    3092512 total
[2026-03-28T12:47:12.069+0000][67][trace][gc,age      ] GC(52) - age   6:      25456 bytes,    3117968 total
[2026-03-28T12:47:12.069+0000][67][trace][gc,age      ] GC(52) - age   7:      23752 bytes,    3141720 total
[2026-03-28T12:47:12.070+0000][67][trace][gc,age      ] GC(52) - age   8:      20416 bytes,    3162136 total
[2026-03-28T12:47:12.070+0000][67][trace][gc,age      ] GC(52) - age   9:      20376 bytes,    3182512 total
[2026-03-28T12:47:12.071+0000][67][trace][gc,age      ] GC(52) - age  10:       4696 bytes,    3187208 total
[2026-03-28T12:47:12.071+0000][67][trace][gc,age      ] GC(52) - age  11:      12768 bytes,    3199976 total
[2026-03-28T12:47:12.072+0000][67][trace][gc,age      ] GC(52) - age  12:      11824 bytes,    3211800 total
[2026-03-28T12:47:12.073+0000][67][trace][gc,age      ] GC(52) - age  13:      34224 bytes,    3246024 total
[2026-03-28T12:47:12.074+0000][67][trace][gc,age      ] GC(52) - age  14:      37520 bytes,    3283544 total
[2026-03-28T12:47:12.074+0000][67][trace][gc,age      ] GC(52) - age  15:      71368 bytes,    3354912 total
[2026-03-28T12:47:12.075+0000][67][info ][gc,heap     ] GC(52) Eden regions: 75->0(75)
[2026-03-28T12:47:12.075+0000][67][info ][gc,heap     ] GC(52) Survivor regions: 1->1(10)
[2026-03-28T12:47:12.076+0000][67][info ][gc,heap     ] GC(52) Old regions: 26->26
[2026-03-28T12:47:12.076+0000][67][info ][gc,heap     ] GC(52) Humongous regions: 0->0
[2026-03-28T12:47:12.077+0000][67][info ][gc,metaspace] GC(52) Metaspace: 146391K(151872K)->146391K(151872K) NonClass: 127071K(130048K)->127071K(130048K) Class: 19319K(21824K)->19319K(21824K)
[2026-03-28T12:47:12.077+0000][67][info ][gc          ] GC(52) Pause Young (Prepare Mixed) (G1 Evacuation Pause) 405M->106M(512M) 26.351ms
[2026-03-28T12:47:12.078+0000][67][info ][gc,cpu      ] GC(52) User=0.04s Sys=0.03s Real=0.03s
[2026-03-28T12:47:12.079+0000][67][info ][safepoint   ] Safepoint "G1CollectForAllocation", Time since last: 719421000 ns, Reaching safepoint: 26360 ns, Cleanup: 6578 ns, At safepoint: 27655287 ns, Total: 27688225 ns
[2026-03-28T12:47:17.882+0000][67][info ][safepoint   ] Safepoint "Cleanup", Time since last: 5802915544 ns, Reaching safepoint: 82953 ns, Cleanup: 33720 ns, At safepoint: 19813 ns, Total: 136486 ns
[2026-03-28T12:47:19.309+0000][67][info ][safepoint   ] Safepoint "Cleanup", Time since last: 1427421223 ns, Reaching safepoint: 84667 ns, Cleanup: 28784 ns, At safepoint: 11857 ns, Total: 125308 ns
[2026-03-28T12:47:25.330+0000][67][info ][safepoint   ] Safepoint "Cleanup", Time since last: 6024639071 ns, Reaching safepoint: 31834 ns, Cleanup: 22674 ns, At safepoint: 73600 ns, Total: 128108 ns
[2026-03-28T12:47:27.332+0000][67][info ][safepoint   ] Safepoint "Cleanup", Time since last: 2001521493 ns, Reaching safepoint: 169968 ns, Cleanup: 19033 ns, At safepoint: 14731 ns, Total: 203732 ns
[2026-03-28T12:47:29.856+0000][67][info ][safepoint   ] Safepoint "Cleanup", Time since last: 2523708974 ns, Reaching safepoint: 10761 ns, Cleanup: 15679 ns, At safepoint: 29544 ns, Total: 55984 ns
[2026-03-28T12:47:34.367+0000][67][info ][safepoint   ] Safepoint "Cleanup", Time since last: 4510913179 ns, Reaching safepoint: 28741 ns, Cleanup: 24831 ns, At safepoint: 7043 ns, Total: 60615 ns
[2026-03-28T12:47:35.851+0000][67][info ][safepoint   ] Safepoint "Cleanup", Time since last: 1484267635 ns, Reaching safepoint: 8729 ns, Cleanup: 11598 ns, At safepoint: 4027 ns, Total: 24354 ns
[2026-03-28T12:47:39.183+0000][67][info ][safepoint   ] Safepoint "Cleanup", Time since last: 3331860480 ns, Reaching safepoint: 48480 ns, Cleanup: 10435 ns, At safepoint: 5781 ns, Total: 64696 ns
[2026-03-28T12:47:40.194+0000][67][info ][safepoint   ] Safepoint "Cleanup", Time since last: 1010534607 ns, Reaching safepoint: 29735 ns, Cleanup: 21484 ns, At safepoint: 7383 ns, Total: 58602 ns
[2026-03-28T12:47:42.395+0000][67][info ][safepoint   ] Safepoint "Cleanup", Time since last: 2201628554 ns, Reaching safepoint: 21090 ns, Cleanup: 23898 ns, At safepoint: 9384 ns, Total: 54372 ns
[2026-03-28T12:47:44.417+0000][67][info ][safepoint   ] Safepoint "Cleanup", Time since last: 2022082201 ns, Reaching safepoint: 51631 ns, Cleanup: 19642 ns, At safepoint: 10210 ns, Total: 81483 ns
[2026-03-28T12:47:47.852+0000][67][info ][safepoint   ] Safepoint "Cleanup", Time since last: 3435019408 ns, Reaching safepoint: 13007 ns, Cleanup: 19357 ns, At safepoint: 7281 ns, Total: 39645 ns
[2026-03-28T12:47:49.448+0000][67][info ][safepoint   ] Safepoint "Cleanup", Time since last: 1595019075 ns, Reaching safepoint: 32992 ns, Cleanup: 49201 ns, At safepoint: 7853 ns, Total: 90046 ns
[2026-03-28T12:47:54.483+0000][67][info ][safepoint   ] Safepoint "Cleanup", Time since last: 5038456740 ns, Reaching safepoint: 10949 ns, Cleanup: 8730 ns, At safepoint: 5618 ns, Total: 25297 ns
[2026-03-28T12:47:55.485+0000][67][info ][safepoint   ] Safepoint "Cleanup", Time since last: 1001207779 ns, Reaching safepoint: 27737 ns, Cleanup: 15053 ns, At safepoint: 5292 ns, Total: 48082 ns
[2026-03-28T12:47:57.486+0000][67][info ][safepoint   ] Safepoint "Cleanup", Time since last: 2001387167 ns, Reaching safepoint: 68647 ns, Cleanup: 29278 ns, At safepoint: 11076 ns, Total: 109001 ns
[2026-03-28T12:47:59.488+0000][67][info ][safepoint   ] Safepoint "Cleanup", Time since last: 2002054810 ns, Reaching safepoint: 60656 ns, Cleanup: 27919 ns, At safepoint: 10190 ns, Total: 98765 ns
[2026-03-28T12:48:00.492+0000][67][info ][safepoint   ] Safepoint "Cleanup", Time since last: 1003107923 ns, Reaching safepoint: 23507 ns, Cleanup: 30444 ns, At safepoint: 75676 ns, Total: 129627 ns
[2026-03-28T12:48:12.550+0000][67][info ][safepoint   ] Safepoint "Cleanup", Time since last: 12058651362 ns, Reaching safepoint: 10791 ns, Cleanup: 29610 ns, At safepoint: 5717 ns, Total: 46118 ns
[2026-03-28T12:48:13.818+0000][67][info ][safepoint   ] Safepoint "Cleanup", Time since last: 1267577373 ns, Reaching safepoint: 206425 ns, Cleanup: 31806 ns, At safepoint: 111793 ns, Total: 350024 ns
[2026-03-28T12:48:19.849+0000][67][info ][safepoint   ] Safepoint "Cleanup", Time since last: 6030185237 ns, Reaching safepoint: 136816 ns, Cleanup: 31578 ns, At safepoint: 43911 ns, Total: 212305 ns
